******************************************************************************
                  TI ARM Linker PC v20.2.7                     
******************************************************************************
>> Linked Tue Apr 29 15:34:49 2025

OUTPUT FILE NAME:   <progetto-embedded.out>
ENTRY POINT SYMBOL: "_c_int00_noargs"  address: 0000350d


MEMORY CONFIGURATION

         name            origin    length      used     unused   attr    fill
----------------------  --------  ---------  --------  --------  ----  --------
  MAIN                  00000000   00040000  00003d60  0003c2a0  R  X
  INFO                  00200000   00004000  00000000  00004000  R  X
  SRAM_CODE             01000000   00010000  00000246  0000fdba  RW X
  SRAM_DATA             20000000   00010000  00000246  0000fdba  RW  


SEGMENT ALLOCATION MAP

run origin  load origin   length   init length attrs members
----------  ----------- ---------- ----------- ----- -------
00000000    00000000    00003d60   00003d60    r-x
  00000000    00000000    000000e4   000000e4    r-- .intvecs
  000000e4    000000e4    000036fc   000036fc    r-x .text
  000037e0    000037e0    00000548   00000548    r-- .const
  00003d28    00003d28    00000038   00000038    r-- .cinit
20000000    20000000    00000048   00000000    rw-
  20000000    20000000    00000026   00000000    rw- .bss
  20000028    20000028    00000020   00000000    rw- .data
2000fe00    2000fe00    00000200   00000000    rw-
  2000fe00    2000fe00    00000200   00000000    rw- .stack


SECTION ALLOCATION MAP

 output                                  attributes/
section   page    origin      length       input sections
--------  ----  ----------  ----------   ----------------
.intvecs   0    00000000    000000e4     
                  00000000    000000e4     startup_msp432p401r_ccs.obj (.intvecs:retain)

.text      0    000000e4    000036fc     
                  000000e4    00000a4e     rtsv7M4_T_le_v4SPD16_eabi.lib : _printfi.c.obj (.text:__TI_printfi)
                  00000b32    00000002                                   : div0.asm.obj (.text)
                  00000b34    00000680     Crystalfontz128x128_ST7735.obj (.text)
                  000011b4    0000047e     grlib.a : string.obj (.text:Graphics_drawString)
                  00001632    00000002     --HOLE-- [fill = 0]
                  00001634    00000334     system_msp432p401r.obj (.text)
                  00001968    00000270     rtsv7M4_T_le_v4SPD16_eabi.lib : _printfi.c.obj (.text:_pconv_a)
                  00001bd8    00000208     display.obj (.text)
                  00001de0    000001d0     rtsv7M4_T_le_v4SPD16_eabi.lib : _printfi.c.obj (.text:_pconv_g)
                  00001fb0    000001b6                                   : fd_add_t2.asm.obj (.text)
                  00002166    00000002     --HOLE-- [fill = 0]
                  00002168    0000013c                                   : _printfi.c.obj (.text:_pconv_e)
                  000022a4    00000136                                   : fd_div_t2.asm.obj (.text)
                  000023da    00000002     --HOLE-- [fill = 0]
                  000023dc    00000124                                   : _printfi.c.obj (.text:fcvt)
                  00002500    00000112     grlib.a : rectangle.obj (.text:Graphics_fillRectangle)
                  00002612    00000002     --HOLE-- [fill = 0]
                  00002614    00000110     rtsv7M4_T_le_v4SPD16_eabi.lib : s_scalbn.c.obj (.text:scalbn)
                  00002724    000000fc                                   : fd_mul_t2.asm.obj (.text)
                  00002820    000000fa     grlib.a : string.obj (.text:Graphics_getStringWidth)
                  0000291a    00000002     --HOLE-- [fill = 0]
                  0000291c    000000cc     HAL_MSP_EXP432P401R_Crystalfontz128x128_ST7735.obj (.text)
                  000029e8    000000b1     rtsv7M4_T_le_v4SPD16_eabi.lib : _printfi.c.obj (.text:_ltostr)
                  00002a99    00000001     --HOLE-- [fill = 0]
                  00002a9a    000000b0     msp432p4xx_driverlib.lib : spi.o (.text:SPI_initMaster)
                  00002b4a    0000009c     grlib.a : line.obj (.text:Graphics_drawLineH)
                  00002be6    0000009c     rtsv7M4_T_le_v4SPD16_eabi.lib : memcpy_t2.asm.obj (.text)
                  00002c82    00000096                                   : ull_div_t2.asm.obj (.text)
                  00002d18    00000090     main.obj (.text)
                  00002da8    00000088     msp432p4xx_driverlib.lib : gpio.o (.text:GPIO_setAsPeripheralModuleFunctionOutputPin)
                  00002e30    00000086     rtsv7M4_T_le_v4SPD16_eabi.lib : fd_cmp_t2.asm.obj (.text:__aeabi_cdcmple)
                  00002eb6    00000086                                   : fd_cmp_t2.asm.obj (.text:__aeabi_cdrcmple)
                  00002f3c    0000007a                                   : memset_t2.asm.obj (.text)
                  00002fb6    0000006e                                   : _printfi.c.obj (.text:_mcpy)
                  00003024    00000068                                   : copy_decompress_lzss.c.obj (.text:decompress:lzss:__TI_decompress_lzss)
                  0000308c    00000064                                   : s_frexp.c.obj (.text:frexp)
                  000030f0    00000056                                   : _printfi.c.obj (.text:_pconv_f)
                  00003146    00000054                                   : _ltoa.c.obj (.text:__TI_ltoa)
                  0000319a    00000052     grlib.a : context.obj (.text:Graphics_initContext)
                  000031ec    00000052     rtsv7M4_T_le_v4SPD16_eabi.lib : _printfi.c.obj (.text:_ecpy)
                  0000323e    00000002     --HOLE-- [fill = 0]
                  00003240    0000004c                                   : atoi.c.obj (.text:atoi)
                  0000328c    00000048     grlib.a : string.obj (.text:Graphics_drawStringCentered)
                  000032d4    00000048     rtsv7M4_T_le_v4SPD16_eabi.lib : fd_toi_t2.asm.obj (.text)
                  0000331c    00000044                                   : autoinit.c.obj (.text:__TI_auto_init_nobinit_nopinit:__TI_auto_init_nobinit_nopinit)
                  00003360    00000040     msp432p4xx_driverlib.lib : gpio.o (.text:GPIO_setAsOutputPin)
                  000033a0    00000040     grlib.a : string.obj (.text:Graphics_getNumberOfLeadingZeros)
                  000033e0    00000040     msp432p4xx_driverlib.lib : spi.o (.text:is_A_Module)
                  00003420    00000040     rtsv7M4_T_le_v4SPD16_eabi.lib : sprintf.c.obj (.text:sprintf)
                  00003460    0000003e                                   : _printfi.c.obj (.text:_fcpy)
                  0000349e    00000038                                   : fs_tod_t2.asm.obj (.text)
                  000034d6    00000036     grlib.a : display.obj (.text:Graphics_drawHorizontalLineOnDisplay)
                  0000350c    00000034     rtsv7M4_T_le_v4SPD16_eabi.lib : boot_cortex_m.c.obj (.text:_c_int00_noargs:_c_int00_noargs)
                  00003540    0000002e                                   : i_tofd_t2.asm.obj (.text)
                  0000356e    0000002c     grlib.a : display.obj (.text:Graphics_drawPixelOnDisplay)
                  0000359a    00000002     --HOLE-- [fill = 0]
                  0000359c    00000028     msp432p4xx_driverlib.lib : gpio.o (.text:GPIO_setOutputHighOnPin)
                  000035c4    00000028                              : gpio.o (.text:GPIO_setOutputLowOnPin)
                  000035ec    00000024                              : wdt_a.o (.text:WDT_A_holdTimer)
                  00003610    0000001e     grlib.a : display.obj (.text:Graphics_fillRectangleOnDisplay)
                  0000362e    0000001c     msp432p4xx_driverlib.lib : spi.o (.text:SPI_enableModule)
                  0000364a    0000001c     rtsv7M4_T_le_v4SPD16_eabi.lib : copy_zero_init.c.obj (.text:decompress:ZI:__TI_zero_init_nomemset:__TI_zero_init_nomemset)
                  00003666    0000001c                                   : memccpy.c.obj (.text:memccpy)
                  00003682    0000001a     grlib.a : display.obj (.text:Graphics_clearDisplayOnDisplay)
                  0000369c    0000001a             : context.obj (.text:Graphics_setBackgroundColor)
                  000036b6    0000001a             : context.obj (.text:Graphics_setFont)
                  000036d0    0000001a     rtsv7M4_T_le_v4SPD16_eabi.lib : s_copysign.c.obj (.text:copysign)
                  000036ea    00000018                                   : sprintf.c.obj (.text:_outs)
                  00003702    00000016     msp432p4xx_driverlib.lib : spi.o (.text:EUSCI_A_SPI_enable)
                  00003718    00000016                              : spi.o (.text:EUSCI_B_SPI_enable)
                  0000372e    00000016     grlib.a : context.obj (.text:Graphics_setForegroundColor)
                  00003744    00000016             : display.obj (.text:Graphics_translateColorOnDisplay)
                  0000375a    00000016     rtsv7M4_T_le_v4SPD16_eabi.lib : strchr.c.obj (.text:strchr)
                  00003770    00000014                                   : strlen.c.obj (.text:strlen)
                  00003784    00000012     grlib.a : context.obj (.text:Graphics_clearDisplay)
                  00003796    00000012     rtsv7M4_T_le_v4SPD16_eabi.lib : wcslen.c.obj (.text:wcslen)
                  000037a8    0000000e                                   : copy_decompress_none.c.obj (.text:decompress:none:__TI_decompress_none)
                  000037b6    0000000e     startup_msp432p401r_ccs.obj (.text)
                  000037c4    0000000a     rtsv7M4_T_le_v4SPD16_eabi.lib : sprintf.c.obj (.text:_outc)
                  000037ce    00000002     --HOLE-- [fill = 0]
                  000037d0    00000008                                   : errno.c.obj (.text:__aeabi_errno_addr)
                  000037d8    00000004                                   : pre_init.c.obj (.text:_system_pre_init)
                  000037dc    00000004                                   : exit.c.obj (.text:abort:abort)

.const     0    000037e0    00000548     
                  000037e0    000002f8     grlib.a : fontfixed6x8.obj (.const:.string:g_pucFontFixed6x8Data)
                  00003ad8    00000101     rtsv7M4_T_le_v4SPD16_eabi.lib : ctype.c.obj (.const:.string:_ctypes_)
                  00003bd9    00000003     --HOLE-- [fill = 0]
                  00003bdc    000000c8     grlib.a : fontfixed6x8.obj (.const:g_sFontFixed6x8)
                  00003ca4    00000030     msp432p4xx_driverlib.lib : gpio.o (.const:GPIO_PORT_TO_BASE)
                  00003cd4    00000020     Crystalfontz128x128_ST7735.obj (.const:g_sCrystalfontz128x128_funcs)
                  00003cf4    0000001c     HAL_MSP_EXP432P401R_Crystalfontz128x128_ST7735.obj (.const:$P$T0$1)
                  00003d10    00000008     Crystalfontz128x128_ST7735.obj (.const:$P$T0$1)
                  00003d18    00000008     display.obj (.const:$P$T0$1)
                  00003d20    00000008     display.obj (.const:$P$T1$2)

.cinit     0    00003d28    00000038     
                  00003d28    00000012     (.cinit..data.load) [load image, compression = lzss]
                  00003d3a    00000002     --HOLE-- [fill = 0]
                  00003d3c    0000000c     (__TI_handler_table)
                  00003d48    00000008     (.cinit..bss.load) [load image, compression = zero_init]
                  00003d50    00000010     (__TI_cinit_table)

.init_array 
*          0    00000000    00000000     UNINITIALIZED

.binit     0    00000000    00000000     

.bss       0    20000000    00000026     UNINITIALIZED
                  20000000    0000001c     (.common:g_sContext)
                  2000001c    00000002     (.common:Lcd_ScreenHeigth)
                  2000001e    00000002     (.common:Lcd_ScreenWidth)
                  20000020    00000002     (.common:Lcd_TouchTrim)
                  20000022    00000001     (.common:Lcd_FlagRead)
                  20000023    00000001     (.common:Lcd_FontSolid)
                  20000024    00000001     (.common:Lcd_Orientation)
                  20000025    00000001     (.common:Lcd_PenSolid)

.data      0    20000028    00000020     UNINITIALIZED
                  20000028    00000010     Crystalfontz128x128_ST7735.obj (.data:g_sCrystalfontz128x128)
                  20000038    00000008     display.obj (.data)
                  20000040    00000004     rtsv7M4_T_le_v4SPD16_eabi.lib : errno.c.obj (.data)
                  20000044    00000004     system_msp432p401r.obj (.data)

.stack     0    2000fe00    00000200     UNINITIALIZED
                  2000fe00    00000004     rtsv7M4_T_le_v4SPD16_eabi.lib : boot_cortex_m.c.obj (.stack)
                  2000fe04    000001fc     --HOLE--

__llvm_prf_cnts 
*          0    20000000    00000000     UNINITIALIZED

MODULE SUMMARY

       Module                                               code    ro data   rw data
       ------                                               ----    -------   -------
    .\
       system_msp432p401r.obj                               820     0         8      
       startup_msp432p401r_ccs.obj                          14      228       0      
       main.obj                                             144     0         56     
    +--+----------------------------------------------------+-------+---------+---------+
       Total:                                               978     228       64     
                                                                                     
    .\LcdDriver\
       Crystalfontz128x128_ST7735.obj                       1664    40        52     
       HAL_MSP_EXP432P401R_Crystalfontz128x128_ST7735.obj   204     28        0      
    +--+----------------------------------------------------+-------+---------+---------+
       Total:                                               1868    68        52     
                                                                                     
    .\utils\display\
       display.obj                                          520     16        16     
    +--+----------------------------------------------------+-------+---------+---------+
       Total:                                               520     16        16     
                                                                                     
    C:\ti\ccs1280\ccs\tools\compiler\ti-cgt-arm_20.2.7.LTS\lib\rtsv7M4_T_le_v4SPD16_eabi.lib
       _printfi.c.obj                                       4851    0         0      
       fd_add_t2.asm.obj                                    438     0         0      
       fd_div_t2.asm.obj                                    310     0         0      
       s_scalbn.c.obj                                       272     0         0      
       fd_cmp_t2.asm.obj                                    268     0         0      
       ctype.c.obj                                          0       257       0      
       fd_mul_t2.asm.obj                                    252     0         0      
       memcpy_t2.asm.obj                                    156     0         0      
       ull_div_t2.asm.obj                                   150     0         0      
       memset_t2.asm.obj                                    122     0         0      
       copy_decompress_lzss.c.obj                           104     0         0      
       s_frexp.c.obj                                        100     0         0      
       sprintf.c.obj                                        98      0         0      
       _ltoa.c.obj                                          84      0         0      
       atoi.c.obj                                           76      0         0      
       fd_toi_t2.asm.obj                                    72      0         0      
       autoinit.c.obj                                       68      0         0      
       fs_tod_t2.asm.obj                                    56      0         0      
       boot_cortex_m.c.obj                                  52      0         0      
       i_tofd_t2.asm.obj                                    46      0         0      
       copy_zero_init.c.obj                                 28      0         0      
       memccpy.c.obj                                        28      0         0      
       s_copysign.c.obj                                     26      0         0      
       strchr.c.obj                                         22      0         0      
       strlen.c.obj                                         20      0         0      
       wcslen.c.obj                                         18      0         0      
       errno.c.obj                                          8       0         8      
       copy_decompress_none.c.obj                           14      0         0      
       exit.c.obj                                           4       0         0      
       pre_init.c.obj                                       4       0         0      
       div0.asm.obj                                         2       0         0      
    +--+----------------------------------------------------+-------+---------+---------+
       Total:                                               7749    257       8      
                                                                                     
    Z:/simplelink_msp432p4_sdk_3_40_01_02/source/ti/devices/msp432p4xx/driverlib/ccs/msp432p4xx_driverlib.lib
       gpio.o                                               280     48        0      
       spi.o                                                312     0         0      
       wdt_a.o                                              36      0         0      
    +--+----------------------------------------------------+-------+---------+---------+
       Total:                                               628     48        0      
                                                                                     
    Z:/simplelink_msp432p4_sdk_3_40_01_02/source/ti/grlib/lib/ccs/m4/grlib.a
       string.obj                                           1536    0         0      
       fontfixed6x8.obj                                     0       960       0      
       rectangle.obj                                        274     0         0      
       display.obj                                          176     0         0      
       context.obj                                          174     0         0      
       line.obj                                             156     0         0      
    +--+----------------------------------------------------+-------+---------+---------+
       Total:                                               2316    960       0      
                                                                                     
       Stack:                                               0       0         1024   
       Linker Generated:                                    0       54        0      
    +--+----------------------------------------------------+-------+---------+---------+
       Grand Total:                                         14059   1631      1164   


LINKER GENERATED COPY TABLES

__TI_cinit_table @ 00003d50 records: 2, size/record: 8, table size: 16
	.data: load addr=00003d28, load size=00000012 bytes, run addr=20000028, run size=00000020 bytes, compression=lzss
	.bss: load addr=00003d48, load size=00000008 bytes, run addr=20000000, run size=00000026 bytes, compression=zero_init


LINKER GENERATED HANDLER TABLE

__TI_handler_table @ 00003d3c records: 3, size/record: 4, table size: 12
	index: 0, handler: __TI_decompress_lzss
	index: 1, handler: __TI_decompress_none
	index: 2, handler: __TI_zero_init


GLOBAL SYMBOLS: SORTED ALPHABETICALLY BY Name 

address   name                                       
-------   ----                                       
000037c3  ADC14_IRQHandler                           
000037c3  AES256_IRQHandler                          
000037c3  BusFault_Handler                           
000037dd  C$$EXIT                                    
000037c3  COMP_E0_IRQHandler                         
000037c3  COMP_E1_IRQHandler                         
000037c3  CS_IRQHandler                              
00000b35  Crystalfontz128x128_Init                   
00000c49  Crystalfontz128x128_SetDrawFrame           
00000d77  Crystalfontz128x128_SetOrientation         
000037c3  DMA_ERR_IRQHandler                         
000037c3  DMA_INT0_IRQHandler                        
000037c3  DMA_INT1_IRQHandler                        
000037c3  DMA_INT2_IRQHandler                        
000037c3  DMA_INT3_IRQHandler                        
000037c3  DebugMon_Handler                           
000037c3  Default_Handler                            
000037c3  EUSCIA0_IRQHandler                         
000037c3  EUSCIA1_IRQHandler                         
000037c3  EUSCIA2_IRQHandler                         
000037c3  EUSCIA3_IRQHandler                         
000037c3  EUSCIB0_IRQHandler                         
000037c3  EUSCIB1_IRQHandler                         
000037c3  EUSCIB2_IRQHandler                         
000037c3  EUSCIB3_IRQHandler                         
00003703  EUSCI_A_SPI_enable                         
00003719  EUSCI_B_SPI_enable                         
000037c3  FLCTL_IRQHandler                           
000037c3  FPU_IRQHandler                             
00003361  GPIO_setAsOutputPin                        
00002da9  GPIO_setAsPeripheralModuleFunctionOutputPin
0000359d  GPIO_setOutputHighOnPin                    
000035c5  GPIO_setOutputLowOnPin                     
00003785  Graphics_clearDisplay                      
00003683  Graphics_clearDisplayOnDisplay             
000034d7  Graphics_drawHorizontalLineOnDisplay       
00002b4b  Graphics_drawLineH                         
0000356f  Graphics_drawPixelOnDisplay                
000011b5  Graphics_drawString                        
0000328d  Graphics_drawStringCentered                
00002501  Graphics_fillRectangle                     
00003611  Graphics_fillRectangleOnDisplay            
00002821  Graphics_getStringWidth                    
0000319b  Graphics_initContext                       
0000369d  Graphics_setBackgroundColor                
000036b7  Graphics_setFont                           
0000372f  Graphics_setForegroundColor                
00003745  Graphics_translateColorOnDisplay           
0000291d  HAL_LCD_PortInit                           
0000294d  HAL_LCD_SpiInit                            
00002983  HAL_LCD_writeCommand                       
000029b3  HAL_LCD_writeData                          
000037c3  HardFault_Handler                          
20000022  Lcd_FlagRead                               
20000023  Lcd_FontSolid                              
20000024  Lcd_Orientation                            
20000025  Lcd_PenSolid                               
2000001c  Lcd_ScreenHeigth                           
2000001e  Lcd_ScreenWidth                            
20000020  Lcd_TouchTrim                              
000037c3  MemManage_Handler                          
000037c3  NMI_Handler                                
000037c3  PCM_IRQHandler                             
000037c3  PORT1_IRQHandler                           
000037c3  PORT2_IRQHandler                           
000037c3  PORT3_IRQHandler                           
000037c3  PORT4_IRQHandler                           
000037c3  PORT5_IRQHandler                           
000037c3  PORT6_IRQHandler                           
000037c3  PSS_IRQHandler                             
000037c3  PendSV_Handler                             
000037c3  RTC_C_IRQHandler                           
000037b7  Reset_Handler                              
0000362f  SPI_enableModule                           
00002a9b  SPI_initMaster                             
000037c3  SVC_Handler                                
000037c3  SysTick_Handler                            
20000044  SystemCoreClock                            
00001635  SystemCoreClockUpdate                      
000018ad  SystemInit                                 
000037c3  T32_INT1_IRQHandler                        
000037c3  T32_INT2_IRQHandler                        
000037c3  T32_INTC_IRQHandler                        
000037c3  TA0_0_IRQHandler                           
000037c3  TA0_N_IRQHandler                           
000037c3  TA1_0_IRQHandler                           
000037c3  TA1_N_IRQHandler                           
000037c3  TA2_0_IRQHandler                           
000037c3  TA2_N_IRQHandler                           
000037c3  TA3_0_IRQHandler                           
000037c3  TA3_N_IRQHandler                           
000037c3  UsageFault_Handler                         
4000480c  WDTCTL_SYM                                 
000037c3  WDT_A_IRQHandler                           
000035ed  WDT_A_holdTimer                            
20010000  __STACK_END                                
00000200  __STACK_SIZE                               
00003d50  __TI_CINIT_Base                            
00003d60  __TI_CINIT_Limit                           
00003d3c  __TI_Handler_Table_Base                    
00003d48  __TI_Handler_Table_Limit                   
0000331d  __TI_auto_init_nobinit_nopinit             
00003025  __TI_decompress_lzss                       
000037a9  __TI_decompress_none                       
00003147  __TI_ltoa                                  
ffffffff  __TI_pprof_out_hndl                        
000000e5  __TI_printfi                               
ffffffff  __TI_prof_data_size                        
ffffffff  __TI_prof_data_start                       
00000000  __TI_static_base__                         
0000364b  __TI_zero_init_nomemset                    
00002e31  __aeabi_cdcmpeq                            
00002e31  __aeabi_cdcmple                            
00002eb7  __aeabi_cdrcmple                           
000032d5  __aeabi_d2iz                               
00001fbb  __aeabi_dadd                               
000022a5  __aeabi_ddiv                               
00002725  __aeabi_dmul                               
00001fb1  __aeabi_dsub                               
000037d1  __aeabi_errno_addr                         
0000349f  __aeabi_f2d                                
00003541  __aeabi_i2d                                
00000b33  __aeabi_idiv0                              
00000b33  __aeabi_ldiv0                              
00002f3d  __aeabi_memclr                             
00002f3d  __aeabi_memclr4                            
00002f3d  __aeabi_memclr8                            
00002be7  __aeabi_memcpy                             
00002be7  __aeabi_memcpy4                            
00002be7  __aeabi_memcpy8                            
00002f3f  __aeabi_memset                             
00002f3f  __aeabi_memset4                            
00002f3f  __aeabi_memset8                            
00002c83  __aeabi_uldivmod                           
ffffffff  __binit__                                  
ffffffff  __c_args__                                 
UNDEFED   __mpu_init                                 
2000fe00  __stack                                    
20000000  __start___llvm_prf_cnts                    
20000000  __stop___llvm_prf_cnts                     
0000350d  _c_int00_noargs                            
00003ad8  _ctypes_                                   
UNDEFED   _system_post_cinit                         
000037d9  _system_pre_init                           
000037dd  abort                                      
00003241  atoi                                       
ffffffff  binit                                      
00002d55  copy_string                                
000036d1  copysign                                   
000036d1  copysignl                                  
00001c13  display_information                        
00001c55  display_list                               
20000040  errno                                      
0000308d  frexp                                      
0000308d  frexpl                                     
20000000  g_sContext                                 
20000028  g_sCrystalfontz128x128                     
00003cd4  g_sCrystalfontz128x128_funcs               
00003bdc  g_sFontFixed6x8                            
00001bd9  init_display                               
00000000  interruptVectors                           
00002615  ldexp                                      
00002615  ldexpl                                     
00002d19  main                                       
00003667  memccpy                                    
00002be7  memcpy                                     
00002f45  memset                                     
00002615  scalbn                                     
00002615  scalbnl                                    
2000003c  scrollOffset                               
00001d77  scroll_down                                
00001d43  scroll_up                                  
00001d21  select_index                               
20000038  selectedIndex                              
00003421  sprintf                                    
0000375b  strchr                                     
00003771  strlen                                     
00003797  wcslen                                     


GLOBAL SYMBOLS: SORTED BY Symbol Address 

address   name                                       
-------   ----                                       
00000000  __TI_static_base__                         
00000000  interruptVectors                           
000000e5  __TI_printfi                               
00000200  __STACK_SIZE                               
00000b33  __aeabi_idiv0                              
00000b33  __aeabi_ldiv0                              
00000b35  Crystalfontz128x128_Init                   
00000c49  Crystalfontz128x128_SetDrawFrame           
00000d77  Crystalfontz128x128_SetOrientation         
000011b5  Graphics_drawString                        
00001635  SystemCoreClockUpdate                      
000018ad  SystemInit                                 
00001bd9  init_display                               
00001c13  display_information                        
00001c55  display_list                               
00001d21  select_index                               
00001d43  scroll_up                                  
00001d77  scroll_down                                
00001fb1  __aeabi_dsub                               
00001fbb  __aeabi_dadd                               
000022a5  __aeabi_ddiv                               
00002501  Graphics_fillRectangle                     
00002615  ldexp                                      
00002615  ldexpl                                     
00002615  scalbn                                     
00002615  scalbnl                                    
00002725  __aeabi_dmul                               
00002821  Graphics_getStringWidth                    
0000291d  HAL_LCD_PortInit                           
0000294d  HAL_LCD_SpiInit                            
00002983  HAL_LCD_writeCommand                       
000029b3  HAL_LCD_writeData                          
00002a9b  SPI_initMaster                             
00002b4b  Graphics_drawLineH                         
00002be7  __aeabi_memcpy                             
00002be7  __aeabi_memcpy4                            
00002be7  __aeabi_memcpy8                            
00002be7  memcpy                                     
00002c83  __aeabi_uldivmod                           
00002d19  main                                       
00002d55  copy_string                                
00002da9  GPIO_setAsPeripheralModuleFunctionOutputPin
00002e31  __aeabi_cdcmpeq                            
00002e31  __aeabi_cdcmple                            
00002eb7  __aeabi_cdrcmple                           
00002f3d  __aeabi_memclr                             
00002f3d  __aeabi_memclr4                            
00002f3d  __aeabi_memclr8                            
00002f3f  __aeabi_memset                             
00002f3f  __aeabi_memset4                            
00002f3f  __aeabi_memset8                            
00002f45  memset                                     
00003025  __TI_decompress_lzss                       
0000308d  frexp                                      
0000308d  frexpl                                     
00003147  __TI_ltoa                                  
0000319b  Graphics_initContext                       
00003241  atoi                                       
0000328d  Graphics_drawStringCentered                
000032d5  __aeabi_d2iz                               
0000331d  __TI_auto_init_nobinit_nopinit             
00003361  GPIO_setAsOutputPin                        
00003421  sprintf                                    
0000349f  __aeabi_f2d                                
000034d7  Graphics_drawHorizontalLineOnDisplay       
0000350d  _c_int00_noargs                            
00003541  __aeabi_i2d                                
0000356f  Graphics_drawPixelOnDisplay                
0000359d  GPIO_setOutputHighOnPin                    
000035c5  GPIO_setOutputLowOnPin                     
000035ed  WDT_A_holdTimer                            
00003611  Graphics_fillRectangleOnDisplay            
0000362f  SPI_enableModule                           
0000364b  __TI_zero_init_nomemset                    
00003667  memccpy                                    
00003683  Graphics_clearDisplayOnDisplay             
0000369d  Graphics_setBackgroundColor                
000036b7  Graphics_setFont                           
000036d1  copysign                                   
000036d1  copysignl                                  
00003703  EUSCI_A_SPI_enable                         
00003719  EUSCI_B_SPI_enable                         
0000372f  Graphics_setForegroundColor                
00003745  Graphics_translateColorOnDisplay           
0000375b  strchr                                     
00003771  strlen                                     
00003785  Graphics_clearDisplay                      
00003797  wcslen                                     
000037a9  __TI_decompress_none                       
000037b7  Reset_Handler                              
000037c3  ADC14_IRQHandler                           
000037c3  AES256_IRQHandler                          
000037c3  BusFault_Handler                           
000037c3  COMP_E0_IRQHandler                         
000037c3  COMP_E1_IRQHandler                         
000037c3  CS_IRQHandler                              
000037c3  DMA_ERR_IRQHandler                         
000037c3  DMA_INT0_IRQHandler                        
000037c3  DMA_INT1_IRQHandler                        
000037c3  DMA_INT2_IRQHandler                        
000037c3  DMA_INT3_IRQHandler                        
000037c3  DebugMon_Handler                           
000037c3  Default_Handler                            
000037c3  EUSCIA0_IRQHandler                         
000037c3  EUSCIA1_IRQHandler                         
000037c3  EUSCIA2_IRQHandler                         
000037c3  EUSCIA3_IRQHandler                         
000037c3  EUSCIB0_IRQHandler                         
000037c3  EUSCIB1_IRQHandler                         
000037c3  EUSCIB2_IRQHandler                         
000037c3  EUSCIB3_IRQHandler                         
000037c3  FLCTL_IRQHandler                           
000037c3  FPU_IRQHandler                             
000037c3  HardFault_Handler                          
000037c3  MemManage_Handler                          
000037c3  NMI_Handler                                
000037c3  PCM_IRQHandler                             
000037c3  PORT1_IRQHandler                           
000037c3  PORT2_IRQHandler                           
000037c3  PORT3_IRQHandler                           
000037c3  PORT4_IRQHandler                           
000037c3  PORT5_IRQHandler                           
000037c3  PORT6_IRQHandler                           
000037c3  PSS_IRQHandler                             
000037c3  PendSV_Handler                             
000037c3  RTC_C_IRQHandler                           
000037c3  SVC_Handler                                
000037c3  SysTick_Handler                            
000037c3  T32_INT1_IRQHandler                        
000037c3  T32_INT2_IRQHandler                        
000037c3  T32_INTC_IRQHandler                        
000037c3  TA0_0_IRQHandler                           
000037c3  TA0_N_IRQHandler                           
000037c3  TA1_0_IRQHandler                           
000037c3  TA1_N_IRQHandler                           
000037c3  TA2_0_IRQHandler                           
000037c3  TA2_N_IRQHandler                           
000037c3  TA3_0_IRQHandler                           
000037c3  TA3_N_IRQHandler                           
000037c3  UsageFault_Handler                         
000037c3  WDT_A_IRQHandler                           
000037d1  __aeabi_errno_addr                         
000037d9  _system_pre_init                           
000037dd  C$$EXIT                                    
000037dd  abort                                      
00003ad8  _ctypes_                                   
00003bdc  g_sFontFixed6x8                            
00003cd4  g_sCrystalfontz128x128_funcs               
00003d3c  __TI_Handler_Table_Base                    
00003d48  __TI_Handler_Table_Limit                   
00003d50  __TI_CINIT_Base                            
00003d60  __TI_CINIT_Limit                           
20000000  __start___llvm_prf_cnts                    
20000000  __stop___llvm_prf_cnts                     
20000000  g_sContext                                 
2000001c  Lcd_ScreenHeigth                           
2000001e  Lcd_ScreenWidth                            
20000020  Lcd_TouchTrim                              
20000022  Lcd_FlagRead                               
20000023  Lcd_FontSolid                              
20000024  Lcd_Orientation                            
20000025  Lcd_PenSolid                               
20000028  g_sCrystalfontz128x128                     
20000038  selectedIndex                              
2000003c  scrollOffset                               
20000040  errno                                      
20000044  SystemCoreClock                            
2000fe00  __stack                                    
20010000  __STACK_END                                
4000480c  WDTCTL_SYM                                 
ffffffff  __TI_pprof_out_hndl                        
ffffffff  __TI_prof_data_size                        
ffffffff  __TI_prof_data_start                       
ffffffff  __binit__                                  
ffffffff  __c_args__                                 
ffffffff  binit                                      
UNDEFED   __mpu_init                                 
UNDEFED   _system_post_cinit                         

[178 symbols]
