******************************************************************************
                  TI ARM Linker PC v20.2.7                     
******************************************************************************
>> Linked Mon May 12 16:09:39 2025

OUTPUT FILE NAME:   <progetto-embedded.out>
ENTRY POINT SYMBOL: "_c_int00_noargs"  address: 00004051


MEMORY CONFIGURATION

         name            origin    length      used     unused   attr    fill
----------------------  --------  ---------  --------  --------  ----  --------
  MAIN                  00000000   00040000  00004b40  0003b4c0  R  X
  INFO                  00200000   00004000  00000000  00004000  R  X
  SRAM_CODE             01000000   00010000  000003f0  0000fc10  RW X
  SRAM_DATA             20000000   00010000  000003f0  0000fc10  RW  


SEGMENT ALLOCATION MAP

run origin  load origin   length   init length attrs members
----------  ----------- ---------- ----------- ----- -------
00000000    00000000    00004b40   00004b40    r-x
  00000000    00000000    000000e4   000000e4    r-- .intvecs
  000000e4    000000e4    000043ec   000043ec    r-x .text
  000044d0    000044d0    00000638   00000638    r-- .const
  00004b08    00004b08    00000038   00000038    r-- .cinit
20000000    20000000    000001f0   00000000    rw-
  20000000    20000000    000001c8   00000000    rw- .bss
  200001c8    200001c8    00000028   00000000    rw- .data
2000fe00    2000fe00    00000200   00000000    rw-
  2000fe00    2000fe00    00000200   00000000    rw- .stack


SECTION ALLOCATION MAP

 output                                  attributes/
section   page    origin      length       input sections
--------  ----  ----------  ----------   ----------------
.intvecs   0    00000000    000000e4     
                  00000000    000000e4     startup_msp432p401r_ccs.obj (.intvecs:retain)

.text      0    000000e4    000043ec     
                  000000e4    00000a4e     rtsv7M4_T_le_v4SPD16_eabi.lib : _printfi.c.obj (.text:__TI_printfi)
                  00000b32    00000002                                   : div0.asm.obj (.text)
                  00000b34    00000680     Crystalfontz128x128_ST7735.obj (.text)
                  000011b4    0000047e     grlib.a : string.obj (.text:Graphics_drawString)
                  00001632    00000002     --HOLE-- [fill = 0]
                  00001634    00000334     system_msp432p401r.obj (.text)
                  00001968    000002b4     main.obj (.text)
                  00001c1c    00000270     rtsv7M4_T_le_v4SPD16_eabi.lib : _printfi.c.obj (.text:_pconv_a)
                  00001e8c    00000254     printf.obj (.text)
                  000020e0    00000240     display.obj (.text)
                  00002320    000001d0     rtsv7M4_T_le_v4SPD16_eabi.lib : _printfi.c.obj (.text:_pconv_g)
                  000024f0    000001b6                                   : fd_add_t2.asm.obj (.text)
                  000026a6    00000002     --HOLE-- [fill = 0]
                  000026a8    00000160     msp432p4xx_driverlib.lib : adc14.o (.text:_getIndexForMemRegister)
                  00002808    0000013c     rtsv7M4_T_le_v4SPD16_eabi.lib : _printfi.c.obj (.text:_pconv_e)
                  00002944    00000136                                   : fd_div_t2.asm.obj (.text)
                  00002a7a    00000002     --HOLE-- [fill = 0]
                  00002a7c    00000124                                   : _printfi.c.obj (.text:fcvt)
                  00002ba0    0000011c     msp432p4xx_driverlib.lib : uart.o (.text:UART_initModule)
                  00002cbc    00000112     grlib.a : rectangle.obj (.text:Graphics_fillRectangle)
                  00002dce    00000002     --HOLE-- [fill = 0]
                  00002dd0    00000110     rtsv7M4_T_le_v4SPD16_eabi.lib : s_scalbn.c.obj (.text:scalbn)
                  00002ee0    000000fc                                   : fd_mul_t2.asm.obj (.text)
                  00002fdc    000000fa     grlib.a : string.obj (.text:Graphics_getStringWidth)
                  000030d6    00000002     --HOLE-- [fill = 0]
                  000030d8    000000cc     HAL_MSP_EXP432P401R_Crystalfontz128x128_ST7735.obj (.text)
                  000031a4    000000b4     msp432p4xx_driverlib.lib : adc14.o (.text:ADC14_configureConversionMemory)
                  00003258    000000b4                              : adc14.o (.text:ADC14_configureMultiSequenceMode)
                  0000330c    000000b1     rtsv7M4_T_le_v4SPD16_eabi.lib : _printfi.c.obj (.text:_ltostr)
                  000033bd    00000001     --HOLE-- [fill = 0]
                  000033be    000000b0     msp432p4xx_driverlib.lib : spi.o (.text:SPI_initMaster)
                  0000346e    0000009c     grlib.a : line.obj (.text:Graphics_drawLineH)
                  0000350a    0000009c     rtsv7M4_T_le_v4SPD16_eabi.lib : memcpy_t2.asm.obj (.text)
                  000035a6    00000096                                   : ull_div_t2.asm.obj (.text)
                  0000363c    00000088     msp432p4xx_driverlib.lib : gpio.o (.text:GPIO_setAsPeripheralModuleFunctionOutputPin)
                  000036c4    00000086     rtsv7M4_T_le_v4SPD16_eabi.lib : fd_cmp_t2.asm.obj (.text:__aeabi_cdcmple)
                  0000374a    00000086                                   : fd_cmp_t2.asm.obj (.text:__aeabi_cdrcmple)
                  000037d0    00000084     msp432p4xx_driverlib.lib : gpio.o (.text:GPIO_getEnabledInterruptStatus)
                  00003854    00000080                              : interrupt.o (.text:Interrupt_enableInterrupt)
                  000038d4    0000007a     rtsv7M4_T_le_v4SPD16_eabi.lib : memset_t2.asm.obj (.text)
                  0000394e    0000006e                                   : _printfi.c.obj (.text:_mcpy)
                  000039bc    00000068     controls.obj (.text)
                  00003a24    00000068     rtsv7M4_T_le_v4SPD16_eabi.lib : copy_decompress_lzss.c.obj (.text:decompress:lzss:__TI_decompress_lzss)
                  00003a8c    00000064     msp432p4xx_driverlib.lib : uart.o (.text:UART_getEnabledInterruptStatus)
                  00003af0    00000064     rtsv7M4_T_le_v4SPD16_eabi.lib : s_frexp.c.obj (.text:frexp)
                  00003b54    00000058     serial.obj (.text)
                  00003bac    00000056     rtsv7M4_T_le_v4SPD16_eabi.lib : _printfi.c.obj (.text:_pconv_f)
                  00003c02    00000002     --HOLE-- [fill = 0]
                  00003c04    00000054     msp432p4xx_driverlib.lib : adc14.o (.text:ADC14_initModule)
                  00003c58    00000054     rtsv7M4_T_le_v4SPD16_eabi.lib : _ltoa.c.obj (.text:__TI_ltoa)
                  00003cac    00000052     grlib.a : context.obj (.text:Graphics_initContext)
                  00003cfe    00000052     rtsv7M4_T_le_v4SPD16_eabi.lib : _printfi.c.obj (.text:_ecpy)
                  00003d50    0000004c                                   : atoi.c.obj (.text:atoi)
                  00003d9c    00000048     grlib.a : string.obj (.text:Graphics_drawStringCentered)
                  00003de4    00000048     rtsv7M4_T_le_v4SPD16_eabi.lib : fd_toi_t2.asm.obj (.text)
                  00003e2c    00000044                                   : autoinit.c.obj (.text:__TI_auto_init_nobinit_nopinit:__TI_auto_init_nobinit_nopinit)
                  00003e70    00000040     msp432p4xx_driverlib.lib : gpio.o (.text:GPIO_setAsOutputPin)
                  00003eb0    00000040     grlib.a : string.obj (.text:Graphics_getNumberOfLeadingZeros)
                  00003ef0    00000040     msp432p4xx_driverlib.lib : spi.o (.text:is_A_Module)
                  00003f30    00000040     rtsv7M4_T_le_v4SPD16_eabi.lib : sprintf.c.obj (.text:sprintf)
                  00003f70    0000003e                                   : _printfi.c.obj (.text:_fcpy)
                  00003fae    00000038                                   : fs_tod_t2.asm.obj (.text)
                  00003fe6    00000036     grlib.a : display.obj (.text:Graphics_drawHorizontalLineOnDisplay)
                  0000401c    00000034     msp432p4xx_driverlib.lib : adc14.o (.text:ADC14_enableSampleTimer)
                  00004050    00000034     rtsv7M4_T_le_v4SPD16_eabi.lib : boot_cortex_m.c.obj (.text:_c_int00_noargs:_c_int00_noargs)
                  00004084    00000030     msp432p4xx_driverlib.lib : adc14.o (.text:ADC14_enableInterrupt)
                  000040b4    00000030                              : adc14.o (.text:ADC14_setSampleHoldTime)
                  000040e4    0000002e     rtsv7M4_T_le_v4SPD16_eabi.lib : i_tofd_t2.asm.obj (.text)
                  00004112    00000002     --HOLE-- [fill = 0]
                  00004114    0000002c     msp432p4xx_driverlib.lib : adc14.o (.text:ADC14_toggleConversionTrigger)
                  00004140    0000002c     grlib.a : display.obj (.text:Graphics_drawPixelOnDisplay)
                  0000416c    00000028     msp432p4xx_driverlib.lib : adc14.o (.text:ADC14_enableConversion)
                  00004194    00000028                              : adc14.o (.text:ADC14_getResult)
                  000041bc    00000028                              : gpio.o (.text:GPIO_clearInterruptFlag)
                  000041e4    00000028                              : gpio.o (.text:GPIO_setOutputHighOnPin)
                  0000420c    00000028                              : gpio.o (.text:GPIO_setOutputLowOnPin)
                  00004234    00000024                              : gpio.o (.text:GPIO_getInterruptStatus)
                  00004258    00000020                              : ref_a.o (.text:REF_A_setReferenceVoltage)
                  00004278    0000001e     grlib.a : display.obj (.text:Graphics_fillRectangleOnDisplay)
                  00004296    0000001c     msp432p4xx_driverlib.lib : spi.o (.text:SPI_enableModule)
                  000042b2    00000002     --HOLE-- [fill = 0]
                  000042b4    0000001c                              : sysctl.o (.text:SysCtl_getTempCalibrationConstant)
                  000042d0    0000001c     rtsv7M4_T_le_v4SPD16_eabi.lib : copy_zero_init.c.obj (.text:decompress:ZI:__TI_zero_init_nomemset:__TI_zero_init_nomemset)
                  000042ec    0000001c                                   : memccpy.c.obj (.text:memccpy)
                  00004308    0000001a     grlib.a : display.obj (.text:Graphics_clearDisplayOnDisplay)
                  00004322    0000001a             : context.obj (.text:Graphics_setBackgroundColor)
                  0000433c    0000001a             : context.obj (.text:Graphics_setFont)
                  00004356    0000001a     rtsv7M4_T_le_v4SPD16_eabi.lib : s_copysign.c.obj (.text:copysign)
                  00004370    00000018     msp432p4xx_driverlib.lib : uart.o (.text:UART_getInterruptStatus)
                  00004388    00000018     rtsv7M4_T_le_v4SPD16_eabi.lib : sprintf.c.obj (.text:_outs)
                  000043a0    00000016     msp432p4xx_driverlib.lib : spi.o (.text:EUSCI_A_SPI_enable)
                  000043b6    00000016                              : spi.o (.text:EUSCI_B_SPI_enable)
                  000043cc    00000016     grlib.a : context.obj (.text:Graphics_setForegroundColor)
                  000043e2    00000016             : display.obj (.text:Graphics_translateColorOnDisplay)
                  000043f8    00000016     rtsv7M4_T_le_v4SPD16_eabi.lib : strchr.c.obj (.text:strchr)
                  0000440e    00000014                                   : strlen.c.obj (.text:strlen)
                  00004422    00000012     grlib.a : context.obj (.text:Graphics_clearDisplay)
                  00004434    00000012     rtsv7M4_T_le_v4SPD16_eabi.lib : wcslen.c.obj (.text:wcslen)
                  00004446    00000002     --HOLE-- [fill = 0]
                  00004448    00000010     msp432p4xx_driverlib.lib : adc14.o (.text:ADCIsConversionRunning)
                  00004458    00000010                              : interrupt.o (.text:Interrupt_enableMaster)
                  00004468    0000000e     rtsv7M4_T_le_v4SPD16_eabi.lib : copy_decompress_none.c.obj (.text:decompress:none:__TI_decompress_none)
                  00004476    0000000e     startup_msp432p401r_ccs.obj (.text)
                  00004484    0000000c     msp432p4xx_driverlib.lib : adc14.o (.text:ADC14_enableModule)
                  00004490    0000000c                              : cpu.o (.text:CPU_cpsie)
                  0000449c    0000000c                              : ref_a.o (.text:REF_A_enableReferenceVoltage)
                  000044a8    0000000c                              : ref_a.o (.text:REF_A_enableTempSensor)
                  000044b4    0000000a     rtsv7M4_T_le_v4SPD16_eabi.lib : sprintf.c.obj (.text:_outc)
                  000044be    00000002     --HOLE-- [fill = 0]
                  000044c0    00000008                                   : errno.c.obj (.text:__aeabi_errno_addr)
                  000044c8    00000004                                   : pre_init.c.obj (.text:_system_pre_init)
                  000044cc    00000004                                   : exit.c.obj (.text:abort:abort)

.const     0    000044d0    00000638     
                  000044d0    000002f8     grlib.a : fontfixed6x8.obj (.const:.string:g_pucFontFixed6x8Data)
                  000047c8    00000101     rtsv7M4_T_le_v4SPD16_eabi.lib : ctype.c.obj (.const:.string:_ctypes_)
                  000048c9    00000003     --HOLE-- [fill = 0]
                  000048cc    000000c8     grlib.a : fontfixed6x8.obj (.const:g_sFontFixed6x8)
                  00004994    00000080     msp432p4xx_driverlib.lib : adc14.o (.const:_ctlRegs)
                  00004a14    00000030                              : gpio.o (.const:GPIO_PORT_TO_BASE)
                  00004a44    00000028     printf.obj (.const:dv)
                  00004a6c    00000028     serial.obj (.const:uartConfigAclk)
                  00004a94    00000020     Crystalfontz128x128_ST7735.obj (.const:g_sCrystalfontz128x128_funcs)
                  00004ab4    0000001c     HAL_MSP_EXP432P401R_Crystalfontz128x128_ST7735.obj (.const:$P$T0$1)
                  00004ad0    00000010     printf.obj (.const:.string:hex$1)
                  00004ae0    00000008     Crystalfontz128x128_ST7735.obj (.const:$P$T0$1)
                  00004ae8    00000008     display.obj (.const:$P$T0$1)
                  00004af0    00000008     display.obj (.const:$P$T1$2)
                  00004af8    00000008     display.obj (.const:$P$T2$3)
                  00004b00    00000008     msp432p4xx_driverlib.lib : interrupt.o (.const:g_pulEnRegs)

.cinit     0    00004b08    00000038     
                  00004b08    00000014     (.cinit..data.load) [load image, compression = lzss]
                  00004b1c    0000000c     (__TI_handler_table)
                  00004b28    00000008     (.cinit..bss.load) [load image, compression = zero_init]
                  00004b30    00000010     (__TI_cinit_table)

.init_array 
*          0    00000000    00000000     UNINITIALIZED

.binit     0    00000000    00000000     

.bss       0    20000000    000001c8     UNINITIALIZED
                  20000000    00000190     (.common:list)
                  20000190    0000001c     (.common:g_sContext)
                  200001ac    00000008     display.obj (.bss)
                  200001b4    00000004     (.common:calDifference)
                  200001b8    00000002     main.obj (.bss)
                  200001ba    00000002     (.common:Lcd_ScreenHeigth)
                  200001bc    00000002     (.common:Lcd_ScreenWidth)
                  200001be    00000002     (.common:Lcd_TouchTrim)
                  200001c0    00000002     (.common:cal30)
                  200001c2    00000002     (.common:cal85)
                  200001c4    00000001     (.common:Lcd_FlagRead)
                  200001c5    00000001     (.common:Lcd_FontSolid)
                  200001c6    00000001     (.common:Lcd_Orientation)
                  200001c7    00000001     (.common:Lcd_PenSolid)

.data      0    200001c8    00000028     UNINITIALIZED
                  200001c8    00000010     Crystalfontz128x128_ST7735.obj (.data:g_sCrystalfontz128x128)
                  200001d8    00000008     display.obj (.data)
                  200001e0    00000005     main.obj (.data)
                  200001e5    00000003     --HOLE--
                  200001e8    00000004     rtsv7M4_T_le_v4SPD16_eabi.lib : errno.c.obj (.data)
                  200001ec    00000004     system_msp432p401r.obj (.data)

.stack     0    2000fe00    00000200     UNINITIALIZED
                  2000fe00    00000004     rtsv7M4_T_le_v4SPD16_eabi.lib : boot_cortex_m.c.obj (.stack)
                  2000fe04    000001fc     --HOLE--

__llvm_prf_cnts 
*          0    20000000    00000000     UNINITIALIZED

MODULE SUMMARY

       Module                                               code    ro data   rw data
       ------                                               ----    -------   -------
    .\
       main.obj                                             692     0         886    
       system_msp432p401r.obj                               820     0         8      
       startup_msp432p401r_ccs.obj                          14      228       0      
    +--+----------------------------------------------------+-------+---------+---------+
       Total:                                               1526    228       894    
                                                                                     
    .\LcdDriver\
       Crystalfontz128x128_ST7735.obj                       1664    40        52     
       HAL_MSP_EXP432P401R_Crystalfontz128x128_ST7735.obj   204     28        0      
    +--+----------------------------------------------------+-------+---------+---------+
       Total:                                               1868    68        52     
                                                                                     
    .\utils\controls\
       controls.obj                                         104     0         0      
    +--+----------------------------------------------------+-------+---------+---------+
       Total:                                               104     0         0      
                                                                                     
    .\utils\display\
       display.obj                                          576     24        32     
    +--+----------------------------------------------------+-------+---------+---------+
       Total:                                               576     24        32     
                                                                                     
    .\utils\serial\
       printf.obj                                           596     56        0      
       serial.obj                                           88      40        0      
    +--+----------------------------------------------------+-------+---------+---------+
       Total:                                               684     96        0      
                                                                                     
    C:\ti\ccs1280\ccs\tools\compiler\ti-cgt-arm_20.2.7.LTS\lib\rtsv7M4_T_le_v4SPD16_eabi.lib
       _printfi.c.obj                                       4851    0         0      
       fd_add_t2.asm.obj                                    438     0         0      
       fd_div_t2.asm.obj                                    310     0         0      
       s_scalbn.c.obj                                       272     0         0      
       fd_cmp_t2.asm.obj                                    268     0         0      
       ctype.c.obj                                          0       257       0      
       fd_mul_t2.asm.obj                                    252     0         0      
       memcpy_t2.asm.obj                                    156     0         0      
       ull_div_t2.asm.obj                                   150     0         0      
       memset_t2.asm.obj                                    122     0         0      
       copy_decompress_lzss.c.obj                           104     0         0      
       s_frexp.c.obj                                        100     0         0      
       sprintf.c.obj                                        98      0         0      
       _ltoa.c.obj                                          84      0         0      
       atoi.c.obj                                           76      0         0      
       fd_toi_t2.asm.obj                                    72      0         0      
       autoinit.c.obj                                       68      0         0      
       fs_tod_t2.asm.obj                                    56      0         0      
       boot_cortex_m.c.obj                                  52      0         0      
       i_tofd_t2.asm.obj                                    46      0         0      
       copy_zero_init.c.obj                                 28      0         0      
       memccpy.c.obj                                        28      0         0      
       s_copysign.c.obj                                     26      0         0      
       strchr.c.obj                                         22      0         0      
       strlen.c.obj                                         20      0         0      
       wcslen.c.obj                                         18      0         0      
       errno.c.obj                                          8       0         8      
       copy_decompress_none.c.obj                           14      0         0      
       exit.c.obj                                           4       0         0      
       pre_init.c.obj                                       4       0         0      
       div0.asm.obj                                         2       0         0      
    +--+----------------------------------------------------+-------+---------+---------+
       Total:                                               7749    257       8      
                                                                                     
    Z:/simplelink_msp432p4_sdk_3_40_01_02/source/ti/devices/msp432p4xx/driverlib/ccs/msp432p4xx_driverlib.lib
       adc14.o                                              1096    128       0      
       gpio.o                                               488     48        0      
       uart.o                                               408     0         0      
       spi.o                                                312     0         0      
       interrupt.o                                          144     8         0      
       ref_a.o                                              56      0         0      
       sysctl.o                                             28      0         0      
       cpu.o                                                12      0         0      
    +--+----------------------------------------------------+-------+---------+---------+
       Total:                                               2544    184       0      
                                                                                     
    Z:/simplelink_msp432p4_sdk_3_40_01_02/source/ti/grlib/lib/ccs/m4/grlib.a
       string.obj                                           1536    0         0      
       fontfixed6x8.obj                                     0       960       0      
       rectangle.obj                                        274     0         0      
       display.obj                                          176     0         0      
       context.obj                                          174     0         0      
       line.obj                                             156     0         0      
    +--+----------------------------------------------------+-------+---------+---------+
       Total:                                               2316    960       0      
                                                                                     
       Stack:                                               0       0         1024   
       Linker Generated:                                    0       56        0      
    +--+----------------------------------------------------+-------+---------+---------+
       Grand Total:                                         17367   1873      2010   


LINKER GENERATED COPY TABLES

__TI_cinit_table @ 00004b30 records: 2, size/record: 8, table size: 16
	.data: load addr=00004b08, load size=00000014 bytes, run addr=200001c8, run size=00000028 bytes, compression=lzss
	.bss: load addr=00004b28, load size=00000008 bytes, run addr=20000000, run size=000001c8 bytes, compression=zero_init


LINKER GENERATED HANDLER TABLE

__TI_handler_table @ 00004b1c records: 3, size/record: 4, table size: 12
	index: 0, handler: __TI_decompress_lzss
	index: 1, handler: __TI_decompress_none
	index: 2, handler: __TI_zero_init


GLOBAL SYMBOLS: SORTED ALPHABETICALLY BY Name 

address   name                                       
-------   ----                                       
00001a93  ADC14_IRQHandler                           
00001a93  ADC14_IRQHandler                           
000031a5  ADC14_configureConversionMemory            
00003259  ADC14_configureMultiSequenceMode           
0000416d  ADC14_enableConversion                     
00004085  ADC14_enableInterrupt                      
00004485  ADC14_enableModule                         
0000401d  ADC14_enableSampleTimer                    
00004195  ADC14_getResult                            
00003c05  ADC14_initModule                           
000040b5  ADC14_setSampleHoldTime                    
00004115  ADC14_toggleConversionTrigger              
00004483  AES256_IRQHandler                          
00004483  BusFault_Handler                           
000044cd  C$$EXIT                                    
00004483  COMP_E0_IRQHandler                         
00004483  COMP_E1_IRQHandler                         
00004491  CPU_cpsie                                  
00004483  CS_IRQHandler                              
00000b35  Crystalfontz128x128_Init                   
00000c49  Crystalfontz128x128_SetDrawFrame           
00000d77  Crystalfontz128x128_SetOrientation         
00004483  DMA_ERR_IRQHandler                         
00004483  DMA_INT0_IRQHandler                        
00004483  DMA_INT1_IRQHandler                        
00004483  DMA_INT2_IRQHandler                        
00004483  DMA_INT3_IRQHandler                        
00004483  DebugMon_Handler                           
00004483  Default_Handler                            
00001b41  EUSCIA0_IRQHandler                         
00001b41  EUSCIA0_IRQHandler                         
00004483  EUSCIA1_IRQHandler                         
00004483  EUSCIA2_IRQHandler                         
00004483  EUSCIA3_IRQHandler                         
00004483  EUSCIB0_IRQHandler                         
00004483  EUSCIB1_IRQHandler                         
00004483  EUSCIB2_IRQHandler                         
00004483  EUSCIB3_IRQHandler                         
000043a1  EUSCI_A_SPI_enable                         
000043b7  EUSCI_B_SPI_enable                         
00004483  FLCTL_IRQHandler                           
00004483  FPU_IRQHandler                             
000041bd  GPIO_clearInterruptFlag                    
000037d1  GPIO_getEnabledInterruptStatus             
00004235  GPIO_getInterruptStatus                    
00003e71  GPIO_setAsOutputPin                        
0000363d  GPIO_setAsPeripheralModuleFunctionOutputPin
000041e5  GPIO_setOutputHighOnPin                    
0000420d  GPIO_setOutputLowOnPin                     
00004423  Graphics_clearDisplay                      
00004309  Graphics_clearDisplayOnDisplay             
00003fe7  Graphics_drawHorizontalLineOnDisplay       
0000346f  Graphics_drawLineH                         
00004141  Graphics_drawPixelOnDisplay                
000011b5  Graphics_drawString                        
00003d9d  Graphics_drawStringCentered                
00002cbd  Graphics_fillRectangle                     
00004279  Graphics_fillRectangleOnDisplay            
00002fdd  Graphics_getStringWidth                    
00003cad  Graphics_initContext                       
00004323  Graphics_setBackgroundColor                
0000433d  Graphics_setFont                           
000043cd  Graphics_setForegroundColor                
000043e3  Graphics_translateColorOnDisplay           
000030d9  HAL_LCD_PortInit                           
00003109  HAL_LCD_SpiInit                            
0000313f  HAL_LCD_writeCommand                       
0000316f  HAL_LCD_writeData                          
00004483  HardFault_Handler                          
00003855  Interrupt_enableInterrupt                  
00004459  Interrupt_enableMaster                     
200001c4  Lcd_FlagRead                               
200001c5  Lcd_FontSolid                              
200001c6  Lcd_Orientation                            
200001c7  Lcd_PenSolid                               
200001ba  Lcd_ScreenHeigth                           
200001bc  Lcd_ScreenWidth                            
200001be  Lcd_TouchTrim                              
00004483  MemManage_Handler                          
00004483  NMI_Handler                                
00004483  PCM_IRQHandler                             
00004483  PORT1_IRQHandler                           
00004483  PORT2_IRQHandler                           
00004483  PORT3_IRQHandler                           
00004483  PORT4_IRQHandler                           
00001b21  PORT5_IRQHandler                           
00001b21  PORT5_IRQHandler                           
00004483  PORT6_IRQHandler                           
00004483  PSS_IRQHandler                             
00004483  PendSV_Handler                             
0000449d  REF_A_enableReferenceVoltage               
000044a9  REF_A_enableTempSensor                     
00004259  REF_A_setReferenceVoltage                  
00004483  RTC_C_IRQHandler                           
00004477  Reset_Handler                              
00004297  SPI_enableModule                           
000033bf  SPI_initMaster                             
00004483  SVC_Handler                                
000042b5  SysCtl_getTempCalibrationConstant          
00004483  SysTick_Handler                            
200001ec  SystemCoreClock                            
00001635  SystemCoreClockUpdate                      
000018ad  SystemInit                                 
00004483  T32_INT1_IRQHandler                        
00004483  T32_INT2_IRQHandler                        
00004483  T32_INTC_IRQHandler                        
00004483  TA0_0_IRQHandler                           
00004483  TA0_N_IRQHandler                           
00004483  TA1_0_IRQHandler                           
00004483  TA1_N_IRQHandler                           
00004483  TA2_0_IRQHandler                           
00004483  TA2_N_IRQHandler                           
00004483  TA3_0_IRQHandler                           
00004483  TA3_N_IRQHandler                           
00003a8d  UART_getEnabledInterruptStatus             
00004371  UART_getInterruptStatus                    
00002ba1  UART_initModule                            
00004483  UsageFault_Handler                         
4000480c  WDTCTL_SYM                                 
00004483  WDT_A_IRQHandler                           
20010000  __STACK_END                                
00000200  __STACK_SIZE                               
00004b30  __TI_CINIT_Base                            
00004b40  __TI_CINIT_Limit                           
00004b1c  __TI_Handler_Table_Base                    
00004b28  __TI_Handler_Table_Limit                   
00003e2d  __TI_auto_init_nobinit_nopinit             
00003a25  __TI_decompress_lzss                       
00004469  __TI_decompress_none                       
00003c59  __TI_ltoa                                  
ffffffff  __TI_pprof_out_hndl                        
000000e5  __TI_printfi                               
ffffffff  __TI_prof_data_size                        
ffffffff  __TI_prof_data_start                       
00000000  __TI_static_base__                         
000042d1  __TI_zero_init_nomemset                    
000036c5  __aeabi_cdcmpeq                            
000036c5  __aeabi_cdcmple                            
0000374b  __aeabi_cdrcmple                           
00003de5  __aeabi_d2iz                               
000024fb  __aeabi_dadd                               
00002945  __aeabi_ddiv                               
00002ee1  __aeabi_dmul                               
000024f1  __aeabi_dsub                               
000044c1  __aeabi_errno_addr                         
00003faf  __aeabi_f2d                                
000040e5  __aeabi_i2d                                
00000b33  __aeabi_idiv0                              
00000b33  __aeabi_ldiv0                              
000038d5  __aeabi_memclr                             
000038d5  __aeabi_memclr4                            
000038d5  __aeabi_memclr8                            
0000350b  __aeabi_memcpy                             
0000350b  __aeabi_memcpy4                            
0000350b  __aeabi_memcpy8                            
000038d7  __aeabi_memset                             
000038d7  __aeabi_memset4                            
000038d7  __aeabi_memset8                            
000035a7  __aeabi_uldivmod                           
ffffffff  __binit__                                  
ffffffff  __c_args__                                 
UNDEFED   __mpu_init                                 
2000fe00  __stack                                    
20000000  __start___llvm_prf_cnts                    
20000000  __stop___llvm_prf_cnts                     
00004051  _c_int00_noargs                            
000047c8  _ctypes_                                   
UNDEFED   _system_post_cinit                         
000044c9  _system_pre_init                           
000044cd  abort                                      
00003d51  atoi                                       
ffffffff  binit                                      
200001c0  cal30                                      
200001c2  cal85                                      
200001b4  calDifference                              
00004357  copysign                                   
00004357  copysignl                                  
200001e2  counter                                    
0000214b  display_information                        
00002197  display_list                               
200001e8  errno                                      
00003af1  frexp                                      
00003af1  frexpl                                     
20000190  g_sContext                                 
200001c8  g_sCrystalfontz128x128                     
00004a94  g_sCrystalfontz128x128_funcs               
000048cc  g_sFontFixed6x8                            
0000211b  get_list                                   
200001e0  index                                      
000020e1  init_display                               
00000000  interruptVectors                           
00002dd1  ldexp                                      
00002dd1  ldexpl                                     
20000000  list                                       
00001f71  lprintf                                    
00001969  main                                       
000042ed  memccpy                                    
0000350b  memcpy                                     
000038dd  memset                                     
00001ecb  putc                                       
00001ea7  puts                                       
00002dd1  scalbn                                     
00002dd1  scalbnl                                    
200001dc  scrollOffset                               
000022b3  scroll_down                                
00002283  scroll_up                                  
0000226f  select_index                               
200001d8  selectedIndex                              
00001e8d  sendByte                                   
000039bd  setup_adc                                  
00003b55  setup_serial                               
00003f31  sprintf                                    
000043f9  strchr                                     
0000440f  strlen                                     
00004a6c  uartConfigAclk                             
00004435  wcslen                                     


GLOBAL SYMBOLS: SORTED BY Symbol Address 

address   name                                       
-------   ----                                       
00000000  __TI_static_base__                         
00000000  interruptVectors                           
000000e5  __TI_printfi                               
00000200  __STACK_SIZE                               
00000b33  __aeabi_idiv0                              
00000b33  __aeabi_ldiv0                              
00000b35  Crystalfontz128x128_Init                   
00000c49  Crystalfontz128x128_SetDrawFrame           
00000d77  Crystalfontz128x128_SetOrientation         
000011b5  Graphics_drawString                        
00001635  SystemCoreClockUpdate                      
000018ad  SystemInit                                 
00001969  main                                       
00001a93  ADC14_IRQHandler                           
00001a93  ADC14_IRQHandler                           
00001b21  PORT5_IRQHandler                           
00001b21  PORT5_IRQHandler                           
00001b41  EUSCIA0_IRQHandler                         
00001b41  EUSCIA0_IRQHandler                         
00001e8d  sendByte                                   
00001ea7  puts                                       
00001ecb  putc                                       
00001f71  lprintf                                    
000020e1  init_display                               
0000211b  get_list                                   
0000214b  display_information                        
00002197  display_list                               
0000226f  select_index                               
00002283  scroll_up                                  
000022b3  scroll_down                                
000024f1  __aeabi_dsub                               
000024fb  __aeabi_dadd                               
00002945  __aeabi_ddiv                               
00002ba1  UART_initModule                            
00002cbd  Graphics_fillRectangle                     
00002dd1  ldexp                                      
00002dd1  ldexpl                                     
00002dd1  scalbn                                     
00002dd1  scalbnl                                    
00002ee1  __aeabi_dmul                               
00002fdd  Graphics_getStringWidth                    
000030d9  HAL_LCD_PortInit                           
00003109  HAL_LCD_SpiInit                            
0000313f  HAL_LCD_writeCommand                       
0000316f  HAL_LCD_writeData                          
000031a5  ADC14_configureConversionMemory            
00003259  ADC14_configureMultiSequenceMode           
000033bf  SPI_initMaster                             
0000346f  Graphics_drawLineH                         
0000350b  __aeabi_memcpy                             
0000350b  __aeabi_memcpy4                            
0000350b  __aeabi_memcpy8                            
0000350b  memcpy                                     
000035a7  __aeabi_uldivmod                           
0000363d  GPIO_setAsPeripheralModuleFunctionOutputPin
000036c5  __aeabi_cdcmpeq                            
000036c5  __aeabi_cdcmple                            
0000374b  __aeabi_cdrcmple                           
000037d1  GPIO_getEnabledInterruptStatus             
00003855  Interrupt_enableInterrupt                  
000038d5  __aeabi_memclr                             
000038d5  __aeabi_memclr4                            
000038d5  __aeabi_memclr8                            
000038d7  __aeabi_memset                             
000038d7  __aeabi_memset4                            
000038d7  __aeabi_memset8                            
000038dd  memset                                     
000039bd  setup_adc                                  
00003a25  __TI_decompress_lzss                       
00003a8d  UART_getEnabledInterruptStatus             
00003af1  frexp                                      
00003af1  frexpl                                     
00003b55  setup_serial                               
00003c05  ADC14_initModule                           
00003c59  __TI_ltoa                                  
00003cad  Graphics_initContext                       
00003d51  atoi                                       
00003d9d  Graphics_drawStringCentered                
00003de5  __aeabi_d2iz                               
00003e2d  __TI_auto_init_nobinit_nopinit             
00003e71  GPIO_setAsOutputPin                        
00003f31  sprintf                                    
00003faf  __aeabi_f2d                                
00003fe7  Graphics_drawHorizontalLineOnDisplay       
0000401d  ADC14_enableSampleTimer                    
00004051  _c_int00_noargs                            
00004085  ADC14_enableInterrupt                      
000040b5  ADC14_setSampleHoldTime                    
000040e5  __aeabi_i2d                                
00004115  ADC14_toggleConversionTrigger              
00004141  Graphics_drawPixelOnDisplay                
0000416d  ADC14_enableConversion                     
00004195  ADC14_getResult                            
000041bd  GPIO_clearInterruptFlag                    
000041e5  GPIO_setOutputHighOnPin                    
0000420d  GPIO_setOutputLowOnPin                     
00004235  GPIO_getInterruptStatus                    
00004259  REF_A_setReferenceVoltage                  
00004279  Graphics_fillRectangleOnDisplay            
00004297  SPI_enableModule                           
000042b5  SysCtl_getTempCalibrationConstant          
000042d1  __TI_zero_init_nomemset                    
000042ed  memccpy                                    
00004309  Graphics_clearDisplayOnDisplay             
00004323  Graphics_setBackgroundColor                
0000433d  Graphics_setFont                           
00004357  copysign                                   
00004357  copysignl                                  
00004371  UART_getInterruptStatus                    
000043a1  EUSCI_A_SPI_enable                         
000043b7  EUSCI_B_SPI_enable                         
000043cd  Graphics_setForegroundColor                
000043e3  Graphics_translateColorOnDisplay           
000043f9  strchr                                     
0000440f  strlen                                     
00004423  Graphics_clearDisplay                      
00004435  wcslen                                     
00004459  Interrupt_enableMaster                     
00004469  __TI_decompress_none                       
00004477  Reset_Handler                              
00004483  AES256_IRQHandler                          
00004483  BusFault_Handler                           
00004483  COMP_E0_IRQHandler                         
00004483  COMP_E1_IRQHandler                         
00004483  CS_IRQHandler                              
00004483  DMA_ERR_IRQHandler                         
00004483  DMA_INT0_IRQHandler                        
00004483  DMA_INT1_IRQHandler                        
00004483  DMA_INT2_IRQHandler                        
00004483  DMA_INT3_IRQHandler                        
00004483  DebugMon_Handler                           
00004483  Default_Handler                            
00004483  EUSCIA1_IRQHandler                         
00004483  EUSCIA2_IRQHandler                         
00004483  EUSCIA3_IRQHandler                         
00004483  EUSCIB0_IRQHandler                         
00004483  EUSCIB1_IRQHandler                         
00004483  EUSCIB2_IRQHandler                         
00004483  EUSCIB3_IRQHandler                         
00004483  FLCTL_IRQHandler                           
00004483  FPU_IRQHandler                             
00004483  HardFault_Handler                          
00004483  MemManage_Handler                          
00004483  NMI_Handler                                
00004483  PCM_IRQHandler                             
00004483  PORT1_IRQHandler                           
00004483  PORT2_IRQHandler                           
00004483  PORT3_IRQHandler                           
00004483  PORT4_IRQHandler                           
00004483  PORT6_IRQHandler                           
00004483  PSS_IRQHandler                             
00004483  PendSV_Handler                             
00004483  RTC_C_IRQHandler                           
00004483  SVC_Handler                                
00004483  SysTick_Handler                            
00004483  T32_INT1_IRQHandler                        
00004483  T32_INT2_IRQHandler                        
00004483  T32_INTC_IRQHandler                        
00004483  TA0_0_IRQHandler                           
00004483  TA0_N_IRQHandler                           
00004483  TA1_0_IRQHandler                           
00004483  TA1_N_IRQHandler                           
00004483  TA2_0_IRQHandler                           
00004483  TA2_N_IRQHandler                           
00004483  TA3_0_IRQHandler                           
00004483  TA3_N_IRQHandler                           
00004483  UsageFault_Handler                         
00004483  WDT_A_IRQHandler                           
00004485  ADC14_enableModule                         
00004491  CPU_cpsie                                  
0000449d  REF_A_enableReferenceVoltage               
000044a9  REF_A_enableTempSensor                     
000044c1  __aeabi_errno_addr                         
000044c9  _system_pre_init                           
000044cd  C$$EXIT                                    
000044cd  abort                                      
000047c8  _ctypes_                                   
000048cc  g_sFontFixed6x8                            
00004a6c  uartConfigAclk                             
00004a94  g_sCrystalfontz128x128_funcs               
00004b1c  __TI_Handler_Table_Base                    
00004b28  __TI_Handler_Table_Limit                   
00004b30  __TI_CINIT_Base                            
00004b40  __TI_CINIT_Limit                           
20000000  __start___llvm_prf_cnts                    
20000000  __stop___llvm_prf_cnts                     
20000000  list                                       
20000190  g_sContext                                 
200001b4  calDifference                              
200001ba  Lcd_ScreenHeigth                           
200001bc  Lcd_ScreenWidth                            
200001be  Lcd_TouchTrim                              
200001c0  cal30                                      
200001c2  cal85                                      
200001c4  Lcd_FlagRead                               
200001c5  Lcd_FontSolid                              
200001c6  Lcd_Orientation                            
200001c7  Lcd_PenSolid                               
200001c8  g_sCrystalfontz128x128                     
200001d8  selectedIndex                              
200001dc  scrollOffset                               
200001e0  index                                      
200001e2  counter                                    
200001e8  errno                                      
200001ec  SystemCoreClock                            
2000fe00  __stack                                    
20010000  __STACK_END                                
4000480c  WDTCTL_SYM                                 
ffffffff  __TI_pprof_out_hndl                        
ffffffff  __TI_prof_data_size                        
ffffffff  __TI_prof_data_start                       
ffffffff  __binit__                                  
ffffffff  __c_args__                                 
ffffffff  binit                                      
UNDEFED   __mpu_init                                 
UNDEFED   _system_post_cinit                         

[216 symbols]
