******************************************************************************
                  TI ARM Linker PC v20.2.7                     
******************************************************************************
>> Linked Wed Apr 30 10:12:50 2025

OUTPUT FILE NAME:   <progetto-embedded.out>
ENTRY POINT SYMBOL: "_c_int00_noargs"  address: 00003599


MEMORY CONFIGURATION

         name            origin    length      used     unused   attr    fill
----------------------  --------  ---------  --------  --------  ----  --------
  MAIN                  00000000   00040000  00003dc8  0003c238  R  X
  INFO                  00200000   00004000  00000000  00004000  R  X
  SRAM_CODE             01000000   00010000  000003de  0000fc22  RW X
  SRAM_DATA             20000000   00010000  000003de  0000fc22  RW  


SEGMENT ALLOCATION MAP

run origin  load origin   length   init length attrs members
----------  ----------- ---------- ----------- ----- -------
00000000    00000000    00003dc8   00003dc8    r-x
  00000000    00000000    000000e4   000000e4    r-- .intvecs
  000000e4    000000e4    00003764   00003764    r-x .text
  00003848    00003848    00000548   00000548    r-- .const
  00003d90    00003d90    00000038   00000038    r-- .cinit
20000000    20000000    000001e0   00000000    rw-
  20000000    20000000    000001b6   00000000    rw- .bss
  200001b8    200001b8    00000028   00000000    rw- .data
2000fe00    2000fe00    00000200   00000000    rw-
  2000fe00    2000fe00    00000200   00000000    rw- .stack


SECTION ALLOCATION MAP

 output                                  attributes/
section   page    origin      length       input sections
--------  ----  ----------  ----------   ----------------
.intvecs   0    00000000    000000e4     
                  00000000    000000e4     startup_msp432p401r_ccs.obj (.intvecs:retain)

.text      0    000000e4    00003764     
                  000000e4    00000a4e     rtsv7M4_T_le_v4SPD16_eabi.lib : _printfi.c.obj (.text:__TI_printfi)
                  00000b32    00000002                                   : div0.asm.obj (.text)
                  00000b34    00000680     Crystalfontz128x128_ST7735.obj (.text)
                  000011b4    0000047e     grlib.a : string.obj (.text:Graphics_drawString)
                  00001632    00000002     --HOLE-- [fill = 0]
                  00001634    00000334     system_msp432p401r.obj (.text)
                  00001968    00000270     rtsv7M4_T_le_v4SPD16_eabi.lib : _printfi.c.obj (.text:_pconv_a)
                  00001bd8    00000218     display.obj (.text)
                  00001df0    000001d0     rtsv7M4_T_le_v4SPD16_eabi.lib : _printfi.c.obj (.text:_pconv_g)
                  00001fc0    000001b6                                   : fd_add_t2.asm.obj (.text)
                  00002176    00000002     --HOLE-- [fill = 0]
                  00002178    0000013c                                   : _printfi.c.obj (.text:_pconv_e)
                  000022b4    00000136                                   : fd_div_t2.asm.obj (.text)
                  000023ea    00000002     --HOLE-- [fill = 0]
                  000023ec    00000124                                   : _printfi.c.obj (.text:fcvt)
                  00002510    00000112     grlib.a : rectangle.obj (.text:Graphics_fillRectangle)
                  00002622    00000002     --HOLE-- [fill = 0]
                  00002624    00000110     rtsv7M4_T_le_v4SPD16_eabi.lib : s_scalbn.c.obj (.text:scalbn)
                  00002734    0000010c     main.obj (.text)
                  00002840    000000fc     rtsv7M4_T_le_v4SPD16_eabi.lib : fd_mul_t2.asm.obj (.text)
                  0000293c    000000fa     grlib.a : string.obj (.text:Graphics_getStringWidth)
                  00002a36    00000002     --HOLE-- [fill = 0]
                  00002a38    000000cc     HAL_MSP_EXP432P401R_Crystalfontz128x128_ST7735.obj (.text)
                  00002b04    000000b1     rtsv7M4_T_le_v4SPD16_eabi.lib : _printfi.c.obj (.text:_ltostr)
                  00002bb5    00000001     --HOLE-- [fill = 0]
                  00002bb6    000000b0     msp432p4xx_driverlib.lib : spi.o (.text:SPI_initMaster)
                  00002c66    0000009c     grlib.a : line.obj (.text:Graphics_drawLineH)
                  00002d02    0000009c     rtsv7M4_T_le_v4SPD16_eabi.lib : memcpy_t2.asm.obj (.text)
                  00002d9e    00000096                                   : ull_div_t2.asm.obj (.text)
                  00002e34    00000088     msp432p4xx_driverlib.lib : gpio.o (.text:GPIO_setAsPeripheralModuleFunctionOutputPin)
                  00002ebc    00000086     rtsv7M4_T_le_v4SPD16_eabi.lib : fd_cmp_t2.asm.obj (.text:__aeabi_cdcmple)
                  00002f42    00000086                                   : fd_cmp_t2.asm.obj (.text:__aeabi_cdrcmple)
                  00002fc8    0000007a                                   : memset_t2.asm.obj (.text)
                  00003042    0000006e                                   : _printfi.c.obj (.text:_mcpy)
                  000030b0    00000068                                   : copy_decompress_lzss.c.obj (.text:decompress:lzss:__TI_decompress_lzss)
                  00003118    00000064                                   : s_frexp.c.obj (.text:frexp)
                  0000317c    00000056                                   : _printfi.c.obj (.text:_pconv_f)
                  000031d2    00000054                                   : _ltoa.c.obj (.text:__TI_ltoa)
                  00003226    00000052     grlib.a : context.obj (.text:Graphics_initContext)
                  00003278    00000052     rtsv7M4_T_le_v4SPD16_eabi.lib : _printfi.c.obj (.text:_ecpy)
                  000032ca    00000002     --HOLE-- [fill = 0]
                  000032cc    0000004c                                   : atoi.c.obj (.text:atoi)
                  00003318    00000048     grlib.a : string.obj (.text:Graphics_drawStringCentered)
                  00003360    00000048     rtsv7M4_T_le_v4SPD16_eabi.lib : fd_toi_t2.asm.obj (.text)
                  000033a8    00000044                                   : autoinit.c.obj (.text:__TI_auto_init_nobinit_nopinit:__TI_auto_init_nobinit_nopinit)
                  000033ec    00000040     msp432p4xx_driverlib.lib : gpio.o (.text:GPIO_setAsOutputPin)
                  0000342c    00000040     grlib.a : string.obj (.text:Graphics_getNumberOfLeadingZeros)
                  0000346c    00000040     msp432p4xx_driverlib.lib : spi.o (.text:is_A_Module)
                  000034ac    00000040     rtsv7M4_T_le_v4SPD16_eabi.lib : sprintf.c.obj (.text:sprintf)
                  000034ec    0000003e                                   : _printfi.c.obj (.text:_fcpy)
                  0000352a    00000038                                   : fs_tod_t2.asm.obj (.text)
                  00003562    00000036     grlib.a : display.obj (.text:Graphics_drawHorizontalLineOnDisplay)
                  00003598    00000034     rtsv7M4_T_le_v4SPD16_eabi.lib : boot_cortex_m.c.obj (.text:_c_int00_noargs:_c_int00_noargs)
                  000035cc    0000002e                                   : i_tofd_t2.asm.obj (.text)
                  000035fa    0000002c     grlib.a : display.obj (.text:Graphics_drawPixelOnDisplay)
                  00003626    00000002     --HOLE-- [fill = 0]
                  00003628    00000028     msp432p4xx_driverlib.lib : gpio.o (.text:GPIO_setOutputHighOnPin)
                  00003650    00000028                              : gpio.o (.text:GPIO_setOutputLowOnPin)
                  00003678    0000001e     grlib.a : display.obj (.text:Graphics_fillRectangleOnDisplay)
                  00003696    0000001c     msp432p4xx_driverlib.lib : spi.o (.text:SPI_enableModule)
                  000036b2    0000001c     rtsv7M4_T_le_v4SPD16_eabi.lib : copy_zero_init.c.obj (.text:decompress:ZI:__TI_zero_init_nomemset:__TI_zero_init_nomemset)
                  000036ce    0000001c                                   : memccpy.c.obj (.text:memccpy)
                  000036ea    0000001a     grlib.a : display.obj (.text:Graphics_clearDisplayOnDisplay)
                  00003704    0000001a             : context.obj (.text:Graphics_setBackgroundColor)
                  0000371e    0000001a             : context.obj (.text:Graphics_setFont)
                  00003738    0000001a     rtsv7M4_T_le_v4SPD16_eabi.lib : s_copysign.c.obj (.text:copysign)
                  00003752    00000018                                   : sprintf.c.obj (.text:_outs)
                  0000376a    00000016     msp432p4xx_driverlib.lib : spi.o (.text:EUSCI_A_SPI_enable)
                  00003780    00000016                              : spi.o (.text:EUSCI_B_SPI_enable)
                  00003796    00000016     grlib.a : context.obj (.text:Graphics_setForegroundColor)
                  000037ac    00000016             : display.obj (.text:Graphics_translateColorOnDisplay)
                  000037c2    00000016     rtsv7M4_T_le_v4SPD16_eabi.lib : strchr.c.obj (.text:strchr)
                  000037d8    00000014                                   : strlen.c.obj (.text:strlen)
                  000037ec    00000012     grlib.a : context.obj (.text:Graphics_clearDisplay)
                  000037fe    00000012     rtsv7M4_T_le_v4SPD16_eabi.lib : wcslen.c.obj (.text:wcslen)
                  00003810    0000000e                                   : copy_decompress_none.c.obj (.text:decompress:none:__TI_decompress_none)
                  0000381e    0000000e     startup_msp432p401r_ccs.obj (.text)
                  0000382c    0000000a     rtsv7M4_T_le_v4SPD16_eabi.lib : sprintf.c.obj (.text:_outc)
                  00003836    00000002     --HOLE-- [fill = 0]
                  00003838    00000008                                   : errno.c.obj (.text:__aeabi_errno_addr)
                  00003840    00000004                                   : pre_init.c.obj (.text:_system_pre_init)
                  00003844    00000004                                   : exit.c.obj (.text:abort:abort)

.const     0    00003848    00000548     
                  00003848    000002f8     grlib.a : fontfixed6x8.obj (.const:.string:g_pucFontFixed6x8Data)
                  00003b40    00000101     rtsv7M4_T_le_v4SPD16_eabi.lib : ctype.c.obj (.const:.string:_ctypes_)
                  00003c41    00000003     --HOLE-- [fill = 0]
                  00003c44    000000c8     grlib.a : fontfixed6x8.obj (.const:g_sFontFixed6x8)
                  00003d0c    00000030     msp432p4xx_driverlib.lib : gpio.o (.const:GPIO_PORT_TO_BASE)
                  00003d3c    00000020     Crystalfontz128x128_ST7735.obj (.const:g_sCrystalfontz128x128_funcs)
                  00003d5c    0000001c     HAL_MSP_EXP432P401R_Crystalfontz128x128_ST7735.obj (.const:$P$T0$1)
                  00003d78    00000008     Crystalfontz128x128_ST7735.obj (.const:$P$T0$1)
                  00003d80    00000008     display.obj (.const:$P$T0$1)
                  00003d88    00000008     display.obj (.const:$P$T1$2)

.cinit     0    00003d90    00000038     
                  00003d90    00000013     (.cinit..data.load) [load image, compression = lzss]
                  00003da3    00000001     --HOLE-- [fill = 0]
                  00003da4    0000000c     (__TI_handler_table)
                  00003db0    00000008     (.cinit..bss.load) [load image, compression = zero_init]
                  00003db8    00000010     (__TI_cinit_table)

.init_array 
*          0    00000000    00000000     UNINITIALIZED

.binit     0    00000000    00000000     

.bss       0    20000000    000001b6     UNINITIALIZED
                  20000000    00000190     (.common:list)
                  20000190    0000001c     (.common:g_sContext)
                  200001ac    00000002     (.common:Lcd_ScreenHeigth)
                  200001ae    00000002     (.common:Lcd_ScreenWidth)
                  200001b0    00000002     (.common:Lcd_TouchTrim)
                  200001b2    00000001     (.common:Lcd_FlagRead)
                  200001b3    00000001     (.common:Lcd_FontSolid)
                  200001b4    00000001     (.common:Lcd_Orientation)
                  200001b5    00000001     (.common:Lcd_PenSolid)

.data      0    200001b8    00000028     UNINITIALIZED
                  200001b8    00000010     Crystalfontz128x128_ST7735.obj (.data:g_sCrystalfontz128x128)
                  200001c8    00000008     display.obj (.data)
                  200001d0    00000008     main.obj (.data)
                  200001d8    00000004     rtsv7M4_T_le_v4SPD16_eabi.lib : errno.c.obj (.data)
                  200001dc    00000004     system_msp432p401r.obj (.data)

.stack     0    2000fe00    00000200     UNINITIALIZED
                  2000fe00    00000004     rtsv7M4_T_le_v4SPD16_eabi.lib : boot_cortex_m.c.obj (.stack)
                  2000fe04    000001fc     --HOLE--

__llvm_prf_cnts 
*          0    20000000    00000000     UNINITIALIZED

MODULE SUMMARY

       Module                                               code    ro data   rw data
       ------                                               ----    -------   -------
    .\
       main.obj                                             268     0         872    
       system_msp432p401r.obj                               820     0         8      
       startup_msp432p401r_ccs.obj                          14      228       0      
    +--+----------------------------------------------------+-------+---------+---------+
       Total:                                               1102    228       880    
                                                                                     
    .\LcdDriver\
       Crystalfontz128x128_ST7735.obj                       1664    40        52     
       HAL_MSP_EXP432P401R_Crystalfontz128x128_ST7735.obj   204     28        0      
    +--+----------------------------------------------------+-------+---------+---------+
       Total:                                               1868    68        52     
                                                                                     
    .\utils\display\
       display.obj                                          536     16        16     
    +--+----------------------------------------------------+-------+---------+---------+
       Total:                                               536     16        16     
                                                                                     
    C:\ti\ccs1280\ccs\tools\compiler\ti-cgt-arm_20.2.7.LTS\lib\rtsv7M4_T_le_v4SPD16_eabi.lib
       _printfi.c.obj                                       4851    0         0      
       fd_add_t2.asm.obj                                    438     0         0      
       fd_div_t2.asm.obj                                    310     0         0      
       s_scalbn.c.obj                                       272     0         0      
       fd_cmp_t2.asm.obj                                    268     0         0      
       ctype.c.obj                                          0       257       0      
       fd_mul_t2.asm.obj                                    252     0         0      
       memcpy_t2.asm.obj                                    156     0         0      
       ull_div_t2.asm.obj                                   150     0         0      
       memset_t2.asm.obj                                    122     0         0      
       copy_decompress_lzss.c.obj                           104     0         0      
       s_frexp.c.obj                                        100     0         0      
       sprintf.c.obj                                        98      0         0      
       _ltoa.c.obj                                          84      0         0      
       atoi.c.obj                                           76      0         0      
       fd_toi_t2.asm.obj                                    72      0         0      
       autoinit.c.obj                                       68      0         0      
       fs_tod_t2.asm.obj                                    56      0         0      
       boot_cortex_m.c.obj                                  52      0         0      
       i_tofd_t2.asm.obj                                    46      0         0      
       copy_zero_init.c.obj                                 28      0         0      
       memccpy.c.obj                                        28      0         0      
       s_copysign.c.obj                                     26      0         0      
       strchr.c.obj                                         22      0         0      
       strlen.c.obj                                         20      0         0      
       wcslen.c.obj                                         18      0         0      
       errno.c.obj                                          8       0         8      
       copy_decompress_none.c.obj                           14      0         0      
       exit.c.obj                                           4       0         0      
       pre_init.c.obj                                       4       0         0      
       div0.asm.obj                                         2       0         0      
    +--+----------------------------------------------------+-------+---------+---------+
       Total:                                               7749    257       8      
                                                                                     
    Z:/simplelink_msp432p4_sdk_3_40_01_02/source/ti/devices/msp432p4xx/driverlib/ccs/msp432p4xx_driverlib.lib
       gpio.o                                               280     48        0      
       spi.o                                                312     0         0      
    +--+----------------------------------------------------+-------+---------+---------+
       Total:                                               592     48        0      
                                                                                     
    Z:/simplelink_msp432p4_sdk_3_40_01_02/source/ti/grlib/lib/ccs/m4/grlib.a
       string.obj                                           1536    0         0      
       fontfixed6x8.obj                                     0       960       0      
       rectangle.obj                                        274     0         0      
       display.obj                                          176     0         0      
       context.obj                                          174     0         0      
       line.obj                                             156     0         0      
    +--+----------------------------------------------------+-------+---------+---------+
       Total:                                               2316    960       0      
                                                                                     
       Stack:                                               0       0         1024   
       Linker Generated:                                    0       55        0      
    +--+----------------------------------------------------+-------+---------+---------+
       Grand Total:                                         14163   1632      1980   


LINKER GENERATED COPY TABLES

__TI_cinit_table @ 00003db8 records: 2, size/record: 8, table size: 16
	.data: load addr=00003d90, load size=00000013 bytes, run addr=200001b8, run size=00000028 bytes, compression=lzss
	.bss: load addr=00003db0, load size=00000008 bytes, run addr=20000000, run size=000001b6 bytes, compression=zero_init


LINKER GENERATED HANDLER TABLE

__TI_handler_table @ 00003da4 records: 3, size/record: 4, table size: 12
	index: 0, handler: __TI_decompress_lzss
	index: 1, handler: __TI_decompress_none
	index: 2, handler: __TI_zero_init


GLOBAL SYMBOLS: SORTED ALPHABETICALLY BY Name 

address   name                                       
-------   ----                                       
0000382b  ADC14_IRQHandler                           
0000382b  AES256_IRQHandler                          
0000382b  BusFault_Handler                           
00003845  C$$EXIT                                    
0000382b  COMP_E0_IRQHandler                         
0000382b  COMP_E1_IRQHandler                         
0000382b  CS_IRQHandler                              
00000b35  Crystalfontz128x128_Init                   
00000c49  Crystalfontz128x128_SetDrawFrame           
00000d77  Crystalfontz128x128_SetOrientation         
0000382b  DMA_ERR_IRQHandler                         
0000382b  DMA_INT0_IRQHandler                        
0000382b  DMA_INT1_IRQHandler                        
0000382b  DMA_INT2_IRQHandler                        
0000382b  DMA_INT3_IRQHandler                        
0000382b  DebugMon_Handler                           
0000382b  Default_Handler                            
0000382b  EUSCIA0_IRQHandler                         
0000382b  EUSCIA1_IRQHandler                         
0000382b  EUSCIA2_IRQHandler                         
0000382b  EUSCIA3_IRQHandler                         
0000382b  EUSCIB0_IRQHandler                         
0000382b  EUSCIB1_IRQHandler                         
0000382b  EUSCIB2_IRQHandler                         
0000382b  EUSCIB3_IRQHandler                         
0000376b  EUSCI_A_SPI_enable                         
00003781  EUSCI_B_SPI_enable                         
0000382b  FLCTL_IRQHandler                           
0000382b  FPU_IRQHandler                             
000033ed  GPIO_setAsOutputPin                        
00002e35  GPIO_setAsPeripheralModuleFunctionOutputPin
00003629  GPIO_setOutputHighOnPin                    
00003651  GPIO_setOutputLowOnPin                     
000037ed  Graphics_clearDisplay                      
000036eb  Graphics_clearDisplayOnDisplay             
00003563  Graphics_drawHorizontalLineOnDisplay       
00002c67  Graphics_drawLineH                         
000035fb  Graphics_drawPixelOnDisplay                
000011b5  Graphics_drawString                        
00003319  Graphics_drawStringCentered                
00002511  Graphics_fillRectangle                     
00003679  Graphics_fillRectangleOnDisplay            
0000293d  Graphics_getStringWidth                    
00003227  Graphics_initContext                       
00003705  Graphics_setBackgroundColor                
0000371f  Graphics_setFont                           
00003797  Graphics_setForegroundColor                
000037ad  Graphics_translateColorOnDisplay           
00002a39  HAL_LCD_PortInit                           
00002a69  HAL_LCD_SpiInit                            
00002a9f  HAL_LCD_writeCommand                       
00002acf  HAL_LCD_writeData                          
0000382b  HardFault_Handler                          
200001b2  Lcd_FlagRead                               
200001b3  Lcd_FontSolid                              
200001b4  Lcd_Orientation                            
200001b5  Lcd_PenSolid                               
200001ac  Lcd_ScreenHeigth                           
200001ae  Lcd_ScreenWidth                            
200001b0  Lcd_TouchTrim                              
0000382b  MemManage_Handler                          
0000382b  NMI_Handler                                
0000382b  PCM_IRQHandler                             
0000382b  PORT1_IRQHandler                           
0000382b  PORT2_IRQHandler                           
0000382b  PORT3_IRQHandler                           
0000382b  PORT4_IRQHandler                           
0000382b  PORT5_IRQHandler                           
0000382b  PORT6_IRQHandler                           
0000382b  PSS_IRQHandler                             
0000382b  PendSV_Handler                             
0000382b  RTC_C_IRQHandler                           
0000381f  Reset_Handler                              
00003697  SPI_enableModule                           
00002bb7  SPI_initMaster                             
0000382b  SVC_Handler                                
0000382b  SysTick_Handler                            
200001dc  SystemCoreClock                            
00001635  SystemCoreClockUpdate                      
000018ad  SystemInit                                 
0000382b  T32_INT1_IRQHandler                        
0000382b  T32_INT2_IRQHandler                        
0000382b  T32_INTC_IRQHandler                        
000027e5  TA0_0_IRQHandler                           
000027e5  TA0_0_IRQHandler                           
0000382b  TA0_N_IRQHandler                           
0000382b  TA1_0_IRQHandler                           
0000382b  TA1_N_IRQHandler                           
0000382b  TA2_0_IRQHandler                           
0000382b  TA2_N_IRQHandler                           
0000382b  TA3_0_IRQHandler                           
0000382b  TA3_N_IRQHandler                           
0000382b  UsageFault_Handler                         
4000480c  WDTCTL_SYM                                 
0000382b  WDT_A_IRQHandler                           
20010000  __STACK_END                                
00000200  __STACK_SIZE                               
00003db8  __TI_CINIT_Base                            
00003dc8  __TI_CINIT_Limit                           
00003da4  __TI_Handler_Table_Base                    
00003db0  __TI_Handler_Table_Limit                   
000033a9  __TI_auto_init_nobinit_nopinit             
000030b1  __TI_decompress_lzss                       
00003811  __TI_decompress_none                       
000031d3  __TI_ltoa                                  
ffffffff  __TI_pprof_out_hndl                        
000000e5  __TI_printfi                               
ffffffff  __TI_prof_data_size                        
ffffffff  __TI_prof_data_start                       
00000000  __TI_static_base__                         
000036b3  __TI_zero_init_nomemset                    
00002ebd  __aeabi_cdcmpeq                            
00002ebd  __aeabi_cdcmple                            
00002f43  __aeabi_cdrcmple                           
00003361  __aeabi_d2iz                               
00001fcb  __aeabi_dadd                               
000022b5  __aeabi_ddiv                               
00002841  __aeabi_dmul                               
00001fc1  __aeabi_dsub                               
00003839  __aeabi_errno_addr                         
0000352b  __aeabi_f2d                                
000035cd  __aeabi_i2d                                
00000b33  __aeabi_idiv0                              
00000b33  __aeabi_ldiv0                              
00002fc9  __aeabi_memclr                             
00002fc9  __aeabi_memclr4                            
00002fc9  __aeabi_memclr8                            
00002d03  __aeabi_memcpy                             
00002d03  __aeabi_memcpy4                            
00002d03  __aeabi_memcpy8                            
00002fcb  __aeabi_memset                             
00002fcb  __aeabi_memset4                            
00002fcb  __aeabi_memset8                            
00002d9f  __aeabi_uldivmod                           
ffffffff  __binit__                                  
ffffffff  __c_args__                                 
UNDEFED   __mpu_init                                 
2000fe00  __stack                                    
20000000  __start___llvm_prf_cnts                    
20000000  __stop___llvm_prf_cnts                     
00003599  _c_int00_noargs                            
00003b40  _ctypes_                                   
UNDEFED   _system_post_cinit                         
00003841  _system_pre_init                           
00003845  abort                                      
000032cd  atoi                                       
ffffffff  binit                                      
00003739  copysign                                   
00003739  copysignl                                  
00001c13  display_information                        
00001c55  display_list                               
00001ceb  display_selected                           
200001d8  errno                                      
00003119  frexp                                      
00003119  frexpl                                     
20000190  g_sContext                                 
200001b8  g_sCrystalfontz128x128                     
00003d3c  g_sCrystalfontz128x128_funcs               
00003c44  g_sFontFixed6x8                            
200001d4  index                                      
00001bd9  init_display                               
00000000  interruptVectors                           
00002625  ldexp                                      
00002625  ldexpl                                     
20000000  list                                       
00002735  main                                       
000036cf  memccpy                                    
00002d03  memcpy                                     
00002fd1  memset                                     
00002625  scalbn                                     
00002625  scalbnl                                    
200001cc  scrollOffset                               
00001d87  scroll_down                                
00001d53  scroll_up                                  
00001d39  select_index                               
200001c8  selectedIndex                              
000027c3  setup_timer                                
000034ad  sprintf                                    
000037c3  strchr                                     
000037d9  strlen                                     
000037ff  wcslen                                     


GLOBAL SYMBOLS: SORTED BY Symbol Address 

address   name                                       
-------   ----                                       
00000000  __TI_static_base__                         
00000000  interruptVectors                           
000000e5  __TI_printfi                               
00000200  __STACK_SIZE                               
00000b33  __aeabi_idiv0                              
00000b33  __aeabi_ldiv0                              
00000b35  Crystalfontz128x128_Init                   
00000c49  Crystalfontz128x128_SetDrawFrame           
00000d77  Crystalfontz128x128_SetOrientation         
000011b5  Graphics_drawString                        
00001635  SystemCoreClockUpdate                      
000018ad  SystemInit                                 
00001bd9  init_display                               
00001c13  display_information                        
00001c55  display_list                               
00001ceb  display_selected                           
00001d39  select_index                               
00001d53  scroll_up                                  
00001d87  scroll_down                                
00001fc1  __aeabi_dsub                               
00001fcb  __aeabi_dadd                               
000022b5  __aeabi_ddiv                               
00002511  Graphics_fillRectangle                     
00002625  ldexp                                      
00002625  ldexpl                                     
00002625  scalbn                                     
00002625  scalbnl                                    
00002735  main                                       
000027c3  setup_timer                                
000027e5  TA0_0_IRQHandler                           
000027e5  TA0_0_IRQHandler                           
00002841  __aeabi_dmul                               
0000293d  Graphics_getStringWidth                    
00002a39  HAL_LCD_PortInit                           
00002a69  HAL_LCD_SpiInit                            
00002a9f  HAL_LCD_writeCommand                       
00002acf  HAL_LCD_writeData                          
00002bb7  SPI_initMaster                             
00002c67  Graphics_drawLineH                         
00002d03  __aeabi_memcpy                             
00002d03  __aeabi_memcpy4                            
00002d03  __aeabi_memcpy8                            
00002d03  memcpy                                     
00002d9f  __aeabi_uldivmod                           
00002e35  GPIO_setAsPeripheralModuleFunctionOutputPin
00002ebd  __aeabi_cdcmpeq                            
00002ebd  __aeabi_cdcmple                            
00002f43  __aeabi_cdrcmple                           
00002fc9  __aeabi_memclr                             
00002fc9  __aeabi_memclr4                            
00002fc9  __aeabi_memclr8                            
00002fcb  __aeabi_memset                             
00002fcb  __aeabi_memset4                            
00002fcb  __aeabi_memset8                            
00002fd1  memset                                     
000030b1  __TI_decompress_lzss                       
00003119  frexp                                      
00003119  frexpl                                     
000031d3  __TI_ltoa                                  
00003227  Graphics_initContext                       
000032cd  atoi                                       
00003319  Graphics_drawStringCentered                
00003361  __aeabi_d2iz                               
000033a9  __TI_auto_init_nobinit_nopinit             
000033ed  GPIO_setAsOutputPin                        
000034ad  sprintf                                    
0000352b  __aeabi_f2d                                
00003563  Graphics_drawHorizontalLineOnDisplay       
00003599  _c_int00_noargs                            
000035cd  __aeabi_i2d                                
000035fb  Graphics_drawPixelOnDisplay                
00003629  GPIO_setOutputHighOnPin                    
00003651  GPIO_setOutputLowOnPin                     
00003679  Graphics_fillRectangleOnDisplay            
00003697  SPI_enableModule                           
000036b3  __TI_zero_init_nomemset                    
000036cf  memccpy                                    
000036eb  Graphics_clearDisplayOnDisplay             
00003705  Graphics_setBackgroundColor                
0000371f  Graphics_setFont                           
00003739  copysign                                   
00003739  copysignl                                  
0000376b  EUSCI_A_SPI_enable                         
00003781  EUSCI_B_SPI_enable                         
00003797  Graphics_setForegroundColor                
000037ad  Graphics_translateColorOnDisplay           
000037c3  strchr                                     
000037d9  strlen                                     
000037ed  Graphics_clearDisplay                      
000037ff  wcslen                                     
00003811  __TI_decompress_none                       
0000381f  Reset_Handler                              
0000382b  ADC14_IRQHandler                           
0000382b  AES256_IRQHandler                          
0000382b  BusFault_Handler                           
0000382b  COMP_E0_IRQHandler                         
0000382b  COMP_E1_IRQHandler                         
0000382b  CS_IRQHandler                              
0000382b  DMA_ERR_IRQHandler                         
0000382b  DMA_INT0_IRQHandler                        
0000382b  DMA_INT1_IRQHandler                        
0000382b  DMA_INT2_IRQHandler                        
0000382b  DMA_INT3_IRQHandler                        
0000382b  DebugMon_Handler                           
0000382b  Default_Handler                            
0000382b  EUSCIA0_IRQHandler                         
0000382b  EUSCIA1_IRQHandler                         
0000382b  EUSCIA2_IRQHandler                         
0000382b  EUSCIA3_IRQHandler                         
0000382b  EUSCIB0_IRQHandler                         
0000382b  EUSCIB1_IRQHandler                         
0000382b  EUSCIB2_IRQHandler                         
0000382b  EUSCIB3_IRQHandler                         
0000382b  FLCTL_IRQHandler                           
0000382b  FPU_IRQHandler                             
0000382b  HardFault_Handler                          
0000382b  MemManage_Handler                          
0000382b  NMI_Handler                                
0000382b  PCM_IRQHandler                             
0000382b  PORT1_IRQHandler                           
0000382b  PORT2_IRQHandler                           
0000382b  PORT3_IRQHandler                           
0000382b  PORT4_IRQHandler                           
0000382b  PORT5_IRQHandler                           
0000382b  PORT6_IRQHandler                           
0000382b  PSS_IRQHandler                             
0000382b  PendSV_Handler                             
0000382b  RTC_C_IRQHandler                           
0000382b  SVC_Handler                                
0000382b  SysTick_Handler                            
0000382b  T32_INT1_IRQHandler                        
0000382b  T32_INT2_IRQHandler                        
0000382b  T32_INTC_IRQHandler                        
0000382b  TA0_N_IRQHandler                           
0000382b  TA1_0_IRQHandler                           
0000382b  TA1_N_IRQHandler                           
0000382b  TA2_0_IRQHandler                           
0000382b  TA2_N_IRQHandler                           
0000382b  TA3_0_IRQHandler                           
0000382b  TA3_N_IRQHandler                           
0000382b  UsageFault_Handler                         
0000382b  WDT_A_IRQHandler                           
00003839  __aeabi_errno_addr                         
00003841  _system_pre_init                           
00003845  C$$EXIT                                    
00003845  abort                                      
00003b40  _ctypes_                                   
00003c44  g_sFontFixed6x8                            
00003d3c  g_sCrystalfontz128x128_funcs               
00003da4  __TI_Handler_Table_Base                    
00003db0  __TI_Handler_Table_Limit                   
00003db8  __TI_CINIT_Base                            
00003dc8  __TI_CINIT_Limit                           
20000000  __start___llvm_prf_cnts                    
20000000  __stop___llvm_prf_cnts                     
20000000  list                                       
20000190  g_sContext                                 
200001ac  Lcd_ScreenHeigth                           
200001ae  Lcd_ScreenWidth                            
200001b0  Lcd_TouchTrim                              
200001b2  Lcd_FlagRead                               
200001b3  Lcd_FontSolid                              
200001b4  Lcd_Orientation                            
200001b5  Lcd_PenSolid                               
200001b8  g_sCrystalfontz128x128                     
200001c8  selectedIndex                              
200001cc  scrollOffset                               
200001d4  index                                      
200001d8  errno                                      
200001dc  SystemCoreClock                            
2000fe00  __stack                                    
20010000  __STACK_END                                
4000480c  WDTCTL_SYM                                 
ffffffff  __TI_pprof_out_hndl                        
ffffffff  __TI_prof_data_size                        
ffffffff  __TI_prof_data_start                       
ffffffff  __binit__                                  
ffffffff  __c_args__                                 
ffffffff  binit                                      
UNDEFED   __mpu_init                                 
UNDEFED   _system_post_cinit                         

[181 symbols]
