<?xml version="1.0" encoding="ISO-8859-1" ?>
<link_info>
   <banner>TI ARM Linker PC v20.2.7.LTS</banner>
   <copyright>Copyright (c) 1996-2018 Texas Instruments Incorporated</copyright>
   <link_time>0x681b7443</link_time>
   <link_errors>0x0</link_errors>
   <output_file>progetto-embedded.out</output_file>
   <entry_point>
      <name>_c_int00_noargs</name>
      <address>0x45e9</address>
   </entry_point>
   <input_file_list>
      <input_file id="fl-2">
         <path>.\</path>
         <kind>object</kind>
         <file>main.obj</file>
         <name>main.obj</name>
      </input_file>
      <input_file id="fl-3">
         <path>.\</path>
         <kind>object</kind>
         <file>startup_msp432p401r_ccs.obj</file>
         <name>startup_msp432p401r_ccs.obj</name>
      </input_file>
      <input_file id="fl-4">
         <path>.\</path>
         <kind>object</kind>
         <file>system_msp432p401r.obj</file>
         <name>system_msp432p401r.obj</name>
      </input_file>
      <input_file id="fl-5">
         <path>.\LcdDriver\</path>
         <kind>object</kind>
         <file>Crystalfontz128x128_ST7735.obj</file>
         <name>Crystalfontz128x128_ST7735.obj</name>
      </input_file>
      <input_file id="fl-6">
         <path>.\LcdDriver\</path>
         <kind>object</kind>
         <file>HAL_MSP_EXP432P401R_Crystalfontz128x128_ST7735.obj</file>
         <name>HAL_MSP_EXP432P401R_Crystalfontz128x128_ST7735.obj</name>
      </input_file>
      <input_file id="fl-7">
         <path>.\utils\controls\</path>
         <kind>object</kind>
         <file>controls.obj</file>
         <name>controls.obj</name>
      </input_file>
      <input_file id="fl-8">
         <path>.\utils\display\</path>
         <kind>object</kind>
         <file>display.obj</file>
         <name>display.obj</name>
      </input_file>
      <input_file id="fl-9">
         <path>.\utils\serial\</path>
         <kind>object</kind>
         <file>serial.obj</file>
         <name>serial.obj</name>
      </input_file>
      <input_file id="fl-f">
         <kind>object</kind>
         <file>&lt;internal&gt;</file>
         <name>&lt;internal&gt;</name>
      </input_file>
      <input_file id="fl-c5">
         <path>C:\ti\ccs1280\ccs\tools\compiler\ti-cgt-arm_20.2.7.LTS\lib\</path>
         <kind>archive</kind>
         <file>rtsv7M4_T_le_v4SPD16_eabi.lib</file>
         <name>printf.c.obj</name>
      </input_file>
      <input_file id="fl-c6">
         <path>C:\ti\ccs1280\ccs\tools\compiler\ti-cgt-arm_20.2.7.LTS\lib\</path>
         <kind>archive</kind>
         <file>rtsv7M4_T_le_v4SPD16_eabi.lib</file>
         <name>_printfi.c.obj</name>
      </input_file>
      <input_file id="fl-c7">
         <path>C:\ti\ccs1280\ccs\tools\compiler\ti-cgt-arm_20.2.7.LTS\lib\</path>
         <kind>archive</kind>
         <file>rtsv7M4_T_le_v4SPD16_eabi.lib</file>
         <name>sprintf.c.obj</name>
      </input_file>
      <input_file id="fl-c8">
         <path>C:\ti\ccs1280\ccs\tools\compiler\ti-cgt-arm_20.2.7.LTS\lib\</path>
         <kind>archive</kind>
         <file>rtsv7M4_T_le_v4SPD16_eabi.lib</file>
         <name>fputs.c.obj</name>
      </input_file>
      <input_file id="fl-c9">
         <path>C:\ti\ccs1280\ccs\tools\compiler\ti-cgt-arm_20.2.7.LTS\lib\</path>
         <kind>archive</kind>
         <file>rtsv7M4_T_le_v4SPD16_eabi.lib</file>
         <name>_io_perm.c.obj</name>
      </input_file>
      <input_file id="fl-ca">
         <path>C:\ti\ccs1280\ccs\tools\compiler\ti-cgt-arm_20.2.7.LTS\lib\</path>
         <kind>archive</kind>
         <file>rtsv7M4_T_le_v4SPD16_eabi.lib</file>
         <name>setvbuf.c.obj</name>
      </input_file>
      <input_file id="fl-cb">
         <path>C:\ti\ccs1280\ccs\tools\compiler\ti-cgt-arm_20.2.7.LTS\lib\</path>
         <kind>archive</kind>
         <file>rtsv7M4_T_le_v4SPD16_eabi.lib</file>
         <name>fd_add_t2.asm.obj</name>
      </input_file>
      <input_file id="fl-cc">
         <path>C:\ti\ccs1280\ccs\tools\compiler\ti-cgt-arm_20.2.7.LTS\lib\</path>
         <kind>archive</kind>
         <file>rtsv7M4_T_le_v4SPD16_eabi.lib</file>
         <name>fd_cmp_t2.asm.obj</name>
      </input_file>
      <input_file id="fl-cd">
         <path>C:\ti\ccs1280\ccs\tools\compiler\ti-cgt-arm_20.2.7.LTS\lib\</path>
         <kind>archive</kind>
         <file>rtsv7M4_T_le_v4SPD16_eabi.lib</file>
         <name>fd_div_t2.asm.obj</name>
      </input_file>
      <input_file id="fl-ce">
         <path>C:\ti\ccs1280\ccs\tools\compiler\ti-cgt-arm_20.2.7.LTS\lib\</path>
         <kind>archive</kind>
         <file>rtsv7M4_T_le_v4SPD16_eabi.lib</file>
         <name>fd_mul_t2.asm.obj</name>
      </input_file>
      <input_file id="fl-cf">
         <path>C:\ti\ccs1280\ccs\tools\compiler\ti-cgt-arm_20.2.7.LTS\lib\</path>
         <kind>archive</kind>
         <file>rtsv7M4_T_le_v4SPD16_eabi.lib</file>
         <name>fd_toi_t2.asm.obj</name>
      </input_file>
      <input_file id="fl-d0">
         <path>C:\ti\ccs1280\ccs\tools\compiler\ti-cgt-arm_20.2.7.LTS\lib\</path>
         <kind>archive</kind>
         <file>rtsv7M4_T_le_v4SPD16_eabi.lib</file>
         <name>fs_tod_t2.asm.obj</name>
      </input_file>
      <input_file id="fl-d1">
         <path>C:\ti\ccs1280\ccs\tools\compiler\ti-cgt-arm_20.2.7.LTS\lib\</path>
         <kind>archive</kind>
         <file>rtsv7M4_T_le_v4SPD16_eabi.lib</file>
         <name>i_tofd_t2.asm.obj</name>
      </input_file>
      <input_file id="fl-d2">
         <path>C:\ti\ccs1280\ccs\tools\compiler\ti-cgt-arm_20.2.7.LTS\lib\</path>
         <kind>archive</kind>
         <file>rtsv7M4_T_le_v4SPD16_eabi.lib</file>
         <name>memcpy_t2.asm.obj</name>
      </input_file>
      <input_file id="fl-d3">
         <path>C:\ti\ccs1280\ccs\tools\compiler\ti-cgt-arm_20.2.7.LTS\lib\</path>
         <kind>archive</kind>
         <file>rtsv7M4_T_le_v4SPD16_eabi.lib</file>
         <name>memset_t2.asm.obj</name>
      </input_file>
      <input_file id="fl-d4">
         <path>C:\ti\ccs1280\ccs\tools\compiler\ti-cgt-arm_20.2.7.LTS\lib\</path>
         <kind>archive</kind>
         <file>rtsv7M4_T_le_v4SPD16_eabi.lib</file>
         <name>ull_div_t2.asm.obj</name>
      </input_file>
      <input_file id="fl-d5">
         <path>C:\ti\ccs1280\ccs\tools\compiler\ti-cgt-arm_20.2.7.LTS\lib\</path>
         <kind>archive</kind>
         <file>rtsv7M4_T_le_v4SPD16_eabi.lib</file>
         <name>copy_zero_init.c.obj</name>
      </input_file>
      <input_file id="fl-d6">
         <path>C:\ti\ccs1280\ccs\tools\compiler\ti-cgt-arm_20.2.7.LTS\lib\</path>
         <kind>archive</kind>
         <file>rtsv7M4_T_le_v4SPD16_eabi.lib</file>
         <name>copy_decompress_none.c.obj</name>
      </input_file>
      <input_file id="fl-d7">
         <path>C:\ti\ccs1280\ccs\tools\compiler\ti-cgt-arm_20.2.7.LTS\lib\</path>
         <kind>archive</kind>
         <file>rtsv7M4_T_le_v4SPD16_eabi.lib</file>
         <name>copy_decompress_lzss.c.obj</name>
      </input_file>
      <input_file id="fl-d8">
         <path>C:\ti\ccs1280\ccs\tools\compiler\ti-cgt-arm_20.2.7.LTS\lib\</path>
         <kind>archive</kind>
         <file>rtsv7M4_T_le_v4SPD16_eabi.lib</file>
         <name>exit.c.obj</name>
      </input_file>
      <input_file id="fl-d9">
         <path>C:\ti\ccs1280\ccs\tools\compiler\ti-cgt-arm_20.2.7.LTS\lib\</path>
         <kind>archive</kind>
         <file>rtsv7M4_T_le_v4SPD16_eabi.lib</file>
         <name>_lock.c.obj</name>
      </input_file>
      <input_file id="fl-da">
         <path>C:\ti\ccs1280\ccs\tools\compiler\ti-cgt-arm_20.2.7.LTS\lib\</path>
         <kind>archive</kind>
         <file>rtsv7M4_T_le_v4SPD16_eabi.lib</file>
         <name>_ltoa.c.obj</name>
      </input_file>
      <input_file id="fl-db">
         <path>C:\ti\ccs1280\ccs\tools\compiler\ti-cgt-arm_20.2.7.LTS\lib\</path>
         <kind>archive</kind>
         <file>rtsv7M4_T_le_v4SPD16_eabi.lib</file>
         <name>atoi.c.obj</name>
      </input_file>
      <input_file id="fl-dc">
         <path>C:\ti\ccs1280\ccs\tools\compiler\ti-cgt-arm_20.2.7.LTS\lib\</path>
         <kind>archive</kind>
         <file>rtsv7M4_T_le_v4SPD16_eabi.lib</file>
         <name>ctype.c.obj</name>
      </input_file>
      <input_file id="fl-dd">
         <path>C:\ti\ccs1280\ccs\tools\compiler\ti-cgt-arm_20.2.7.LTS\lib\</path>
         <kind>archive</kind>
         <file>rtsv7M4_T_le_v4SPD16_eabi.lib</file>
         <name>defs.c.obj</name>
      </input_file>
      <input_file id="fl-de">
         <path>C:\ti\ccs1280\ccs\tools\compiler\ti-cgt-arm_20.2.7.LTS\lib\</path>
         <kind>archive</kind>
         <file>rtsv7M4_T_le_v4SPD16_eabi.lib</file>
         <name>memccpy.c.obj</name>
      </input_file>
      <input_file id="fl-df">
         <path>C:\ti\ccs1280\ccs\tools\compiler\ti-cgt-arm_20.2.7.LTS\lib\</path>
         <kind>archive</kind>
         <file>rtsv7M4_T_le_v4SPD16_eabi.lib</file>
         <name>memchr.c.obj</name>
      </input_file>
      <input_file id="fl-e0">
         <path>C:\ti\ccs1280\ccs\tools\compiler\ti-cgt-arm_20.2.7.LTS\lib\</path>
         <kind>archive</kind>
         <file>rtsv7M4_T_le_v4SPD16_eabi.lib</file>
         <name>memory.c.obj</name>
      </input_file>
      <input_file id="fl-e1">
         <path>C:\ti\ccs1280\ccs\tools\compiler\ti-cgt-arm_20.2.7.LTS\lib\</path>
         <kind>archive</kind>
         <file>rtsv7M4_T_le_v4SPD16_eabi.lib</file>
         <name>strchr.c.obj</name>
      </input_file>
      <input_file id="fl-e2">
         <path>C:\ti\ccs1280\ccs\tools\compiler\ti-cgt-arm_20.2.7.LTS\lib\</path>
         <kind>archive</kind>
         <file>rtsv7M4_T_le_v4SPD16_eabi.lib</file>
         <name>strlen.c.obj</name>
      </input_file>
      <input_file id="fl-e3">
         <path>C:\ti\ccs1280\ccs\tools\compiler\ti-cgt-arm_20.2.7.LTS\lib\</path>
         <kind>archive</kind>
         <file>rtsv7M4_T_le_v4SPD16_eabi.lib</file>
         <name>boot_cortex_m.c.obj</name>
      </input_file>
      <input_file id="fl-e4">
         <path>C:\ti\ccs1280\ccs\tools\compiler\ti-cgt-arm_20.2.7.LTS\lib\</path>
         <kind>archive</kind>
         <file>rtsv7M4_T_le_v4SPD16_eabi.lib</file>
         <name>write.c.obj</name>
      </input_file>
      <input_file id="fl-e5">
         <path>C:\ti\ccs1280\ccs\tools\compiler\ti-cgt-arm_20.2.7.LTS\lib\</path>
         <kind>archive</kind>
         <file>rtsv7M4_T_le_v4SPD16_eabi.lib</file>
         <name>host_device.c.obj</name>
      </input_file>
      <input_file id="fl-e6">
         <path>C:\ti\ccs1280\ccs\tools\compiler\ti-cgt-arm_20.2.7.LTS\lib\</path>
         <kind>archive</kind>
         <file>rtsv7M4_T_le_v4SPD16_eabi.lib</file>
         <name>errno.c.obj</name>
      </input_file>
      <input_file id="fl-e7">
         <path>C:\ti\ccs1280\ccs\tools\compiler\ti-cgt-arm_20.2.7.LTS\lib\</path>
         <kind>archive</kind>
         <file>rtsv7M4_T_le_v4SPD16_eabi.lib</file>
         <name>wcslen.c.obj</name>
      </input_file>
      <input_file id="fl-e8">
         <path>C:\ti\ccs1280\ccs\tools\compiler\ti-cgt-arm_20.2.7.LTS\lib\</path>
         <kind>archive</kind>
         <file>rtsv7M4_T_le_v4SPD16_eabi.lib</file>
         <name>s_frexp.c.obj</name>
      </input_file>
      <input_file id="fl-e9">
         <path>C:\ti\ccs1280\ccs\tools\compiler\ti-cgt-arm_20.2.7.LTS\lib\</path>
         <kind>archive</kind>
         <file>rtsv7M4_T_le_v4SPD16_eabi.lib</file>
         <name>s_scalbn.c.obj</name>
      </input_file>
      <input_file id="fl-ea">
         <path>C:\ti\ccs1280\ccs\tools\compiler\ti-cgt-arm_20.2.7.LTS\lib\</path>
         <kind>archive</kind>
         <file>rtsv7M4_T_le_v4SPD16_eabi.lib</file>
         <name>fflush.c.obj</name>
      </input_file>
      <input_file id="fl-eb">
         <path>C:\ti\ccs1280\ccs\tools\compiler\ti-cgt-arm_20.2.7.LTS\lib\</path>
         <kind>archive</kind>
         <file>rtsv7M4_T_le_v4SPD16_eabi.lib</file>
         <name>fopen.c.obj</name>
      </input_file>
      <input_file id="fl-ec">
         <path>C:\ti\ccs1280\ccs\tools\compiler\ti-cgt-arm_20.2.7.LTS\lib\</path>
         <kind>archive</kind>
         <file>rtsv7M4_T_le_v4SPD16_eabi.lib</file>
         <name>fseek.c.obj</name>
      </input_file>
      <input_file id="fl-ed">
         <path>C:\ti\ccs1280\ccs\tools\compiler\ti-cgt-arm_20.2.7.LTS\lib\</path>
         <kind>archive</kind>
         <file>rtsv7M4_T_le_v4SPD16_eabi.lib</file>
         <name>div0.asm.obj</name>
      </input_file>
      <input_file id="fl-ee">
         <path>C:\ti\ccs1280\ccs\tools\compiler\ti-cgt-arm_20.2.7.LTS\lib\</path>
         <kind>archive</kind>
         <file>rtsv7M4_T_le_v4SPD16_eabi.lib</file>
         <name>autoinit.c.obj</name>
      </input_file>
      <input_file id="fl-ef">
         <path>C:\ti\ccs1280\ccs\tools\compiler\ti-cgt-arm_20.2.7.LTS\lib\</path>
         <kind>archive</kind>
         <file>rtsv7M4_T_le_v4SPD16_eabi.lib</file>
         <name>pre_init.c.obj</name>
      </input_file>
      <input_file id="fl-f0">
         <path>C:\ti\ccs1280\ccs\tools\compiler\ti-cgt-arm_20.2.7.LTS\lib\</path>
         <kind>archive</kind>
         <file>rtsv7M4_T_le_v4SPD16_eabi.lib</file>
         <name>cpy_tbl.c.obj</name>
      </input_file>
      <input_file id="fl-f1">
         <path>C:\ti\ccs1280\ccs\tools\compiler\ti-cgt-arm_20.2.7.LTS\lib\</path>
         <kind>archive</kind>
         <file>rtsv7M4_T_le_v4SPD16_eabi.lib</file>
         <name>args_main.c.obj</name>
      </input_file>
      <input_file id="fl-f2">
         <path>C:\ti\ccs1280\ccs\tools\compiler\ti-cgt-arm_20.2.7.LTS\lib\</path>
         <kind>archive</kind>
         <file>rtsv7M4_T_le_v4SPD16_eabi.lib</file>
         <name>hostclose.c.obj</name>
      </input_file>
      <input_file id="fl-f3">
         <path>C:\ti\ccs1280\ccs\tools\compiler\ti-cgt-arm_20.2.7.LTS\lib\</path>
         <kind>archive</kind>
         <file>rtsv7M4_T_le_v4SPD16_eabi.lib</file>
         <name>hostlseek.c.obj</name>
      </input_file>
      <input_file id="fl-f4">
         <path>C:\ti\ccs1280\ccs\tools\compiler\ti-cgt-arm_20.2.7.LTS\lib\</path>
         <kind>archive</kind>
         <file>rtsv7M4_T_le_v4SPD16_eabi.lib</file>
         <name>hostopen.c.obj</name>
      </input_file>
      <input_file id="fl-f5">
         <path>C:\ti\ccs1280\ccs\tools\compiler\ti-cgt-arm_20.2.7.LTS\lib\</path>
         <kind>archive</kind>
         <file>rtsv7M4_T_le_v4SPD16_eabi.lib</file>
         <name>hostread.c.obj</name>
      </input_file>
      <input_file id="fl-f6">
         <path>C:\ti\ccs1280\ccs\tools\compiler\ti-cgt-arm_20.2.7.LTS\lib\</path>
         <kind>archive</kind>
         <file>rtsv7M4_T_le_v4SPD16_eabi.lib</file>
         <name>hostrename.c.obj</name>
      </input_file>
      <input_file id="fl-f7">
         <path>C:\ti\ccs1280\ccs\tools\compiler\ti-cgt-arm_20.2.7.LTS\lib\</path>
         <kind>archive</kind>
         <file>rtsv7M4_T_le_v4SPD16_eabi.lib</file>
         <name>hostunlink.c.obj</name>
      </input_file>
      <input_file id="fl-f8">
         <path>C:\ti\ccs1280\ccs\tools\compiler\ti-cgt-arm_20.2.7.LTS\lib\</path>
         <kind>archive</kind>
         <file>rtsv7M4_T_le_v4SPD16_eabi.lib</file>
         <name>hostwrite.c.obj</name>
      </input_file>
      <input_file id="fl-f9">
         <path>C:\ti\ccs1280\ccs\tools\compiler\ti-cgt-arm_20.2.7.LTS\lib\</path>
         <kind>archive</kind>
         <file>rtsv7M4_T_le_v4SPD16_eabi.lib</file>
         <name>trgmsg.c.obj</name>
      </input_file>
      <input_file id="fl-fa">
         <path>C:\ti\ccs1280\ccs\tools\compiler\ti-cgt-arm_20.2.7.LTS\lib\</path>
         <kind>archive</kind>
         <file>rtsv7M4_T_le_v4SPD16_eabi.lib</file>
         <name>open.c.obj</name>
      </input_file>
      <input_file id="fl-fb">
         <path>C:\ti\ccs1280\ccs\tools\compiler\ti-cgt-arm_20.2.7.LTS\lib\</path>
         <kind>archive</kind>
         <file>rtsv7M4_T_le_v4SPD16_eabi.lib</file>
         <name>lseek.c.obj</name>
      </input_file>
      <input_file id="fl-fc">
         <path>C:\ti\ccs1280\ccs\tools\compiler\ti-cgt-arm_20.2.7.LTS\lib\</path>
         <kind>archive</kind>
         <file>rtsv7M4_T_le_v4SPD16_eabi.lib</file>
         <name>s_copysign.c.obj</name>
      </input_file>
      <input_file id="fl-fd">
         <path>C:\ti\ccs1280\ccs\tools\compiler\ti-cgt-arm_20.2.7.LTS\lib\</path>
         <kind>archive</kind>
         <file>rtsv7M4_T_le_v4SPD16_eabi.lib</file>
         <name>fclose.c.obj</name>
      </input_file>
      <input_file id="fl-fe">
         <path>C:\ti\ccs1280\ccs\tools\compiler\ti-cgt-arm_20.2.7.LTS\lib\</path>
         <kind>archive</kind>
         <file>rtsv7M4_T_le_v4SPD16_eabi.lib</file>
         <name>getdevice.c.obj</name>
      </input_file>
      <input_file id="fl-ff">
         <path>C:\ti\ccs1280\ccs\tools\compiler\ti-cgt-arm_20.2.7.LTS\lib\</path>
         <kind>archive</kind>
         <file>rtsv7M4_T_le_v4SPD16_eabi.lib</file>
         <name>strcmp.c.obj</name>
      </input_file>
      <input_file id="fl-100">
         <path>C:\ti\ccs1280\ccs\tools\compiler\ti-cgt-arm_20.2.7.LTS\lib\</path>
         <kind>archive</kind>
         <file>rtsv7M4_T_le_v4SPD16_eabi.lib</file>
         <name>strcpy.c.obj</name>
      </input_file>
      <input_file id="fl-101">
         <path>C:\ti\ccs1280\ccs\tools\compiler\ti-cgt-arm_20.2.7.LTS\lib\</path>
         <kind>archive</kind>
         <file>rtsv7M4_T_le_v4SPD16_eabi.lib</file>
         <name>strncpy.c.obj</name>
      </input_file>
      <input_file id="fl-102">
         <path>C:\ti\ccs1280\ccs\tools\compiler\ti-cgt-arm_20.2.7.LTS\lib\</path>
         <kind>archive</kind>
         <file>rtsv7M4_T_le_v4SPD16_eabi.lib</file>
         <name>remove.c.obj</name>
      </input_file>
      <input_file id="fl-103">
         <path>C:\ti\ccs1280\ccs\tools\compiler\ti-cgt-arm_20.2.7.LTS\lib\</path>
         <kind>archive</kind>
         <file>rtsv7M4_T_le_v4SPD16_eabi.lib</file>
         <name>close.c.obj</name>
      </input_file>
      <input_file id="fl-104">
         <path>C:\ti\ccs1280\ccs\tools\compiler\ti-cgt-arm_20.2.7.LTS\lib\</path>
         <kind>archive</kind>
         <file>rtsv7M4_T_le_v4SPD16_eabi.lib</file>
         <name>unlink.c.obj</name>
      </input_file>
      <input_file id="fl-105">
         <path>Z:\simplelink_msp432p4_sdk_3_40_01_02\source\ti\grlib\lib\ccs\m4\</path>
         <kind>archive</kind>
         <file>grlib.a</file>
         <name>context.obj</name>
      </input_file>
      <input_file id="fl-106">
         <path>Z:\simplelink_msp432p4_sdk_3_40_01_02\source\ti\grlib\lib\ccs\m4\</path>
         <kind>archive</kind>
         <file>grlib.a</file>
         <name>display.obj</name>
      </input_file>
      <input_file id="fl-107">
         <path>Z:\simplelink_msp432p4_sdk_3_40_01_02\source\ti\grlib\lib\ccs\m4\</path>
         <kind>archive</kind>
         <file>grlib.a</file>
         <name>fontfixed6x8.obj</name>
      </input_file>
      <input_file id="fl-108">
         <path>Z:\simplelink_msp432p4_sdk_3_40_01_02\source\ti\grlib\lib\ccs\m4\</path>
         <kind>archive</kind>
         <file>grlib.a</file>
         <name>rectangle.obj</name>
      </input_file>
      <input_file id="fl-109">
         <path>Z:\simplelink_msp432p4_sdk_3_40_01_02\source\ti\grlib\lib\ccs\m4\</path>
         <kind>archive</kind>
         <file>grlib.a</file>
         <name>string.obj</name>
      </input_file>
      <input_file id="fl-10a">
         <path>Z:\simplelink_msp432p4_sdk_3_40_01_02\source\ti\grlib\lib\ccs\m4\</path>
         <kind>archive</kind>
         <file>grlib.a</file>
         <name>line.obj</name>
      </input_file>
      <input_file id="fl-10b">
         <path>Z:\simplelink_msp432p4_sdk_3_40_01_02\source\ti\devices\msp432p4xx\driverlib\ccs\</path>
         <kind>archive</kind>
         <file>msp432p4xx_driverlib.lib</file>
         <name>adc14.o</name>
      </input_file>
      <input_file id="fl-10c">
         <path>Z:\simplelink_msp432p4_sdk_3_40_01_02\source\ti\devices\msp432p4xx\driverlib\ccs\</path>
         <kind>archive</kind>
         <file>msp432p4xx_driverlib.lib</file>
         <name>gpio.o</name>
      </input_file>
      <input_file id="fl-10d">
         <path>Z:\simplelink_msp432p4_sdk_3_40_01_02\source\ti\devices\msp432p4xx\driverlib\ccs\</path>
         <kind>archive</kind>
         <file>msp432p4xx_driverlib.lib</file>
         <name>interrupt.o</name>
      </input_file>
      <input_file id="fl-10e">
         <path>Z:\simplelink_msp432p4_sdk_3_40_01_02\source\ti\devices\msp432p4xx\driverlib\ccs\</path>
         <kind>archive</kind>
         <file>msp432p4xx_driverlib.lib</file>
         <name>ref_a.o</name>
      </input_file>
      <input_file id="fl-10f">
         <path>Z:\simplelink_msp432p4_sdk_3_40_01_02\source\ti\devices\msp432p4xx\driverlib\ccs\</path>
         <kind>archive</kind>
         <file>msp432p4xx_driverlib.lib</file>
         <name>spi.o</name>
      </input_file>
      <input_file id="fl-110">
         <path>Z:\simplelink_msp432p4_sdk_3_40_01_02\source\ti\devices\msp432p4xx\driverlib\ccs\</path>
         <kind>archive</kind>
         <file>msp432p4xx_driverlib.lib</file>
         <name>sysctl.o</name>
      </input_file>
      <input_file id="fl-111">
         <path>Z:\simplelink_msp432p4_sdk_3_40_01_02\source\ti\devices\msp432p4xx\driverlib\ccs\</path>
         <kind>archive</kind>
         <file>msp432p4xx_driverlib.lib</file>
         <name>uart.o</name>
      </input_file>
      <input_file id="fl-112">
         <path>Z:\simplelink_msp432p4_sdk_3_40_01_02\source\ti\devices\msp432p4xx\driverlib\ccs\</path>
         <kind>archive</kind>
         <file>msp432p4xx_driverlib.lib</file>
         <name>cpu.o</name>
      </input_file>
   </input_file_list>
   <object_component_list>
      <object_component id="oc-26">
         <name>.intvecs:retain</name>
         <load_address>0x0</load_address>
         <run_address>0x0</run_address>
         <size>0xe4</size>
         <input_file_ref idref="fl-3"/>
      </object_component>
      <object_component id="oc-1f7">
         <name>.text:__TI_printfi</name>
         <load_address>0xe4</load_address>
         <run_address>0xe4</run_address>
         <size>0xa4e</size>
         <input_file_ref idref="fl-c6"/>
      </object_component>
      <object_component id="oc-34a">
         <name>.text:_nop</name>
         <load_address>0xb32</load_address>
         <run_address>0xb32</run_address>
         <size>0x2</size>
         <input_file_ref idref="fl-d9"/>
      </object_component>
      <object_component id="oc-179">
         <name>.text</name>
         <load_address>0xb34</load_address>
         <run_address>0xb34</run_address>
         <size>0x680</size>
         <input_file_ref idref="fl-5"/>
      </object_component>
      <object_component id="oc-1ae">
         <name>.text:Graphics_drawString</name>
         <load_address>0x11b4</load_address>
         <run_address>0x11b4</run_address>
         <size>0x47e</size>
         <input_file_ref idref="fl-109"/>
      </object_component>
      <object_component id="oc-4bc">
         <name>.text</name>
         <load_address>0x1632</load_address>
         <run_address>0x1632</run_address>
         <size>0x2</size>
         <input_file_ref idref="fl-ed"/>
      </object_component>
      <object_component id="oc-ac">
         <name>.text</name>
         <load_address>0x1634</load_address>
         <run_address>0x1634</run_address>
         <size>0x334</size>
         <input_file_ref idref="fl-4"/>
      </object_component>
      <object_component id="oc-70">
         <name>.text</name>
         <load_address>0x1968</load_address>
         <run_address>0x1968</run_address>
         <size>0x314</size>
         <input_file_ref idref="fl-2"/>
      </object_component>
      <object_component id="oc-322">
         <name>.text:_pconv_a</name>
         <load_address>0x1c7c</load_address>
         <run_address>0x1c7c</run_address>
         <size>0x270</size>
         <input_file_ref idref="fl-c6"/>
      </object_component>
      <object_component id="oc-b3">
         <name>.text</name>
         <load_address>0x1eec</load_address>
         <run_address>0x1eec</run_address>
         <size>0x240</size>
         <input_file_ref idref="fl-8"/>
      </object_component>
      <object_component id="oc-310">
         <name>.text:_pconv_g</name>
         <load_address>0x212c</load_address>
         <run_address>0x212c</run_address>
         <size>0x1d0</size>
         <input_file_ref idref="fl-c6"/>
      </object_component>
      <object_component id="oc-415">
         <name>.text</name>
         <load_address>0x22fc</load_address>
         <run_address>0x22fc</run_address>
         <size>0x1b6</size>
         <input_file_ref idref="fl-cb"/>
      </object_component>
      <object_component id="oc-224">
         <name>.text:_getIndexForMemRegister</name>
         <load_address>0x24b4</load_address>
         <run_address>0x24b4</run_address>
         <size>0x160</size>
         <input_file_ref idref="fl-10b"/>
      </object_component>
      <object_component id="oc-31c">
         <name>.text:_pconv_e</name>
         <load_address>0x2614</load_address>
         <run_address>0x2614</run_address>
         <size>0x13c</size>
         <input_file_ref idref="fl-c6"/>
      </object_component>
      <object_component id="oc-3fb">
         <name>.text</name>
         <load_address>0x2750</load_address>
         <run_address>0x2750</run_address>
         <size>0x136</size>
         <input_file_ref idref="fl-cd"/>
      </object_component>
      <object_component id="oc-427">
         <name>.text:fcvt</name>
         <load_address>0x2888</load_address>
         <run_address>0x2888</run_address>
         <size>0x124</size>
         <input_file_ref idref="fl-c6"/>
      </object_component>
      <object_component id="oc-1e7">
         <name>.text:UART_initModule</name>
         <load_address>0x29ac</load_address>
         <run_address>0x29ac</run_address>
         <size>0x11c</size>
         <input_file_ref idref="fl-111"/>
      </object_component>
      <object_component id="oc-358">
         <name>.text:fputs</name>
         <load_address>0x2ac8</load_address>
         <run_address>0x2ac8</run_address>
         <size>0x114</size>
         <input_file_ref idref="fl-c8"/>
      </object_component>
      <object_component id="oc-1a8">
         <name>.text:Graphics_fillRectangle</name>
         <load_address>0x2bdc</load_address>
         <run_address>0x2bdc</run_address>
         <size>0x112</size>
         <input_file_ref idref="fl-108"/>
      </object_component>
      <object_component id="oc-43b">
         <name>.text:scalbn</name>
         <load_address>0x2cf0</load_address>
         <run_address>0x2cf0</run_address>
         <size>0x110</size>
         <input_file_ref idref="fl-e9"/>
      </object_component>
      <object_component id="oc-571">
         <name>.text:aligned_alloc</name>
         <load_address>0x2e00</load_address>
         <run_address>0x2e00</run_address>
         <size>0x100</size>
         <input_file_ref idref="fl-e0"/>
      </object_component>
      <object_component id="oc-3f6">
         <name>.text</name>
         <load_address>0x2f00</load_address>
         <run_address>0x2f00</run_address>
         <size>0xfc</size>
         <input_file_ref idref="fl-ce"/>
      </object_component>
      <object_component id="oc-2aa">
         <name>.text:Graphics_getStringWidth</name>
         <load_address>0x2ffc</load_address>
         <run_address>0x2ffc</run_address>
         <size>0xfa</size>
         <input_file_ref idref="fl-109"/>
      </object_component>
      <object_component id="oc-52f">
         <name>.text:free</name>
         <load_address>0x30f8</load_address>
         <run_address>0x30f8</run_address>
         <size>0xe4</size>
         <input_file_ref idref="fl-e0"/>
      </object_component>
      <object_component id="oc-4f7">
         <name>.text:setvbuf</name>
         <load_address>0x31dc</load_address>
         <run_address>0x31dc</run_address>
         <size>0xdc</size>
         <input_file_ref idref="fl-ca"/>
      </object_component>
      <object_component id="oc-278">
         <name>.text</name>
         <load_address>0x32b8</load_address>
         <run_address>0x32b8</run_address>
         <size>0xcc</size>
         <input_file_ref idref="fl-6"/>
      </object_component>
      <object_component id="oc-305">
         <name>.text:_ltostr</name>
         <load_address>0x3384</load_address>
         <run_address>0x3384</run_address>
         <size>0xb1</size>
         <input_file_ref idref="fl-c6"/>
      </object_component>
      <object_component id="oc-392">
         <name>.text:SPI_initMaster</name>
         <load_address>0x3436</load_address>
         <run_address>0x3436</run_address>
         <size>0xb0</size>
         <input_file_ref idref="fl-10f"/>
      </object_component>
      <object_component id="oc-2c5">
         <name>.text:Graphics_drawLineH</name>
         <load_address>0x34e6</load_address>
         <run_address>0x34e6</run_address>
         <size>0x9c</size>
         <input_file_ref idref="fl-10a"/>
      </object_component>
      <object_component id="oc-3a">
         <name>.text</name>
         <load_address>0x3582</load_address>
         <run_address>0x3582</run_address>
         <size>0x9c</size>
         <input_file_ref idref="fl-d2"/>
      </object_component>
      <object_component id="oc-3ef">
         <name>.text</name>
         <load_address>0x361e</load_address>
         <run_address>0x361e</run_address>
         <size>0x96</size>
         <input_file_ref idref="fl-d4"/>
      </object_component>
      <object_component id="oc-1e1">
         <name>.text:GPIO_setAsPeripheralModuleFunctionInputPin</name>
         <load_address>0x36b4</load_address>
         <run_address>0x36b4</run_address>
         <size>0x88</size>
         <input_file_ref idref="fl-10c"/>
      </object_component>
      <object_component id="oc-386">
         <name>.text:GPIO_setAsPeripheralModuleFunctionOutputPin</name>
         <load_address>0x373c</load_address>
         <run_address>0x373c</run_address>
         <size>0x88</size>
         <input_file_ref idref="fl-10c"/>
      </object_component>
      <object_component id="oc-30b">
         <name>.text:__aeabi_cdcmple</name>
         <load_address>0x37c4</load_address>
         <run_address>0x37c4</run_address>
         <size>0x86</size>
         <input_file_ref idref="fl-cc"/>
      </object_component>
      <object_component id="oc-400">
         <name>.text:__aeabi_cdrcmple</name>
         <load_address>0x384a</load_address>
         <run_address>0x384a</run_address>
         <size>0x86</size>
         <input_file_ref idref="fl-cc"/>
      </object_component>
      <object_component id="oc-ef">
         <name>.text:GPIO_getEnabledInterruptStatus</name>
         <load_address>0x38d0</load_address>
         <run_address>0x38d0</run_address>
         <size>0x84</size>
         <input_file_ref idref="fl-10c"/>
      </object_component>
      <object_component id="oc-94">
         <name>.text</name>
         <load_address>0x3954</load_address>
         <run_address>0x3954</run_address>
         <size>0x7a</size>
         <input_file_ref idref="fl-d3"/>
      </object_component>
      <object_component id="oc-578">
         <name>.text:__TI_closefile</name>
         <load_address>0x39d0</load_address>
         <run_address>0x39d0</run_address>
         <size>0x74</size>
         <input_file_ref idref="fl-fd"/>
      </object_component>
      <object_component id="oc-5b9">
         <name>.text:split</name>
         <load_address>0x3a44</load_address>
         <run_address>0x3a44</run_address>
         <size>0x70</size>
         <input_file_ref idref="fl-e0"/>
      </object_component>
      <object_component id="oc-420">
         <name>.text:_mcpy</name>
         <load_address>0x3ab4</load_address>
         <run_address>0x3ab4</run_address>
         <size>0x6e</size>
         <input_file_ref idref="fl-c6"/>
      </object_component>
      <object_component id="oc-5a8">
         <name>.text:HOSTrename</name>
         <load_address>0x3b24</load_address>
         <run_address>0x3b24</run_address>
         <size>0x6c</size>
         <input_file_ref idref="fl-f6"/>
      </object_component>
      <object_component id="oc-59c">
         <name>.text:HOSTlseek</name>
         <load_address>0x3b90</load_address>
         <run_address>0x3b90</run_address>
         <size>0x68</size>
         <input_file_ref idref="fl-f3"/>
      </object_component>
      <object_component id="oc-17">
         <name>.text:decompress:lzss:__TI_decompress_lzss</name>
         <load_address>0x3bf8</load_address>
         <run_address>0x3bf8</run_address>
         <size>0x68</size>
         <input_file_ref idref="fl-d7"/>
      </object_component>
      <object_component id="oc-dd">
         <name>.text:printf</name>
         <load_address>0x3c60</load_address>
         <run_address>0x3c60</run_address>
         <size>0x68</size>
         <input_file_ref idref="fl-c5"/>
      </object_component>
      <object_component id="oc-435">
         <name>.text:frexp</name>
         <load_address>0x3cc8</load_address>
         <run_address>0x3cc8</run_address>
         <size>0x64</size>
         <input_file_ref idref="fl-e8"/>
      </object_component>
      <object_component id="oc-4f1">
         <name>.text:fseek</name>
         <load_address>0x3d2c</load_address>
         <run_address>0x3d2c</run_address>
         <size>0x64</size>
         <input_file_ref idref="fl-ec"/>
      </object_component>
      <object_component id="oc-46c">
         <name>.text:__TI_wrt_ok</name>
         <load_address>0x3d90</load_address>
         <run_address>0x3d90</run_address>
         <size>0x62</size>
         <input_file_ref idref="fl-c9"/>
      </object_component>
      <object_component id="oc-584">
         <name>.text:HOSTopen</name>
         <load_address>0x3df4</load_address>
         <run_address>0x3df4</run_address>
         <size>0x60</size>
         <input_file_ref idref="fl-f4"/>
      </object_component>
      <object_component id="oc-5c0">
         <name>.text:close</name>
         <load_address>0x3e54</load_address>
         <run_address>0x3e54</run_address>
         <size>0x5c</size>
         <input_file_ref idref="fl-103"/>
      </object_component>
      <object_component id="oc-590">
         <name>.text:HOSTread</name>
         <load_address>0x3eb0</load_address>
         <run_address>0x3eb0</run_address>
         <size>0x58</size>
         <input_file_ref idref="fl-f5"/>
      </object_component>
      <object_component id="oc-596">
         <name>.text:HOSTwrite</name>
         <load_address>0x3f08</load_address>
         <run_address>0x3f08</run_address>
         <size>0x58</size>
         <input_file_ref idref="fl-f8"/>
      </object_component>
      <object_component id="oc-316">
         <name>.text:_pconv_f</name>
         <load_address>0x3f60</load_address>
         <run_address>0x3f60</run_address>
         <size>0x56</size>
         <input_file_ref idref="fl-c6"/>
      </object_component>
      <object_component id="oc-40a">
         <name>.text:__TI_ltoa</name>
         <load_address>0x3fb6</load_address>
         <run_address>0x3fb6</run_address>
         <size>0x54</size>
         <input_file_ref idref="fl-da"/>
      </object_component>
      <object_component id="oc-17f">
         <name>.text:Graphics_initContext</name>
         <load_address>0x400a</load_address>
         <run_address>0x400a</run_address>
         <size>0x52</size>
         <input_file_ref idref="fl-105"/>
      </object_component>
      <object_component id="oc-41a">
         <name>.text:_ecpy</name>
         <load_address>0x405c</load_address>
         <run_address>0x405c</run_address>
         <size>0x52</size>
         <input_file_ref idref="fl-c6"/>
      </object_component>
      <object_component id="oc-478">
         <name>.text:__TI_doflush</name>
         <load_address>0x40ae</load_address>
         <run_address>0x40ae</run_address>
         <size>0x4c</size>
         <input_file_ref idref="fl-ea"/>
      </object_component>
      <object_component id="oc-2ff">
         <name>.text:atoi</name>
         <load_address>0x40fc</load_address>
         <run_address>0x40fc</run_address>
         <size>0x4c</size>
         <input_file_ref idref="fl-db"/>
      </object_component>
      <object_component id="oc-1a2">
         <name>.text:Graphics_drawStringCentered</name>
         <load_address>0x4148</load_address>
         <run_address>0x4148</run_address>
         <size>0x48</size>
         <input_file_ref idref="fl-109"/>
      </object_component>
      <object_component id="oc-13d">
         <name>.text:exit</name>
         <load_address>0x4190</load_address>
         <run_address>0x4190</run_address>
         <size>0x48</size>
         <input_file_ref idref="fl-d8"/>
      </object_component>
      <object_component id="oc-405">
         <name>.text</name>
         <load_address>0x41d8</load_address>
         <run_address>0x41d8</run_address>
         <size>0x48</size>
         <input_file_ref idref="fl-cf"/>
      </object_component>
      <object_component id="oc-58a">
         <name>.text:HOSTclose</name>
         <load_address>0x4220</load_address>
         <run_address>0x4220</run_address>
         <size>0x44</size>
         <input_file_ref idref="fl-f2"/>
      </object_component>
      <object_component id="oc-5a2">
         <name>.text:HOSTunlink</name>
         <load_address>0x4264</load_address>
         <run_address>0x4264</run_address>
         <size>0x44</size>
         <input_file_ref idref="fl-f7"/>
      </object_component>
      <object_component id="oc-143">
         <name>.text:__TI_auto_init_nobinit_nopinit:__TI_auto_init_nobinit_nopinit</name>
         <load_address>0x42a8</load_address>
         <run_address>0x42a8</run_address>
         <size>0x44</size>
         <input_file_ref idref="fl-ee"/>
      </object_component>
      <object_component id="oc-5f8">
         <name>.text:getdevice</name>
         <load_address>0x42ec</load_address>
         <run_address>0x42ec</run_address>
         <size>0x44</size>
         <input_file_ref idref="fl-fe"/>
      </object_component>
      <object_component id="oc-38c">
         <name>.text:GPIO_setAsOutputPin</name>
         <load_address>0x4330</load_address>
         <run_address>0x4330</run_address>
         <size>0x40</size>
         <input_file_ref idref="fl-10c"/>
      </object_component>
      <object_component id="oc-2bf">
         <name>.text:Graphics_getNumberOfLeadingZeros</name>
         <load_address>0x4370</load_address>
         <run_address>0x4370</run_address>
         <size>0x40</size>
         <input_file_ref idref="fl-109"/>
      </object_component>
      <object_component id="oc-498">
         <name>.text:is_A_Module</name>
         <load_address>0x43b0</load_address>
         <run_address>0x43b0</run_address>
         <size>0x40</size>
         <input_file_ref idref="fl-10f"/>
      </object_component>
      <object_component id="oc-d7">
         <name>.text:sprintf</name>
         <load_address>0x43f0</load_address>
         <run_address>0x43f0</run_address>
         <size>0x40</size>
         <input_file_ref idref="fl-c7"/>
      </object_component>
      <object_component id="oc-42d">
         <name>.text:_fcpy</name>
         <load_address>0x4430</load_address>
         <run_address>0x4430</run_address>
         <size>0x3e</size>
         <input_file_ref idref="fl-c6"/>
      </object_component>
      <object_component id="oc-5d1">
         <name>.text:__TI_writemsg</name>
         <load_address>0x4470</load_address>
         <run_address>0x4470</run_address>
         <size>0x38</size>
         <input_file_ref idref="fl-f9"/>
      </object_component>
      <object_component id="oc-19d">
         <name>.text</name>
         <load_address>0x44a8</load_address>
         <run_address>0x44a8</run_address>
         <size>0x38</size>
         <input_file_ref idref="fl-d0"/>
      </object_component>
      <object_component id="oc-3c3">
         <name>.text:Graphics_drawHorizontalLineOnDisplay</name>
         <load_address>0x44e0</load_address>
         <run_address>0x44e0</run_address>
         <size>0x36</size>
         <input_file_ref idref="fl-106"/>
      </object_component>
      <object_component id="oc-61a">
         <name>.text:strncpy</name>
         <load_address>0x4516</load_address>
         <run_address>0x4516</run_address>
         <size>0x36</size>
         <input_file_ref idref="fl-101"/>
      </object_component>
      <object_component id="oc-e9">
         <name>.text:UART_transmitData</name>
         <load_address>0x454c</load_address>
         <run_address>0x454c</run_address>
         <size>0x34</size>
         <input_file_ref idref="fl-111"/>
      </object_component>
      <object_component id="oc-53b">
         <name>.text:__TI_cleanup</name>
         <load_address>0x4580</load_address>
         <run_address>0x4580</run_address>
         <size>0x34</size>
         <input_file_ref idref="fl-eb"/>
      </object_component>
      <object_component id="oc-5d7">
         <name>.text:__TI_readmsg</name>
         <load_address>0x45b4</load_address>
         <run_address>0x45b4</run_address>
         <size>0x34</size>
         <input_file_ref idref="fl-f9"/>
      </object_component>
      <object_component id="oc-58">
         <name>.text:_c_int00_noargs:_c_int00_noargs</name>
         <load_address>0x45e8</load_address>
         <run_address>0x45e8</run_address>
         <size>0x34</size>
         <input_file_ref idref="fl-e3"/>
      </object_component>
      <object_component id="oc-620">
         <name>.text:finddevice</name>
         <load_address>0x461c</load_address>
         <run_address>0x461c</run_address>
         <size>0x30</size>
         <input_file_ref idref="fl-fe"/>
      </object_component>
      <object_component id="oc-410">
         <name>.text</name>
         <load_address>0x464c</load_address>
         <run_address>0x464c</run_address>
         <size>0x2e</size>
         <input_file_ref idref="fl-d1"/>
      </object_component>
      <object_component id="oc-2cb">
         <name>.text:Graphics_drawPixelOnDisplay</name>
         <load_address>0x467a</load_address>
         <run_address>0x467a</run_address>
         <size>0x2c</size>
         <input_file_ref idref="fl-106"/>
      </object_component>
      <object_component id="oc-5c6">
         <name>.text:unlink</name>
         <load_address>0x46a8</load_address>
         <run_address>0x46a8</run_address>
         <size>0x2c</size>
         <input_file_ref idref="fl-104"/>
      </object_component>
      <object_component id="oc-e3">
         <name>.text:ADC14_getResult</name>
         <load_address>0x46d4</load_address>
         <run_address>0x46d4</run_address>
         <size>0x28</size>
         <input_file_ref idref="fl-10b"/>
      </object_component>
      <object_component id="oc-f5">
         <name>.text:GPIO_clearInterruptFlag</name>
         <load_address>0x46fc</load_address>
         <run_address>0x46fc</run_address>
         <size>0x28</size>
         <input_file_ref idref="fl-10c"/>
      </object_component>
      <object_component id="oc-284">
         <name>.text:GPIO_setOutputHighOnPin</name>
         <load_address>0x4724</load_address>
         <run_address>0x4724</run_address>
         <size>0x28</size>
         <input_file_ref idref="fl-10c"/>
      </object_component>
      <object_component id="oc-27e">
         <name>.text:GPIO_setOutputLowOnPin</name>
         <load_address>0x474c</load_address>
         <run_address>0x474c</run_address>
         <size>0x28</size>
         <input_file_ref idref="fl-10c"/>
      </object_component>
      <object_component id="oc-56a">
         <name>.text:free_list_insert</name>
         <load_address>0x4774</load_address>
         <run_address>0x4774</run_address>
         <size>0x28</size>
         <input_file_ref idref="fl-e0"/>
      </object_component>
      <object_component id="oc-527">
         <name>.text:lseek</name>
         <load_address>0x479c</load_address>
         <run_address>0x479c</run_address>
         <size>0x28</size>
         <input_file_ref idref="fl-fb"/>
      </object_component>
      <object_component id="oc-47e">
         <name>.text:write</name>
         <load_address>0x47c4</load_address>
         <run_address>0x47c4</run_address>
         <size>0x28</size>
         <input_file_ref idref="fl-e4"/>
      </object_component>
      <object_component id="oc-22f">
         <name>.text:GPIO_getInterruptStatus</name>
         <load_address>0x47ec</load_address>
         <run_address>0x47ec</run_address>
         <size>0x24</size>
         <input_file_ref idref="fl-10c"/>
      </object_component>
      <object_component id="oc-d1">
         <name>.text</name>
         <load_address>0x4810</load_address>
         <run_address>0x4810</run_address>
         <size>0x24</size>
         <input_file_ref idref="fl-9"/>
      </object_component>
      <object_component id="oc-bf">
         <name>.text:REF_A_setReferenceVoltage</name>
         <load_address>0x4834</load_address>
         <run_address>0x4834</run_address>
         <size>0x20</size>
         <input_file_ref idref="fl-10e"/>
      </object_component>
      <object_component id="oc-472">
         <name>.text:memchr</name>
         <load_address>0x4854</load_address>
         <run_address>0x4854</run_address>
         <size>0x20</size>
         <input_file_ref idref="fl-df"/>
      </object_component>
      <object_component id="oc-2b2">
         <name>.text:Graphics_fillRectangleOnDisplay</name>
         <load_address>0x4874</load_address>
         <run_address>0x4874</run_address>
         <size>0x1e</size>
         <input_file_ref idref="fl-106"/>
      </object_component>
      <object_component id="oc-398">
         <name>.text:SPI_enableModule</name>
         <load_address>0x4892</load_address>
         <run_address>0x4892</run_address>
         <size>0x1c</size>
         <input_file_ref idref="fl-10f"/>
      </object_component>
      <object_component id="oc-cb">
         <name>.text:SysCtl_getTempCalibrationConstant</name>
         <load_address>0x48b0</load_address>
         <run_address>0x48b0</run_address>
         <size>0x1c</size>
         <input_file_ref idref="fl-110"/>
      </object_component>
      <object_component id="oc-46">
         <name>.text:decompress:ZI:__TI_zero_init_nomemset:__TI_zero_init_nomemset</name>
         <load_address>0x48cc</load_address>
         <run_address>0x48cc</run_address>
         <size>0x1c</size>
         <input_file_ref idref="fl-d5"/>
      </object_component>
      <object_component id="oc-564">
         <name>.text:free_list_remove</name>
         <load_address>0x48e8</load_address>
         <run_address>0x48e8</run_address>
         <size>0x1c</size>
         <input_file_ref idref="fl-e0"/>
      </object_component>
      <object_component id="oc-328">
         <name>.text:memccpy</name>
         <load_address>0x4904</load_address>
         <run_address>0x4904</run_address>
         <size>0x1c</size>
         <input_file_ref idref="fl-de"/>
      </object_component>
      <object_component id="oc-2a2">
         <name>.text:Graphics_clearDisplayOnDisplay</name>
         <load_address>0x4920</load_address>
         <run_address>0x4920</run_address>
         <size>0x1a</size>
         <input_file_ref idref="fl-106"/>
      </object_component>
      <object_component id="oc-185">
         <name>.text:Graphics_setBackgroundColor</name>
         <load_address>0x493a</load_address>
         <run_address>0x493a</run_address>
         <size>0x1a</size>
         <input_file_ref idref="fl-105"/>
      </object_component>
      <object_component id="oc-191">
         <name>.text:Graphics_setFont</name>
         <load_address>0x4954</load_address>
         <run_address>0x4954</run_address>
         <size>0x1a</size>
         <input_file_ref idref="fl-105"/>
      </object_component>
      <object_component id="oc-4d5">
         <name>.text:copysign</name>
         <load_address>0x496e</load_address>
         <run_address>0x496e</run_address>
         <size>0x1a</size>
         <input_file_ref idref="fl-fc"/>
      </object_component>
      <object_component id="oc-1fd">
         <name>.text:_outs</name>
         <load_address>0x4988</load_address>
         <run_address>0x4988</run_address>
         <size>0x18</size>
         <input_file_ref idref="fl-c7"/>
      </object_component>
      <object_component id="oc-637">
         <name>.text:strcmp</name>
         <load_address>0x49a0</load_address>
         <run_address>0x49a0</run_address>
         <size>0x18</size>
         <input_file_ref idref="fl-ff"/>
      </object_component>
      <object_component id="oc-4a0">
         <name>.text:EUSCI_A_SPI_enable</name>
         <load_address>0x49b8</load_address>
         <run_address>0x49b8</run_address>
         <size>0x16</size>
         <input_file_ref idref="fl-10f"/>
      </object_component>
      <object_component id="oc-4a6">
         <name>.text:EUSCI_B_SPI_enable</name>
         <load_address>0x49ce</load_address>
         <run_address>0x49ce</run_address>
         <size>0x16</size>
         <input_file_ref idref="fl-10f"/>
      </object_component>
      <object_component id="oc-18b">
         <name>.text:Graphics_setForegroundColor</name>
         <load_address>0x49e4</load_address>
         <run_address>0x49e4</run_address>
         <size>0x16</size>
         <input_file_ref idref="fl-105"/>
      </object_component>
      <object_component id="oc-299">
         <name>.text:Graphics_translateColorOnDisplay</name>
         <load_address>0x49fa</load_address>
         <run_address>0x49fa</run_address>
         <size>0x16</size>
         <input_file_ref idref="fl-106"/>
      </object_component>
      <object_component id="oc-1ed">
         <name>.text:UART_enableModule</name>
         <load_address>0x4a10</load_address>
         <run_address>0x4a10</run_address>
         <size>0x16</size>
         <input_file_ref idref="fl-111"/>
      </object_component>
      <object_component id="oc-441">
         <name>.text:strchr</name>
         <load_address>0x4a26</load_address>
         <run_address>0x4a26</run_address>
         <size>0x16</size>
         <input_file_ref idref="fl-e1"/>
      </object_component>
      <object_component id="oc-5eb">
         <name>.text:strcpy</name>
         <load_address>0x4a3c</load_address>
         <run_address>0x4a3c</run_address>
         <size>0x14</size>
         <input_file_ref idref="fl-100"/>
      </object_component>
      <object_component id="oc-2f9">
         <name>.text:strlen</name>
         <load_address>0x4a50</load_address>
         <run_address>0x4a50</run_address>
         <size>0x14</size>
         <input_file_ref idref="fl-e2"/>
      </object_component>
      <object_component id="oc-197">
         <name>.text:Graphics_clearDisplay</name>
         <load_address>0x4a64</load_address>
         <run_address>0x4a64</run_address>
         <size>0x12</size>
         <input_file_ref idref="fl-105"/>
      </object_component>
      <object_component id="oc-32e">
         <name>.text:wcslen</name>
         <load_address>0x4a76</load_address>
         <run_address>0x4a76</run_address>
         <size>0x12</size>
         <input_file_ref idref="fl-e7"/>
      </object_component>
      <object_component id="oc-1d">
         <name>.text:decompress:none:__TI_decompress_none</name>
         <load_address>0x4a88</load_address>
         <run_address>0x4a88</run_address>
         <size>0xe</size>
         <input_file_ref idref="fl-d6"/>
      </object_component>
      <object_component id="oc-6a">
         <name>.text</name>
         <load_address>0x4a96</load_address>
         <run_address>0x4a96</run_address>
         <size>0xe</size>
         <input_file_ref idref="fl-3"/>
      </object_component>
      <object_component id="oc-c5">
         <name>.text:REF_A_enableReferenceVoltage</name>
         <load_address>0x4aa4</load_address>
         <run_address>0x4aa4</run_address>
         <size>0xc</size>
         <input_file_ref idref="fl-10e"/>
      </object_component>
      <object_component id="oc-b9">
         <name>.text:REF_A_enableTempSensor</name>
         <load_address>0x4ab0</load_address>
         <run_address>0x4ab0</run_address>
         <size>0xc</size>
         <input_file_ref idref="fl-10e"/>
      </object_component>
      <object_component id="oc-203">
         <name>.text:_outc</name>
         <load_address>0x4abc</load_address>
         <run_address>0x4abc</run_address>
         <size>0xa</size>
         <input_file_ref idref="fl-c7"/>
      </object_component>
      <object_component id="oc-334">
         <name>.text:__aeabi_errno_addr</name>
         <load_address>0x4ac8</load_address>
         <run_address>0x4ac8</run_address>
         <size>0x8</size>
         <input_file_ref idref="fl-e6"/>
      </object_component>
      <object_component id="oc-535">
         <name>.text:malloc</name>
         <load_address>0x4ad0</load_address>
         <run_address>0x4ad0</run_address>
         <size>0x8</size>
         <input_file_ref idref="fl-e0"/>
      </object_component>
      <object_component id="oc-21c">
         <name>.text:_outc</name>
         <load_address>0x4ad8</load_address>
         <run_address>0x4ad8</run_address>
         <size>0x4</size>
         <input_file_ref idref="fl-c5"/>
      </object_component>
      <object_component id="oc-216">
         <name>.text:_outs</name>
         <load_address>0x4adc</load_address>
         <run_address>0x4adc</run_address>
         <size>0x4</size>
         <input_file_ref idref="fl-c5"/>
      </object_component>
      <object_component id="oc-9a">
         <name>.text:_system_pre_init</name>
         <load_address>0x4ae0</load_address>
         <run_address>0x4ae0</run_address>
         <size>0x4</size>
         <input_file_ref idref="fl-ef"/>
      </object_component>
      <object_component id="oc-137">
         <name>.text:abort:abort</name>
         <load_address>0x4ae4</load_address>
         <run_address>0x4ae4</run_address>
         <size>0x4</size>
         <input_file_ref idref="fl-d8"/>
      </object_component>
      <object_component id="oc-2d6">
         <name>.const:.string:g_pucFontFixed6x8Data</name>
         <load_address>0x4ae8</load_address>
         <run_address>0x4ae8</run_address>
         <size>0x2f8</size>
         <input_file_ref idref="fl-107"/>
      </object_component>
      <object_component id="oc-3ea">
         <name>.const:.string:_ctypes_</name>
         <load_address>0x4de0</load_address>
         <run_address>0x4de0</run_address>
         <size>0x101</size>
         <input_file_ref idref="fl-dc"/>
      </object_component>
      <object_component id="oc-1ba">
         <name>.const:g_sFontFixed6x8</name>
         <load_address>0x4ee4</load_address>
         <run_address>0x4ee4</run_address>
         <size>0xc8</size>
         <input_file_ref idref="fl-107"/>
      </object_component>
      <object_component id="oc-22a">
         <name>.const:_ctlRegs</name>
         <load_address>0x4fac</load_address>
         <run_address>0x4fac</run_address>
         <size>0x80</size>
         <input_file_ref idref="fl-10b"/>
      </object_component>
      <object_component id="oc-235">
         <name>.const:GPIO_PORT_TO_BASE</name>
         <load_address>0x502c</load_address>
         <run_address>0x502c</run_address>
         <size>0x30</size>
         <input_file_ref idref="fl-10c"/>
      </object_component>
      <object_component id="oc-1f3">
         <name>.const:uartConfig</name>
         <load_address>0x505c</load_address>
         <run_address>0x505c</run_address>
         <size>0x28</size>
         <input_file_ref idref="fl-9"/>
      </object_component>
      <object_component id="oc-1b7">
         <name>.const:g_sCrystalfontz128x128_funcs</name>
         <load_address>0x5084</load_address>
         <run_address>0x5084</run_address>
         <size>0x20</size>
         <input_file_ref idref="fl-5"/>
      </object_component>
      <object_component id="oc-39e">
         <name>.const:$P$T0$1</name>
         <load_address>0x50a4</load_address>
         <run_address>0x50a4</run_address>
         <size>0x1c</size>
         <input_file_ref idref="fl-6"/>
      </object_component>
      <object_component id="oc-293">
         <name>.const:$P$T0$1</name>
         <load_address>0x50c0</load_address>
         <run_address>0x50c0</run_address>
         <size>0x8</size>
         <input_file_ref idref="fl-5"/>
      </object_component>
      <object_component id="oc-1c0">
         <name>.const:$P$T0$1</name>
         <load_address>0x50c8</load_address>
         <run_address>0x50c8</run_address>
         <size>0x8</size>
         <input_file_ref idref="fl-8"/>
      </object_component>
      <object_component id="oc-1c3">
         <name>.const:$P$T1$2</name>
         <load_address>0x50d0</load_address>
         <run_address>0x50d0</run_address>
         <size>0x8</size>
         <input_file_ref idref="fl-8"/>
      </object_component>
      <object_component id="oc-1c9">
         <name>.const:$P$T2$3</name>
         <load_address>0x50d8</load_address>
         <run_address>0x50d8</run_address>
         <size>0x8</size>
         <input_file_ref idref="fl-8"/>
      </object_component>
      <object_component id="oc-677">
         <name>.cinit..data.load</name>
         <load_address>0x50e0</load_address>
         <run_address>0x50e0</run_address>
         <size>0x7c</size>
      </object_component>
      <object_component id="oc-675">
         <name>__TI_handler_table</name>
         <load_address>0x515c</load_address>
         <run_address>0x515c</run_address>
         <size>0xc</size>
      </object_component>
      <object_component id="oc-678">
         <name>.cinit..bss.load</name>
         <load_address>0x5168</load_address>
         <run_address>0x5168</run_address>
         <size>0x8</size>
      </object_component>
      <object_component id="oc-676">
         <name>__TI_cinit_table</name>
         <load_address>0x5170</load_address>
         <run_address>0x5170</run_address>
         <size>0x10</size>
      </object_component>
      <object_component id="oc-649">
         <name>.binit</name>
         <load_address>0x0</load_address>
         <run_address>0x0</run_address>
         <size>0x0</size>
      </object_component>
      <object_component id="oc-105">
         <name>.data</name>
         <load_address>0x20000990</load_address>
         <run_address>0x20000990</run_address>
         <size>0x6</size>
         <input_file_ref idref="fl-2"/>
      </object_component>
      <object_component id="oc-175">
         <name>.data</name>
         <load_address>0x2000099c</load_address>
         <run_address>0x2000099c</run_address>
         <size>0x4</size>
         <input_file_ref idref="fl-4"/>
      </object_component>
      <object_component id="oc-1b4">
         <name>.data:g_sCrystalfontz128x128</name>
         <load_address>0x2000094c</load_address>
         <run_address>0x2000094c</run_address>
         <size>0x10</size>
         <input_file_ref idref="fl-5"/>
      </object_component>
      <object_component id="oc-1c6">
         <name>.data</name>
         <load_address>0x20000988</load_address>
         <run_address>0x20000988</run_address>
         <size>0x8</size>
         <input_file_ref idref="fl-8"/>
      </object_component>
      <object_component id="oc-25a">
         <name>.data:$O1$$</name>
         <load_address>0x2000096c</load_address>
         <run_address>0x2000096c</run_address>
         <size>0xc</size>
         <input_file_ref idref="fl-d8"/>
      </object_component>
      <object_component id="oc-210">
         <name>.data:$O1$$</name>
         <load_address>0x20000978</load_address>
         <run_address>0x20000978</run_address>
         <size>0x8</size>
         <input_file_ref idref="fl-d9"/>
      </object_component>
      <object_component id="oc-213">
         <name>.data:_ftable</name>
         <load_address>0x20000794</load_address>
         <run_address>0x20000794</run_address>
         <size>0xf0</size>
         <input_file_ref idref="fl-dd"/>
      </object_component>
      <object_component id="oc-57e">
         <name>.data</name>
         <load_address>0x2000095c</load_address>
         <run_address>0x2000095c</run_address>
         <size>0x10</size>
         <input_file_ref idref="fl-dd"/>
      </object_component>
      <object_component id="oc-5b4">
         <name>.data:$O1$$</name>
         <load_address>0x20000980</load_address>
         <run_address>0x20000980</run_address>
         <size>0x8</size>
         <input_file_ref idref="fl-e0"/>
      </object_component>
      <object_component id="oc-54e">
         <name>.data:_device</name>
         <load_address>0x20000884</load_address>
         <run_address>0x20000884</run_address>
         <size>0x78</size>
         <input_file_ref idref="fl-e5"/>
      </object_component>
      <object_component id="oc-503">
         <name>.data:_stream</name>
         <load_address>0x200008fc</load_address>
         <run_address>0x200008fc</run_address>
         <size>0x50</size>
         <input_file_ref idref="fl-e5"/>
      </object_component>
      <object_component id="oc-451">
         <name>.data</name>
         <load_address>0x20000998</load_address>
         <run_address>0x20000998</run_address>
         <size>0x4</size>
         <input_file_ref idref="fl-e6"/>
      </object_component>
      <object_component id="oc-102">
         <name>.bss</name>
         <uninitialized>true</uninitialized>
         <run_address>0x20000784</run_address>
         <size>0x2</size>
         <input_file_ref idref="fl-2"/>
      </object_component>
      <object_component id="oc-1bd">
         <name>.bss</name>
         <uninitialized>true</uninitialized>
         <run_address>0x2000076c</run_address>
         <size>0x8</size>
         <input_file_ref idref="fl-8"/>
      </object_component>
      <object_component id="oc-602">
         <name>.bss:_CIOBUF_</name>
         <uninitialized>true</uninitialized>
         <run_address>0x20000590</run_address>
         <size>0x120</size>
         <input_file_ref idref="fl-f9"/>
      </object_component>
      <object_component id="oc-fb">
         <name>.common:g_sContext</name>
         <uninitialized>true</uninitialized>
         <run_address>0x20000750</run_address>
         <size>0x1c</size>
      </object_component>
      <object_component id="oc-101">
         <name>.common:list</name>
         <uninitialized>true</uninitialized>
         <run_address>0x20000400</run_address>
         <size>0x190</size>
      </object_component>
      <object_component id="oc-fe">
         <name>.common:cal30</name>
         <uninitialized>true</uninitialized>
         <run_address>0x2000078c</run_address>
         <size>0x2</size>
      </object_component>
      <object_component id="oc-ff">
         <name>.common:cal85</name>
         <uninitialized>true</uninitialized>
         <run_address>0x2000078e</run_address>
         <size>0x2</size>
      </object_component>
      <object_component id="oc-100">
         <name>.common:calDifference</name>
         <uninitialized>true</uninitialized>
         <run_address>0x2000077c</run_address>
         <size>0x4</size>
      </object_component>
      <object_component id="oc-108">
         <name>.common:temperature</name>
         <uninitialized>true</uninitialized>
         <run_address>0x20000780</run_address>
         <size>0x4</size>
      </object_component>
      <object_component id="oc-292">
         <name>.common:Lcd_Orientation</name>
         <uninitialized>true</uninitialized>
         <run_address>0x20000792</run_address>
         <size>0x1</size>
      </object_component>
      <object_component id="oc-28a">
         <name>.common:Lcd_ScreenWidth</name>
         <uninitialized>true</uninitialized>
         <run_address>0x20000788</run_address>
         <size>0x2</size>
      </object_component>
      <object_component id="oc-28d">
         <name>.common:Lcd_ScreenHeigth</name>
         <uninitialized>true</uninitialized>
         <run_address>0x20000786</run_address>
         <size>0x2</size>
      </object_component>
      <object_component id="oc-28e">
         <name>.common:Lcd_PenSolid</name>
         <uninitialized>true</uninitialized>
         <run_address>0x20000793</run_address>
         <size>0x1</size>
      </object_component>
      <object_component id="oc-28f">
         <name>.common:Lcd_FontSolid</name>
         <uninitialized>true</uninitialized>
         <run_address>0x20000791</run_address>
         <size>0x1</size>
      </object_component>
      <object_component id="oc-290">
         <name>.common:Lcd_FlagRead</name>
         <uninitialized>true</uninitialized>
         <run_address>0x20000790</run_address>
         <size>0x1</size>
      </object_component>
      <object_component id="oc-291">
         <name>.common:Lcd_TouchTrim</name>
         <uninitialized>true</uninitialized>
         <run_address>0x2000078a</run_address>
         <size>0x2</size>
      </object_component>
      <object_component id="oc-5cc">
         <name>.common:__TI_tmpnams</name>
         <uninitialized>true</uninitialized>
         <run_address>0x200006b0</run_address>
         <size>0xa0</size>
      </object_component>
      <object_component id="oc-5dd">
         <name>.common:parmbuf</name>
         <uninitialized>true</uninitialized>
         <run_address>0x20000774</run_address>
         <size>0x8</size>
      </object_component>
      <object_component id="oc-29">
         <name>.sysmem</name>
         <uninitialized>true</uninitialized>
         <run_address>0x20000000</run_address>
         <size>0x10</size>
         <input_file_ref idref="fl-e0"/>
      </object_component>
      <object_component id="oc-67b">
         <name>.sysmem</name>
         <uninitialized>true</uninitialized>
         <run_address>0x20000000</run_address>
         <size>0x0</size>
      </object_component>
      <object_component id="oc-2c">
         <name>.stack</name>
         <uninitialized>true</uninitialized>
         <run_address>0x2000fe00</run_address>
         <size>0x4</size>
         <input_file_ref idref="fl-e3"/>
      </object_component>
      <object_component id="oc-67a">
         <name>.stack</name>
         <uninitialized>true</uninitialized>
         <run_address>0x2000fe00</run_address>
         <size>0x0</size>
      </object_component>
      <object_component id="oc-fc">
         <name>.debug_info</name>
         <load_address>0x0</load_address>
         <run_address>0x0</run_address>
         <size>0xb34</size>
         <input_file_ref idref="fl-2"/>
      </object_component>
      <object_component id="oc-106">
         <name>.debug_info</name>
         <load_address>0xb34</load_address>
         <run_address>0xb34</run_address>
         <size>0x135</size>
         <input_file_ref idref="fl-2"/>
      </object_component>
      <object_component id="oc-103">
         <name>.debug_info</name>
         <load_address>0xc69</load_address>
         <run_address>0xc69</run_address>
         <size>0xe2</size>
         <input_file_ref idref="fl-2"/>
      </object_component>
      <object_component id="oc-71">
         <name>.debug_info</name>
         <load_address>0xd4b</load_address>
         <run_address>0xd4b</run_address>
         <size>0x506</size>
         <input_file_ref idref="fl-2"/>
      </object_component>
      <object_component id="oc-116">
         <name>.debug_info</name>
         <load_address>0x1251</load_address>
         <run_address>0x1251</run_address>
         <size>0x26b</size>
         <input_file_ref idref="fl-2"/>
      </object_component>
      <object_component id="oc-241">
         <name>.debug_info</name>
         <load_address>0x14bc</load_address>
         <run_address>0x14bc</run_address>
         <size>0x1055</size>
         <input_file_ref idref="fl-2"/>
      </object_component>
      <object_component id="oc-23c">
         <name>.debug_info</name>
         <load_address>0x2511</load_address>
         <run_address>0x2511</run_address>
         <size>0x37e2</size>
         <input_file_ref idref="fl-2"/>
      </object_component>
      <object_component id="oc-1ce">
         <name>.debug_info</name>
         <load_address>0x5cf3</load_address>
         <run_address>0x5cf3</run_address>
         <size>0x439</size>
         <input_file_ref idref="fl-2"/>
      </object_component>
      <object_component id="oc-10a">
         <name>.debug_info</name>
         <load_address>0x612c</load_address>
         <run_address>0x612c</run_address>
         <size>0x8b</size>
         <input_file_ref idref="fl-2"/>
      </object_component>
      <object_component id="oc-254">
         <name>.debug_info</name>
         <load_address>0x61b7</load_address>
         <run_address>0x61b7</run_address>
         <size>0x2a4</size>
         <input_file_ref idref="fl-2"/>
      </object_component>
      <object_component id="oc-24b">
         <name>.debug_info</name>
         <load_address>0x645b</load_address>
         <run_address>0x645b</run_address>
         <size>0xef</size>
         <input_file_ref idref="fl-2"/>
      </object_component>
      <object_component id="oc-10f">
         <name>.debug_info</name>
         <load_address>0x654a</load_address>
         <run_address>0x654a</run_address>
         <size>0xbb</size>
         <input_file_ref idref="fl-2"/>
      </object_component>
      <object_component id="oc-246">
         <name>.debug_info</name>
         <load_address>0x6605</load_address>
         <run_address>0x6605</run_address>
         <size>0xcc</size>
         <input_file_ref idref="fl-2"/>
      </object_component>
      <object_component id="oc-20b">
         <name>.debug_info</name>
         <load_address>0x66d1</load_address>
         <run_address>0x66d1</run_address>
         <size>0x2c</size>
         <input_file_ref idref="fl-2"/>
      </object_component>
      <object_component id="oc-3a2">
         <name>.debug_info</name>
         <load_address>0x66fd</load_address>
         <run_address>0x66fd</run_address>
         <size>0x131</size>
         <input_file_ref idref="fl-2"/>
      </object_component>
      <object_component id="oc-3e3">
         <name>.debug_info</name>
         <load_address>0x682e</load_address>
         <run_address>0x682e</run_address>
         <size>0x102</size>
         <input_file_ref idref="fl-2"/>
      </object_component>
      <object_component id="oc-78">
         <name>.debug_info</name>
         <load_address>0x6930</load_address>
         <run_address>0x6930</run_address>
         <size>0x2ce</size>
         <input_file_ref idref="fl-3"/>
      </object_component>
      <object_component id="oc-27">
         <name>.debug_info</name>
         <load_address>0x6bfe</load_address>
         <run_address>0x6bfe</run_address>
         <size>0xfa</size>
         <input_file_ref idref="fl-3"/>
      </object_component>
      <object_component id="oc-6c">
         <name>.debug_info</name>
         <load_address>0x6cf8</load_address>
         <run_address>0x6cf8</run_address>
         <size>0x1c1</size>
         <input_file_ref idref="fl-3"/>
      </object_component>
      <object_component id="oc-35">
         <name>.debug_info</name>
         <load_address>0x6eb9</load_address>
         <run_address>0x6eb9</run_address>
         <size>0x84</size>
         <input_file_ref idref="fl-3"/>
      </object_component>
      <object_component id="oc-176">
         <name>.debug_info</name>
         <load_address>0x6f3d</load_address>
         <run_address>0x6f3d</run_address>
         <size>0xf3</size>
         <input_file_ref idref="fl-4"/>
      </object_component>
      <object_component id="oc-ad">
         <name>.debug_info</name>
         <load_address>0x7030</load_address>
         <run_address>0x7030</run_address>
         <size>0x265</size>
         <input_file_ref idref="fl-4"/>
      </object_component>
      <object_component id="oc-28b">
         <name>.debug_info</name>
         <load_address>0x7295</load_address>
         <run_address>0x7295</run_address>
         <size>0x930</size>
         <input_file_ref idref="fl-5"/>
      </object_component>
      <object_component id="oc-1b5">
         <name>.debug_info</name>
         <load_address>0x7bc5</load_address>
         <run_address>0x7bc5</run_address>
         <size>0x114</size>
         <input_file_ref idref="fl-5"/>
      </object_component>
      <object_component id="oc-1b8">
         <name>.debug_info</name>
         <load_address>0x7cd9</load_address>
         <run_address>0x7cd9</run_address>
         <size>0x120</size>
         <input_file_ref idref="fl-5"/>
      </object_component>
      <object_component id="oc-294">
         <name>.debug_info</name>
         <load_address>0x7df9</load_address>
         <run_address>0x7df9</run_address>
         <size>0xf5</size>
         <input_file_ref idref="fl-5"/>
      </object_component>
      <object_component id="oc-17b">
         <name>.debug_info</name>
         <load_address>0x7eee</load_address>
         <run_address>0x7eee</run_address>
         <size>0x1523</size>
         <input_file_ref idref="fl-5"/>
      </object_component>
      <object_component id="oc-3ab">
         <name>.debug_info</name>
         <load_address>0x9411</load_address>
         <run_address>0x9411</run_address>
         <size>0x37e2</size>
         <input_file_ref idref="fl-5"/>
      </object_component>
      <object_component id="oc-4af">
         <name>.debug_info</name>
         <load_address>0xcbf3</load_address>
         <run_address>0xcbf3</run_address>
         <size>0x876</size>
         <input_file_ref idref="fl-6"/>
      </object_component>
      <object_component id="oc-39f">
         <name>.debug_info</name>
         <load_address>0xd469</load_address>
         <run_address>0xd469</run_address>
         <size>0x108</size>
         <input_file_ref idref="fl-6"/>
      </object_component>
      <object_component id="oc-27a">
         <name>.debug_info</name>
         <load_address>0xd571</load_address>
         <run_address>0xd571</run_address>
         <size>0x5a2</size>
         <input_file_ref idref="fl-6"/>
      </object_component>
      <object_component id="oc-1cd">
         <name>.debug_info</name>
         <load_address>0xdb13</load_address>
         <run_address>0xdb13</run_address>
         <size>0xab1</size>
         <input_file_ref idref="fl-8"/>
      </object_component>
      <object_component id="oc-1be">
         <name>.debug_info</name>
         <load_address>0xe5c4</load_address>
         <run_address>0xe5c4</run_address>
         <size>0x10d</size>
         <input_file_ref idref="fl-8"/>
      </object_component>
      <object_component id="oc-1c7">
         <name>.debug_info</name>
         <load_address>0xe6d1</load_address>
         <run_address>0xe6d1</run_address>
         <size>0x11b</size>
         <input_file_ref idref="fl-8"/>
      </object_component>
      <object_component id="oc-1c1">
         <name>.debug_info</name>
         <load_address>0xe7ec</load_address>
         <run_address>0xe7ec</run_address>
         <size>0xe5</size>
         <input_file_ref idref="fl-8"/>
      </object_component>
      <object_component id="oc-1c4">
         <name>.debug_info</name>
         <load_address>0xe8d1</load_address>
         <run_address>0xe8d1</run_address>
         <size>0xe5</size>
         <input_file_ref idref="fl-8"/>
      </object_component>
      <object_component id="oc-1ca">
         <name>.debug_info</name>
         <load_address>0xe9b6</load_address>
         <run_address>0xe9b6</run_address>
         <size>0xe5</size>
         <input_file_ref idref="fl-8"/>
      </object_component>
      <object_component id="oc-b4">
         <name>.debug_info</name>
         <load_address>0xea9b</load_address>
         <run_address>0xea9b</run_address>
         <size>0x8ba</size>
         <input_file_ref idref="fl-8"/>
      </object_component>
      <object_component id="oc-2e8">
         <name>.debug_info</name>
         <load_address>0xf355</load_address>
         <run_address>0xf355</run_address>
         <size>0x37e2</size>
         <input_file_ref idref="fl-8"/>
      </object_component>
      <object_component id="oc-2f8">
         <name>.debug_info</name>
         <load_address>0x12b37</load_address>
         <run_address>0x12b37</run_address>
         <size>0x632</size>
         <input_file_ref idref="fl-9"/>
      </object_component>
      <object_component id="oc-1f4">
         <name>.debug_info</name>
         <load_address>0x13169</load_address>
         <run_address>0x13169</run_address>
         <size>0xea</size>
         <input_file_ref idref="fl-9"/>
      </object_component>
      <object_component id="oc-d2">
         <name>.debug_info</name>
         <load_address>0x13253</load_address>
         <run_address>0x13253</run_address>
         <size>0x195</size>
         <input_file_ref idref="fl-9"/>
      </object_component>
      <object_component id="oc-223">
         <name>.debug_info</name>
         <load_address>0x133e8</load_address>
         <run_address>0x133e8</run_address>
         <size>0x3e5</size>
         <input_file_ref idref="fl-c5"/>
      </object_component>
      <object_component id="oc-21e">
         <name>.debug_info</name>
         <load_address>0x137cd</load_address>
         <run_address>0x137cd</run_address>
         <size>0x157</size>
         <input_file_ref idref="fl-c5"/>
      </object_component>
      <object_component id="oc-219">
         <name>.debug_info</name>
         <load_address>0x13924</load_address>
         <run_address>0x13924</run_address>
         <size>0x166</size>
         <input_file_ref idref="fl-c5"/>
      </object_component>
      <object_component id="oc-de">
         <name>.debug_info</name>
         <load_address>0x13a8a</load_address>
         <run_address>0x13a8a</run_address>
         <size>0x1ac</size>
         <input_file_ref idref="fl-c5"/>
      </object_component>
      <object_component id="oc-362">
         <name>.debug_info</name>
         <load_address>0x13c36</load_address>
         <run_address>0x13c36</run_address>
         <size>0xb2</size>
         <input_file_ref idref="fl-c5"/>
      </object_component>
      <object_component id="oc-33b">
         <name>.debug_info</name>
         <load_address>0x13ce8</load_address>
         <run_address>0x13ce8</run_address>
         <size>0x590</size>
         <input_file_ref idref="fl-c6"/>
      </object_component>
      <object_component id="oc-308">
         <name>.debug_info</name>
         <load_address>0x14278</load_address>
         <run_address>0x14278</run_address>
         <size>0x21e</size>
         <input_file_ref idref="fl-c6"/>
      </object_component>
      <object_component id="oc-41e">
         <name>.debug_info</name>
         <load_address>0x14496</load_address>
         <run_address>0x14496</run_address>
         <size>0x1b3</size>
         <input_file_ref idref="fl-c6"/>
      </object_component>
      <object_component id="oc-423">
         <name>.debug_info</name>
         <load_address>0x14649</load_address>
         <run_address>0x14649</run_address>
         <size>0x21b</size>
         <input_file_ref idref="fl-c6"/>
      </object_component>
      <object_component id="oc-313">
         <name>.debug_info</name>
         <load_address>0x14864</load_address>
         <run_address>0x14864</run_address>
         <size>0x3c0</size>
         <input_file_ref idref="fl-c6"/>
      </object_component>
      <object_component id="oc-42b">
[...]
         <object_component_ref idref="oc-29"/>
      </symbol>
      <symbol id="sm-67e">
         <name>free</name>
         <value>0x30f9</value>
         <object_component_ref idref="oc-52f"/>
      </symbol>
      <symbol id="sm-67f">
         <name>memalign</name>
         <value>0x2e01</value>
         <object_component_ref idref="oc-571"/>
      </symbol>
      <symbol id="sm-680">
         <name>malloc</name>
         <value>0x4ad1</value>
         <object_component_ref idref="oc-535"/>
      </symbol>
      <symbol id="sm-681">
         <name>aligned_alloc</name>
         <value>0x2e01</value>
         <object_component_ref idref="oc-571"/>
      </symbol>
      <symbol id="sm-691">
         <name>strchr</name>
         <value>0x4a27</value>
         <object_component_ref idref="oc-441"/>
      </symbol>
      <symbol id="sm-69f">
         <name>strlen</name>
         <value>0x4a51</value>
         <object_component_ref idref="oc-2f9"/>
      </symbol>
      <symbol id="sm-6b2">
         <name>__stack</name>
         <value>0x2000fe00</value>
         <object_component_ref idref="oc-2c"/>
      </symbol>
      <symbol id="sm-6b3">
         <name>_c_int00_noargs</name>
         <value>0x45e9</value>
         <object_component_ref idref="oc-58"/>
      </symbol>
      <symbol id="sm-6cd">
         <name>write</name>
         <value>0x47c5</value>
         <object_component_ref idref="oc-47e"/>
      </symbol>
      <symbol id="sm-6de">
         <name>_stream</name>
         <value>0x200008fc</value>
         <object_component_ref idref="oc-503"/>
      </symbol>
      <symbol id="sm-6df">
         <name>_device</name>
         <value>0x20000884</value>
         <object_component_ref idref="oc-54e"/>
      </symbol>
      <symbol id="sm-6f5">
         <name>__aeabi_errno_addr</name>
         <value>0x4ac9</value>
         <object_component_ref idref="oc-334"/>
      </symbol>
      <symbol id="sm-6f6">
         <name>errno</name>
         <value>0x20000998</value>
         <object_component_ref idref="oc-451"/>
      </symbol>
      <symbol id="sm-70f">
         <name>wcslen</name>
         <value>0x4a77</value>
         <object_component_ref idref="oc-32e"/>
      </symbol>
      <symbol id="sm-72f">
         <name>frexpl</name>
         <value>0x3cc9</value>
         <object_component_ref idref="oc-435"/>
      </symbol>
      <symbol id="sm-730">
         <name>frexp</name>
         <value>0x3cc9</value>
         <object_component_ref idref="oc-435"/>
      </symbol>
      <symbol id="sm-74d">
         <name>scalbn</name>
         <value>0x2cf1</value>
         <object_component_ref idref="oc-43b"/>
      </symbol>
      <symbol id="sm-74e">
         <name>scalbnl</name>
         <value>0x2cf1</value>
         <object_component_ref idref="oc-43b"/>
      </symbol>
      <symbol id="sm-74f">
         <name>ldexpl</name>
         <value>0x2cf1</value>
         <object_component_ref idref="oc-43b"/>
      </symbol>
      <symbol id="sm-750">
         <name>ldexp</name>
         <value>0x2cf1</value>
         <object_component_ref idref="oc-43b"/>
      </symbol>
      <symbol id="sm-760">
         <name>__TI_doflush</name>
         <value>0x40af</value>
         <object_component_ref idref="oc-478"/>
      </symbol>
      <symbol id="sm-770">
         <name>__TI_cleanup</name>
         <value>0x4581</value>
         <object_component_ref idref="oc-53b"/>
      </symbol>
      <symbol id="sm-782">
         <name>fseek</name>
         <value>0x3d2d</value>
         <object_component_ref idref="oc-4f1"/>
      </symbol>
      <symbol id="sm-78c">
         <name>__aeabi_idiv0</name>
         <value>0x1633</value>
         <object_component_ref idref="oc-4bc"/>
      </symbol>
      <symbol id="sm-78d">
         <name>__aeabi_ldiv0</name>
         <value>0x1633</value>
         <object_component_ref idref="oc-4bc"/>
      </symbol>
      <symbol id="sm-7b5">
         <name>__TI_auto_init_nobinit_nopinit</name>
         <value>0x42a9</value>
         <object_component_ref idref="oc-143"/>
      </symbol>
      <symbol id="sm-7bf">
         <name>_system_pre_init</name>
         <value>0x4ae1</value>
         <object_component_ref idref="oc-9a"/>
      </symbol>
      <symbol id="sm-7d2">
         <name>HOSTclose</name>
         <value>0x4221</value>
         <object_component_ref idref="oc-58a"/>
      </symbol>
      <symbol id="sm-7e3">
         <name>HOSTlseek</name>
         <value>0x3b91</value>
         <object_component_ref idref="oc-59c"/>
      </symbol>
      <symbol id="sm-7f5">
         <name>parmbuf</name>
         <value>0x20000774</value>
      </symbol>
      <symbol id="sm-7f6">
         <name>HOSTopen</name>
         <value>0x3df5</value>
         <object_component_ref idref="oc-584"/>
      </symbol>
      <symbol id="sm-807">
         <name>HOSTread</name>
         <value>0x3eb1</value>
         <object_component_ref idref="oc-590"/>
      </symbol>
      <symbol id="sm-818">
         <name>HOSTrename</name>
         <value>0x3b25</value>
         <object_component_ref idref="oc-5a8"/>
      </symbol>
      <symbol id="sm-829">
         <name>HOSTunlink</name>
         <value>0x4265</value>
         <object_component_ref idref="oc-5a2"/>
      </symbol>
      <symbol id="sm-83a">
         <name>HOSTwrite</name>
         <value>0x3f09</value>
         <object_component_ref idref="oc-596"/>
      </symbol>
      <symbol id="sm-85e">
         <name>__TI_readmsg</name>
         <value>0x45b5</value>
         <object_component_ref idref="oc-5d7"/>
      </symbol>
      <symbol id="sm-85f">
         <name>C$$IO$$</name>
         <value>0x449f</value>
         <object_component_ref idref="oc-5d1"/>
      </symbol>
      <symbol id="sm-860">
         <name>__CIOBUF_</name>
         <value>0x20000590</value>
         <object_component_ref idref="oc-602"/>
      </symbol>
      <symbol id="sm-861">
         <name>__TI_writemsg</name>
         <value>0x4471</value>
         <object_component_ref idref="oc-5d1"/>
      </symbol>
      <symbol id="sm-872">
         <name>lseek</name>
         <value>0x479d</value>
         <object_component_ref idref="oc-527"/>
      </symbol>
      <symbol id="sm-87c">
         <name>copysign</name>
         <value>0x496f</value>
         <object_component_ref idref="oc-4d5"/>
      </symbol>
      <symbol id="sm-87d">
         <name>copysignl</name>
         <value>0x496f</value>
         <object_component_ref idref="oc-4d5"/>
      </symbol>
      <symbol id="sm-892">
         <name>__TI_closefile</name>
         <value>0x39d1</value>
         <object_component_ref idref="oc-578"/>
      </symbol>
      <symbol id="sm-8b5">
         <name>finddevice</name>
         <value>0x461d</value>
         <object_component_ref idref="oc-620"/>
      </symbol>
      <symbol id="sm-8b6">
         <name>getdevice</name>
         <value>0x42ed</value>
         <object_component_ref idref="oc-5f8"/>
      </symbol>
      <symbol id="sm-8c5">
         <name>strcmp</name>
         <value>0x49a1</value>
         <object_component_ref idref="oc-637"/>
      </symbol>
      <symbol id="sm-8d3">
         <name>strcpy</name>
         <value>0x4a3d</value>
         <object_component_ref idref="oc-5eb"/>
      </symbol>
      <symbol id="sm-8e3">
         <name>strncpy</name>
         <value>0x4517</value>
         <object_component_ref idref="oc-61a"/>
      </symbol>
      <symbol id="sm-8f8">
         <name>close</name>
         <value>0x3e55</value>
         <object_component_ref idref="oc-5c0"/>
      </symbol>
      <symbol id="sm-908">
         <name>unlink</name>
         <value>0x46a9</value>
         <object_component_ref idref="oc-5c6"/>
      </symbol>
      <symbol id="sm-94e">
         <name>Graphics_setBackgroundColor</name>
         <value>0x493b</value>
         <object_component_ref idref="oc-185"/>
      </symbol>
      <symbol id="sm-94f">
         <name>Graphics_setFont</name>
         <value>0x4955</value>
         <object_component_ref idref="oc-191"/>
      </symbol>
      <symbol id="sm-950">
         <name>Graphics_initContext</name>
         <value>0x400b</value>
         <object_component_ref idref="oc-17f"/>
      </symbol>
      <symbol id="sm-951">
         <name>Graphics_setForegroundColor</name>
         <value>0x49e5</value>
         <object_component_ref idref="oc-18b"/>
      </symbol>
      <symbol id="sm-952">
         <name>Graphics_clearDisplay</name>
         <value>0x4a65</value>
         <object_component_ref idref="oc-197"/>
      </symbol>
      <symbol id="sm-97f">
         <name>Graphics_clearDisplayOnDisplay</name>
         <value>0x4921</value>
         <object_component_ref idref="oc-2a2"/>
      </symbol>
      <symbol id="sm-980">
         <name>Graphics_drawPixelOnDisplay</name>
         <value>0x467b</value>
         <object_component_ref idref="oc-2cb"/>
      </symbol>
      <symbol id="sm-981">
         <name>Graphics_translateColorOnDisplay</name>
         <value>0x49fb</value>
         <object_component_ref idref="oc-299"/>
      </symbol>
      <symbol id="sm-982">
         <name>Graphics_drawHorizontalLineOnDisplay</name>
         <value>0x44e1</value>
         <object_component_ref idref="oc-3c3"/>
      </symbol>
      <symbol id="sm-983">
         <name>Graphics_fillRectangleOnDisplay</name>
         <value>0x4875</value>
         <object_component_ref idref="oc-2b2"/>
      </symbol>
      <symbol id="sm-995">
         <name>g_sFontFixed6x8</name>
         <value>0x4ee4</value>
         <object_component_ref idref="oc-1ba"/>
      </symbol>
      <symbol id="sm-9ac">
         <name>Graphics_fillRectangle</name>
         <value>0x2bdd</value>
         <object_component_ref idref="oc-1a8"/>
      </symbol>
      <symbol id="sm-a04">
         <name>Graphics_drawStringCentered</name>
         <value>0x4149</value>
         <object_component_ref idref="oc-1a2"/>
      </symbol>
      <symbol id="sm-a05">
         <name>Graphics_drawString</name>
         <value>0x11b5</value>
         <object_component_ref idref="oc-1ae"/>
      </symbol>
      <symbol id="sm-a06">
         <name>Graphics_getStringWidth</name>
         <value>0x2ffd</value>
         <object_component_ref idref="oc-2aa"/>
      </symbol>
      <symbol id="sm-a19">
         <name>Graphics_drawLineH</name>
         <value>0x34e7</value>
         <object_component_ref idref="oc-2c5"/>
      </symbol>
      <symbol id="sm-a6c">
         <name>ADC14_getResult</name>
         <value>0x46d5</value>
         <object_component_ref idref="oc-e3"/>
      </symbol>
      <symbol id="sm-adb">
         <name>GPIO_setOutputHighOnPin</name>
         <value>0x4725</value>
         <object_component_ref idref="oc-284"/>
      </symbol>
      <symbol id="sm-adc">
         <name>GPIO_getInterruptStatus</name>
         <value>0x47ed</value>
         <object_component_ref idref="oc-22f"/>
      </symbol>
      <symbol id="sm-add">
         <name>GPIO_getEnabledInterruptStatus</name>
         <value>0x38d1</value>
         <object_component_ref idref="oc-ef"/>
      </symbol>
      <symbol id="sm-ade">
         <name>GPIO_setAsOutputPin</name>
         <value>0x4331</value>
         <object_component_ref idref="oc-38c"/>
      </symbol>
      <symbol id="sm-adf">
         <name>GPIO_setOutputLowOnPin</name>
         <value>0x474d</value>
         <object_component_ref idref="oc-27e"/>
      </symbol>
      <symbol id="sm-ae0">
         <name>GPIO_clearInterruptFlag</name>
         <value>0x46fd</value>
         <object_component_ref idref="oc-f5"/>
      </symbol>
      <symbol id="sm-ae1">
         <name>GPIO_setAsPeripheralModuleFunctionOutputPin</name>
         <value>0x373d</value>
         <object_component_ref idref="oc-386"/>
      </symbol>
      <symbol id="sm-ae2">
         <name>GPIO_setAsPeripheralModuleFunctionInputPin</name>
         <value>0x36b5</value>
         <object_component_ref idref="oc-1e1"/>
      </symbol>
      <symbol id="sm-b03">
         <name>REF_A_enableTempSensor</name>
         <value>0x4ab1</value>
         <object_component_ref idref="oc-b9"/>
      </symbol>
      <symbol id="sm-b04">
         <name>REF_A_enableReferenceVoltage</name>
         <value>0x4aa5</value>
         <object_component_ref idref="oc-c5"/>
      </symbol>
      <symbol id="sm-b05">
         <name>REF_A_setReferenceVoltage</name>
         <value>0x4835</value>
         <object_component_ref idref="oc-bf"/>
      </symbol>
      <symbol id="sm-b44">
         <name>EUSCI_B_SPI_enable</name>
         <value>0x49cf</value>
         <object_component_ref idref="oc-4a6"/>
      </symbol>
      <symbol id="sm-b45">
         <name>SPI_enableModule</name>
         <value>0x4893</value>
         <object_component_ref idref="oc-398"/>
      </symbol>
      <symbol id="sm-b46">
         <name>EUSCI_A_SPI_enable</name>
         <value>0x49b9</value>
         <object_component_ref idref="oc-4a0"/>
      </symbol>
      <symbol id="sm-b47">
         <name>SPI_initMaster</name>
         <value>0x3437</value>
         <object_component_ref idref="oc-392"/>
      </symbol>
      <symbol id="sm-b53">
         <name>SysCtl_getTempCalibrationConstant</name>
         <value>0x48b1</value>
         <object_component_ref idref="oc-cb"/>
      </symbol>
      <symbol id="sm-b8b">
         <name>UART_enableModule</name>
         <value>0x4a11</value>
         <object_component_ref idref="oc-1ed"/>
      </symbol>
      <symbol id="sm-b8c">
         <name>UART_transmitData</name>
         <value>0x454d</value>
         <object_component_ref idref="oc-e9"/>
      </symbol>
      <symbol id="sm-b8d">
         <name>UART_initModule</name>
         <value>0x29ad</value>
         <object_component_ref idref="oc-1e7"/>
      </symbol>
      <symbol id="sm-b8f">
         <name>__TI_static_base__</name>
         <value>0x0</value>
      </symbol>
      <symbol id="sm-b92">
         <name>__mpu_init</name>
         <value>0x0</value>
      </symbol>
      <symbol id="sm-b93">
         <name>_system_post_cinit</name>
         <value>0x0</value>
      </symbol>
      <symbol id="sm-b94">
         <name>NMI_Handler</name>
         <value>0x4aa3</value>
      </symbol>
      <symbol id="sm-b95">
         <name>HardFault_Handler</name>
         <value>0x4aa3</value>
      </symbol>
      <symbol id="sm-b96">
         <name>MemManage_Handler</name>
         <value>0x4aa3</value>
      </symbol>
      <symbol id="sm-b97">
         <name>BusFault_Handler</name>
         <value>0x4aa3</value>
      </symbol>
      <symbol id="sm-b98">
         <name>UsageFault_Handler</name>
         <value>0x4aa3</value>
      </symbol>
      <symbol id="sm-b99">
         <name>SVC_Handler</name>
         <value>0x4aa3</value>
      </symbol>
      <symbol id="sm-b9a">
         <name>DebugMon_Handler</name>
         <value>0x4aa3</value>
      </symbol>
      <symbol id="sm-b9b">
         <name>PendSV_Handler</name>
         <value>0x4aa3</value>
      </symbol>
      <symbol id="sm-b9c">
         <name>SysTick_Handler</name>
         <value>0x4aa3</value>
      </symbol>
      <symbol id="sm-b9d">
         <name>PSS_IRQHandler</name>
         <value>0x4aa3</value>
      </symbol>
      <symbol id="sm-b9e">
         <name>CS_IRQHandler</name>
         <value>0x4aa3</value>
      </symbol>
      <symbol id="sm-b9f">
         <name>PCM_IRQHandler</name>
         <value>0x4aa3</value>
      </symbol>
      <symbol id="sm-ba0">
         <name>WDT_A_IRQHandler</name>
         <value>0x4aa3</value>
      </symbol>
      <symbol id="sm-ba1">
         <name>FPU_IRQHandler</name>
         <value>0x4aa3</value>
      </symbol>
      <symbol id="sm-ba2">
         <name>FLCTL_IRQHandler</name>
         <value>0x4aa3</value>
      </symbol>
      <symbol id="sm-ba3">
         <name>COMP_E0_IRQHandler</name>
         <value>0x4aa3</value>
      </symbol>
      <symbol id="sm-ba4">
         <name>COMP_E1_IRQHandler</name>
         <value>0x4aa3</value>
      </symbol>
      <symbol id="sm-ba5">
         <name>TA0_0_IRQHandler</name>
         <value>0x4aa3</value>
      </symbol>
      <symbol id="sm-ba6">
         <name>TA0_N_IRQHandler</name>
         <value>0x4aa3</value>
      </symbol>
      <symbol id="sm-ba7">
         <name>TA1_0_IRQHandler</name>
         <value>0x4aa3</value>
      </symbol>
      <symbol id="sm-ba8">
         <name>TA1_N_IRQHandler</name>
         <value>0x4aa3</value>
      </symbol>
      <symbol id="sm-ba9">
         <name>TA2_0_IRQHandler</name>
         <value>0x4aa3</value>
      </symbol>
      <symbol id="sm-baa">
         <name>TA2_N_IRQHandler</name>
         <value>0x4aa3</value>
      </symbol>
      <symbol id="sm-bab">
         <name>TA3_0_IRQHandler</name>
         <value>0x4aa3</value>
      </symbol>
      <symbol id="sm-bac">
         <name>TA3_N_IRQHandler</name>
         <value>0x4aa3</value>
      </symbol>
      <symbol id="sm-bad">
         <name>EUSCIA0_IRQHandler</name>
         <value>0x4aa3</value>
      </symbol>
      <symbol id="sm-bae">
         <name>EUSCIA1_IRQHandler</name>
         <value>0x4aa3</value>
      </symbol>
      <symbol id="sm-baf">
         <name>EUSCIA2_IRQHandler</name>
         <value>0x4aa3</value>
      </symbol>
      <symbol id="sm-bb0">
         <name>EUSCIA3_IRQHandler</name>
         <value>0x4aa3</value>
      </symbol>
      <symbol id="sm-bb1">
         <name>EUSCIB0_IRQHandler</name>
         <value>0x4aa3</value>
      </symbol>
      <symbol id="sm-bb2">
         <name>EUSCIB1_IRQHandler</name>
         <value>0x4aa3</value>
      </symbol>
      <symbol id="sm-bb3">
         <name>EUSCIB2_IRQHandler</name>
         <value>0x4aa3</value>
      </symbol>
      <symbol id="sm-bb4">
         <name>EUSCIB3_IRQHandler</name>
         <value>0x4aa3</value>
      </symbol>
      <symbol id="sm-bb5">
         <name>ADC14_IRQHandler</name>
         <value>0x1a9b</value>
      </symbol>
      <symbol id="sm-bb6">
         <name>T32_INT1_IRQHandler</name>
         <value>0x4aa3</value>
      </symbol>
      <symbol id="sm-bb7">
         <name>T32_INT2_IRQHandler</name>
         <value>0x4aa3</value>
      </symbol>
      <symbol id="sm-bb8">
         <name>T32_INTC_IRQHandler</name>
         <value>0x4aa3</value>
      </symbol>
      <symbol id="sm-bb9">
         <name>AES256_IRQHandler</name>
         <value>0x4aa3</value>
      </symbol>
      <symbol id="sm-bba">
         <name>RTC_C_IRQHandler</name>
         <value>0x4aa3</value>
      </symbol>
      <symbol id="sm-bbb">
         <name>DMA_ERR_IRQHandler</name>
         <value>0x4aa3</value>
      </symbol>
      <symbol id="sm-bbc">
         <name>DMA_INT3_IRQHandler</name>
         <value>0x4aa3</value>
      </symbol>
      <symbol id="sm-bbd">
         <name>DMA_INT2_IRQHandler</name>
         <value>0x4aa3</value>
      </symbol>
      <symbol id="sm-bbe">
         <name>DMA_INT1_IRQHandler</name>
         <value>0x4aa3</value>
      </symbol>
      <symbol id="sm-bbf">
         <name>DMA_INT0_IRQHandler</name>
         <value>0x4aa3</value>
      </symbol>
      <symbol id="sm-bc0">
         <name>PORT1_IRQHandler</name>
         <value>0x4aa3</value>
      </symbol>
      <symbol id="sm-bc1">
         <name>PORT2_IRQHandler</name>
         <value>0x4aa3</value>
      </symbol>
      <symbol id="sm-bc2">
         <name>PORT3_IRQHandler</name>
         <value>0x4aa3</value>
      </symbol>
      <symbol id="sm-bc3">
         <name>PORT4_IRQHandler</name>
         <value>0x4aa3</value>
      </symbol>
      <symbol id="sm-bc4">
         <name>PORT5_IRQHandler</name>
         <value>0x1b8d</value>
      </symbol>
      <symbol id="sm-bc5">
         <name>PORT6_IRQHandler</name>
         <value>0x4aa3</value>
      </symbol>
      <symbol id="sm-bc6">
         <name>remove</name>
         <value>0x46a9</value>
      </symbol>
   </symbol_table>
   <title>Link successful</title>
</link_info>
