******************************************************************************
                  TI ARM Linker PC v20.2.7                     
******************************************************************************
>> Linked Wed Apr 23 14:14:54 2025

OUTPUT FILE NAME:   <progetto-embedded.out>
ENTRY POINT SYMBOL: "_c_int00_noargs"  address: 00001601


MEMORY CONFIGURATION

         name            origin    length      used     unused   attr    fill
----------------------  --------  ---------  --------  --------  ----  --------
  MAIN                  00000000   00040000  00001c54  0003e3ac  R  X
  INFO                  00200000   00004000  00000000  00004000  R  X
  SRAM_CODE             01000000   00010000  0000023a  0000fdc6  RW X
  SRAM_DATA             20000000   00010000  0000023a  0000fdc6  RW  


SEGMENT ALLOCATION MAP

run origin  load origin   length   init length attrs members
----------  ----------- ---------- ----------- ----- -------
00000000    00000000    00001c58   00001c58    r-x
  00000000    00000000    000000e4   000000e4    r-- .intvecs
  000000e4    000000e4    00001704   00001704    r-x .text
  000017e8    000017e8    00000434   00000434    r-- .const
  00001c20    00001c20    00000038   00000038    r-- .cinit
20000000    20000000    0000003c   00000000    rw-
  20000000    20000000    00000026   00000000    rw- .bss
  20000028    20000028    00000014   00000000    rw- .data
2000fe00    2000fe00    00000200   00000000    rw-
  2000fe00    2000fe00    00000200   00000000    rw- .stack


SECTION ALLOCATION MAP

 output                                  attributes/
section   page    origin      length       input sections
--------  ----  ----------  ----------   ----------------
.intvecs   0    00000000    000000e4     
                  00000000    000000e4     startup_msp432p401r_ccs.obj (.intvecs:retain)

.text      0    000000e4    00001704     
                  000000e4    00000680     Crystalfontz128x128_ST7735.obj (.text)
                  00000764    0000047e     grlib.a : string.obj (.text:Graphics_drawString)
                  00000be2    00000002     --HOLE-- [fill = 0]
                  00000be4    00000334     system_msp432p401r.obj (.text)
                  00000f18    000000fa     grlib.a : string.obj (.text:Graphics_getStringWidth)
                  00001012    00000002     --HOLE-- [fill = 0]
                  00001014    000000cc     HAL_MSP_EXP432P401R_Crystalfontz128x128_ST7735.obj (.text)
                  000010e0    000000b0     msp432p4xx_driverlib.lib : spi.o (.text:SPI_initMaster)
                  00001190    0000009c     grlib.a : line.obj (.text:Graphics_drawLineH)
                  0000122c    0000009c     rtsv7M4_T_le_v4SPD16_eabi.lib : memcpy_t2.asm.obj (.text)
                  000012c8    00000088     msp432p4xx_driverlib.lib : gpio.o (.text:GPIO_setAsPeripheralModuleFunctionOutputPin)
                  00001350    00000070     main.obj (.text)
                  000013c0    00000068     rtsv7M4_T_le_v4SPD16_eabi.lib : copy_decompress_lzss.c.obj (.text:decompress:lzss:__TI_decompress_lzss)
                  00001428    00000052     grlib.a : context.obj (.text:Graphics_initContext)
                  0000147a    00000048             : string.obj (.text:Graphics_drawStringCentered)
                  000014c2    00000002     --HOLE-- [fill = 0]
                  000014c4    00000044     rtsv7M4_T_le_v4SPD16_eabi.lib : autoinit.c.obj (.text:__TI_auto_init_nobinit_nopinit:__TI_auto_init_nobinit_nopinit)
                  00001508    00000040     msp432p4xx_driverlib.lib : gpio.o (.text:GPIO_setAsOutputPin)
                  00001548    00000040     grlib.a : string.obj (.text:Graphics_getNumberOfLeadingZeros)
                  00001588    00000040     msp432p4xx_driverlib.lib : spi.o (.text:is_A_Module)
                  000015c8    00000036     grlib.a : display.obj (.text:Graphics_drawHorizontalLineOnDisplay)
                  000015fe    00000002     --HOLE-- [fill = 0]
                  00001600    00000034     rtsv7M4_T_le_v4SPD16_eabi.lib : boot_cortex_m.c.obj (.text:_c_int00_noargs:_c_int00_noargs)
                  00001634    0000002c     grlib.a : display.obj (.text:Graphics_drawPixelOnDisplay)
                  00001660    00000028     msp432p4xx_driverlib.lib : gpio.o (.text:GPIO_setOutputHighOnPin)
                  00001688    00000028                              : gpio.o (.text:GPIO_setOutputLowOnPin)
                  000016b0    00000024                              : wdt_a.o (.text:WDT_A_holdTimer)
                  000016d4    0000001c                              : spi.o (.text:SPI_enableModule)
                  000016f0    0000001c     rtsv7M4_T_le_v4SPD16_eabi.lib : copy_zero_init.c.obj (.text:decompress:ZI:__TI_zero_init_nomemset:__TI_zero_init_nomemset)
                  0000170c    0000001a     grlib.a : display.obj (.text:Graphics_clearDisplayOnDisplay)
                  00001726    0000001a             : context.obj (.text:Graphics_setBackgroundColor)
                  00001740    0000001a             : context.obj (.text:Graphics_setFont)
                  0000175a    00000016     msp432p4xx_driverlib.lib : spi.o (.text:EUSCI_A_SPI_enable)
                  00001770    00000016                              : spi.o (.text:EUSCI_B_SPI_enable)
                  00001786    00000016     grlib.a : context.obj (.text:Graphics_setForegroundColor)
                  0000179c    00000016             : display.obj (.text:Graphics_translateColorOnDisplay)
                  000017b2    00000012             : context.obj (.text:Graphics_clearDisplay)
                  000017c4    0000000e     rtsv7M4_T_le_v4SPD16_eabi.lib : copy_decompress_none.c.obj (.text:decompress:none:__TI_decompress_none)
                  000017d2    0000000e     startup_msp432p401r_ccs.obj (.text)
                  000017e0    00000004     rtsv7M4_T_le_v4SPD16_eabi.lib : pre_init.c.obj (.text:_system_pre_init)
                  000017e4    00000004                                   : exit.c.obj (.text:abort:abort)

.const     0    000017e8    00000434     
                  000017e8    000002f8     grlib.a : fontfixed6x8.obj (.const:.string:g_pucFontFixed6x8Data)
                  00001ae0    000000c8             : fontfixed6x8.obj (.const:g_sFontFixed6x8)
                  00001ba8    00000030     msp432p4xx_driverlib.lib : gpio.o (.const:GPIO_PORT_TO_BASE)
                  00001bd8    00000020     Crystalfontz128x128_ST7735.obj (.const:g_sCrystalfontz128x128_funcs)
                  00001bf8    0000001c     HAL_MSP_EXP432P401R_Crystalfontz128x128_ST7735.obj (.const:$P$T0$1)
                  00001c14    00000008     Crystalfontz128x128_ST7735.obj (.const:$P$T0$1)

.cinit     0    00001c20    00000038     
                  00001c20    00000012     (.cinit..data.load) [load image, compression = lzss]
                  00001c32    00000002     --HOLE-- [fill = 0]
                  00001c34    0000000c     (__TI_handler_table)
                  00001c40    00000008     (.cinit..bss.load) [load image, compression = zero_init]
                  00001c48    00000010     (__TI_cinit_table)

.init_array 
*          0    00000000    00000000     UNINITIALIZED

.binit     0    00000000    00000000     

.bss       0    20000000    00000026     UNINITIALIZED
                  20000000    0000001c     (.common:g_sContext)
                  2000001c    00000002     (.common:Lcd_ScreenHeigth)
                  2000001e    00000002     (.common:Lcd_ScreenWidth)
                  20000020    00000002     (.common:Lcd_TouchTrim)
                  20000022    00000001     (.common:Lcd_FlagRead)
                  20000023    00000001     (.common:Lcd_FontSolid)
                  20000024    00000001     (.common:Lcd_Orientation)
                  20000025    00000001     (.common:Lcd_PenSolid)

.data      0    20000028    00000014     UNINITIALIZED
                  20000028    00000010     Crystalfontz128x128_ST7735.obj (.data:g_sCrystalfontz128x128)
                  20000038    00000004     system_msp432p401r.obj (.data)

.stack     0    2000fe00    00000200     UNINITIALIZED
                  2000fe00    00000004     rtsv7M4_T_le_v4SPD16_eabi.lib : boot_cortex_m.c.obj (.stack)
                  2000fe04    000001fc     --HOLE--

__llvm_prf_cnts 
*          0    20000000    00000000     UNINITIALIZED

MODULE SUMMARY

       Module                                               code   ro data   rw data
       ------                                               ----   -------   -------
    .\
       system_msp432p401r.obj                               820    0         8      
       startup_msp432p401r_ccs.obj                          14     228       0      
       main.obj                                             112    0         56     
    +--+----------------------------------------------------+------+---------+---------+
       Total:                                               946    228       64     
                                                                                    
    .\LcdDriver\
       Crystalfontz128x128_ST7735.obj                       1664   40        52     
       HAL_MSP_EXP432P401R_Crystalfontz128x128_ST7735.obj   204    28        0      
    +--+----------------------------------------------------+------+---------+---------+
       Total:                                               1868   68        52     
                                                                                    
    C:\ti\ccs1280\ccs\tools\compiler\ti-cgt-arm_20.2.7.LTS\lib\rtsv7M4_T_le_v4SPD16_eabi.lib
       memcpy_t2.asm.obj                                    156    0         0      
       copy_decompress_lzss.c.obj                           104    0         0      
       autoinit.c.obj                                       68     0         0      
       boot_cortex_m.c.obj                                  52     0         0      
       copy_zero_init.c.obj                                 28     0         0      
       copy_decompress_none.c.obj                           14     0         0      
       exit.c.obj                                           4      0         0      
       pre_init.c.obj                                       4      0         0      
    +--+----------------------------------------------------+------+---------+---------+
       Total:                                               430    0         0      
                                                                                    
    Z:/simplelink_msp432p4_sdk_3_40_01_02/source/ti/devices/msp432p4xx/driverlib/ccs/msp432p4xx_driverlib.lib
       gpio.o                                               280    48        0      
       spi.o                                                312    0         0      
       wdt_a.o                                              36     0         0      
    +--+----------------------------------------------------+------+---------+---------+
       Total:                                               628    48        0      
                                                                                    
    Z:/simplelink_msp432p4_sdk_3_40_01_02/source/ti/grlib/lib/ccs/m4/grlib.a
       string.obj                                           1536   0         0      
       fontfixed6x8.obj                                     0      960       0      
       context.obj                                          174    0         0      
       line.obj                                             156    0         0      
       display.obj                                          146    0         0      
    +--+----------------------------------------------------+------+---------+---------+
       Total:                                               2012   960       0      
                                                                                    
       Stack:                                               0      0         1024   
       Linker Generated:                                    0      54        0      
    +--+----------------------------------------------------+------+---------+---------+
       Grand Total:                                         5884   1358      1140   


LINKER GENERATED COPY TABLES

__TI_cinit_table @ 00001c48 records: 2, size/record: 8, table size: 16
	.data: load addr=00001c20, load size=00000012 bytes, run addr=20000028, run size=00000014 bytes, compression=lzss
	.bss: load addr=00001c40, load size=00000008 bytes, run addr=20000000, run size=00000026 bytes, compression=zero_init


LINKER GENERATED HANDLER TABLE

__TI_handler_table @ 00001c34 records: 3, size/record: 4, table size: 12
	index: 0, handler: __TI_decompress_lzss
	index: 1, handler: __TI_decompress_none
	index: 2, handler: __TI_zero_init


GLOBAL SYMBOLS: SORTED ALPHABETICALLY BY Name 

address   name                                       
-------   ----                                       
000017df  ADC14_IRQHandler                           
000017df  AES256_IRQHandler                          
000017df  BusFault_Handler                           
000017e5  C$$EXIT                                    
000017df  COMP_E0_IRQHandler                         
000017df  COMP_E1_IRQHandler                         
000017df  CS_IRQHandler                              
000000e5  Crystalfontz128x128_Init                   
000001f9  Crystalfontz128x128_SetDrawFrame           
00000327  Crystalfontz128x128_SetOrientation         
000017df  DMA_ERR_IRQHandler                         
000017df  DMA_INT0_IRQHandler                        
000017df  DMA_INT1_IRQHandler                        
000017df  DMA_INT2_IRQHandler                        
000017df  DMA_INT3_IRQHandler                        
000017df  DebugMon_Handler                           
000017df  Default_Handler                            
000017df  EUSCIA0_IRQHandler                         
000017df  EUSCIA1_IRQHandler                         
000017df  EUSCIA2_IRQHandler                         
000017df  EUSCIA3_IRQHandler                         
000017df  EUSCIB0_IRQHandler                         
000017df  EUSCIB1_IRQHandler                         
000017df  EUSCIB2_IRQHandler                         
000017df  EUSCIB3_IRQHandler                         
0000175b  EUSCI_A_SPI_enable                         
00001771  EUSCI_B_SPI_enable                         
000017df  FLCTL_IRQHandler                           
000017df  FPU_IRQHandler                             
00001509  GPIO_setAsOutputPin                        
000012c9  GPIO_setAsPeripheralModuleFunctionOutputPin
00001661  GPIO_setOutputHighOnPin                    
00001689  GPIO_setOutputLowOnPin                     
000017b3  Graphics_clearDisplay                      
0000170d  Graphics_clearDisplayOnDisplay             
000015c9  Graphics_drawHorizontalLineOnDisplay       
00001191  Graphics_drawLineH                         
00001635  Graphics_drawPixelOnDisplay                
00000765  Graphics_drawString                        
0000147b  Graphics_drawStringCentered                
00000f19  Graphics_getStringWidth                    
00001429  Graphics_initContext                       
00001727  Graphics_setBackgroundColor                
00001741  Graphics_setFont                           
00001787  Graphics_setForegroundColor                
0000179d  Graphics_translateColorOnDisplay           
00001015  HAL_LCD_PortInit                           
00001045  HAL_LCD_SpiInit                            
0000107b  HAL_LCD_writeCommand                       
000010ab  HAL_LCD_writeData                          
000017df  HardFault_Handler                          
20000022  Lcd_FlagRead                               
20000023  Lcd_FontSolid                              
20000024  Lcd_Orientation                            
20000025  Lcd_PenSolid                               
2000001c  Lcd_ScreenHeigth                           
2000001e  Lcd_ScreenWidth                            
20000020  Lcd_TouchTrim                              
000017df  MemManage_Handler                          
000017df  NMI_Handler                                
000017df  PCM_IRQHandler                             
000017df  PORT1_IRQHandler                           
000017df  PORT2_IRQHandler                           
000017df  PORT3_IRQHandler                           
000017df  PORT4_IRQHandler                           
000017df  PORT5_IRQHandler                           
000017df  PORT6_IRQHandler                           
000017df  PSS_IRQHandler                             
000017df  PendSV_Handler                             
000017df  RTC_C_IRQHandler                           
000017d3  Reset_Handler                              
000016d5  SPI_enableModule                           
000010e1  SPI_initMaster                             
000017df  SVC_Handler                                
000017df  SysTick_Handler                            
20000038  SystemCoreClock                            
00000be5  SystemCoreClockUpdate                      
00000e5d  SystemInit                                 
000017df  T32_INT1_IRQHandler                        
000017df  T32_INT2_IRQHandler                        
000017df  T32_INTC_IRQHandler                        
000017df  TA0_0_IRQHandler                           
000017df  TA0_N_IRQHandler                           
000017df  TA1_0_IRQHandler                           
000017df  TA1_N_IRQHandler                           
000017df  TA2_0_IRQHandler                           
000017df  TA2_N_IRQHandler                           
000017df  TA3_0_IRQHandler                           
000017df  TA3_N_IRQHandler                           
000017df  UsageFault_Handler                         
4000480c  WDTCTL_SYM                                 
000017df  WDT_A_IRQHandler                           
000016b1  WDT_A_holdTimer                            
20010000  __STACK_END                                
00000200  __STACK_SIZE                               
00001c48  __TI_CINIT_Base                            
00001c58  __TI_CINIT_Limit                           
00001c34  __TI_Handler_Table_Base                    
00001c40  __TI_Handler_Table_Limit                   
000014c5  __TI_auto_init_nobinit_nopinit             
000013c1  __TI_decompress_lzss                       
000017c5  __TI_decompress_none                       
ffffffff  __TI_pprof_out_hndl                        
ffffffff  __TI_prof_data_size                        
ffffffff  __TI_prof_data_start                       
00000000  __TI_static_base__                         
000016f1  __TI_zero_init_nomemset                    
0000122d  __aeabi_memcpy                             
0000122d  __aeabi_memcpy4                            
0000122d  __aeabi_memcpy8                            
ffffffff  __binit__                                  
ffffffff  __c_args__                                 
UNDEFED   __mpu_init                                 
2000fe00  __stack                                    
20000000  __start___llvm_prf_cnts                    
20000000  __stop___llvm_prf_cnts                     
00001601  _c_int00_noargs                            
UNDEFED   _system_post_cinit                         
000017e1  _system_pre_init                           
000017e5  abort                                      
ffffffff  binit                                      
20000000  g_sContext                                 
20000028  g_sCrystalfontz128x128                     
00001bd8  g_sCrystalfontz128x128_funcs               
00001ae0  g_sFontFixed6x8                            
00000000  interruptVectors                           
00001351  main                                       
0000122d  memcpy                                     


GLOBAL SYMBOLS: SORTED BY Symbol Address 

address   name                                       
-------   ----                                       
00000000  __TI_static_base__                         
00000000  interruptVectors                           
000000e5  Crystalfontz128x128_Init                   
000001f9  Crystalfontz128x128_SetDrawFrame           
00000200  __STACK_SIZE                               
00000327  Crystalfontz128x128_SetOrientation         
00000765  Graphics_drawString                        
00000be5  SystemCoreClockUpdate                      
00000e5d  SystemInit                                 
00000f19  Graphics_getStringWidth                    
00001015  HAL_LCD_PortInit                           
00001045  HAL_LCD_SpiInit                            
0000107b  HAL_LCD_writeCommand                       
000010ab  HAL_LCD_writeData                          
000010e1  SPI_initMaster                             
00001191  Graphics_drawLineH                         
0000122d  __aeabi_memcpy                             
0000122d  __aeabi_memcpy4                            
0000122d  __aeabi_memcpy8                            
0000122d  memcpy                                     
000012c9  GPIO_setAsPeripheralModuleFunctionOutputPin
00001351  main                                       
000013c1  __TI_decompress_lzss                       
00001429  Graphics_initContext                       
0000147b  Graphics_drawStringCentered                
000014c5  __TI_auto_init_nobinit_nopinit             
00001509  GPIO_setAsOutputPin                        
000015c9  Graphics_drawHorizontalLineOnDisplay       
00001601  _c_int00_noargs                            
00001635  Graphics_drawPixelOnDisplay                
00001661  GPIO_setOutputHighOnPin                    
00001689  GPIO_setOutputLowOnPin                     
000016b1  WDT_A_holdTimer                            
000016d5  SPI_enableModule                           
000016f1  __TI_zero_init_nomemset                    
0000170d  Graphics_clearDisplayOnDisplay             
00001727  Graphics_setBackgroundColor                
00001741  Graphics_setFont                           
0000175b  EUSCI_A_SPI_enable                         
00001771  EUSCI_B_SPI_enable                         
00001787  Graphics_setForegroundColor                
0000179d  Graphics_translateColorOnDisplay           
000017b3  Graphics_clearDisplay                      
000017c5  __TI_decompress_none                       
000017d3  Reset_Handler                              
000017df  ADC14_IRQHandler                           
000017df  AES256_IRQHandler                          
000017df  BusFault_Handler                           
000017df  COMP_E0_IRQHandler                         
000017df  COMP_E1_IRQHandler                         
000017df  CS_IRQHandler                              
000017df  DMA_ERR_IRQHandler                         
000017df  DMA_INT0_IRQHandler                        
000017df  DMA_INT1_IRQHandler                        
000017df  DMA_INT2_IRQHandler                        
000017df  DMA_INT3_IRQHandler                        
000017df  DebugMon_Handler                           
000017df  Default_Handler                            
000017df  EUSCIA0_IRQHandler                         
000017df  EUSCIA1_IRQHandler                         
000017df  EUSCIA2_IRQHandler                         
000017df  EUSCIA3_IRQHandler                         
000017df  EUSCIB0_IRQHandler                         
000017df  EUSCIB1_IRQHandler                         
000017df  EUSCIB2_IRQHandler                         
000017df  EUSCIB3_IRQHandler                         
000017df  FLCTL_IRQHandler                           
000017df  FPU_IRQHandler                             
000017df  HardFault_Handler                          
000017df  MemManage_Handler                          
000017df  NMI_Handler                                
000017df  PCM_IRQHandler                             
000017df  PORT1_IRQHandler                           
000017df  PORT2_IRQHandler                           
000017df  PORT3_IRQHandler                           
000017df  PORT4_IRQHandler                           
000017df  PORT5_IRQHandler                           
000017df  PORT6_IRQHandler                           
000017df  PSS_IRQHandler                             
000017df  PendSV_Handler                             
000017df  RTC_C_IRQHandler                           
000017df  SVC_Handler                                
000017df  SysTick_Handler                            
000017df  T32_INT1_IRQHandler                        
000017df  T32_INT2_IRQHandler                        
000017df  T32_INTC_IRQHandler                        
000017df  TA0_0_IRQHandler                           
000017df  TA0_N_IRQHandler                           
000017df  TA1_0_IRQHandler                           
000017df  TA1_N_IRQHandler                           
000017df  TA2_0_IRQHandler                           
000017df  TA2_N_IRQHandler                           
000017df  TA3_0_IRQHandler                           
000017df  TA3_N_IRQHandler                           
000017df  UsageFault_Handler                         
000017df  WDT_A_IRQHandler                           
000017e1  _system_pre_init                           
000017e5  C$$EXIT                                    
000017e5  abort                                      
00001ae0  g_sFontFixed6x8                            
00001bd8  g_sCrystalfontz128x128_funcs               
00001c34  __TI_Handler_Table_Base                    
00001c40  __TI_Handler_Table_Limit                   
00001c48  __TI_CINIT_Base                            
00001c58  __TI_CINIT_Limit                           
20000000  __start___llvm_prf_cnts                    
20000000  __stop___llvm_prf_cnts                     
20000000  g_sContext                                 
2000001c  Lcd_ScreenHeigth                           
2000001e  Lcd_ScreenWidth                            
20000020  Lcd_TouchTrim                              
20000022  Lcd_FlagRead                               
20000023  Lcd_FontSolid                              
20000024  Lcd_Orientation                            
20000025  Lcd_PenSolid                               
20000028  g_sCrystalfontz128x128                     
20000038  SystemCoreClock                            
2000fe00  __stack                                    
20010000  __STACK_END                                
4000480c  WDTCTL_SYM                                 
ffffffff  __TI_pprof_out_hndl                        
ffffffff  __TI_prof_data_size                        
ffffffff  __TI_prof_data_start                       
ffffffff  __binit__                                  
ffffffff  __c_args__                                 
ffffffff  binit                                      
UNDEFED   __mpu_init                                 
UNDEFED   _system_post_cinit                         

[128 symbols]
