******************************************************************************
                  TI ARM Linker PC v20.2.7                     
******************************************************************************
>> Linked Mon May 12 20:44:04 2025

OUTPUT FILE NAME:   <progetto-embedded.out>
ENTRY POINT SYMBOL: "_c_int00_noargs"  address: 00004015


MEMORY CONFIGURATION

         name            origin    length      used     unused   attr    fill
----------------------  --------  ---------  --------  --------  ----  --------
  MAIN                  00000000   00040000  00004b48  0003b4b8  R  X
  INFO                  00200000   00004000  00000000  00004000  R  X
  SRAM_CODE             01000000   00010000  00000404  0000fbfc  RW X
  SRAM_DATA             20000000   00010000  00000404  0000fbfc  RW  


SEGMENT ALLOCATION MAP

run origin  load origin   length   init length attrs members
----------  ----------- ---------- ----------- ----- -------
00000000    00000000    00004b48   00004b48    r-x
  00000000    00000000    000000e4   000000e4    r-- .intvecs
  000000e4    000000e4    000043f4   000043f4    r-x .text
  000044d8    000044d8    00000638   00000638    r-- .const
  00004b10    00004b10    00000038   00000038    r-- .cinit
20000000    20000000    00000204   00000000    rw-
  20000000    20000000    000001dc   00000000    rw- .bss
  200001dc    200001dc    00000028   00000000    rw- .data
2000fe00    2000fe00    00000200   00000000    rw-
  2000fe00    2000fe00    00000200   00000000    rw- .stack


SECTION ALLOCATION MAP

 output                                  attributes/
section   page    origin      length       input sections
--------  ----  ----------  ----------   ----------------
.intvecs   0    00000000    000000e4     
                  00000000    000000e4     startup_msp432p401r_ccs.obj (.intvecs:retain)

.text      0    000000e4    000043f4     
                  000000e4    00000a4e     rtsv7M4_T_le_v4SPD16_eabi.lib : _printfi.c.obj (.text:__TI_printfi)
                  00000b32    00000002                                   : div0.asm.obj (.text)
                  00000b34    00000680     Crystalfontz128x128_ST7735.obj (.text)
                  000011b4    0000047e     grlib.a : string.obj (.text:Graphics_drawString)
                  00001632    00000002     --HOLE-- [fill = 0]
                  00001634    00000334     system_msp432p401r.obj (.text)
                  00001968    00000270     rtsv7M4_T_le_v4SPD16_eabi.lib : _printfi.c.obj (.text:_pconv_a)
                  00001bd8    00000254     main.obj (.text)
                  00001e2c    00000254     printf.obj (.text)
                  00002080    00000240     display.obj (.text)
                  000022c0    000001d0     rtsv7M4_T_le_v4SPD16_eabi.lib : _printfi.c.obj (.text:_pconv_g)
                  00002490    000001b6                                   : fd_add_t2.asm.obj (.text)
                  00002646    00000002     --HOLE-- [fill = 0]
                  00002648    00000160     msp432p4xx_driverlib.lib : adc14.o (.text:_getIndexForMemRegister)
                  000027a8    0000013c     rtsv7M4_T_le_v4SPD16_eabi.lib : _printfi.c.obj (.text:_pconv_e)
                  000028e4    00000136                                   : fd_div_t2.asm.obj (.text)
                  00002a1a    00000002     --HOLE-- [fill = 0]
                  00002a1c    00000124                                   : _printfi.c.obj (.text:fcvt)
                  00002b40    0000011c     msp432p4xx_driverlib.lib : uart.o (.text:UART_initModule)
                  00002c5c    00000112     grlib.a : rectangle.obj (.text:Graphics_fillRectangle)
                  00002d6e    00000002     --HOLE-- [fill = 0]
                  00002d70    00000110     rtsv7M4_T_le_v4SPD16_eabi.lib : s_scalbn.c.obj (.text:scalbn)
                  00002e80    000000fc                                   : fd_mul_t2.asm.obj (.text)
                  00002f7c    000000fa     grlib.a : string.obj (.text:Graphics_getStringWidth)
                  00003076    00000002     --HOLE-- [fill = 0]
                  00003078    000000cc     HAL_MSP_EXP432P401R_Crystalfontz128x128_ST7735.obj (.text)
                  00003144    000000b4     msp432p4xx_driverlib.lib : adc14.o (.text:ADC14_configureConversionMemory)
                  000031f8    000000b4                              : adc14.o (.text:ADC14_configureMultiSequenceMode)
                  000032ac    000000b1     rtsv7M4_T_le_v4SPD16_eabi.lib : _printfi.c.obj (.text:_ltostr)
                  0000335d    00000001     --HOLE-- [fill = 0]
                  0000335e    000000b0     msp432p4xx_driverlib.lib : spi.o (.text:SPI_initMaster)
                  0000340e    0000009c     grlib.a : line.obj (.text:Graphics_drawLineH)
                  000034aa    0000009c     rtsv7M4_T_le_v4SPD16_eabi.lib : memcpy_t2.asm.obj (.text)
                  00003546    00000096                                   : ull_div_t2.asm.obj (.text)
                  000035dc    00000088     msp432p4xx_driverlib.lib : gpio.o (.text:GPIO_setAsPeripheralModuleFunctionOutputPin)
                  00003664    00000086     rtsv7M4_T_le_v4SPD16_eabi.lib : fd_cmp_t2.asm.obj (.text:__aeabi_cdcmple)
                  000036ea    00000086                                   : fd_cmp_t2.asm.obj (.text:__aeabi_cdrcmple)
                  00003770    00000084     msp432p4xx_driverlib.lib : gpio.o (.text:GPIO_getEnabledInterruptStatus)
                  000037f4    00000080                              : interrupt.o (.text:Interrupt_enableInterrupt)
                  00003874    0000007a     rtsv7M4_T_le_v4SPD16_eabi.lib : memset_t2.asm.obj (.text)
                  000038ee    00000002     --HOLE-- [fill = 0]
                  000038f0    00000078     serial.obj (.text)
                  00003968    0000006e     rtsv7M4_T_le_v4SPD16_eabi.lib : _printfi.c.obj (.text:_mcpy)
                  000039d6    00000068     controls.obj (.text)
                  00003a3e    00000068     rtsv7M4_T_le_v4SPD16_eabi.lib : copy_decompress_lzss.c.obj (.text:decompress:lzss:__TI_decompress_lzss)
                  00003aa6    00000064     msp432p4xx_driverlib.lib : uart.o (.text:UART_getEnabledInterruptStatus)
                  00003b0a    00000002     --HOLE-- [fill = 0]
                  00003b0c    00000064     rtsv7M4_T_le_v4SPD16_eabi.lib : s_frexp.c.obj (.text:frexp)
                  00003b70    00000056                                   : _printfi.c.obj (.text:_pconv_f)
                  00003bc6    00000002     --HOLE-- [fill = 0]
                  00003bc8    00000054     msp432p4xx_driverlib.lib : adc14.o (.text:ADC14_initModule)
                  00003c1c    00000054     rtsv7M4_T_le_v4SPD16_eabi.lib : _ltoa.c.obj (.text:__TI_ltoa)
                  00003c70    00000052     grlib.a : context.obj (.text:Graphics_initContext)
                  00003cc2    00000052     rtsv7M4_T_le_v4SPD16_eabi.lib : _printfi.c.obj (.text:_ecpy)
                  00003d14    0000004c                                   : atoi.c.obj (.text:atoi)
                  00003d60    00000048     grlib.a : string.obj (.text:Graphics_drawStringCentered)
                  00003da8    00000048     rtsv7M4_T_le_v4SPD16_eabi.lib : fd_toi_t2.asm.obj (.text)
                  00003df0    00000044                                   : autoinit.c.obj (.text:__TI_auto_init_nobinit_nopinit:__TI_auto_init_nobinit_nopinit)
                  00003e34    00000040     msp432p4xx_driverlib.lib : gpio.o (.text:GPIO_setAsOutputPin)
                  00003e74    00000040     grlib.a : string.obj (.text:Graphics_getNumberOfLeadingZeros)
                  00003eb4    00000040     msp432p4xx_driverlib.lib : spi.o (.text:is_A_Module)
                  00003ef4    00000040     rtsv7M4_T_le_v4SPD16_eabi.lib : sprintf.c.obj (.text:sprintf)
                  00003f34    0000003e                                   : _printfi.c.obj (.text:_fcpy)
                  00003f72    00000038                                   : fs_tod_t2.asm.obj (.text)
                  00003faa    00000036     grlib.a : display.obj (.text:Graphics_drawHorizontalLineOnDisplay)
                  00003fe0    00000034     msp432p4xx_driverlib.lib : adc14.o (.text:ADC14_enableSampleTimer)
                  00004014    00000034     rtsv7M4_T_le_v4SPD16_eabi.lib : boot_cortex_m.c.obj (.text:_c_int00_noargs:_c_int00_noargs)
                  00004048    00000030     msp432p4xx_driverlib.lib : adc14.o (.text:ADC14_enableInterrupt)
                  00004078    00000030                              : adc14.o (.text:ADC14_setSampleHoldTime)
                  000040a8    00000030                              : uart.o (.text:UART_receiveData)
                  000040d8    0000002e     rtsv7M4_T_le_v4SPD16_eabi.lib : i_tofd_t2.asm.obj (.text)
                  00004106    00000002     --HOLE-- [fill = 0]
                  00004108    0000002c     msp432p4xx_driverlib.lib : adc14.o (.text:ADC14_toggleConversionTrigger)
                  00004134    0000002c     grlib.a : display.obj (.text:Graphics_drawPixelOnDisplay)
                  00004160    00000028     msp432p4xx_driverlib.lib : adc14.o (.text:ADC14_enableConversion)
                  00004188    00000028                              : adc14.o (.text:ADC14_getResult)
                  000041b0    00000028                              : gpio.o (.text:GPIO_clearInterruptFlag)
                  000041d8    00000028                              : gpio.o (.text:GPIO_setOutputHighOnPin)
                  00004200    00000028                              : gpio.o (.text:GPIO_setOutputLowOnPin)
                  00004228    00000024                              : gpio.o (.text:GPIO_getInterruptStatus)
                  0000424c    00000020                              : ref_a.o (.text:REF_A_setReferenceVoltage)
                  0000426c    0000001e     grlib.a : display.obj (.text:Graphics_fillRectangleOnDisplay)
                  0000428a    0000001c     msp432p4xx_driverlib.lib : spi.o (.text:SPI_enableModule)
                  000042a6    00000002     --HOLE-- [fill = 0]
                  000042a8    0000001c                              : sysctl.o (.text:SysCtl_getTempCalibrationConstant)
                  000042c4    0000001c     rtsv7M4_T_le_v4SPD16_eabi.lib : copy_zero_init.c.obj (.text:decompress:ZI:__TI_zero_init_nomemset:__TI_zero_init_nomemset)
                  000042e0    0000001c                                   : memccpy.c.obj (.text:memccpy)
                  000042fc    0000001a     grlib.a : display.obj (.text:Graphics_clearDisplayOnDisplay)
                  00004316    0000001a             : context.obj (.text:Graphics_setBackgroundColor)
                  00004330    0000001a             : context.obj (.text:Graphics_setFont)
                  0000434a    0000001a     rtsv7M4_T_le_v4SPD16_eabi.lib : s_copysign.c.obj (.text:copysign)
                  00004364    00000018     msp432p4xx_driverlib.lib : uart.o (.text:UART_getInterruptStatus)
                  0000437c    00000018     rtsv7M4_T_le_v4SPD16_eabi.lib : sprintf.c.obj (.text:_outs)
                  00004394    00000016     msp432p4xx_driverlib.lib : spi.o (.text:EUSCI_A_SPI_enable)
                  000043aa    00000016                              : spi.o (.text:EUSCI_B_SPI_enable)
                  000043c0    00000016     grlib.a : context.obj (.text:Graphics_setForegroundColor)
                  000043d6    00000016             : display.obj (.text:Graphics_translateColorOnDisplay)
                  000043ec    00000016     msp432p4xx_driverlib.lib : uart.o (.text:UART_clearInterruptFlag)
                  00004402    00000016     rtsv7M4_T_le_v4SPD16_eabi.lib : strchr.c.obj (.text:strchr)
                  00004418    00000014                                   : strlen.c.obj (.text:strlen)
                  0000442c    00000012     grlib.a : context.obj (.text:Graphics_clearDisplay)
                  0000443e    00000012     rtsv7M4_T_le_v4SPD16_eabi.lib : wcslen.c.obj (.text:wcslen)
                  00004450    00000010     msp432p4xx_driverlib.lib : adc14.o (.text:ADCIsConversionRunning)
                  00004460    00000010                              : interrupt.o (.text:Interrupt_enableMaster)
                  00004470    0000000e     rtsv7M4_T_le_v4SPD16_eabi.lib : copy_decompress_none.c.obj (.text:decompress:none:__TI_decompress_none)
                  0000447e    0000000e     startup_msp432p401r_ccs.obj (.text)
                  0000448c    0000000c     msp432p4xx_driverlib.lib : adc14.o (.text:ADC14_enableModule)
                  00004498    0000000c                              : cpu.o (.text:CPU_cpsie)
                  000044a4    0000000c                              : ref_a.o (.text:REF_A_enableReferenceVoltage)
                  000044b0    0000000c                              : ref_a.o (.text:REF_A_enableTempSensor)
                  000044bc    0000000a     rtsv7M4_T_le_v4SPD16_eabi.lib : sprintf.c.obj (.text:_outc)
                  000044c6    00000002     --HOLE-- [fill = 0]
                  000044c8    00000008                                   : errno.c.obj (.text:__aeabi_errno_addr)
                  000044d0    00000004                                   : pre_init.c.obj (.text:_system_pre_init)
                  000044d4    00000004                                   : exit.c.obj (.text:abort:abort)

.const     0    000044d8    00000638     
                  000044d8    000002f8     grlib.a : fontfixed6x8.obj (.const:.string:g_pucFontFixed6x8Data)
                  000047d0    00000101     rtsv7M4_T_le_v4SPD16_eabi.lib : ctype.c.obj (.const:.string:_ctypes_)
                  000048d1    00000003     --HOLE-- [fill = 0]
                  000048d4    000000c8     grlib.a : fontfixed6x8.obj (.const:g_sFontFixed6x8)
                  0000499c    00000080     msp432p4xx_driverlib.lib : adc14.o (.const:_ctlRegs)
                  00004a1c    00000030                              : gpio.o (.const:GPIO_PORT_TO_BASE)
                  00004a4c    00000028     printf.obj (.const:dv)
                  00004a74    00000028     serial.obj (.const:uartConfigAclk)
                  00004a9c    00000020     Crystalfontz128x128_ST7735.obj (.const:g_sCrystalfontz128x128_funcs)
                  00004abc    0000001c     HAL_MSP_EXP432P401R_Crystalfontz128x128_ST7735.obj (.const:$P$T0$1)
                  00004ad8    00000010     printf.obj (.const:.string:hex$1)
                  00004ae8    00000008     Crystalfontz128x128_ST7735.obj (.const:$P$T0$1)
                  00004af0    00000008     display.obj (.const:$P$T0$1)
                  00004af8    00000008     display.obj (.const:$P$T1$2)
                  00004b00    00000008     display.obj (.const:$P$T2$3)
                  00004b08    00000008     msp432p4xx_driverlib.lib : interrupt.o (.const:g_pulEnRegs)

.cinit     0    00004b10    00000038     
                  00004b10    00000014     (.cinit..data.load) [load image, compression = lzss]
                  00004b24    0000000c     (__TI_handler_table)
                  00004b30    00000008     (.cinit..bss.load) [load image, compression = zero_init]
                  00004b38    00000010     (__TI_cinit_table)

.init_array 
*          0    00000000    00000000     UNINITIALIZED

.binit     0    00000000    00000000     

.bss       0    20000000    000001dc     UNINITIALIZED
                  20000000    00000190     (.common:list)
                  20000190    0000001c     (.common:g_sContext)
                  200001ac    00000014     main.obj (.bss:word)
                  200001c0    00000008     display.obj (.bss)
                  200001c8    00000004     (.common:calDifference)
                  200001cc    00000002     main.obj (.bss)
                  200001ce    00000002     (.common:Lcd_ScreenHeigth)
                  200001d0    00000002     (.common:Lcd_ScreenWidth)
                  200001d2    00000002     (.common:Lcd_TouchTrim)
                  200001d4    00000002     (.common:cal30)
                  200001d6    00000002     (.common:cal85)
                  200001d8    00000001     (.common:Lcd_FlagRead)
                  200001d9    00000001     (.common:Lcd_FontSolid)
                  200001da    00000001     (.common:Lcd_Orientation)
                  200001db    00000001     (.common:Lcd_PenSolid)

.data      0    200001dc    00000028     UNINITIALIZED
                  200001dc    00000010     Crystalfontz128x128_ST7735.obj (.data:g_sCrystalfontz128x128)
                  200001ec    00000008     display.obj (.data)
                  200001f4    00000007     main.obj (.data)
                  200001fb    00000001     --HOLE--
                  200001fc    00000004     rtsv7M4_T_le_v4SPD16_eabi.lib : errno.c.obj (.data)
                  20000200    00000004     system_msp432p401r.obj (.data)

.stack     0    2000fe00    00000200     UNINITIALIZED
                  2000fe00    00000004     rtsv7M4_T_le_v4SPD16_eabi.lib : boot_cortex_m.c.obj (.stack)
                  2000fe04    000001fc     --HOLE--

__llvm_prf_cnts 
*          0    20000000    00000000     UNINITIALIZED

MODULE SUMMARY

       Module                                               code    ro data   rw data
       ------                                               ----    -------   -------
    .\
       main.obj                                             596     0         930    
       system_msp432p401r.obj                               820     0         8      
       startup_msp432p401r_ccs.obj                          14      228       0      
    +--+----------------------------------------------------+-------+---------+---------+
       Total:                                               1430    228       938    
                                                                                     
    .\LcdDriver\
       Crystalfontz128x128_ST7735.obj                       1664    40        52     
       HAL_MSP_EXP432P401R_Crystalfontz128x128_ST7735.obj   204     28        0      
    +--+----------------------------------------------------+-------+---------+---------+
       Total:                                               1868    68        52     
                                                                                     
    .\utils\controls\
       controls.obj                                         104     0         0      
    +--+----------------------------------------------------+-------+---------+---------+
       Total:                                               104     0         0      
                                                                                     
    .\utils\display\
       display.obj                                          576     24        32     
    +--+----------------------------------------------------+-------+---------+---------+
       Total:                                               576     24        32     
                                                                                     
    .\utils\serial\
       printf.obj                                           596     56        0      
       serial.obj                                           120     40        0      
    +--+----------------------------------------------------+-------+---------+---------+
       Total:                                               716     96        0      
                                                                                     
    C:\ti\ccs1280\ccs\tools\compiler\ti-cgt-arm_20.2.7.LTS\lib\rtsv7M4_T_le_v4SPD16_eabi.lib
       _printfi.c.obj                                       4851    0         0      
       fd_add_t2.asm.obj                                    438     0         0      
       fd_div_t2.asm.obj                                    310     0         0      
       s_scalbn.c.obj                                       272     0         0      
       fd_cmp_t2.asm.obj                                    268     0         0      
       ctype.c.obj                                          0       257       0      
       fd_mul_t2.asm.obj                                    252     0         0      
       memcpy_t2.asm.obj                                    156     0         0      
       ull_div_t2.asm.obj                                   150     0         0      
       memset_t2.asm.obj                                    122     0         0      
       copy_decompress_lzss.c.obj                           104     0         0      
       s_frexp.c.obj                                        100     0         0      
       sprintf.c.obj                                        98      0         0      
       _ltoa.c.obj                                          84      0         0      
       atoi.c.obj                                           76      0         0      
       fd_toi_t2.asm.obj                                    72      0         0      
       autoinit.c.obj                                       68      0         0      
       fs_tod_t2.asm.obj                                    56      0         0      
       boot_cortex_m.c.obj                                  52      0         0      
       i_tofd_t2.asm.obj                                    46      0         0      
       copy_zero_init.c.obj                                 28      0         0      
       memccpy.c.obj                                        28      0         0      
       s_copysign.c.obj                                     26      0         0      
       strchr.c.obj                                         22      0         0      
       strlen.c.obj                                         20      0         0      
       wcslen.c.obj                                         18      0         0      
       errno.c.obj                                          8       0         8      
       copy_decompress_none.c.obj                           14      0         0      
       exit.c.obj                                           4       0         0      
       pre_init.c.obj                                       4       0         0      
       div0.asm.obj                                         2       0         0      
    +--+----------------------------------------------------+-------+---------+---------+
       Total:                                               7749    257       8      
                                                                                     
    Z:/simplelink_msp432p4_sdk_3_40_01_02/source/ti/devices/msp432p4xx/driverlib/ccs/msp432p4xx_driverlib.lib
       adc14.o                                              1096    128       0      
       gpio.o                                               488     48        0      
       uart.o                                               478     0         0      
       spi.o                                                312     0         0      
       interrupt.o                                          144     8         0      
       ref_a.o                                              56      0         0      
       sysctl.o                                             28      0         0      
       cpu.o                                                12      0         0      
    +--+----------------------------------------------------+-------+---------+---------+
       Total:                                               2614    184       0      
                                                                                     
    Z:/simplelink_msp432p4_sdk_3_40_01_02/source/ti/grlib/lib/ccs/m4/grlib.a
       string.obj                                           1536    0         0      
       fontfixed6x8.obj                                     0       960       0      
       rectangle.obj                                        274     0         0      
       display.obj                                          176     0         0      
       context.obj                                          174     0         0      
       line.obj                                             156     0         0      
    +--+----------------------------------------------------+-------+---------+---------+
       Total:                                               2316    960       0      
                                                                                     
       Stack:                                               0       0         1024   
       Linker Generated:                                    0       56        0      
    +--+----------------------------------------------------+-------+---------+---------+
       Grand Total:                                         17373   1873      2054   


LINKER GENERATED COPY TABLES

__TI_cinit_table @ 00004b38 records: 2, size/record: 8, table size: 16
	.data: load addr=00004b10, load size=00000014 bytes, run addr=200001dc, run size=00000028 bytes, compression=lzss
	.bss: load addr=00004b30, load size=00000008 bytes, run addr=20000000, run size=000001dc bytes, compression=zero_init


LINKER GENERATED HANDLER TABLE

__TI_handler_table @ 00004b24 records: 3, size/record: 4, table size: 12
	index: 0, handler: __TI_decompress_lzss
	index: 1, handler: __TI_decompress_none
	index: 2, handler: __TI_zero_init


GLOBAL SYMBOLS: SORTED ALPHABETICALLY BY Name 

address   name                                       
-------   ----                                       
00001cc3  ADC14_IRQHandler                           
00001cc3  ADC14_IRQHandler                           
00003145  ADC14_configureConversionMemory            
000031f9  ADC14_configureMultiSequenceMode           
00004161  ADC14_enableConversion                     
00004049  ADC14_enableInterrupt                      
0000448d  ADC14_enableModule                         
00003fe1  ADC14_enableSampleTimer                    
00004189  ADC14_getResult                            
00003bc9  ADC14_initModule                           
00004079  ADC14_setSampleHoldTime                    
00004109  ADC14_toggleConversionTrigger              
0000448b  AES256_IRQHandler                          
0000448b  BusFault_Handler                           
000044d5  C$$EXIT                                    
0000448b  COMP_E0_IRQHandler                         
0000448b  COMP_E1_IRQHandler                         
00004499  CPU_cpsie                                  
0000448b  CS_IRQHandler                              
00000b35  Crystalfontz128x128_Init                   
00000c49  Crystalfontz128x128_SetDrawFrame           
00000d77  Crystalfontz128x128_SetOrientation         
0000448b  DMA_ERR_IRQHandler                         
0000448b  DMA_INT0_IRQHandler                        
0000448b  DMA_INT1_IRQHandler                        
0000448b  DMA_INT2_IRQHandler                        
0000448b  DMA_INT3_IRQHandler                        
0000448b  DebugMon_Handler                           
0000448b  Default_Handler                            
00001d71  EUSCIA0_IRQHandler                         
00001d71  EUSCIA0_IRQHandler                         
0000448b  EUSCIA1_IRQHandler                         
0000448b  EUSCIA2_IRQHandler                         
0000448b  EUSCIA3_IRQHandler                         
0000448b  EUSCIB0_IRQHandler                         
0000448b  EUSCIB1_IRQHandler                         
0000448b  EUSCIB2_IRQHandler                         
0000448b  EUSCIB3_IRQHandler                         
00004395  EUSCI_A_SPI_enable                         
000043ab  EUSCI_B_SPI_enable                         
0000448b  FLCTL_IRQHandler                           
0000448b  FPU_IRQHandler                             
000041b1  GPIO_clearInterruptFlag                    
00003771  GPIO_getEnabledInterruptStatus             
00004229  GPIO_getInterruptStatus                    
00003e35  GPIO_setAsOutputPin                        
000035dd  GPIO_setAsPeripheralModuleFunctionOutputPin
000041d9  GPIO_setOutputHighOnPin                    
00004201  GPIO_setOutputLowOnPin                     
0000442d  Graphics_clearDisplay                      
000042fd  Graphics_clearDisplayOnDisplay             
00003fab  Graphics_drawHorizontalLineOnDisplay       
0000340f  Graphics_drawLineH                         
00004135  Graphics_drawPixelOnDisplay                
000011b5  Graphics_drawString                        
00003d61  Graphics_drawStringCentered                
00002c5d  Graphics_fillRectangle                     
0000426d  Graphics_fillRectangleOnDisplay            
00002f7d  Graphics_getStringWidth                    
00003c71  Graphics_initContext                       
00004317  Graphics_setBackgroundColor                
00004331  Graphics_setFont                           
000043c1  Graphics_setForegroundColor                
000043d7  Graphics_translateColorOnDisplay           
00003079  HAL_LCD_PortInit                           
000030a9  HAL_LCD_SpiInit                            
000030df  HAL_LCD_writeCommand                       
0000310f  HAL_LCD_writeData                          
0000448b  HardFault_Handler                          
000037f5  Interrupt_enableInterrupt                  
00004461  Interrupt_enableMaster                     
200001d8  Lcd_FlagRead                               
200001d9  Lcd_FontSolid                              
200001da  Lcd_Orientation                            
200001db  Lcd_PenSolid                               
200001ce  Lcd_ScreenHeigth                           
200001d0  Lcd_ScreenWidth                            
200001d2  Lcd_TouchTrim                              
0000448b  MemManage_Handler                          
0000448b  NMI_Handler                                
0000448b  PCM_IRQHandler                             
0000448b  PORT1_IRQHandler                           
0000448b  PORT2_IRQHandler                           
0000448b  PORT3_IRQHandler                           
0000448b  PORT4_IRQHandler                           
00001d51  PORT5_IRQHandler                           
00001d51  PORT5_IRQHandler                           
0000448b  PORT6_IRQHandler                           
0000448b  PSS_IRQHandler                             
0000448b  PendSV_Handler                             
000044a5  REF_A_enableReferenceVoltage               
000044b1  REF_A_enableTempSensor                     
0000424d  REF_A_setReferenceVoltage                  
0000448b  RTC_C_IRQHandler                           
0000447f  Reset_Handler                              
0000428b  SPI_enableModule                           
0000335f  SPI_initMaster                             
0000448b  SVC_Handler                                
000042a9  SysCtl_getTempCalibrationConstant          
0000448b  SysTick_Handler                            
20000200  SystemCoreClock                            
00001635  SystemCoreClockUpdate                      
000018ad  SystemInit                                 
0000448b  T32_INT1_IRQHandler                        
0000448b  T32_INT2_IRQHandler                        
0000448b  T32_INTC_IRQHandler                        
0000448b  TA0_0_IRQHandler                           
0000448b  TA0_N_IRQHandler                           
0000448b  TA1_0_IRQHandler                           
0000448b  TA1_N_IRQHandler                           
0000448b  TA2_0_IRQHandler                           
0000448b  TA2_N_IRQHandler                           
0000448b  TA3_0_IRQHandler                           
0000448b  TA3_N_IRQHandler                           
000043ed  UART_clearInterruptFlag                    
00003aa7  UART_getEnabledInterruptStatus             
00004365  UART_getInterruptStatus                    
00002b41  UART_initModule                            
000040a9  UART_receiveData                           
0000448b  UsageFault_Handler                         
4000480c  WDTCTL_SYM                                 
0000448b  WDT_A_IRQHandler                           
20010000  __STACK_END                                
00000200  __STACK_SIZE                               
00004b38  __TI_CINIT_Base                            
00004b48  __TI_CINIT_Limit                           
00004b24  __TI_Handler_Table_Base                    
00004b30  __TI_Handler_Table_Limit                   
00003df1  __TI_auto_init_nobinit_nopinit             
00003a3f  __TI_decompress_lzss                       
00004471  __TI_decompress_none                       
00003c1d  __TI_ltoa                                  
ffffffff  __TI_pprof_out_hndl                        
000000e5  __TI_printfi                               
ffffffff  __TI_prof_data_size                        
ffffffff  __TI_prof_data_start                       
00000000  __TI_static_base__                         
000042c5  __TI_zero_init_nomemset                    
00003665  __aeabi_cdcmpeq                            
00003665  __aeabi_cdcmple                            
000036eb  __aeabi_cdrcmple                           
00003da9  __aeabi_d2iz                               
0000249b  __aeabi_dadd                               
000028e5  __aeabi_ddiv                               
00002e81  __aeabi_dmul                               
00002491  __aeabi_dsub                               
000044c9  __aeabi_errno_addr                         
00003f73  __aeabi_f2d                                
000040d9  __aeabi_i2d                                
00000b33  __aeabi_idiv0                              
00000b33  __aeabi_ldiv0                              
00003875  __aeabi_memclr                             
00003875  __aeabi_memclr4                            
00003875  __aeabi_memclr8                            
000034ab  __aeabi_memcpy                             
000034ab  __aeabi_memcpy4                            
000034ab  __aeabi_memcpy8                            
00003877  __aeabi_memset                             
00003877  __aeabi_memset4                            
00003877  __aeabi_memset8                            
00003547  __aeabi_uldivmod                           
ffffffff  __binit__                                  
ffffffff  __c_args__                                 
UNDEFED   __mpu_init                                 
2000fe00  __stack                                    
20000000  __start___llvm_prf_cnts                    
20000000  __stop___llvm_prf_cnts                     
00004015  _c_int00_noargs                            
000047d0  _ctypes_                                   
UNDEFED   _system_post_cinit                         
000044d1  _system_pre_init                           
000044d5  abort                                      
00003d15  atoi                                       
ffffffff  binit                                      
200001d4  cal30                                      
200001d6  cal85                                      
200001c8  calDifference                              
0000434b  copysign                                   
0000434b  copysignl                                  
200001f6  counter                                    
000020eb  display_information                        
00002137  display_list                               
200001fc  errno                                      
00003b0d  frexp                                      
00003b0d  frexpl                                     
20000190  g_sContext                                 
200001dc  g_sCrystalfontz128x128                     
00004a9c  g_sCrystalfontz128x128_funcs               
000048d4  g_sFontFixed6x8                            
000020bb  get_list                                   
200001f4  index                                      
00002081  init_display                               
00000000  interruptVectors                           
00002d71  ldexp                                      
00002d71  ldexpl                                     
20000000  list                                       
00001f11  lprintf                                    
00001bd9  main                                       
000042e1  memccpy                                    
000034ab  memcpy                                     
0000387d  memset                                     
00001e6b  putc                                       
00001e47  puts                                       
00002d71  scalbn                                     
00002d71  scalbnl                                    
200001f0  scrollOffset                               
00002253  scroll_down                                
00002223  scroll_up                                  
0000220f  select_index                               
200001ec  selectedIndex                              
00001e2d  sendByte                                   
000039d7  setup_adc                                  
000038f1  setup_serial                               
00003ef5  sprintf                                    
00004403  strchr                                     
00004419  strlen                                     
00004a74  uartConfigAclk                             
0000443f  wcslen                                     


GLOBAL SYMBOLS: SORTED BY Symbol Address 

address   name                                       
-------   ----                                       
00000000  __TI_static_base__                         
00000000  interruptVectors                           
000000e5  __TI_printfi                               
00000200  __STACK_SIZE                               
00000b33  __aeabi_idiv0                              
00000b33  __aeabi_ldiv0                              
00000b35  Crystalfontz128x128_Init                   
00000c49  Crystalfontz128x128_SetDrawFrame           
00000d77  Crystalfontz128x128_SetOrientation         
000011b5  Graphics_drawString                        
00001635  SystemCoreClockUpdate                      
000018ad  SystemInit                                 
00001bd9  main                                       
00001cc3  ADC14_IRQHandler                           
00001cc3  ADC14_IRQHandler                           
00001d51  PORT5_IRQHandler                           
00001d51  PORT5_IRQHandler                           
00001d71  EUSCIA0_IRQHandler                         
00001d71  EUSCIA0_IRQHandler                         
00001e2d  sendByte                                   
00001e47  puts                                       
00001e6b  putc                                       
00001f11  lprintf                                    
00002081  init_display                               
000020bb  get_list                                   
000020eb  display_information                        
00002137  display_list                               
0000220f  select_index                               
00002223  scroll_up                                  
00002253  scroll_down                                
00002491  __aeabi_dsub                               
0000249b  __aeabi_dadd                               
000028e5  __aeabi_ddiv                               
00002b41  UART_initModule                            
00002c5d  Graphics_fillRectangle                     
00002d71  ldexp                                      
00002d71  ldexpl                                     
00002d71  scalbn                                     
00002d71  scalbnl                                    
00002e81  __aeabi_dmul                               
00002f7d  Graphics_getStringWidth                    
00003079  HAL_LCD_PortInit                           
000030a9  HAL_LCD_SpiInit                            
000030df  HAL_LCD_writeCommand                       
0000310f  HAL_LCD_writeData                          
00003145  ADC14_configureConversionMemory            
000031f9  ADC14_configureMultiSequenceMode           
0000335f  SPI_initMaster                             
0000340f  Graphics_drawLineH                         
000034ab  __aeabi_memcpy                             
000034ab  __aeabi_memcpy4                            
000034ab  __aeabi_memcpy8                            
000034ab  memcpy                                     
00003547  __aeabi_uldivmod                           
000035dd  GPIO_setAsPeripheralModuleFunctionOutputPin
00003665  __aeabi_cdcmpeq                            
00003665  __aeabi_cdcmple                            
000036eb  __aeabi_cdrcmple                           
00003771  GPIO_getEnabledInterruptStatus             
000037f5  Interrupt_enableInterrupt                  
00003875  __aeabi_memclr                             
00003875  __aeabi_memclr4                            
00003875  __aeabi_memclr8                            
00003877  __aeabi_memset                             
00003877  __aeabi_memset4                            
00003877  __aeabi_memset8                            
0000387d  memset                                     
000038f1  setup_serial                               
000039d7  setup_adc                                  
00003a3f  __TI_decompress_lzss                       
00003aa7  UART_getEnabledInterruptStatus             
00003b0d  frexp                                      
00003b0d  frexpl                                     
00003bc9  ADC14_initModule                           
00003c1d  __TI_ltoa                                  
00003c71  Graphics_initContext                       
00003d15  atoi                                       
00003d61  Graphics_drawStringCentered                
00003da9  __aeabi_d2iz                               
00003df1  __TI_auto_init_nobinit_nopinit             
00003e35  GPIO_setAsOutputPin                        
00003ef5  sprintf                                    
00003f73  __aeabi_f2d                                
00003fab  Graphics_drawHorizontalLineOnDisplay       
00003fe1  ADC14_enableSampleTimer                    
00004015  _c_int00_noargs                            
00004049  ADC14_enableInterrupt                      
00004079  ADC14_setSampleHoldTime                    
000040a9  UART_receiveData                           
000040d9  __aeabi_i2d                                
00004109  ADC14_toggleConversionTrigger              
00004135  Graphics_drawPixelOnDisplay                
00004161  ADC14_enableConversion                     
00004189  ADC14_getResult                            
000041b1  GPIO_clearInterruptFlag                    
000041d9  GPIO_setOutputHighOnPin                    
00004201  GPIO_setOutputLowOnPin                     
00004229  GPIO_getInterruptStatus                    
0000424d  REF_A_setReferenceVoltage                  
0000426d  Graphics_fillRectangleOnDisplay            
0000428b  SPI_enableModule                           
000042a9  SysCtl_getTempCalibrationConstant          
000042c5  __TI_zero_init_nomemset                    
000042e1  memccpy                                    
000042fd  Graphics_clearDisplayOnDisplay             
00004317  Graphics_setBackgroundColor                
00004331  Graphics_setFont                           
0000434b  copysign                                   
0000434b  copysignl                                  
00004365  UART_getInterruptStatus                    
00004395  EUSCI_A_SPI_enable                         
000043ab  EUSCI_B_SPI_enable                         
000043c1  Graphics_setForegroundColor                
000043d7  Graphics_translateColorOnDisplay           
000043ed  UART_clearInterruptFlag                    
00004403  strchr                                     
00004419  strlen                                     
0000442d  Graphics_clearDisplay                      
0000443f  wcslen                                     
00004461  Interrupt_enableMaster                     
00004471  __TI_decompress_none                       
0000447f  Reset_Handler                              
0000448b  AES256_IRQHandler                          
0000448b  BusFault_Handler                           
0000448b  COMP_E0_IRQHandler                         
0000448b  COMP_E1_IRQHandler                         
0000448b  CS_IRQHandler                              
0000448b  DMA_ERR_IRQHandler                         
0000448b  DMA_INT0_IRQHandler                        
0000448b  DMA_INT1_IRQHandler                        
0000448b  DMA_INT2_IRQHandler                        
0000448b  DMA_INT3_IRQHandler                        
0000448b  DebugMon_Handler                           
0000448b  Default_Handler                            
0000448b  EUSCIA1_IRQHandler                         
0000448b  EUSCIA2_IRQHandler                         
0000448b  EUSCIA3_IRQHandler                         
0000448b  EUSCIB0_IRQHandler                         
0000448b  EUSCIB1_IRQHandler                         
0000448b  EUSCIB2_IRQHandler                         
0000448b  EUSCIB3_IRQHandler                         
0000448b  FLCTL_IRQHandler                           
0000448b  FPU_IRQHandler                             
0000448b  HardFault_Handler                          
0000448b  MemManage_Handler                          
0000448b  NMI_Handler                                
0000448b  PCM_IRQHandler                             
0000448b  PORT1_IRQHandler                           
0000448b  PORT2_IRQHandler                           
0000448b  PORT3_IRQHandler                           
0000448b  PORT4_IRQHandler                           
0000448b  PORT6_IRQHandler                           
0000448b  PSS_IRQHandler                             
0000448b  PendSV_Handler                             
0000448b  RTC_C_IRQHandler                           
0000448b  SVC_Handler                                
0000448b  SysTick_Handler                            
0000448b  T32_INT1_IRQHandler                        
0000448b  T32_INT2_IRQHandler                        
0000448b  T32_INTC_IRQHandler                        
0000448b  TA0_0_IRQHandler                           
0000448b  TA0_N_IRQHandler                           
0000448b  TA1_0_IRQHandler                           
0000448b  TA1_N_IRQHandler                           
0000448b  TA2_0_IRQHandler                           
0000448b  TA2_N_IRQHandler                           
0000448b  TA3_0_IRQHandler                           
0000448b  TA3_N_IRQHandler                           
0000448b  UsageFault_Handler                         
0000448b  WDT_A_IRQHandler                           
0000448d  ADC14_enableModule                         
00004499  CPU_cpsie                                  
000044a5  REF_A_enableReferenceVoltage               
000044b1  REF_A_enableTempSensor                     
000044c9  __aeabi_errno_addr                         
000044d1  _system_pre_init                           
000044d5  C$$EXIT                                    
000044d5  abort                                      
000047d0  _ctypes_                                   
000048d4  g_sFontFixed6x8                            
00004a74  uartConfigAclk                             
00004a9c  g_sCrystalfontz128x128_funcs               
00004b24  __TI_Handler_Table_Base                    
00004b30  __TI_Handler_Table_Limit                   
00004b38  __TI_CINIT_Base                            
00004b48  __TI_CINIT_Limit                           
20000000  __start___llvm_prf_cnts                    
20000000  __stop___llvm_prf_cnts                     
20000000  list                                       
20000190  g_sContext                                 
200001c8  calDifference                              
200001ce  Lcd_ScreenHeigth                           
200001d0  Lcd_ScreenWidth                            
200001d2  Lcd_TouchTrim                              
200001d4  cal30                                      
200001d6  cal85                                      
200001d8  Lcd_FlagRead                               
200001d9  Lcd_FontSolid                              
200001da  Lcd_Orientation                            
200001db  Lcd_PenSolid                               
200001dc  g_sCrystalfontz128x128                     
200001ec  selectedIndex                              
200001f0  scrollOffset                               
200001f4  index                                      
200001f6  counter                                    
200001fc  errno                                      
20000200  SystemCoreClock                            
2000fe00  __stack                                    
20010000  __STACK_END                                
4000480c  WDTCTL_SYM                                 
ffffffff  __TI_pprof_out_hndl                        
ffffffff  __TI_prof_data_size                        
ffffffff  __TI_prof_data_start                       
ffffffff  __binit__                                  
ffffffff  __c_args__                                 
ffffffff  binit                                      
UNDEFED   __mpu_init                                 
UNDEFED   _system_post_cinit                         

[218 symbols]
