******************************************************************************
                  TI ARM Linker PC v20.2.7                     
******************************************************************************
>> Linked Mon May  5 15:53:26 2025

OUTPUT FILE NAME:   <progetto-embedded.out>
ENTRY POINT SYMBOL: "_c_int00_noargs"  address: 00003afd


MEMORY CONFIGURATION

         name            origin    length      used     unused   attr    fill
----------------------  --------  ---------  --------  --------  ----  --------
  MAIN                  00000000   00040000  00004444  0003bbbc  R  X
  INFO                  00200000   00004000  00000000  00004000  R  X
  SRAM_CODE             01000000   00010000  000003f4  0000fc0c  RW X
  SRAM_DATA             20000000   00010000  000003f4  0000fc0c  RW  


SEGMENT ALLOCATION MAP

run origin  load origin   length   init length attrs members
----------  ----------- ---------- ----------- ----- -------
00000000    00000000    00004448   00004448    r-x
  00000000    00000000    000000e4   000000e4    r-- .intvecs
  000000e4    000000e4    00003d58   00003d58    r-x .text
  00003e3c    00003e3c    000005d0   000005d0    r-- .const
  00004410    00004410    00000038   00000038    r-- .cinit
20000000    20000000    000001f4   00000000    rw-
  20000000    20000000    000001cc   00000000    rw- .bss
  200001cc    200001cc    00000028   00000000    rw- .data
2000fe00    2000fe00    00000200   00000000    rw-
  2000fe00    2000fe00    00000200   00000000    rw- .stack


SECTION ALLOCATION MAP

 output                                  attributes/
section   page    origin      length       input sections
--------  ----  ----------  ----------   ----------------
.intvecs   0    00000000    000000e4     
                  00000000    000000e4     startup_msp432p401r_ccs.obj (.intvecs:retain)

.text      0    000000e4    00003d58     
                  000000e4    00000a4e     rtsv7M4_T_le_v4SPD16_eabi.lib : _printfi.c.obj (.text:__TI_printfi)
                  00000b32    00000002                                   : div0.asm.obj (.text)
                  00000b34    00000680     Crystalfontz128x128_ST7735.obj (.text)
                  000011b4    0000047e     grlib.a : string.obj (.text:Graphics_drawString)
                  00001632    00000002     --HOLE-- [fill = 0]
                  00001634    00000334     system_msp432p401r.obj (.text)
                  00001968    000002a0     main.obj (.text)
                  00001c08    00000270     rtsv7M4_T_le_v4SPD16_eabi.lib : _printfi.c.obj (.text:_pconv_a)
                  00001e78    00000240     display.obj (.text)
                  000020b8    000001d0     rtsv7M4_T_le_v4SPD16_eabi.lib : _printfi.c.obj (.text:_pconv_g)
                  00002288    000001b6                                   : fd_add_t2.asm.obj (.text)
                  0000243e    00000002     --HOLE-- [fill = 0]
                  00002440    00000160     msp432p4xx_driverlib.lib : adc14.o (.text:_getIndexForMemRegister)
                  000025a0    0000013c     rtsv7M4_T_le_v4SPD16_eabi.lib : _printfi.c.obj (.text:_pconv_e)
                  000026dc    00000136                                   : fd_div_t2.asm.obj (.text)
                  00002812    00000002     --HOLE-- [fill = 0]
                  00002814    00000124                                   : _printfi.c.obj (.text:fcvt)
                  00002938    00000112     grlib.a : rectangle.obj (.text:Graphics_fillRectangle)
                  00002a4a    00000002     --HOLE-- [fill = 0]
                  00002a4c    00000110     rtsv7M4_T_le_v4SPD16_eabi.lib : s_scalbn.c.obj (.text:scalbn)
                  00002b5c    000000fc                                   : fd_mul_t2.asm.obj (.text)
                  00002c58    000000fa     grlib.a : string.obj (.text:Graphics_getStringWidth)
                  00002d52    00000002     --HOLE-- [fill = 0]
                  00002d54    000000e0     controls.obj (.text)
                  00002e34    000000cc     HAL_MSP_EXP432P401R_Crystalfontz128x128_ST7735.obj (.text)
                  00002f00    000000b4     msp432p4xx_driverlib.lib : adc14.o (.text:ADC14_configureConversionMemory)
                  00002fb4    000000b4                              : adc14.o (.text:ADC14_configureMultiSequenceMode)
                  00003068    000000b1     rtsv7M4_T_le_v4SPD16_eabi.lib : _printfi.c.obj (.text:_ltostr)
                  00003119    00000001     --HOLE-- [fill = 0]
                  0000311a    000000b0     msp432p4xx_driverlib.lib : spi.o (.text:SPI_initMaster)
                  000031ca    0000009c     grlib.a : line.obj (.text:Graphics_drawLineH)
                  00003266    0000009c     rtsv7M4_T_le_v4SPD16_eabi.lib : memcpy_t2.asm.obj (.text)
                  00003302    00000096                                   : ull_div_t2.asm.obj (.text)
                  00003398    00000088     msp432p4xx_driverlib.lib : gpio.o (.text:GPIO_setAsPeripheralModuleFunctionOutputPin)
                  00003420    00000086     rtsv7M4_T_le_v4SPD16_eabi.lib : fd_cmp_t2.asm.obj (.text:__aeabi_cdcmple)
                  000034a6    00000086                                   : fd_cmp_t2.asm.obj (.text:__aeabi_cdrcmple)
                  0000352c    0000007a                                   : memset_t2.asm.obj (.text)
                  000035a6    0000006e                                   : _printfi.c.obj (.text:_mcpy)
                  00003614    00000068                                   : copy_decompress_lzss.c.obj (.text:decompress:lzss:__TI_decompress_lzss)
                  0000367c    00000064                                   : s_frexp.c.obj (.text:frexp)
                  000036e0    00000056                                   : _printfi.c.obj (.text:_pconv_f)
                  00003736    00000054                                   : _ltoa.c.obj (.text:__TI_ltoa)
                  0000378a    00000052     grlib.a : context.obj (.text:Graphics_initContext)
                  000037dc    00000052     rtsv7M4_T_le_v4SPD16_eabi.lib : _printfi.c.obj (.text:_ecpy)
                  0000382e    00000002     --HOLE-- [fill = 0]
                  00003830    0000004c                                   : atoi.c.obj (.text:atoi)
                  0000387c    00000048     grlib.a : string.obj (.text:Graphics_drawStringCentered)
                  000038c4    00000048     rtsv7M4_T_le_v4SPD16_eabi.lib : fd_toi_t2.asm.obj (.text)
                  0000390c    00000044                                   : autoinit.c.obj (.text:__TI_auto_init_nobinit_nopinit:__TI_auto_init_nobinit_nopinit)
                  00003950    00000040     msp432p4xx_driverlib.lib : gpio.o (.text:GPIO_setAsOutputPin)
                  00003990    00000040     grlib.a : string.obj (.text:Graphics_getNumberOfLeadingZeros)
                  000039d0    00000040     msp432p4xx_driverlib.lib : spi.o (.text:is_A_Module)
                  00003a10    00000040     rtsv7M4_T_le_v4SPD16_eabi.lib : sprintf.c.obj (.text:sprintf)
                  00003a50    0000003e                                   : _printfi.c.obj (.text:_fcpy)
                  00003a8e    00000038                                   : fs_tod_t2.asm.obj (.text)
                  00003ac6    00000036     grlib.a : display.obj (.text:Graphics_drawHorizontalLineOnDisplay)
                  00003afc    00000034     rtsv7M4_T_le_v4SPD16_eabi.lib : boot_cortex_m.c.obj (.text:_c_int00_noargs:_c_int00_noargs)
                  00003b30    0000002e                                   : i_tofd_t2.asm.obj (.text)
                  00003b5e    0000002c     grlib.a : display.obj (.text:Graphics_drawPixelOnDisplay)
                  00003b8a    00000002     --HOLE-- [fill = 0]
                  00003b8c    00000028     msp432p4xx_driverlib.lib : adc14.o (.text:ADC14_getResult)
                  00003bb4    00000028                              : gpio.o (.text:GPIO_setOutputHighOnPin)
                  00003bdc    00000028                              : gpio.o (.text:GPIO_setOutputLowOnPin)
                  00003c04    00000020                              : ref_a.o (.text:REF_A_setReferenceVoltage)
                  00003c24    0000001e     grlib.a : display.obj (.text:Graphics_fillRectangleOnDisplay)
                  00003c42    0000001c     msp432p4xx_driverlib.lib : spi.o (.text:SPI_enableModule)
                  00003c5e    00000002     --HOLE-- [fill = 0]
                  00003c60    0000001c                              : sysctl.o (.text:SysCtl_getTempCalibrationConstant)
                  00003c7c    0000001c     rtsv7M4_T_le_v4SPD16_eabi.lib : copy_zero_init.c.obj (.text:decompress:ZI:__TI_zero_init_nomemset:__TI_zero_init_nomemset)
                  00003c98    0000001c                                   : memccpy.c.obj (.text:memccpy)
                  00003cb4    0000001a     grlib.a : display.obj (.text:Graphics_clearDisplayOnDisplay)
                  00003cce    0000001a             : context.obj (.text:Graphics_setBackgroundColor)
                  00003ce8    0000001a             : context.obj (.text:Graphics_setFont)
                  00003d02    0000001a     rtsv7M4_T_le_v4SPD16_eabi.lib : s_copysign.c.obj (.text:copysign)
                  00003d1c    00000018                                   : sprintf.c.obj (.text:_outs)
                  00003d34    00000016     msp432p4xx_driverlib.lib : spi.o (.text:EUSCI_A_SPI_enable)
                  00003d4a    00000016                              : spi.o (.text:EUSCI_B_SPI_enable)
                  00003d60    00000016     grlib.a : context.obj (.text:Graphics_setForegroundColor)
                  00003d76    00000016             : display.obj (.text:Graphics_translateColorOnDisplay)
                  00003d8c    00000016     rtsv7M4_T_le_v4SPD16_eabi.lib : strchr.c.obj (.text:strchr)
                  00003da2    00000014                                   : strlen.c.obj (.text:strlen)
                  00003db6    00000012     grlib.a : context.obj (.text:Graphics_clearDisplay)
                  00003dc8    00000012     rtsv7M4_T_le_v4SPD16_eabi.lib : wcslen.c.obj (.text:wcslen)
                  00003dda    00000002     --HOLE-- [fill = 0]
                  00003ddc    00000010     msp432p4xx_driverlib.lib : adc14.o (.text:ADCIsConversionRunning)
                  00003dec    0000000e     rtsv7M4_T_le_v4SPD16_eabi.lib : copy_decompress_none.c.obj (.text:decompress:none:__TI_decompress_none)
                  00003dfa    0000000e     startup_msp432p401r_ccs.obj (.text)
                  00003e08    0000000c     msp432p4xx_driverlib.lib : ref_a.o (.text:REF_A_enableReferenceVoltage)
                  00003e14    0000000c                              : ref_a.o (.text:REF_A_enableTempSensor)
                  00003e20    0000000a     rtsv7M4_T_le_v4SPD16_eabi.lib : sprintf.c.obj (.text:_outc)
                  00003e2a    00000002     --HOLE-- [fill = 0]
                  00003e2c    00000008                                   : errno.c.obj (.text:__aeabi_errno_addr)
                  00003e34    00000004                                   : pre_init.c.obj (.text:_system_pre_init)
                  00003e38    00000004                                   : exit.c.obj (.text:abort:abort)

.const     0    00003e3c    000005d0     
                  00003e3c    000002f8     grlib.a : fontfixed6x8.obj (.const:.string:g_pucFontFixed6x8Data)
                  00004134    00000101     rtsv7M4_T_le_v4SPD16_eabi.lib : ctype.c.obj (.const:.string:_ctypes_)
                  00004235    00000003     --HOLE-- [fill = 0]
                  00004238    000000c8     grlib.a : fontfixed6x8.obj (.const:g_sFontFixed6x8)
                  00004300    00000080     msp432p4xx_driverlib.lib : adc14.o (.const:_ctlRegs)
                  00004380    00000030                              : gpio.o (.const:GPIO_PORT_TO_BASE)
                  000043b0    00000020     Crystalfontz128x128_ST7735.obj (.const:g_sCrystalfontz128x128_funcs)
                  000043d0    0000001c     HAL_MSP_EXP432P401R_Crystalfontz128x128_ST7735.obj (.const:$P$T0$1)
                  000043ec    00000008     Crystalfontz128x128_ST7735.obj (.const:$P$T0$1)
                  000043f4    00000008     display.obj (.const:$P$T0$1)
                  000043fc    00000008     display.obj (.const:$P$T1$2)
                  00004404    00000008     display.obj (.const:$P$T2$3)

.cinit     0    00004410    00000038     
                  00004410    00000014     (.cinit..data.load) [load image, compression = lzss]
                  00004424    0000000c     (__TI_handler_table)
                  00004430    00000008     (.cinit..bss.load) [load image, compression = zero_init]
                  00004438    00000010     (__TI_cinit_table)

.init_array 
*          0    00000000    00000000     UNINITIALIZED

.binit     0    00000000    00000000     

.bss       0    20000000    000001cc     UNINITIALIZED
                  20000000    00000190     (.common:list)
                  20000190    0000001c     (.common:g_sContext)
                  200001ac    00000008     display.obj (.bss)
                  200001b4    00000004     (.common:calDifference)
                  200001b8    00000004     (.common:temperature)
                  200001bc    00000002     main.obj (.bss)
                  200001be    00000002     (.common:Lcd_ScreenHeigth)
                  200001c0    00000002     (.common:Lcd_ScreenWidth)
                  200001c2    00000002     (.common:Lcd_TouchTrim)
                  200001c4    00000002     (.common:cal30)
                  200001c6    00000002     (.common:cal85)
                  200001c8    00000001     (.common:Lcd_FlagRead)
                  200001c9    00000001     (.common:Lcd_FontSolid)
                  200001ca    00000001     (.common:Lcd_Orientation)
                  200001cb    00000001     (.common:Lcd_PenSolid)

.data      0    200001cc    00000028     UNINITIALIZED
                  200001cc    00000010     Crystalfontz128x128_ST7735.obj (.data:g_sCrystalfontz128x128)
                  200001dc    00000008     display.obj (.data)
                  200001e4    00000005     main.obj (.data)
                  200001e9    00000003     --HOLE--
                  200001ec    00000004     rtsv7M4_T_le_v4SPD16_eabi.lib : errno.c.obj (.data)
                  200001f0    00000004     system_msp432p401r.obj (.data)

.stack     0    2000fe00    00000200     UNINITIALIZED
                  2000fe00    00000004     rtsv7M4_T_le_v4SPD16_eabi.lib : boot_cortex_m.c.obj (.stack)
                  2000fe04    000001fc     --HOLE--

__llvm_prf_cnts 
*          0    20000000    00000000     UNINITIALIZED

MODULE SUMMARY

       Module                                               code    ro data   rw data
       ------                                               ----    -------   -------
    .\
       main.obj                                             672     0         894    
       system_msp432p401r.obj                               820     0         8      
       startup_msp432p401r_ccs.obj                          14      228       0      
    +--+----------------------------------------------------+-------+---------+---------+
       Total:                                               1506    228       902    
                                                                                     
    .\LcdDriver\
       Crystalfontz128x128_ST7735.obj                       1664    40        52     
       HAL_MSP_EXP432P401R_Crystalfontz128x128_ST7735.obj   204     28        0      
    +--+----------------------------------------------------+-------+---------+---------+
       Total:                                               1868    68        52     
                                                                                     
    .\utils\controls\
       controls.obj                                         224     0         0      
    +--+----------------------------------------------------+-------+---------+---------+
       Total:                                               224     0         0      
                                                                                     
    .\utils\display\
       display.obj                                          576     24        32     
    +--+----------------------------------------------------+-------+---------+---------+
       Total:                                               576     24        32     
                                                                                     
    C:\ti\ccs1280\ccs\tools\compiler\ti-cgt-arm_20.2.7.LTS\lib\rtsv7M4_T_le_v4SPD16_eabi.lib
       _printfi.c.obj                                       4851    0         0      
       fd_add_t2.asm.obj                                    438     0         0      
       fd_div_t2.asm.obj                                    310     0         0      
       s_scalbn.c.obj                                       272     0         0      
       fd_cmp_t2.asm.obj                                    268     0         0      
       ctype.c.obj                                          0       257       0      
       fd_mul_t2.asm.obj                                    252     0         0      
       memcpy_t2.asm.obj                                    156     0         0      
       ull_div_t2.asm.obj                                   150     0         0      
       memset_t2.asm.obj                                    122     0         0      
       copy_decompress_lzss.c.obj                           104     0         0      
       s_frexp.c.obj                                        100     0         0      
       sprintf.c.obj                                        98      0         0      
       _ltoa.c.obj                                          84      0         0      
       atoi.c.obj                                           76      0         0      
       fd_toi_t2.asm.obj                                    72      0         0      
       autoinit.c.obj                                       68      0         0      
       fs_tod_t2.asm.obj                                    56      0         0      
       boot_cortex_m.c.obj                                  52      0         0      
       i_tofd_t2.asm.obj                                    46      0         0      
       copy_zero_init.c.obj                                 28      0         0      
       memccpy.c.obj                                        28      0         0      
       s_copysign.c.obj                                     26      0         0      
       strchr.c.obj                                         22      0         0      
       strlen.c.obj                                         20      0         0      
       wcslen.c.obj                                         18      0         0      
       errno.c.obj                                          8       0         8      
       copy_decompress_none.c.obj                           14      0         0      
       exit.c.obj                                           4       0         0      
       pre_init.c.obj                                       4       0         0      
       div0.asm.obj                                         2       0         0      
    +--+----------------------------------------------------+-------+---------+---------+
       Total:                                               7749    257       8      
                                                                                     
    Z:/simplelink_msp432p4_sdk_3_40_01_02/source/ti/devices/msp432p4xx/driverlib/ccs/msp432p4xx_driverlib.lib
       adc14.o                                              768     128       0      
       gpio.o                                               280     48        0      
       spi.o                                                312     0         0      
       ref_a.o                                              56      0         0      
       sysctl.o                                             28      0         0      
    +--+----------------------------------------------------+-------+---------+---------+
       Total:                                               1444    176       0      
                                                                                     
    Z:/simplelink_msp432p4_sdk_3_40_01_02/source/ti/grlib/lib/ccs/m4/grlib.a
       string.obj                                           1536    0         0      
       fontfixed6x8.obj                                     0       960       0      
       rectangle.obj                                        274     0         0      
       display.obj                                          176     0         0      
       context.obj                                          174     0         0      
       line.obj                                             156     0         0      
    +--+----------------------------------------------------+-------+---------+---------+
       Total:                                               2316    960       0      
                                                                                     
       Stack:                                               0       0         1024   
       Linker Generated:                                    0       56        0      
    +--+----------------------------------------------------+-------+---------+---------+
       Grand Total:                                         15683   1769      2018   


LINKER GENERATED COPY TABLES

__TI_cinit_table @ 00004438 records: 2, size/record: 8, table size: 16
	.data: load addr=00004410, load size=00000014 bytes, run addr=200001cc, run size=00000028 bytes, compression=lzss
	.bss: load addr=00004430, load size=00000008 bytes, run addr=20000000, run size=000001cc bytes, compression=zero_init


LINKER GENERATED HANDLER TABLE

__TI_handler_table @ 00004424 records: 3, size/record: 4, table size: 12
	index: 0, handler: __TI_decompress_lzss
	index: 1, handler: __TI_decompress_none
	index: 2, handler: __TI_zero_init


GLOBAL SYMBOLS: SORTED ALPHABETICALLY BY Name 

address   name                                       
-------   ----                                       
00001a9b  ADC14_IRQHandler                           
00001a9b  ADC14_IRQHandler                           
00002f01  ADC14_configureConversionMemory            
00002fb5  ADC14_configureMultiSequenceMode           
00003b8d  ADC14_getResult                            
00003e07  AES256_IRQHandler                          
00003e07  BusFault_Handler                           
00003e39  C$$EXIT                                    
00003e07  COMP_E0_IRQHandler                         
00003e07  COMP_E1_IRQHandler                         
00003e07  CS_IRQHandler                              
00000b35  Crystalfontz128x128_Init                   
00000c49  Crystalfontz128x128_SetDrawFrame           
00000d77  Crystalfontz128x128_SetOrientation         
00003e07  DMA_ERR_IRQHandler                         
00003e07  DMA_INT0_IRQHandler                        
00003e07  DMA_INT1_IRQHandler                        
00003e07  DMA_INT2_IRQHandler                        
00003e07  DMA_INT3_IRQHandler                        
00003e07  DebugMon_Handler                           
00003e07  Default_Handler                            
00003e07  EUSCIA0_IRQHandler                         
00003e07  EUSCIA1_IRQHandler                         
00003e07  EUSCIA2_IRQHandler                         
00003e07  EUSCIA3_IRQHandler                         
00003e07  EUSCIB0_IRQHandler                         
00003e07  EUSCIB1_IRQHandler                         
00003e07  EUSCIB2_IRQHandler                         
00003e07  EUSCIB3_IRQHandler                         
00003d35  EUSCI_A_SPI_enable                         
00003d4b  EUSCI_B_SPI_enable                         
00003e07  FLCTL_IRQHandler                           
00003e07  FPU_IRQHandler                             
00003951  GPIO_setAsOutputPin                        
00003399  GPIO_setAsPeripheralModuleFunctionOutputPin
00003bb5  GPIO_setOutputHighOnPin                    
00003bdd  GPIO_setOutputLowOnPin                     
00003db7  Graphics_clearDisplay                      
00003cb5  Graphics_clearDisplayOnDisplay             
00003ac7  Graphics_drawHorizontalLineOnDisplay       
000031cb  Graphics_drawLineH                         
00003b5f  Graphics_drawPixelOnDisplay                
000011b5  Graphics_drawString                        
0000387d  Graphics_drawStringCentered                
00002939  Graphics_fillRectangle                     
00003c25  Graphics_fillRectangleOnDisplay            
00002c59  Graphics_getStringWidth                    
0000378b  Graphics_initContext                       
00003ccf  Graphics_setBackgroundColor                
00003ce9  Graphics_setFont                           
00003d61  Graphics_setForegroundColor                
00003d77  Graphics_translateColorOnDisplay           
00002e35  HAL_LCD_PortInit                           
00002e65  HAL_LCD_SpiInit                            
00002e9b  HAL_LCD_writeCommand                       
00002ecb  HAL_LCD_writeData                          
00003e07  HardFault_Handler                          
200001c8  Lcd_FlagRead                               
200001c9  Lcd_FontSolid                              
200001ca  Lcd_Orientation                            
200001cb  Lcd_PenSolid                               
200001be  Lcd_ScreenHeigth                           
200001c0  Lcd_ScreenWidth                            
200001c2  Lcd_TouchTrim                              
00003e07  MemManage_Handler                          
00003e07  NMI_Handler                                
00003e07  PCM_IRQHandler                             
00003e07  PORT1_IRQHandler                           
00003e07  PORT2_IRQHandler                           
00003e07  PORT3_IRQHandler                           
00003e07  PORT4_IRQHandler                           
00003e07  PORT5_IRQHandler                           
00003e07  PORT6_IRQHandler                           
00003e07  PSS_IRQHandler                             
00003e07  PendSV_Handler                             
00003e09  REF_A_enableReferenceVoltage               
00003e15  REF_A_enableTempSensor                     
00003c05  REF_A_setReferenceVoltage                  
00003e07  RTC_C_IRQHandler                           
00003dfb  Reset_Handler                              
00003c43  SPI_enableModule                           
0000311b  SPI_initMaster                             
00003e07  SVC_Handler                                
00003c61  SysCtl_getTempCalibrationConstant          
00003e07  SysTick_Handler                            
200001f0  SystemCoreClock                            
00001635  SystemCoreClockUpdate                      
000018ad  SystemInit                                 
00003e07  T32_INT1_IRQHandler                        
00003e07  T32_INT2_IRQHandler                        
00003e07  T32_INTC_IRQHandler                        
00003e07  TA0_0_IRQHandler                           
00003e07  TA0_N_IRQHandler                           
00003e07  TA1_0_IRQHandler                           
00003e07  TA1_N_IRQHandler                           
00003e07  TA2_0_IRQHandler                           
00003e07  TA2_N_IRQHandler                           
00003e07  TA3_0_IRQHandler                           
00003e07  TA3_N_IRQHandler                           
00003e07  UsageFault_Handler                         
4000480c  WDTCTL_SYM                                 
00003e07  WDT_A_IRQHandler                           
20010000  __STACK_END                                
00000200  __STACK_SIZE                               
00004438  __TI_CINIT_Base                            
00004448  __TI_CINIT_Limit                           
00004424  __TI_Handler_Table_Base                    
00004430  __TI_Handler_Table_Limit                   
0000390d  __TI_auto_init_nobinit_nopinit             
00003615  __TI_decompress_lzss                       
00003ded  __TI_decompress_none                       
00003737  __TI_ltoa                                  
ffffffff  __TI_pprof_out_hndl                        
000000e5  __TI_printfi                               
ffffffff  __TI_prof_data_size                        
ffffffff  __TI_prof_data_start                       
00000000  __TI_static_base__                         
00003c7d  __TI_zero_init_nomemset                    
00003421  __aeabi_cdcmpeq                            
00003421  __aeabi_cdcmple                            
000034a7  __aeabi_cdrcmple                           
000038c5  __aeabi_d2iz                               
00002293  __aeabi_dadd                               
000026dd  __aeabi_ddiv                               
00002b5d  __aeabi_dmul                               
00002289  __aeabi_dsub                               
00003e2d  __aeabi_errno_addr                         
00003a8f  __aeabi_f2d                                
00003b31  __aeabi_i2d                                
00000b33  __aeabi_idiv0                              
00000b33  __aeabi_ldiv0                              
0000352d  __aeabi_memclr                             
0000352d  __aeabi_memclr4                            
0000352d  __aeabi_memclr8                            
00003267  __aeabi_memcpy                             
00003267  __aeabi_memcpy4                            
00003267  __aeabi_memcpy8                            
0000352f  __aeabi_memset                             
0000352f  __aeabi_memset4                            
0000352f  __aeabi_memset8                            
00003303  __aeabi_uldivmod                           
ffffffff  __binit__                                  
ffffffff  __c_args__                                 
UNDEFED   __mpu_init                                 
2000fe00  __stack                                    
20000000  __start___llvm_prf_cnts                    
20000000  __stop___llvm_prf_cnts                     
00003afd  _c_int00_noargs                            
00004134  _ctypes_                                   
UNDEFED   _system_post_cinit                         
00003e35  _system_pre_init                           
00003e39  abort                                      
00003831  atoi                                       
ffffffff  binit                                      
200001c4  cal30                                      
200001c6  cal85                                      
200001b4  calDifference                              
00003d03  copysign                                   
00003d03  copysignl                                  
200001e6  counter                                    
00001ee3  display_information                        
00001f2f  display_list                               
00002d87  enable_interrupts                          
200001ec  errno                                      
0000367d  frexp                                      
0000367d  frexpl                                     
20000190  g_sContext                                 
200001cc  g_sCrystalfontz128x128                     
000043b0  g_sCrystalfontz128x128_funcs               
00004238  g_sFontFixed6x8                            
00001eb3  get_list                                   
200001e4  index                                      
00002d57  init_adc                                   
00001e79  init_display                               
00000000  interruptVectors                           
00002a4d  ldexp                                      
00002a4d  ldexpl                                     
20000000  list                                       
00001969  main                                       
00003c99  memccpy                                    
00003267  memcpy                                     
00003535  memset                                     
00002a4d  scalbn                                     
00002a4d  scalbnl                                    
200001e0  scrollOffset                               
0000204b  scroll_down                                
0000201b  scroll_up                                  
00002007  select_index                               
200001dc  selectedIndex                              
00002d55  setup_adc                                  
00002dc9  setup_cursor                               
00002df7  setup_temperature                          
00003a11  sprintf                                    
00003d8d  strchr                                     
00003da3  strlen                                     
200001b8  temperature                                
00003dc9  wcslen                                     


GLOBAL SYMBOLS: SORTED BY Symbol Address 

address   name                                       
-------   ----                                       
00000000  __TI_static_base__                         
00000000  interruptVectors                           
000000e5  __TI_printfi                               
00000200  __STACK_SIZE                               
00000b33  __aeabi_idiv0                              
00000b33  __aeabi_ldiv0                              
00000b35  Crystalfontz128x128_Init                   
00000c49  Crystalfontz128x128_SetDrawFrame           
00000d77  Crystalfontz128x128_SetOrientation         
000011b5  Graphics_drawString                        
00001635  SystemCoreClockUpdate                      
000018ad  SystemInit                                 
00001969  main                                       
00001a9b  ADC14_IRQHandler                           
00001a9b  ADC14_IRQHandler                           
00001e79  init_display                               
00001eb3  get_list                                   
00001ee3  display_information                        
00001f2f  display_list                               
00002007  select_index                               
0000201b  scroll_up                                  
0000204b  scroll_down                                
00002289  __aeabi_dsub                               
00002293  __aeabi_dadd                               
000026dd  __aeabi_ddiv                               
00002939  Graphics_fillRectangle                     
00002a4d  ldexp                                      
00002a4d  ldexpl                                     
00002a4d  scalbn                                     
00002a4d  scalbnl                                    
00002b5d  __aeabi_dmul                               
00002c59  Graphics_getStringWidth                    
00002d55  setup_adc                                  
00002d57  init_adc                                   
00002d87  enable_interrupts                          
00002dc9  setup_cursor                               
00002df7  setup_temperature                          
00002e35  HAL_LCD_PortInit                           
00002e65  HAL_LCD_SpiInit                            
00002e9b  HAL_LCD_writeCommand                       
00002ecb  HAL_LCD_writeData                          
00002f01  ADC14_configureConversionMemory            
00002fb5  ADC14_configureMultiSequenceMode           
0000311b  SPI_initMaster                             
000031cb  Graphics_drawLineH                         
00003267  __aeabi_memcpy                             
00003267  __aeabi_memcpy4                            
00003267  __aeabi_memcpy8                            
00003267  memcpy                                     
00003303  __aeabi_uldivmod                           
00003399  GPIO_setAsPeripheralModuleFunctionOutputPin
00003421  __aeabi_cdcmpeq                            
00003421  __aeabi_cdcmple                            
000034a7  __aeabi_cdrcmple                           
0000352d  __aeabi_memclr                             
0000352d  __aeabi_memclr4                            
0000352d  __aeabi_memclr8                            
0000352f  __aeabi_memset                             
0000352f  __aeabi_memset4                            
0000352f  __aeabi_memset8                            
00003535  memset                                     
00003615  __TI_decompress_lzss                       
0000367d  frexp                                      
0000367d  frexpl                                     
00003737  __TI_ltoa                                  
0000378b  Graphics_initContext                       
00003831  atoi                                       
0000387d  Graphics_drawStringCentered                
000038c5  __aeabi_d2iz                               
0000390d  __TI_auto_init_nobinit_nopinit             
00003951  GPIO_setAsOutputPin                        
00003a11  sprintf                                    
00003a8f  __aeabi_f2d                                
00003ac7  Graphics_drawHorizontalLineOnDisplay       
00003afd  _c_int00_noargs                            
00003b31  __aeabi_i2d                                
00003b5f  Graphics_drawPixelOnDisplay                
00003b8d  ADC14_getResult                            
00003bb5  GPIO_setOutputHighOnPin                    
00003bdd  GPIO_setOutputLowOnPin                     
00003c05  REF_A_setReferenceVoltage                  
00003c25  Graphics_fillRectangleOnDisplay            
00003c43  SPI_enableModule                           
00003c61  SysCtl_getTempCalibrationConstant          
00003c7d  __TI_zero_init_nomemset                    
00003c99  memccpy                                    
00003cb5  Graphics_clearDisplayOnDisplay             
00003ccf  Graphics_setBackgroundColor                
00003ce9  Graphics_setFont                           
00003d03  copysign                                   
00003d03  copysignl                                  
00003d35  EUSCI_A_SPI_enable                         
00003d4b  EUSCI_B_SPI_enable                         
00003d61  Graphics_setForegroundColor                
00003d77  Graphics_translateColorOnDisplay           
00003d8d  strchr                                     
00003da3  strlen                                     
00003db7  Graphics_clearDisplay                      
00003dc9  wcslen                                     
00003ded  __TI_decompress_none                       
00003dfb  Reset_Handler                              
00003e07  AES256_IRQHandler                          
00003e07  BusFault_Handler                           
00003e07  COMP_E0_IRQHandler                         
00003e07  COMP_E1_IRQHandler                         
00003e07  CS_IRQHandler                              
00003e07  DMA_ERR_IRQHandler                         
00003e07  DMA_INT0_IRQHandler                        
00003e07  DMA_INT1_IRQHandler                        
00003e07  DMA_INT2_IRQHandler                        
00003e07  DMA_INT3_IRQHandler                        
00003e07  DebugMon_Handler                           
00003e07  Default_Handler                            
00003e07  EUSCIA0_IRQHandler                         
00003e07  EUSCIA1_IRQHandler                         
00003e07  EUSCIA2_IRQHandler                         
00003e07  EUSCIA3_IRQHandler                         
00003e07  EUSCIB0_IRQHandler                         
00003e07  EUSCIB1_IRQHandler                         
00003e07  EUSCIB2_IRQHandler                         
00003e07  EUSCIB3_IRQHandler                         
00003e07  FLCTL_IRQHandler                           
00003e07  FPU_IRQHandler                             
00003e07  HardFault_Handler                          
00003e07  MemManage_Handler                          
00003e07  NMI_Handler                                
00003e07  PCM_IRQHandler                             
00003e07  PORT1_IRQHandler                           
00003e07  PORT2_IRQHandler                           
00003e07  PORT3_IRQHandler                           
00003e07  PORT4_IRQHandler                           
00003e07  PORT5_IRQHandler                           
00003e07  PORT6_IRQHandler                           
00003e07  PSS_IRQHandler                             
00003e07  PendSV_Handler                             
00003e07  RTC_C_IRQHandler                           
00003e07  SVC_Handler                                
00003e07  SysTick_Handler                            
00003e07  T32_INT1_IRQHandler                        
00003e07  T32_INT2_IRQHandler                        
00003e07  T32_INTC_IRQHandler                        
00003e07  TA0_0_IRQHandler                           
00003e07  TA0_N_IRQHandler                           
00003e07  TA1_0_IRQHandler                           
00003e07  TA1_N_IRQHandler                           
00003e07  TA2_0_IRQHandler                           
00003e07  TA2_N_IRQHandler                           
00003e07  TA3_0_IRQHandler                           
00003e07  TA3_N_IRQHandler                           
00003e07  UsageFault_Handler                         
00003e07  WDT_A_IRQHandler                           
00003e09  REF_A_enableReferenceVoltage               
00003e15  REF_A_enableTempSensor                     
00003e2d  __aeabi_errno_addr                         
00003e35  _system_pre_init                           
00003e39  C$$EXIT                                    
00003e39  abort                                      
00004134  _ctypes_                                   
00004238  g_sFontFixed6x8                            
000043b0  g_sCrystalfontz128x128_funcs               
00004424  __TI_Handler_Table_Base                    
00004430  __TI_Handler_Table_Limit                   
00004438  __TI_CINIT_Base                            
00004448  __TI_CINIT_Limit                           
20000000  __start___llvm_prf_cnts                    
20000000  __stop___llvm_prf_cnts                     
20000000  list                                       
20000190  g_sContext                                 
200001b4  calDifference                              
200001b8  temperature                                
200001be  Lcd_ScreenHeigth                           
200001c0  Lcd_ScreenWidth                            
200001c2  Lcd_TouchTrim                              
200001c4  cal30                                      
200001c6  cal85                                      
200001c8  Lcd_FlagRead                               
200001c9  Lcd_FontSolid                              
200001ca  Lcd_Orientation                            
200001cb  Lcd_PenSolid                               
200001cc  g_sCrystalfontz128x128                     
200001dc  selectedIndex                              
200001e0  scrollOffset                               
200001e4  index                                      
200001e6  counter                                    
200001ec  errno                                      
200001f0  SystemCoreClock                            
2000fe00  __stack                                    
20010000  __STACK_END                                
4000480c  WDTCTL_SYM                                 
ffffffff  __TI_pprof_out_hndl                        
ffffffff  __TI_prof_data_size                        
ffffffff  __TI_prof_data_start                       
ffffffff  __binit__                                  
ffffffff  __c_args__                                 
ffffffff  binit                                      
UNDEFED   __mpu_init                                 
UNDEFED   _system_post_cinit                         

[197 symbols]
