<?xml version="1.0" encoding="ISO-8859-1" ?>
<link_info>
   <banner>TI ARM Linker PC v20.2.7.LTS</banner>
   <copyright>Copyright (c) 1996-2018 Texas Instruments Incorporated</copyright>
   <link_time>0x68220f33</link_time>
   <link_errors>0x0</link_errors>
   <output_file>progetto-embedded.out</output_file>
   <entry_point>
      <name>_c_int00_noargs</name>
      <address>0x4051</address>
   </entry_point>
   <input_file_list>
      <input_file id="fl-2">
         <path>.\</path>
         <kind>object</kind>
         <file>main.obj</file>
         <name>main.obj</name>
      </input_file>
      <input_file id="fl-3">
         <path>.\</path>
         <kind>object</kind>
         <file>startup_msp432p401r_ccs.obj</file>
         <name>startup_msp432p401r_ccs.obj</name>
      </input_file>
      <input_file id="fl-4">
         <path>.\</path>
         <kind>object</kind>
         <file>system_msp432p401r.obj</file>
         <name>system_msp432p401r.obj</name>
      </input_file>
      <input_file id="fl-5">
         <path>.\LcdDriver\</path>
         <kind>object</kind>
         <file>Crystalfontz128x128_ST7735.obj</file>
         <name>Crystalfontz128x128_ST7735.obj</name>
      </input_file>
      <input_file id="fl-6">
         <path>.\LcdDriver\</path>
         <kind>object</kind>
         <file>HAL_MSP_EXP432P401R_Crystalfontz128x128_ST7735.obj</file>
         <name>HAL_MSP_EXP432P401R_Crystalfontz128x128_ST7735.obj</name>
      </input_file>
      <input_file id="fl-7">
         <path>.\utils\controls\</path>
         <kind>object</kind>
         <file>controls.obj</file>
         <name>controls.obj</name>
      </input_file>
      <input_file id="fl-8">
         <path>.\utils\display\</path>
         <kind>object</kind>
         <file>display.obj</file>
         <name>display.obj</name>
      </input_file>
      <input_file id="fl-9">
         <path>.\utils\serial\</path>
         <kind>object</kind>
         <file>printf.obj</file>
         <name>printf.obj</name>
      </input_file>
      <input_file id="fl-a">
         <path>.\utils\serial\</path>
         <kind>object</kind>
         <file>serial.obj</file>
         <name>serial.obj</name>
      </input_file>
      <input_file id="fl-10">
         <kind>object</kind>
         <file>&lt;internal&gt;</file>
         <name>&lt;internal&gt;</name>
      </input_file>
      <input_file id="fl-c6">
         <path>C:\ti\ccs1280\ccs\tools\compiler\ti-cgt-arm_20.2.7.LTS\lib\</path>
         <kind>archive</kind>
         <file>rtsv7M4_T_le_v4SPD16_eabi.lib</file>
         <name>sprintf.c.obj</name>
      </input_file>
      <input_file id="fl-c7">
         <path>C:\ti\ccs1280\ccs\tools\compiler\ti-cgt-arm_20.2.7.LTS\lib\</path>
         <kind>archive</kind>
         <file>rtsv7M4_T_le_v4SPD16_eabi.lib</file>
         <name>fs_tod_t2.asm.obj</name>
      </input_file>
      <input_file id="fl-c8">
         <path>C:\ti\ccs1280\ccs\tools\compiler\ti-cgt-arm_20.2.7.LTS\lib\</path>
         <kind>archive</kind>
         <file>rtsv7M4_T_le_v4SPD16_eabi.lib</file>
         <name>memcpy_t2.asm.obj</name>
      </input_file>
      <input_file id="fl-c9">
         <path>C:\ti\ccs1280\ccs\tools\compiler\ti-cgt-arm_20.2.7.LTS\lib\</path>
         <kind>archive</kind>
         <file>rtsv7M4_T_le_v4SPD16_eabi.lib</file>
         <name>copy_zero_init.c.obj</name>
      </input_file>
      <input_file id="fl-ca">
         <path>C:\ti\ccs1280\ccs\tools\compiler\ti-cgt-arm_20.2.7.LTS\lib\</path>
         <kind>archive</kind>
         <file>rtsv7M4_T_le_v4SPD16_eabi.lib</file>
         <name>copy_decompress_none.c.obj</name>
      </input_file>
      <input_file id="fl-cb">
         <path>C:\ti\ccs1280\ccs\tools\compiler\ti-cgt-arm_20.2.7.LTS\lib\</path>
         <kind>archive</kind>
         <file>rtsv7M4_T_le_v4SPD16_eabi.lib</file>
         <name>copy_decompress_lzss.c.obj</name>
      </input_file>
      <input_file id="fl-cc">
         <path>C:\ti\ccs1280\ccs\tools\compiler\ti-cgt-arm_20.2.7.LTS\lib\</path>
         <kind>archive</kind>
         <file>rtsv7M4_T_le_v4SPD16_eabi.lib</file>
         <name>boot_cortex_m.c.obj</name>
      </input_file>
      <input_file id="fl-cd">
         <path>C:\ti\ccs1280\ccs\tools\compiler\ti-cgt-arm_20.2.7.LTS\lib\</path>
         <kind>archive</kind>
         <file>rtsv7M4_T_le_v4SPD16_eabi.lib</file>
         <name>_printfi.c.obj</name>
      </input_file>
      <input_file id="fl-ce">
         <path>C:\ti\ccs1280\ccs\tools\compiler\ti-cgt-arm_20.2.7.LTS\lib\</path>
         <kind>archive</kind>
         <file>rtsv7M4_T_le_v4SPD16_eabi.lib</file>
         <name>fd_add_t2.asm.obj</name>
      </input_file>
      <input_file id="fl-cf">
         <path>C:\ti\ccs1280\ccs\tools\compiler\ti-cgt-arm_20.2.7.LTS\lib\</path>
         <kind>archive</kind>
         <file>rtsv7M4_T_le_v4SPD16_eabi.lib</file>
         <name>fd_cmp_t2.asm.obj</name>
      </input_file>
      <input_file id="fl-d0">
         <path>C:\ti\ccs1280\ccs\tools\compiler\ti-cgt-arm_20.2.7.LTS\lib\</path>
         <kind>archive</kind>
         <file>rtsv7M4_T_le_v4SPD16_eabi.lib</file>
         <name>fd_div_t2.asm.obj</name>
      </input_file>
      <input_file id="fl-d1">
         <path>C:\ti\ccs1280\ccs\tools\compiler\ti-cgt-arm_20.2.7.LTS\lib\</path>
         <kind>archive</kind>
         <file>rtsv7M4_T_le_v4SPD16_eabi.lib</file>
         <name>fd_mul_t2.asm.obj</name>
      </input_file>
      <input_file id="fl-d2">
         <path>C:\ti\ccs1280\ccs\tools\compiler\ti-cgt-arm_20.2.7.LTS\lib\</path>
         <kind>archive</kind>
         <file>rtsv7M4_T_le_v4SPD16_eabi.lib</file>
         <name>fd_toi_t2.asm.obj</name>
      </input_file>
      <input_file id="fl-d3">
         <path>C:\ti\ccs1280\ccs\tools\compiler\ti-cgt-arm_20.2.7.LTS\lib\</path>
         <kind>archive</kind>
         <file>rtsv7M4_T_le_v4SPD16_eabi.lib</file>
         <name>i_tofd_t2.asm.obj</name>
      </input_file>
      <input_file id="fl-d4">
         <path>C:\ti\ccs1280\ccs\tools\compiler\ti-cgt-arm_20.2.7.LTS\lib\</path>
         <kind>archive</kind>
         <file>rtsv7M4_T_le_v4SPD16_eabi.lib</file>
         <name>memset_t2.asm.obj</name>
      </input_file>
      <input_file id="fl-d5">
         <path>C:\ti\ccs1280\ccs\tools\compiler\ti-cgt-arm_20.2.7.LTS\lib\</path>
         <kind>archive</kind>
         <file>rtsv7M4_T_le_v4SPD16_eabi.lib</file>
         <name>ull_div_t2.asm.obj</name>
      </input_file>
      <input_file id="fl-d6">
         <path>C:\ti\ccs1280\ccs\tools\compiler\ti-cgt-arm_20.2.7.LTS\lib\</path>
         <kind>archive</kind>
         <file>rtsv7M4_T_le_v4SPD16_eabi.lib</file>
         <name>autoinit.c.obj</name>
      </input_file>
      <input_file id="fl-d7">
         <path>C:\ti\ccs1280\ccs\tools\compiler\ti-cgt-arm_20.2.7.LTS\lib\</path>
         <kind>archive</kind>
         <file>rtsv7M4_T_le_v4SPD16_eabi.lib</file>
         <name>pre_init.c.obj</name>
      </input_file>
      <input_file id="fl-d8">
         <path>C:\ti\ccs1280\ccs\tools\compiler\ti-cgt-arm_20.2.7.LTS\lib\</path>
         <kind>archive</kind>
         <file>rtsv7M4_T_le_v4SPD16_eabi.lib</file>
         <name>cpy_tbl.c.obj</name>
      </input_file>
      <input_file id="fl-d9">
         <path>C:\ti\ccs1280\ccs\tools\compiler\ti-cgt-arm_20.2.7.LTS\lib\</path>
         <kind>archive</kind>
         <file>rtsv7M4_T_le_v4SPD16_eabi.lib</file>
         <name>exit.c.obj</name>
      </input_file>
      <input_file id="fl-da">
         <path>C:\ti\ccs1280\ccs\tools\compiler\ti-cgt-arm_20.2.7.LTS\lib\</path>
         <kind>archive</kind>
         <file>rtsv7M4_T_le_v4SPD16_eabi.lib</file>
         <name>_lock.c.obj</name>
      </input_file>
      <input_file id="fl-db">
         <path>C:\ti\ccs1280\ccs\tools\compiler\ti-cgt-arm_20.2.7.LTS\lib\</path>
         <kind>archive</kind>
         <file>rtsv7M4_T_le_v4SPD16_eabi.lib</file>
         <name>_ltoa.c.obj</name>
      </input_file>
      <input_file id="fl-dc">
         <path>C:\ti\ccs1280\ccs\tools\compiler\ti-cgt-arm_20.2.7.LTS\lib\</path>
         <kind>archive</kind>
         <file>rtsv7M4_T_le_v4SPD16_eabi.lib</file>
         <name>args_main.c.obj</name>
      </input_file>
      <input_file id="fl-dd">
         <path>C:\ti\ccs1280\ccs\tools\compiler\ti-cgt-arm_20.2.7.LTS\lib\</path>
         <kind>archive</kind>
         <file>rtsv7M4_T_le_v4SPD16_eabi.lib</file>
         <name>atoi.c.obj</name>
      </input_file>
      <input_file id="fl-de">
         <path>C:\ti\ccs1280\ccs\tools\compiler\ti-cgt-arm_20.2.7.LTS\lib\</path>
         <kind>archive</kind>
         <file>rtsv7M4_T_le_v4SPD16_eabi.lib</file>
         <name>ctype.c.obj</name>
      </input_file>
      <input_file id="fl-df">
         <path>C:\ti\ccs1280\ccs\tools\compiler\ti-cgt-arm_20.2.7.LTS\lib\</path>
         <kind>archive</kind>
         <file>rtsv7M4_T_le_v4SPD16_eabi.lib</file>
         <name>memccpy.c.obj</name>
      </input_file>
      <input_file id="fl-e0">
         <path>C:\ti\ccs1280\ccs\tools\compiler\ti-cgt-arm_20.2.7.LTS\lib\</path>
         <kind>archive</kind>
         <file>rtsv7M4_T_le_v4SPD16_eabi.lib</file>
         <name>strchr.c.obj</name>
      </input_file>
      <input_file id="fl-e1">
         <path>C:\ti\ccs1280\ccs\tools\compiler\ti-cgt-arm_20.2.7.LTS\lib\</path>
         <kind>archive</kind>
         <file>rtsv7M4_T_le_v4SPD16_eabi.lib</file>
         <name>strlen.c.obj</name>
      </input_file>
      <input_file id="fl-e2">
         <path>C:\ti\ccs1280\ccs\tools\compiler\ti-cgt-arm_20.2.7.LTS\lib\</path>
         <kind>archive</kind>
         <file>rtsv7M4_T_le_v4SPD16_eabi.lib</file>
         <name>errno.c.obj</name>
      </input_file>
      <input_file id="fl-e3">
         <path>C:\ti\ccs1280\ccs\tools\compiler\ti-cgt-arm_20.2.7.LTS\lib\</path>
         <kind>archive</kind>
         <file>rtsv7M4_T_le_v4SPD16_eabi.lib</file>
         <name>wcslen.c.obj</name>
      </input_file>
      <input_file id="fl-e4">
         <path>C:\ti\ccs1280\ccs\tools\compiler\ti-cgt-arm_20.2.7.LTS\lib\</path>
         <kind>archive</kind>
         <file>rtsv7M4_T_le_v4SPD16_eabi.lib</file>
         <name>s_frexp.c.obj</name>
      </input_file>
      <input_file id="fl-e5">
         <path>C:\ti\ccs1280\ccs\tools\compiler\ti-cgt-arm_20.2.7.LTS\lib\</path>
         <kind>archive</kind>
         <file>rtsv7M4_T_le_v4SPD16_eabi.lib</file>
         <name>s_scalbn.c.obj</name>
      </input_file>
      <input_file id="fl-e6">
         <path>C:\ti\ccs1280\ccs\tools\compiler\ti-cgt-arm_20.2.7.LTS\lib\</path>
         <kind>archive</kind>
         <file>rtsv7M4_T_le_v4SPD16_eabi.lib</file>
         <name>div0.asm.obj</name>
      </input_file>
      <input_file id="fl-e7">
         <path>C:\ti\ccs1280\ccs\tools\compiler\ti-cgt-arm_20.2.7.LTS\lib\</path>
         <kind>archive</kind>
         <file>rtsv7M4_T_le_v4SPD16_eabi.lib</file>
         <name>s_copysign.c.obj</name>
      </input_file>
      <input_file id="fl-e8">
         <path>Z:\simplelink_msp432p4_sdk_3_40_01_02\source\ti\grlib\lib\ccs\m4\</path>
         <kind>archive</kind>
         <file>grlib.a</file>
         <name>context.obj</name>
      </input_file>
      <input_file id="fl-e9">
         <path>Z:\simplelink_msp432p4_sdk_3_40_01_02\source\ti\grlib\lib\ccs\m4\</path>
         <kind>archive</kind>
         <file>grlib.a</file>
         <name>display.obj</name>
      </input_file>
      <input_file id="fl-ea">
         <path>Z:\simplelink_msp432p4_sdk_3_40_01_02\source\ti\grlib\lib\ccs\m4\</path>
         <kind>archive</kind>
         <file>grlib.a</file>
         <name>fontfixed6x8.obj</name>
      </input_file>
      <input_file id="fl-eb">
         <path>Z:\simplelink_msp432p4_sdk_3_40_01_02\source\ti\grlib\lib\ccs\m4\</path>
         <kind>archive</kind>
         <file>grlib.a</file>
         <name>rectangle.obj</name>
      </input_file>
      <input_file id="fl-ec">
         <path>Z:\simplelink_msp432p4_sdk_3_40_01_02\source\ti\grlib\lib\ccs\m4\</path>
         <kind>archive</kind>
         <file>grlib.a</file>
         <name>string.obj</name>
      </input_file>
      <input_file id="fl-ed">
         <path>Z:\simplelink_msp432p4_sdk_3_40_01_02\source\ti\grlib\lib\ccs\m4\</path>
         <kind>archive</kind>
         <file>grlib.a</file>
         <name>line.obj</name>
      </input_file>
      <input_file id="fl-ee">
         <path>Z:\simplelink_msp432p4_sdk_3_40_01_02\source\ti\devices\msp432p4xx\driverlib\ccs\</path>
         <kind>archive</kind>
         <file>msp432p4xx_driverlib.lib</file>
         <name>adc14.o</name>
      </input_file>
      <input_file id="fl-ef">
         <path>Z:\simplelink_msp432p4_sdk_3_40_01_02\source\ti\devices\msp432p4xx\driverlib\ccs\</path>
         <kind>archive</kind>
         <file>msp432p4xx_driverlib.lib</file>
         <name>gpio.o</name>
      </input_file>
      <input_file id="fl-f0">
         <path>Z:\simplelink_msp432p4_sdk_3_40_01_02\source\ti\devices\msp432p4xx\driverlib\ccs\</path>
         <kind>archive</kind>
         <file>msp432p4xx_driverlib.lib</file>
         <name>interrupt.o</name>
      </input_file>
      <input_file id="fl-f1">
         <path>Z:\simplelink_msp432p4_sdk_3_40_01_02\source\ti\devices\msp432p4xx\driverlib\ccs\</path>
         <kind>archive</kind>
         <file>msp432p4xx_driverlib.lib</file>
         <name>ref_a.o</name>
      </input_file>
      <input_file id="fl-f2">
         <path>Z:\simplelink_msp432p4_sdk_3_40_01_02\source\ti\devices\msp432p4xx\driverlib\ccs\</path>
         <kind>archive</kind>
         <file>msp432p4xx_driverlib.lib</file>
         <name>spi.o</name>
      </input_file>
      <input_file id="fl-f3">
         <path>Z:\simplelink_msp432p4_sdk_3_40_01_02\source\ti\devices\msp432p4xx\driverlib\ccs\</path>
         <kind>archive</kind>
         <file>msp432p4xx_driverlib.lib</file>
         <name>sysctl.o</name>
      </input_file>
      <input_file id="fl-f4">
         <path>Z:\simplelink_msp432p4_sdk_3_40_01_02\source\ti\devices\msp432p4xx\driverlib\ccs\</path>
         <kind>archive</kind>
         <file>msp432p4xx_driverlib.lib</file>
         <name>uart.o</name>
      </input_file>
      <input_file id="fl-f5">
         <path>Z:\simplelink_msp432p4_sdk_3_40_01_02\source\ti\devices\msp432p4xx\driverlib\ccs\</path>
         <kind>archive</kind>
         <file>msp432p4xx_driverlib.lib</file>
         <name>cpu.o</name>
      </input_file>
   </input_file_list>
   <object_component_list>
      <object_component id="oc-26">
         <name>.intvecs:retain</name>
         <load_address>0x0</load_address>
         <run_address>0x0</run_address>
         <size>0xe4</size>
         <input_file_ref idref="fl-3"/>
      </object_component>
      <object_component id="oc-220">
         <name>.text:__TI_printfi</name>
         <load_address>0xe4</load_address>
         <run_address>0xe4</run_address>
         <size>0xa4e</size>
         <input_file_ref idref="fl-cd"/>
      </object_component>
      <object_component id="oc-4d0">
         <name>.text</name>
         <load_address>0xb32</load_address>
         <run_address>0xb32</run_address>
         <size>0x2</size>
         <input_file_ref idref="fl-e6"/>
      </object_component>
      <object_component id="oc-165">
         <name>.text</name>
         <load_address>0xb34</load_address>
         <run_address>0xb34</run_address>
         <size>0x680</size>
         <input_file_ref idref="fl-5"/>
      </object_component>
      <object_component id="oc-19a">
         <name>.text:Graphics_drawString</name>
         <load_address>0x11b4</load_address>
         <run_address>0x11b4</run_address>
         <size>0x47e</size>
         <input_file_ref idref="fl-ec"/>
      </object_component>
      <object_component id="oc-a5">
         <name>.text</name>
         <load_address>0x1634</load_address>
         <run_address>0x1634</run_address>
         <size>0x334</size>
         <input_file_ref idref="fl-4"/>
      </object_component>
      <object_component id="oc-6d">
         <name>.text</name>
         <load_address>0x1968</load_address>
         <run_address>0x1968</run_address>
         <size>0x2b4</size>
         <input_file_ref idref="fl-2"/>
      </object_component>
      <object_component id="oc-35a">
         <name>.text:_pconv_a</name>
         <load_address>0x1c1c</load_address>
         <run_address>0x1c1c</run_address>
         <size>0x270</size>
         <input_file_ref idref="fl-cd"/>
      </object_component>
      <object_component id="oc-216">
         <name>.text</name>
         <load_address>0x1e8c</load_address>
         <run_address>0x1e8c</run_address>
         <size>0x254</size>
         <input_file_ref idref="fl-9"/>
      </object_component>
      <object_component id="oc-ac">
         <name>.text</name>
         <load_address>0x20e0</load_address>
         <run_address>0x20e0</run_address>
         <size>0x240</size>
         <input_file_ref idref="fl-8"/>
      </object_component>
      <object_component id="oc-348">
         <name>.text:_pconv_g</name>
         <load_address>0x2320</load_address>
         <run_address>0x2320</run_address>
         <size>0x1d0</size>
         <input_file_ref idref="fl-cd"/>
      </object_component>
      <object_component id="oc-445">
         <name>.text</name>
         <load_address>0x24f0</load_address>
         <run_address>0x24f0</run_address>
         <size>0x1b6</size>
         <input_file_ref idref="fl-ce"/>
      </object_component>
      <object_component id="oc-239">
         <name>.text:_getIndexForMemRegister</name>
         <load_address>0x26a8</load_address>
         <run_address>0x26a8</run_address>
         <size>0x160</size>
         <input_file_ref idref="fl-ee"/>
      </object_component>
      <object_component id="oc-354">
         <name>.text:_pconv_e</name>
         <load_address>0x2808</load_address>
         <run_address>0x2808</run_address>
         <size>0x13c</size>
         <input_file_ref idref="fl-cd"/>
      </object_component>
      <object_component id="oc-42b">
         <name>.text</name>
         <load_address>0x2944</load_address>
         <run_address>0x2944</run_address>
         <size>0x136</size>
         <input_file_ref idref="fl-d0"/>
      </object_component>
      <object_component id="oc-457">
         <name>.text:fcvt</name>
         <load_address>0x2a7c</load_address>
         <run_address>0x2a7c</run_address>
         <size>0x124</size>
         <input_file_ref idref="fl-cd"/>
      </object_component>
      <object_component id="oc-210">
         <name>.text:UART_initModule</name>
         <load_address>0x2ba0</load_address>
         <run_address>0x2ba0</run_address>
         <size>0x11c</size>
         <input_file_ref idref="fl-f4"/>
      </object_component>
      <object_component id="oc-194">
         <name>.text:Graphics_fillRectangle</name>
         <load_address>0x2cbc</load_address>
         <run_address>0x2cbc</run_address>
         <size>0x112</size>
         <input_file_ref idref="fl-eb"/>
      </object_component>
      <object_component id="oc-46b">
         <name>.text:scalbn</name>
         <load_address>0x2dd0</load_address>
         <run_address>0x2dd0</run_address>
         <size>0x110</size>
         <input_file_ref idref="fl-e5"/>
      </object_component>
      <object_component id="oc-426">
         <name>.text</name>
         <load_address>0x2ee0</load_address>
         <run_address>0x2ee0</run_address>
         <size>0xfc</size>
         <input_file_ref idref="fl-d1"/>
      </object_component>
      <object_component id="oc-2c3">
         <name>.text:Graphics_getStringWidth</name>
         <load_address>0x2fdc</load_address>
         <run_address>0x2fdc</run_address>
         <size>0xfa</size>
         <input_file_ref idref="fl-ec"/>
      </object_component>
      <object_component id="oc-291">
         <name>.text</name>
         <load_address>0x30d8</load_address>
         <run_address>0x30d8</run_address>
         <size>0xcc</size>
         <input_file_ref idref="fl-6"/>
      </object_component>
      <object_component id="oc-1d9">
         <name>.text:ADC14_configureConversionMemory</name>
         <load_address>0x31a4</load_address>
         <run_address>0x31a4</run_address>
         <size>0xb4</size>
         <input_file_ref idref="fl-ee"/>
      </object_component>
      <object_component id="oc-1df">
         <name>.text:ADC14_configureMultiSequenceMode</name>
         <load_address>0x3258</load_address>
         <run_address>0x3258</run_address>
         <size>0xb4</size>
         <input_file_ref idref="fl-ee"/>
      </object_component>
      <object_component id="oc-33d">
         <name>.text:_ltostr</name>
         <load_address>0x330c</load_address>
         <run_address>0x330c</run_address>
         <size>0xb1</size>
         <input_file_ref idref="fl-cd"/>
      </object_component>
      <object_component id="oc-3b7">
         <name>.text:SPI_initMaster</name>
         <load_address>0x33be</load_address>
         <run_address>0x33be</run_address>
         <size>0xb0</size>
         <input_file_ref idref="fl-f2"/>
      </object_component>
      <object_component id="oc-2de">
         <name>.text:Graphics_drawLineH</name>
         <load_address>0x346e</load_address>
         <run_address>0x346e</run_address>
         <size>0x9c</size>
         <input_file_ref idref="fl-ed"/>
      </object_component>
      <object_component id="oc-37">
         <name>.text</name>
         <load_address>0x350a</load_address>
         <run_address>0x350a</run_address>
         <size>0x9c</size>
         <input_file_ref idref="fl-c8"/>
      </object_component>
      <object_component id="oc-41f">
         <name>.text</name>
         <load_address>0x35a6</load_address>
         <run_address>0x35a6</run_address>
         <size>0x96</size>
         <input_file_ref idref="fl-d5"/>
      </object_component>
      <object_component id="oc-3ab">
         <name>.text:GPIO_setAsPeripheralModuleFunctionOutputPin</name>
         <load_address>0x363c</load_address>
         <run_address>0x363c</run_address>
         <size>0x88</size>
         <input_file_ref idref="fl-ef"/>
      </object_component>
      <object_component id="oc-343">
         <name>.text:__aeabi_cdcmple</name>
         <load_address>0x36c4</load_address>
         <run_address>0x36c4</run_address>
         <size>0x86</size>
         <input_file_ref idref="fl-cf"/>
      </object_component>
      <object_component id="oc-430">
         <name>.text:__aeabi_cdrcmple</name>
         <load_address>0x374a</load_address>
         <run_address>0x374a</run_address>
         <size>0x86</size>
         <input_file_ref idref="fl-cf"/>
      </object_component>
      <object_component id="oc-e2">
         <name>.text:GPIO_getEnabledInterruptStatus</name>
         <load_address>0x37d0</load_address>
         <run_address>0x37d0</run_address>
         <size>0x84</size>
         <input_file_ref idref="fl-ef"/>
      </object_component>
      <object_component id="oc-1f7">
         <name>.text:Interrupt_enableInterrupt</name>
         <load_address>0x3854</load_address>
         <run_address>0x3854</run_address>
         <size>0x80</size>
         <input_file_ref idref="fl-f0"/>
      </object_component>
      <object_component id="oc-8d">
         <name>.text</name>
         <load_address>0x38d4</load_address>
         <run_address>0x38d4</run_address>
         <size>0x7a</size>
         <input_file_ref idref="fl-d4"/>
      </object_component>
      <object_component id="oc-450">
         <name>.text:_mcpy</name>
         <load_address>0x394e</load_address>
         <run_address>0x394e</run_address>
         <size>0x6e</size>
         <input_file_ref idref="fl-cd"/>
      </object_component>
      <object_component id="oc-ca">
         <name>.text</name>
         <load_address>0x39bc</load_address>
         <run_address>0x39bc</run_address>
         <size>0x68</size>
         <input_file_ref idref="fl-7"/>
      </object_component>
      <object_component id="oc-17">
         <name>.text:decompress:lzss:__TI_decompress_lzss</name>
         <load_address>0x3a24</load_address>
         <run_address>0x3a24</run_address>
         <size>0x68</size>
         <input_file_ref idref="fl-cb"/>
      </object_component>
      <object_component id="oc-ee">
         <name>.text:UART_getEnabledInterruptStatus</name>
         <load_address>0x3a8c</load_address>
         <run_address>0x3a8c</run_address>
         <size>0x64</size>
         <input_file_ref idref="fl-f4"/>
      </object_component>
      <object_component id="oc-465">
         <name>.text:frexp</name>
         <load_address>0x3af0</load_address>
         <run_address>0x3af0</run_address>
         <size>0x64</size>
         <input_file_ref idref="fl-e4"/>
      </object_component>
      <object_component id="oc-d0">
         <name>.text</name>
         <load_address>0x3b54</load_address>
         <run_address>0x3b54</run_address>
         <size>0x58</size>
         <input_file_ref idref="fl-a"/>
      </object_component>
      <object_component id="oc-34e">
         <name>.text:_pconv_f</name>
         <load_address>0x3bac</load_address>
         <run_address>0x3bac</run_address>
         <size>0x56</size>
         <input_file_ref idref="fl-cd"/>
      </object_component>
      <object_component id="oc-1d3">
         <name>.text:ADC14_initModule</name>
         <load_address>0x3c04</load_address>
         <run_address>0x3c04</run_address>
         <size>0x54</size>
         <input_file_ref idref="fl-ee"/>
      </object_component>
      <object_component id="oc-43a">
         <name>.text:__TI_ltoa</name>
         <load_address>0x3c58</load_address>
         <run_address>0x3c58</run_address>
         <size>0x54</size>
         <input_file_ref idref="fl-db"/>
      </object_component>
      <object_component id="oc-16b">
         <name>.text:Graphics_initContext</name>
         <load_address>0x3cac</load_address>
         <run_address>0x3cac</run_address>
         <size>0x52</size>
         <input_file_ref idref="fl-e8"/>
      </object_component>
      <object_component id="oc-44a">
         <name>.text:_ecpy</name>
         <load_address>0x3cfe</load_address>
         <run_address>0x3cfe</run_address>
         <size>0x52</size>
         <input_file_ref idref="fl-cd"/>
      </object_component>
      <object_component id="oc-337">
         <name>.text:atoi</name>
         <load_address>0x3d50</load_address>
         <run_address>0x3d50</run_address>
         <size>0x4c</size>
         <input_file_ref idref="fl-dd"/>
      </object_component>
      <object_component id="oc-18e">
         <name>.text:Graphics_drawStringCentered</name>
         <load_address>0x3d9c</load_address>
         <run_address>0x3d9c</run_address>
         <size>0x48</size>
         <input_file_ref idref="fl-ec"/>
      </object_component>
      <object_component id="oc-435">
         <name>.text</name>
         <load_address>0x3de4</load_address>
         <run_address>0x3de4</run_address>
         <size>0x48</size>
         <input_file_ref idref="fl-d2"/>
      </object_component>
      <object_component id="oc-12f">
         <name>.text:__TI_auto_init_nobinit_nopinit:__TI_auto_init_nobinit_nopinit</name>
         <load_address>0x3e2c</load_address>
         <run_address>0x3e2c</run_address>
         <size>0x44</size>
         <input_file_ref idref="fl-d6"/>
      </object_component>
      <object_component id="oc-3b1">
         <name>.text:GPIO_setAsOutputPin</name>
         <load_address>0x3e70</load_address>
         <run_address>0x3e70</run_address>
         <size>0x40</size>
         <input_file_ref idref="fl-ef"/>
      </object_component>
      <object_component id="oc-2d8">
         <name>.text:Graphics_getNumberOfLeadingZeros</name>
         <load_address>0x3eb0</load_address>
         <run_address>0x3eb0</run_address>
         <size>0x40</size>
         <input_file_ref idref="fl-ec"/>
      </object_component>
      <object_component id="oc-4aa">
         <name>.text:is_A_Module</name>
         <load_address>0x3ef0</load_address>
         <run_address>0x3ef0</run_address>
         <size>0x40</size>
         <input_file_ref idref="fl-f2"/>
      </object_component>
      <object_component id="oc-d6">
         <name>.text:sprintf</name>
         <load_address>0x3f30</load_address>
         <run_address>0x3f30</run_address>
         <size>0x40</size>
         <input_file_ref idref="fl-c6"/>
      </object_component>
      <object_component id="oc-45d">
         <name>.text:_fcpy</name>
         <load_address>0x3f70</load_address>
         <run_address>0x3f70</run_address>
         <size>0x3e</size>
         <input_file_ref idref="fl-cd"/>
      </object_component>
      <object_component id="oc-189">
         <name>.text</name>
         <load_address>0x3fae</load_address>
         <run_address>0x3fae</run_address>
         <size>0x38</size>
         <input_file_ref idref="fl-c7"/>
      </object_component>
      <object_component id="oc-3e8">
         <name>.text:Graphics_drawHorizontalLineOnDisplay</name>
         <load_address>0x3fe6</load_address>
         <run_address>0x3fe6</run_address>
         <size>0x36</size>
         <input_file_ref idref="fl-e9"/>
      </object_component>
      <object_component id="oc-1eb">
         <name>.text:ADC14_enableSampleTimer</name>
         <load_address>0x401c</load_address>
         <run_address>0x401c</run_address>
         <size>0x34</size>
         <input_file_ref idref="fl-ee"/>
      </object_component>
      <object_component id="oc-55">
         <name>.text:_c_int00_noargs:_c_int00_noargs</name>
         <load_address>0x4050</load_address>
         <run_address>0x4050</run_address>
         <size>0x34</size>
         <input_file_ref idref="fl-cc"/>
      </object_component>
      <object_component id="oc-1f1">
         <name>.text:ADC14_enableInterrupt</name>
         <load_address>0x4084</load_address>
         <run_address>0x4084</run_address>
         <size>0x30</size>
         <input_file_ref idref="fl-ee"/>
      </object_component>
      <object_component id="oc-1e5">
         <name>.text:ADC14_setSampleHoldTime</name>
         <load_address>0x40b4</load_address>
         <run_address>0x40b4</run_address>
         <size>0x30</size>
         <input_file_ref idref="fl-ee"/>
      </object_component>
      <object_component id="oc-440">
         <name>.text</name>
         <load_address>0x40e4</load_address>
         <run_address>0x40e4</run_address>
         <size>0x2e</size>
         <input_file_ref idref="fl-d3"/>
      </object_component>
      <object_component id="oc-209">
         <name>.text:ADC14_toggleConversionTrigger</name>
         <load_address>0x4114</load_address>
         <run_address>0x4114</run_address>
         <size>0x2c</size>
         <input_file_ref idref="fl-ee"/>
      </object_component>
      <object_component id="oc-2e4">
         <name>.text:Graphics_drawPixelOnDisplay</name>
         <load_address>0x4140</load_address>
         <run_address>0x4140</run_address>
         <size>0x2c</size>
         <input_file_ref idref="fl-e9"/>
      </object_component>
      <object_component id="oc-203">
         <name>.text:ADC14_enableConversion</name>
         <load_address>0x416c</load_address>
         <run_address>0x416c</run_address>
         <size>0x28</size>
         <input_file_ref idref="fl-ee"/>
      </object_component>
      <object_component id="oc-dc">
         <name>.text:ADC14_getResult</name>
         <load_address>0x4194</load_address>
         <run_address>0x4194</run_address>
         <size>0x28</size>
         <input_file_ref idref="fl-ee"/>
      </object_component>
      <object_component id="oc-e8">
         <name>.text:GPIO_clearInterruptFlag</name>
         <load_address>0x41bc</load_address>
         <run_address>0x41bc</run_address>
         <size>0x28</size>
         <input_file_ref idref="fl-ef"/>
      </object_component>
      <object_component id="oc-29d">
         <name>.text:GPIO_setOutputHighOnPin</name>
         <load_address>0x41e4</load_address>
         <run_address>0x41e4</run_address>
         <size>0x28</size>
         <input_file_ref idref="fl-ef"/>
      </object_component>
      <object_component id="oc-297">
         <name>.text:GPIO_setOutputLowOnPin</name>
         <load_address>0x420c</load_address>
         <run_address>0x420c</run_address>
         <size>0x28</size>
         <input_file_ref idref="fl-ef"/>
      </object_component>
      <object_component id="oc-243">
         <name>.text:GPIO_getInterruptStatus</name>
         <load_address>0x4234</load_address>
         <run_address>0x4234</run_address>
         <size>0x24</size>
         <input_file_ref idref="fl-ef"/>
      </object_component>
      <object_component id="oc-b8">
         <name>.text:REF_A_setReferenceVoltage</name>
         <load_address>0x4258</load_address>
         <run_address>0x4258</run_address>
         <size>0x20</size>
         <input_file_ref idref="fl-f1"/>
      </object_component>
      <object_component id="oc-2cb">
         <name>.text:Graphics_fillRectangleOnDisplay</name>
         <load_address>0x4278</load_address>
         <run_address>0x4278</run_address>
         <size>0x1e</size>
         <input_file_ref idref="fl-e9"/>
      </object_component>
      <object_component id="oc-3bd">
         <name>.text:SPI_enableModule</name>
         <load_address>0x4296</load_address>
         <run_address>0x4296</run_address>
         <size>0x1c</size>
         <input_file_ref idref="fl-f2"/>
      </object_component>
      <object_component id="oc-c4">
         <name>.text:SysCtl_getTempCalibrationConstant</name>
         <load_address>0x42b4</load_address>
         <run_address>0x42b4</run_address>
         <size>0x1c</size>
         <input_file_ref idref="fl-f3"/>
      </object_component>
      <object_component id="oc-43">
         <name>.text:decompress:ZI:__TI_zero_init_nomemset:__TI_zero_init_nomemset</name>
         <load_address>0x42d0</load_address>
         <run_address>0x42d0</run_address>
         <size>0x1c</size>
         <input_file_ref idref="fl-c9"/>
      </object_component>
      <object_component id="oc-360">
         <name>.text:memccpy</name>
         <load_address>0x42ec</load_address>
         <run_address>0x42ec</run_address>
         <size>0x1c</size>
         <input_file_ref idref="fl-df"/>
      </object_component>
      <object_component id="oc-2bb">
         <name>.text:Graphics_clearDisplayOnDisplay</name>
         <load_address>0x4308</load_address>
         <run_address>0x4308</run_address>
         <size>0x1a</size>
         <input_file_ref idref="fl-e9"/>
      </object_component>
      <object_component id="oc-171">
         <name>.text:Graphics_setBackgroundColor</name>
         <load_address>0x4322</load_address>
         <run_address>0x4322</run_address>
         <size>0x1a</size>
         <input_file_ref idref="fl-e8"/>
      </object_component>
      <object_component id="oc-17d">
         <name>.text:Graphics_setFont</name>
         <load_address>0x433c</load_address>
         <run_address>0x433c</run_address>
         <size>0x1a</size>
         <input_file_ref idref="fl-e8"/>
      </object_component>
      <object_component id="oc-4e9">
         <name>.text:copysign</name>
         <load_address>0x4356</load_address>
         <run_address>0x4356</run_address>
         <size>0x1a</size>
         <input_file_ref idref="fl-e7"/>
      </object_component>
      <object_component id="oc-24e">
         <name>.text:UART_getInterruptStatus</name>
         <load_address>0x4370</load_address>
         <run_address>0x4370</run_address>
         <size>0x18</size>
         <input_file_ref idref="fl-f4"/>
      </object_component>
      <object_component id="oc-226">
         <name>.text:_outs</name>
         <load_address>0x4388</load_address>
         <run_address>0x4388</run_address>
         <size>0x18</size>
         <input_file_ref idref="fl-c6"/>
      </object_component>
      <object_component id="oc-4b2">
         <name>.text:EUSCI_A_SPI_enable</name>
         <load_address>0x43a0</load_address>
         <run_address>0x43a0</run_address>
         <size>0x16</size>
         <input_file_ref idref="fl-f2"/>
      </object_component>
      <object_component id="oc-4b8">
         <name>.text:EUSCI_B_SPI_enable</name>
         <load_address>0x43b6</load_address>
         <run_address>0x43b6</run_address>
         <size>0x16</size>
         <input_file_ref idref="fl-f2"/>
      </object_component>
      <object_component id="oc-177">
         <name>.text:Graphics_setForegroundColor</name>
         <load_address>0x43cc</load_address>
         <run_address>0x43cc</run_address>
         <size>0x16</size>
         <input_file_ref idref="fl-e8"/>
      </object_component>
      <object_component id="oc-2b2">
         <name>.text:Graphics_translateColorOnDisplay</name>
         <load_address>0x43e2</load_address>
         <run_address>0x43e2</run_address>
         <size>0x16</size>
         <input_file_ref idref="fl-e9"/>
      </object_component>
      <object_component id="oc-471">
         <name>.text:strchr</name>
         <load_address>0x43f8</load_address>
         <run_address>0x43f8</run_address>
         <size>0x16</size>
         <input_file_ref idref="fl-e0"/>
      </object_component>
      <object_component id="oc-331">
         <name>.text:strlen</name>
         <load_address>0x440e</load_address>
         <run_address>0x440e</run_address>
         <size>0x14</size>
         <input_file_ref idref="fl-e1"/>
      </object_component>
      <object_component id="oc-183">
         <name>.text:Graphics_clearDisplay</name>
         <load_address>0x4422</load_address>
         <run_address>0x4422</run_address>
         <size>0x12</size>
         <input_file_ref idref="fl-e8"/>
      </object_component>
      <object_component id="oc-366">
         <name>.text:wcslen</name>
         <load_address>0x4434</load_address>
         <run_address>0x4434</run_address>
         <size>0x12</size>
         <input_file_ref idref="fl-e3"/>
      </object_component>
      <object_component id="oc-30c">
         <name>.text:ADCIsConversionRunning</name>
         <load_address>0x4448</load_address>
         <run_address>0x4448</run_address>
         <size>0x10</size>
         <input_file_ref idref="fl-ee"/>
      </object_component>
      <object_component id="oc-1fd">
         <name>.text:Interrupt_enableMaster</name>
         <load_address>0x4458</load_address>
         <run_address>0x4458</run_address>
         <size>0x10</size>
         <input_file_ref idref="fl-f0"/>
      </object_component>
      <object_component id="oc-1d">
         <name>.text:decompress:none:__TI_decompress_none</name>
         <load_address>0x4468</load_address>
         <run_address>0x4468</run_address>
         <size>0xe</size>
         <input_file_ref idref="fl-ca"/>
      </object_component>
      <object_component id="oc-67">
         <name>.text</name>
         <load_address>0x4476</load_address>
         <run_address>0x4476</run_address>
         <size>0xe</size>
         <input_file_ref idref="fl-3"/>
      </object_component>
      <object_component id="oc-1cd">
         <name>.text:ADC14_enableModule</name>
         <load_address>0x4484</load_address>
         <run_address>0x4484</run_address>
         <size>0xc</size>
         <input_file_ref idref="fl-ee"/>
      </object_component>
      <object_component id="oc-31d">
         <name>.text:CPU_cpsie</name>
         <load_address>0x4490</load_address>
         <run_address>0x4490</run_address>
         <size>0xc</size>
         <input_file_ref idref="fl-f5"/>
      </object_component>
      <object_component id="oc-be">
         <name>.text:REF_A_enableReferenceVoltage</name>
         <load_address>0x449c</load_address>
         <run_address>0x449c</run_address>
         <size>0xc</size>
         <input_file_ref idref="fl-f1"/>
      </object_component>
      <object_component id="oc-b2">
         <name>.text:REF_A_enableTempSensor</name>
         <load_address>0x44a8</load_address>
         <run_address>0x44a8</run_address>
         <size>0xc</size>
         <input_file_ref idref="fl-f1"/>
      </object_component>
      <object_component id="oc-22c">
         <name>.text:_outc</name>
         <load_address>0x44b4</load_address>
         <run_address>0x44b4</run_address>
         <size>0xa</size>
         <input_file_ref idref="fl-c6"/>
      </object_component>
      <object_component id="oc-36c">
         <name>.text:__aeabi_errno_addr</name>
         <load_address>0x44c0</load_address>
         <run_address>0x44c0</run_address>
         <size>0x8</size>
         <input_file_ref idref="fl-e2"/>
      </object_component>
      <object_component id="oc-93">
         <name>.text:_system_pre_init</name>
         <load_address>0x44c8</load_address>
         <run_address>0x44c8</run_address>
         <size>0x4</size>
         <input_file_ref idref="fl-d7"/>
      </object_component>
      <object_component id="oc-123">
         <name>.text:abort:abort</name>
         <load_address>0x44cc</load_address>
         <run_address>0x44cc</run_address>
         <size>0x4</size>
         <input_file_ref idref="fl-d9"/>
      </object_component>
      <object_component id="oc-2ef">
         <name>.const:.string:g_pucFontFixed6x8Data</name>
         <load_address>0x44d0</load_address>
         <run_address>0x44d0</run_address>
         <size>0x2f8</size>
         <input_file_ref idref="fl-ea"/>
      </object_component>
      <object_component id="oc-41a">
         <name>.const:.string:_ctypes_</name>
         <load_address>0x47c8</load_address>
         <run_address>0x47c8</run_address>
         <size>0x101</size>
         <input_file_ref idref="fl-de"/>
      </object_component>
      <object_component id="oc-1a6">
         <name>.const:g_sFontFixed6x8</name>
         <load_address>0x48cc</load_address>
         <run_address>0x48cc</run_address>
         <size>0xc8</size>
         <input_file_ref idref="fl-ea"/>
      </object_component>
      <object_component id="oc-23f">
         <name>.const:_ctlRegs</name>
         <load_address>0x4994</load_address>
         <run_address>0x4994</run_address>
         <size>0x80</size>
         <input_file_ref idref="fl-ee"/>
      </object_component>
      <object_component id="oc-249">
         <name>.const:GPIO_PORT_TO_BASE</name>
         <load_address>0x4a14</load_address>
         <run_address>0x4a14</run_address>
         <size>0x30</size>
         <input_file_ref idref="fl-ef"/>
      </object_component>
      <object_component id="oc-329">
         <name>.const:dv</name>
         <load_address>0x4a44</load_address>
         <run_address>0x4a44</run_address>
         <size>0x28</size>
         <input_file_ref idref="fl-9"/>
      </object_component>
      <object_component id="oc-21c">
         <name>.const:uartConfigAclk</name>
         <load_address>0x4a6c</load_address>
         <run_address>0x4a6c</run_address>
         <size>0x28</size>
         <input_file_ref idref="fl-a"/>
      </object_component>
      <object_component id="oc-1a3">
         <name>.const:g_sCrystalfontz128x128_funcs</name>
         <load_address>0x4a94</load_address>
         <run_address>0x4a94</run_address>
         <size>0x20</size>
         <input_file_ref idref="fl-5"/>
      </object_component>
      <object_component id="oc-3c3">
         <name>.const:$P$T0$1</name>
         <load_address>0x4ab4</load_address>
         <run_address>0x4ab4</run_address>
         <size>0x1c</size>
         <input_file_ref idref="fl-6"/>
      </object_component>
      <object_component id="oc-328">
         <name>.const:.string:hex$1</name>
         <load_address>0x4ad0</load_address>
         <run_address>0x4ad0</run_address>
         <size>0x10</size>
         <input_file_ref idref="fl-9"/>
      </object_component>
      <object_component id="oc-2ac">
         <name>.const:$P$T0$1</name>
         <load_address>0x4ae0</load_address>
         <run_address>0x4ae0</run_address>
         <size>0x8</size>
         <input_file_ref idref="fl-5"/>
      </object_component>
      <object_component id="oc-1ac">
         <name>.const:$P$T0$1</name>
         <load_address>0x4ae8</load_address>
         <run_address>0x4ae8</run_address>
         <size>0x8</size>
         <input_file_ref idref="fl-8"/>
      </object_component>
      <object_component id="oc-1af">
         <name>.const:$P$T1$2</name>
         <load_address>0x4af0</load_address>
         <run_address>0x4af0</run_address>
         <size>0x8</size>
         <input_file_ref idref="fl-8"/>
      </object_component>
      <object_component id="oc-1b5">
         <name>.const:$P$T2$3</name>
         <load_address>0x4af8</load_address>
         <run_address>0x4af8</run_address>
         <size>0x8</size>
         <input_file_ref idref="fl-8"/>
      </object_component>
      <object_component id="oc-319">
         <name>.const:g_pulEnRegs</name>
         <load_address>0x4b00</load_address>
         <run_address>0x4b00</run_address>
         <size>0x8</size>
         <input_file_ref idref="fl-f0"/>
      </object_component>
      <object_component id="oc-553">
         <name>.cinit..data.load</name>
         <load_address>0x4b08</load_address>
         <run_address>0x4b08</run_address>
         <size>0x14</size>
      </object_component>
      <object_component id="oc-551">
         <name>__TI_handler_table</name>
         <load_address>0x4b1c</load_address>
         <run_address>0x4b1c</run_address>
         <size>0xc</size>
      </object_component>
      <object_component id="oc-554">
         <name>.cinit..bss.load</name>
         <load_address>0x4b28</load_address>
         <run_address>0x4b28</run_address>
         <size>0x8</size>
      </object_component>
      <object_component id="oc-552">
         <name>__TI_cinit_table</name>
         <load_address>0x4b30</load_address>
         <run_address>0x4b30</run_address>
         <size>0x10</size>
      </object_component>
      <object_component id="oc-525">
         <name>.binit</name>
         <load_address>0x0</load_address>
         <run_address>0x0</run_address>
         <size>0x0</size>
      </object_component>
      <object_component id="oc-fe">
         <name>.data</name>
         <load_address>0x200001e0</load_address>
         <run_address>0x200001e0</run_address>
         <size>0x5</size>
         <input_file_ref idref="fl-2"/>
      </object_component>
      <object_component id="oc-161">
         <name>.data</name>
         <load_address>0x200001ec</load_address>
         <run_address>0x200001ec</run_address>
         <size>0x4</size>
         <input_file_ref idref="fl-4"/>
      </object_component>
      <object_component id="oc-1a0">
         <name>.data:g_sCrystalfontz128x128</name>
         <load_address>0x200001c8</load_address>
         <run_address>0x200001c8</run_address>
         <size>0x10</size>
         <input_file_ref idref="fl-5"/>
      </object_component>
      <object_component id="oc-1b2">
         <name>.data</name>
         <load_address>0x200001d8</load_address>
         <run_address>0x200001d8</run_address>
         <size>0x8</size>
         <input_file_ref idref="fl-8"/>
      </object_component>
      <object_component id="oc-481">
         <name>.data</name>
         <load_address>0x200001e8</load_address>
         <run_address>0x200001e8</run_address>
         <size>0x4</size>
         <input_file_ref idref="fl-e2"/>
      </object_component>
      <object_component id="oc-fb">
         <name>.bss</name>
         <uninitialized>true</uninitialized>
         <run_address>0x200001b8</run_address>
         <size>0x2</size>
         <input_file_ref idref="fl-2"/>
      </object_component>
      <object_component id="oc-1a9">
         <name>.bss</name>
         <uninitialized>true</uninitialized>
         <run_address>0x200001ac</run_address>
         <size>0x8</size>
         <input_file_ref idref="fl-8"/>
      </object_component>
      <object_component id="oc-f4">
         <name>.common:g_sContext</name>
         <uninitialized>true</uninitialized>
         <run_address>0x20000190</run_address>
         <size>0x1c</size>
      </object_component>
      <object_component id="oc-fa">
         <name>.common:list</name>
         <uninitialized>true</uninitialized>
         <run_address>0x20000000</run_address>
         <size>0x190</size>
      </object_component>
      <object_component id="oc-f7">
         <name>.common:cal30</name>
         <uninitialized>true</uninitialized>
         <run_address>0x200001c0</run_address>
         <size>0x2</size>
      </object_component>
      <object_component id="oc-f8">
         <name>.common:cal85</name>
         <uninitialized>true</uninitialized>
         <run_address>0x200001c2</run_address>
         <size>0x2</size>
      </object_component>
      <object_component id="oc-f9">
         <name>.common:calDifference</name>
         <uninitialized>true</uninitialized>
         <run_address>0x200001b4</run_address>
         <size>0x4</size>
      </object_component>
      <object_component id="oc-2ab">
         <name>.common:Lcd_Orientation</name>
         <uninitialized>true</uninitialized>
         <run_address>0x200001c6</run_address>
         <size>0x1</size>
      </object_component>
      <object_component id="oc-2a3">
         <name>.common:Lcd_ScreenWidth</name>
         <uninitialized>true</uninitialized>
         <run_address>0x200001bc</run_address>
         <size>0x2</size>
      </object_component>
      <object_component id="oc-2a6">
         <name>.common:Lcd_ScreenHeigth</name>
         <uninitialized>true</uninitialized>
         <run_address>0x200001ba</run_address>
         <size>0x2</size>
      </object_component>
      <object_component id="oc-2a7">
         <name>.common:Lcd_PenSolid</name>
         <uninitialized>true</uninitialized>
         <run_address>0x200001c7</run_address>
         <size>0x1</size>
      </object_component>
      <object_component id="oc-2a8">
         <name>.common:Lcd_FontSolid</name>
         <uninitialized>true</uninitialized>
         <run_address>0x200001c5</run_address>
         <size>0x1</size>
      </object_component>
      <object_component id="oc-2a9">
         <name>.common:Lcd_FlagRead</name>
         <uninitialized>true</uninitialized>
         <run_address>0x200001c4</run_address>
         <size>0x1</size>
      </object_component>
      <object_component id="oc-2aa">
         <name>.common:Lcd_TouchTrim</name>
         <uninitialized>true</uninitialized>
         <run_address>0x200001be</run_address>
         <size>0x2</size>
      </object_component>
      <object_component id="oc-29">
         <name>.stack</name>
         <uninitialized>true</uninitialized>
         <run_address>0x2000fe00</run_address>
         <size>0x4</size>
         <input_file_ref idref="fl-cc"/>
      </object_component>
      <object_component id="oc-556">
         <name>.stack</name>
         <uninitialized>true</uninitialized>
         <run_address>0x2000fe00</run_address>
         <size>0x0</size>
      </object_component>
      <object_component id="oc-f5">
         <name>.debug_info</name>
         <load_address>0x0</load_address>
         <run_address>0x0</run_address>
         <size>0xb38</size>
         <input_file_ref idref="fl-2"/>
      </object_component>
      <object_component id="oc-ff">
         <name>.debug_info</name>
         <load_address>0xb38</load_address>
         <run_address>0xb38</run_address>
         <size>0x118</size>
         <input_file_ref idref="fl-2"/>
      </object_component>
      <object_component id="oc-fc">
         <name>.debug_info</name>
         <load_address>0xc50</load_address>
         <run_address>0xc50</run_address>
         <size>0xe2</size>
         <input_file_ref idref="fl-2"/>
      </object_component>
      <object_component id="oc-6e">
         <name>.debug_info</name>
         <load_address>0xd32</load_address>
         <run_address>0xd32</run_address>
         <size>0x4ce</size>
         <input_file_ref idref="fl-2"/>
      </object_component>
      <object_component id="oc-10e">
         <name>.debug_info</name>
         <load_address>0x1200</load_address>
         <run_address>0x1200</run_address>
         <size>0x26b</size>
         <input_file_ref idref="fl-2"/>
      </object_component>
      <object_component id="oc-25c">
         <name>.debug_info</name>
         <load_address>0x146b</load_address>
         <run_address>0x146b</run_address>
         <size>0x1055</size>
         <input_file_ref idref="fl-2"/>
      </object_component>
      <object_component id="oc-257">
         <name>.debug_info</name>
         <load_address>0x24c0</load_address>
         <run_address>0x24c0</run_address>
         <size>0x37e2</size>
         <input_file_ref idref="fl-2"/>
      </object_component>
      <object_component id="oc-1ba">
         <name>.debug_info</name>
         <load_address>0x5ca2</load_address>
         <run_address>0x5ca2</run_address>
         <size>0x439</size>
         <input_file_ref idref="fl-2"/>
      </object_component>
      <object_component id="oc-102">
         <name>.debug_info</name>
         <load_address>0x60db</load_address>
         <run_address>0x60db</run_address>
         <size>0x8b</size>
         <input_file_ref idref="fl-2"/>
      </object_component>
      <object_component id="oc-26a">
         <name>.debug_info</name>
         <load_address>0x6166</load_address>
         <run_address>0x6166</run_address>
         <size>0x2a4</size>
         <input_file_ref idref="fl-2"/>
      </object_component>
      <object_component id="oc-261">
         <name>.debug_info</name>
         <load_address>0x640a</load_address>
         <run_address>0x640a</run_address>
         <size>0xef</size>
         <input_file_ref idref="fl-2"/>
      </object_component>
      <object_component id="oc-107">
         <name>.debug_info</name>
         <load_address>0x64f9</load_address>
         <run_address>0x64f9</run_address>
         <size>0xbb</size>
         <input_file_ref idref="fl-2"/>
      </object_component>
      <object_component id="oc-234">
         <name>.debug_info</name>
         <load_address>0x65b4</load_address>
         <run_address>0x65b4</run_address>
         <size>0x2c</size>
         <input_file_ref idref="fl-2"/>
      </object_component>
      <object_component id="oc-3c7">
         <name>.debug_info</name>
         <load_address>0x65e0</load_address>
         <run_address>0x65e0</run_address>
         <size>0x131</size>
         <input_file_ref idref="fl-2"/>
      </object_component>
      <object_component id="oc-413">
         <name>.debug_info</name>
         <load_address>0x6711</load_address>
         <run_address>0x6711</run_address>
         <size>0x102</size>
         <input_file_ref idref="fl-2"/>
      </object_component>
      <object_component id="oc-75">
         <name>.debug_info</name>
         <load_address>0x6813</load_address>
         <run_address>0x6813</run_address>
         <size>0x2ce</size>
         <input_file_ref idref="fl-3"/>
      </object_component>
      <object_component id="oc-27">
         <name>.debug_info</name>
         <load_address>0x6ae1</load_address>
         <run_address>0x6ae1</run_address>
         <size>0xfa</size>
         <input_file_ref idref="fl-3"/>
      </object_component>
      <object_component id="oc-68">
         <name>.debug_info</name>
         <load_address>0x6bdb</load_address>
         <run_address>0x6bdb</run_address>
         <size>0x1c1</size>
         <input_file_ref idref="fl-3"/>
      </object_component>
      <object_component id="oc-32">
         <name>.debug_info</name>
         <load_address>0x6d9c</load_address>
         <run_address>0x6d9c</run_address>
         <size>0x84</size>
         <input_file_ref idref="fl-3"/>
      </object_component>
      <object_component id="oc-162">
         <name>.debug_info</name>
         <load_address>0x6e20</load_address>
         <run_address>0x6e20</run_address>
         <size>0xf3</size>
         <input_file_ref idref="fl-4"/>
      </object_component>
      <object_component id="oc-a6">
         <name>.debug_info</name>
         <load_address>0x6f13</load_address>
         <run_address>0x6f13</run_address>
         <size>0x265</size>
         <input_file_ref idref="fl-4"/>
      </object_component>
      <object_component id="oc-2a4">
         <name>.debug_info</name>
         <load_address>0x7178</load_address>
         <run_address>0x7178</run_address>
         <size>0x930</size>
         <input_file_ref idref="fl-5"/>
      </object_component>
      <object_component id="oc-1a1">
         <name>.debug_info</name>
         <load_address>0x7aa8</load_address>
         <run_address>0x7aa8</run_address>
         <size>0x114</size>
         <input_file_ref idref="fl-5"/>
      </object_component>
      <object_component id="oc-1a4">
         <name>.debug_info</name>
         <load_address>0x7bbc</load_address>
         <run_address>0x7bbc</run_address>
         <size>0x120</size>
         <input_file_ref idref="fl-5"/>
      </object_component>
      <object_component id="oc-2ad">
         <name>.debug_info</name>
         <load_address>0x7cdc</load_address>
         <run_address>0x7cdc</run_address>
         <size>0xf5</size>
         <input_file_ref idref="fl-5"/>
      </object_component>
      <object_component id="oc-167">
         <name>.debug_info</name>
         <load_address>0x7dd1</load_address>
         <run_address>0x7dd1</run_address>
         <size>0x1523</size>
         <input_file_ref idref="fl-5"/>
      </object_component>
      <object_component id="oc-3d0">
         <name>.debug_info</name>
         <load_address>0x92f4</load_address>
         <run_address>0x92f4</run_address>
         <size>0x37e2</size>
         <input_file_ref idref="fl-5"/>
      </object_component>
      <object_component id="oc-4c1">
         <name>.debug_info</name>
         <load_address>0xcad6</load_address>
         <run_address>0xcad6</run_address>
         <size>0x876</size>
         <input_file_ref idref="fl-6"/>
      </object_component>
      <object_component id="oc-3c4">
         <name>.debug_info</name>
         <load_address>0xd34c</load_address>
         <run_address>0xd34c</run_address>
         <size>0x108</size>
         <input_file_ref idref="fl-6"/>
      </object_component>
      <object_component id="oc-294">
         <name>.debug_info</name>
         <load_address>0xd454</load_address>
         <run_address>0xd454</run_address>
         <size>0x5a2</size>
         <input_file_ref idref="fl-6"/>
      </object_component>
      <object_component id="oc-ce">
         <name>.debug_info</name>
         <load_address>0xd9f6</load_address>
         <run_address>0xd9f6</run_address>
         <size>0x2b5</size>
         <input_file_ref idref="fl-7"/>
      </object_component>
      <object_component id="oc-1b9">
         <name>.debug_info</name>
         <load_address>0xdcab</load_address>
         <run_address>0xdcab</run_address>
         <size>0xab1</size>
         <input_file_ref idref="fl-8"/>
      </object_component>
      <object_component id="oc-1aa">
         <name>.debug_info</name>
         <load_address>0xe75c</load_address>
         <run_address>0xe75c</run_address>
         <size>0x10d</size>
         <input_file_ref idref="fl-8"/>
      </object_component>
      <object_component id="oc-1b3">
         <name>.debug_info</name>
         <load_address>0xe869</load_address>
         <run_address>0xe869</run_address>
         <size>0x11b</size>
         <input_file_ref idref="fl-8"/>
      </object_component>
      <object_component id="oc-1ad">
         <name>.debug_info</name>
         <load_address>0xe984</load_address>
         <run_address>0xe984</run_address>
         <size>0xe5</size>
         <input_file_ref idref="fl-8"/>
      </object_component>
      <object_component id="oc-1b0">
         <name>.debug_info</name>
         <load_address>0xea69</load_address>
         <run_address>0xea69</run_address>
         <size>0xe5</size>
         <input_file_ref idref="fl-8"/>
      </object_component>
      <object_component id="oc-1b6">
         <name>.debug_info</name>
         <load_address>0xeb4e</load_address>
         <run_address>0xeb4e</run_address>
         <size>0xe5</size>
         <input_file_ref idref="fl-8"/>
      </object_component>
      <object_component id="oc-ad">
         <name>.debug_info</name>
         <load_address>0xec33</load_address>
         <run_address>0xec33</run_address>
         <size>0x8ba</size>
         <input_file_ref idref="fl-8"/>
      </object_component>
      <object_component id="oc-301">
         <name>.debug_info</name>
         <load_address>0xf4ed</load_address>
         <run_address>0xf4ed</run_address>
         <size>0x37e2</size>
         <input_file_ref idref="fl-8"/>
      </object_component>
      <object_component id="oc-32d">
         <name>.debug_info</name>
         <load_address>0x12ccf</load_address>
         <run_address>0x12ccf</run_address>
         <size>0x57a</size>
         <input_file_ref idref="fl-9"/>
      </object_component>
      <object_component id="oc-32a">
         <name>.debug_info</name>
         <load_address>0x13249</load_address>
         <run_address>0x13249</run_address>
         <size>0xd9</size>
         <input_file_ref idref="fl-9"/>
      </object_component>
      <object_component id="oc-217">
         <name>.debug_info</name>
         <load_address>0x13322</load_address>
         <run_address>0x13322</run_address>
         <size>0x693</size>
         <input_file_ref idref="fl-9"/>
      </object_component>
      <object_component id="oc-330">
         <name>.debug_info</name>
         <load_address>0x139b5</load_address>
         <run_address>0x139b5</run_address>
         <size>0x5a6</size>
         <input_file_ref idref="fl-a"/>
      </object_component>
      <object_component id="oc-21d">
         <name>.debug_info</name>
         <load_address>0x13f5b</load_address>
         <run_address>0x13f5b</run_address>
         <size>0xf2</size>
         <input_file_ref idref="fl-a"/>
      </object_component>
      <object_component id="oc-d3">
         <name>.debug_info</name>
         <load_address>0x1404d</load_address>
         <run_address>0x1404d</run_address>
         <size>0x168</size>
         <input_file_ref idref="fl-a"/>
      </object_component>
      <object_component id="oc-233">
         <name>.debug_info</name>
         <load_address>0x141b5</load_address>
         <run_address>0x141b5</run_address>
         <size>0x333</size>
         <input_file_ref idref="fl-c6"/>
      </object_component>
      <object_component id="oc-d8">
         <name>.debug_info</name>
         <load_address>0x144e8</load_address>
         <run_address>0x144e8</run_address>
         <size>0x1d1</size>
         <input_file_ref idref="fl-c6"/>
      </object_component>
      <object_component id="oc-22a">
         <name>.debug_info</name>
         <load_address>0x146b9</load_address>
         <run_address>0x146b9</run_address>
         <size>0x18d</size>
         <input_file_ref idref="fl-c6"/>
      </object_component>
      <object_component id="oc-22e">
         <name>.debug_info</name>
         <load_address>0x14846</load_address>
         <run_address>0x14846</run_address>
         <size>0x16d</size>
         <input_file_ref idref="fl-c6"/>
      </object_component>
      <object_component id="oc-488">
         <name>.debug_info</name>
         <load_address>0x149b3</load_address>
         <run_address>0x149b3</run_address>
         <size>0x2c</size>
         <input_file_ref idref="fl-c6"/>
      </object_component>
      <object_component id="oc-18b">
         <name>.debug_info</name>
         <load_address>0x149df</load_address>
         <run_address>0x149df</run_address>
         <size>0x12c</size>
         <input_file_ref idref="fl-c7"/>
      </object_component>
      <object_component id="oc-38">
         <name>.debug_info</name>
         <load_address>0x14b0b</load_address>
         <run_address>0x14b0b</run_address>
         <size>0x119</size>
         <input_file_ref idref="fl-c8"/>
      </object_component>
      <object_component id="oc-8c">
         <name>.debug_info</name>
         <load_address>0x14c24</load_address>
         <run_address>0x14c24</run_address>
         <size>0x2d4</size>
         <input_file_ref idref="fl-c9"/>
      </object_component>
      <object_component id="oc-44">
         <name>.debug_info</name>
         <load_address>0x14ef8</load_address>
         <run_address>0x14ef8</run_address>
         <size>0x1d2</size>
         <input_file_ref idref="fl-c9"/>
      </object_component>
      <object_component id="oc-87">
         <name>.debug_info</name>
         <load_address>0x150ca</load_address>
         <run_address>0x150ca</run_address>
         <size>0x46</size>
         <input_file_ref idref="fl-c9"/>
      </object_component>
      <object_component id="oc-11a">
         <name>.debug_info</name>
         <load_address>0x15110</load_address>
         <run_address>0x15110</run_address>
         <size>0x2c</size>
         <input_file_ref idref="fl-c9"/>
      </object_component>
      <object_component id="oc-42">
         <name>.debug_info</name>
         <load_address>0x1513c</load_address>
         <run_address>0x1513c</run_address>
         <size>0x2a8</size>
         <input_file_ref idref="fl-ca"/>
      </object_component>
      <object_component id="oc-21">
         <name>.debug_info</name>
         <load_address>0x153e4</load_address>
         <run_address>0x153e4</run_address>
         <size>0x1ea</size>
         <input_file_ref idref="fl-ca"/>
      </object_component>
      <object_component id="oc-3d">
         <name>.debug_info</name>
         <load_address>0x155ce</load_address>
         <run_address>0x155ce</run_address>
         <size>0x46</size>
         <input_file_ref idref="fl-ca"/>
      </object_component>
      <object_component id="oc-7f">
         <name>.debug_info</name>
         <load_address>0x15614</load_address>
         <run_address>0x15614</run_address>
         <size>0x2c</size>
         <input_file_ref idref="fl-ca"/>
      </object_component>
      <object_component id="oc-7d">
         <name>.debug_info</name>
         <load_address>0x15640</load_address>
         <run_address>0x15640</run_address>
         <size>0x29e</size>
         <input_file_ref idref="fl-cb"/>
      </object_component>
      <object_component id="oc-1a">
         <name>.debug_info</name>
         <load_address>0x158de</load_address>
         <run_address>0x158de</run_address>
         <size>0x250</size>
         <input_file_ref idref="fl-cb"/>
      </object_component>
      <object_component id="oc-2d">
         <name>.debug_info</name>
         <load_address>0x15b2e</load_address>
         <run_address>0x15b2e</run_address>
         <size>0x60</size>
         <input_file_ref idref="fl-cb"/>
      </object_component>
      <object_component id="oc-113">
         <name>.debug_info</name>
         <load_address>0x15b8e</load_address>
         <run_address>0x15b8e</run_address>
         <size>0x46</size>
         <input_file_ref idref="fl-cb"/>
      </object_component>
      <object_component id="oc-78">
         <name>.debug_info</name>
         <load_address>0x15bd4</load_address>
         <run_address>0x15bd4</run_address>
         <size>0x39</size>
         <input_file_ref idref="fl-cb"/>
      </object_component>
      <object_component id="oc-2a">
         <name>.debug_info</name>
         <load_address>0x15c0d</load_address>
         <run_address>0x15c0d</run_address>
         <size>0x10b</size>
         <input_file_ref idref="fl-cc"/>
      </object_component>
      <object_component id="oc-56">
         <name>.debug_info</name>
         <load_address>0x15d18</load_address>
         <run_address>0x15d18</run_address>
         <size>0x1a9</size>
         <input_file_ref idref="fl-cc"/>
      </object_component>
      <object_component id="oc-373">
         <name>.debug_info</name>
         <load_address>0x15ec1</load_address>
         <run_address>0x15ec1</run_address>
         <size>0x590</size>
         <input_file_ref idref="fl-cd"/>
      </object_component>
      <object_component id="oc-341">
         <name>.debug_info</name>
         <load_address>0x16451</load_address>
         <run_address>0x16451</run_address>
         <size>0x21e</size>
         <input_file_ref idref="fl-cd"/>
      </object_component>
      <object_component id="oc-44e">
         <name>.debug_info</name>
         <load_address>0x1666f</load_address>
         <run_address>0x1666f</run_address>
         <size>0x1b3</size>
         <input_file_ref idref="fl-cd"/>
      </object_component>
      <object_component id="oc-453">
         <name>.debug_info</name>
         <load_address>0x16822</load_address>
         <run_address>0x16822</run_address>
         <size>0x21b</size>
         <input_file_ref idref="fl-cd"/>
      </object_component>
      <object_component id="oc-34c">
         <name>.debug_info</name>
         <load_address>0x16a3d</load_address>
         <run_address>0x16a3d</run_address>
         <size>0x3c0</size>
         <input_file_ref idref="fl-cd"/>
      </object_component>
      <object_component id="oc-45b">
         <name>.debug_info</name>
         <load_address>0x16dfd</load_address>
         <run_address>0x16dfd</run_address>
         <size>0x30a</size>
         <input_file_ref idref="fl-cd"/>
      </object_component>
      <object_component id="oc-461">
         <name>.debug_info</name>
         <load_address>0x17107</load_address>
         <run_address>0x17107</run_address>
         <size>0x215</size>
         <input_file_ref idref="fl-cd"/>
      </object_component>
      <object_component id="oc-352">
         <name>.debug_info</name>
         <load_address>0x1731c</load_address>
         <run_address>0x1731c</run_address>
         <size>0x215</size>
         <input_file_ref idref="fl-cd"/>
      </object_component>
      <object_component id="oc-357">
         <name>.debug_info</name>
         <load_address>0x17531</load_address>
         <run_address>0x17531</run_address>
         <size>0x304</size>
         <input_file_ref idref="fl-cd"/>
      </object_component>
      <object_component id="oc-35e">
         <name>.debug_info</name>
         <load_address>0x17835</load_address>
         <run_address>0x17835</run_address>
         <size>0x4b5</size>
         <input_file_ref idref="fl-cd"/>
      </object_component>
      <object_component id="oc-224">
         <name>.debug_info</name>
         <load_address>0x17cea</load_address>
         <run_address>0x17cea</run_address>
         <size>0x5f4</size>
         <input_file_ref idref="fl-cd"/>
      </object_component>
      <object_component id="oc-374">
         <name>.debug_info</name>
         <load_address>0x182de</load_address>
         <run_address>0x182de</run_address>
         <size>0x86</size>
         <input_file_ref idref="fl-cd"/>
      </object_component>
      <object_component id="oc-48d">
         <name>.debug_info</name>
         <load_address>0x18364</load_address>
         <run_address>0x18364</run_address>
         <size>0x39</size>
         <input_file_ref idref="fl-cd"/>
      </object_component>
      <object_component id="oc-500">
         <name>.debug_info</name>
         <load_address>0x1839d</load_address>
         <run_address>0x1839d</run_address>
         <size>0xb6</size>
         <input_file_ref idref="fl-cd"/>
      </object_component>
      <object_component id="oc-492">
         <name>.debug_info</name>
         <load_address>0x18453</load_address>
         <run_address>0x18453</run_address>
         <size>0x46</size>
         <input_file_ref idref="fl-cd"/>
      </object_component>
      <object_component id="oc-379">
         <name>.debug_info</name>
         <load_address>0x18499</load_address>
         <run_address>0x18499</run_address>
         <size>0x46</size>
         <input_file_ref idref="fl-cd"/>
      </object_component>
      <object_component id="oc-446">
         <name>.debug_info</name>
         <load_address>0x184df</load_address>
         <run_address>0x184df</run_address>
         <size>0x14c</size>
         <input_file_ref idref="fl-ce"/>
      </object_component>
      <object_component id="oc-346">
         <name>.debug_info</name>
         <load_address>0x1862b</load_address>
         <run_address>0x1862b</run_address>
         <size>0x128</size>
         <input_file_ref idref="fl-cf"/>
      </object_component>
      <object_component id="oc-432">
         <name>.debug_info</name>
         <load_address>0x18753</load_address>
         <run_address>0x18753</run_address>
         <size>0x12a</size>
         <input_file_ref idref="fl-cf"/>
      </object_component>
      <object_component id="oc-42c">
         <name>.debug_info</name>
         <load_address>0x1887d</load_address>
         <run_address>0x1887d</run_address>
         <size>0x13a</size>
         <input_file_ref idref="fl-d0"/>
      </object_component>
      <object_component id="oc-427">
         <name>.debug_info</name>
         <load_address>0x189b7</load_address>
         <run_address>0x189b7</run_address>
         <size>0x13a</size>
         <input_file_ref idref="fl-d1"/>
      </object_component>
      <object_component id="oc-438">
         <name>.debug_info</name>
         <load_address>0x18af1</load_address>
         <run_address>0x18af1</run_address>
         <size>0x12e</size>
         <input_file_ref idref="fl-d2"/>
      </object_component>
      <object_component id="oc-443">
         <name>.debug_info</name>
         <load_address>0x18c1f</load_address>
         <run_address>0x18c1f</run_address>
         <size>0x12c</size>
         <input_file_ref idref="fl-d3"/>
      </object_component>
      <object_component id="oc-90">
         <name>.debug_info</name>
         <load_address>0x18d4b</load_address>
         <run_address>0x18d4b</run_address>
         <size>0x147</size>
         <input_file_ref idref="fl-d4"/>
      </object_component>
      <object_component id="oc-422">
         <name>.debug_info</name>
         <load_address>0x18e92</load_address>
         <run_address>0x18e92</run_address>
         <size>0x134</size>
         <input_file_ref idref="fl-d5"/>
      </object_component>
      <object_component id="oc-27a">
         <name>.debug_info</name>
         <load_address>0x18fc6</load_address>
         <run_address>0x18fc6</run_address>
         <size>0x4b3</size>
         <input_file_ref idref="fl-d6"/>
      </object_component>
      <object_component id="oc-132">
         <name>.debug_info</name>
         <load_address>0x19479</load_address>
         <run_address>0x19479</run_address>
         <size>0x1a6</size>
         <input_file_ref idref="fl-d6"/>
      </object_component>
      <object_component id="oc-39a">
         <name>.debug_info</name>
         <load_address>0x1961f</load_address>
         <run_address>0x1961f</run_address>
         <size>0x39</size>
         <input_file_ref idref="fl-d6"/>
      </object_component>
      <object_component id="oc-49c">
         <name>.debug_info</name>
         <load_address>0x19658</load_address>
         <run_address>0x19658</run_address>
         <size>0x39</size>
         <input_file_ref idref="fl-d6"/>
      </object_component>
      <object_component id="oc-39f">
         <name>.debug_info</name>
         <load_address>0x19691</load_address>
         <run_address>0x19691</run_address>
         <size>0x39</size>
         <input_file_ref idref="fl-d6"/>
      </object_component>
      <object_component id="oc-3a4">
         <name>.debug_info</name>
         <load_address>0x196ca</load_address>
         <run_address>0x196ca</run_address>
         <size>0xcd</size>
         <input_file_ref idref="fl-d6"/>
      </object_component>
      <object_component id="oc-94">
         <name>.debug_info</name>
         <load_address>0x19797</load_address>
         <run_address>0x19797</run_address>
         <size>0x153</size>
         <input_file_ref idref="fl-d7"/>
      </object_component>
      <object_component id="oc-124">
         <name>.debug_info</name>
         <load_address>0x198ea</load_address>
         <run_address>0x198ea</run_address>
         <size>0x122</size>
         <input_file_ref idref="fl-d9"/>
      </object_component>
      <object_component id="oc-4db">
         <name>.debug_info</name>
         <load_address>0x19a0c</load_address>
         <run_address>0x19a0c</run_address>
         <size>0x29c</size>
         <input_file_ref idref="fl-db"/>
      </object_component>
      <object_component id="oc-43b">
         <name>.debug_info</name>
         <load_address>0x19ca8</load_address>
         <run_address>0x19ca8</run_address>
         <size>0x1da</size>
         <input_file_ref idref="fl-db"/>
      </object_component>
      <object_component id="oc-41e">
         <name>.debug_info</name>
         <load_address>0x19e82</load_address>
         <run_address>0x19e82</run_address>
         <size>0x2b9</size>
         <input_file_ref idref="fl-dd"/>
      </object_component>
      <object_component id="oc-33b">
         <name>.debug_info</name>
         <load_address>0x1a13b</load_address>
         <run_address>0x1a13b</run_address>
         <size>0x17c</size>
         <input_file_ref idref="fl-dd"/>
      </object_component>
      <object_component id="oc-4cd">
         <name>.debug_info</name>
         <load_address>0x1a2b7</load_address>
         <run_address>0x1a2b7</run_address>
         <size>0xf9</size>
         <input_file_ref idref="fl-de"/>
      </object_component>
      <object_component id="oc-41b">
         <name>.debug_info</name>
         <load_address>0x1a3b0</load_address>
         <run_address>0x1a3b0</run_address>
         <size>0x105</size>
         <input_file_ref idref="fl-de"/>
      </object_component>
      <object_component id="oc-479">
         <name>.debug_info</name>
         <load_address>0x1a4b5</load_address>
         <run_address>0x1a4b5</run_address>
         <size>0x2a7</size>
         <input_file_ref idref="fl-df"/>
      </object_component>
      <object_component id="oc-363">
         <name>.debug_info</name>
         <load_address>0x1a75c</load_address>
         <run_address>0x1a75c</run_address>
         <size>0x1b8</size>
         <input_file_ref idref="fl-df"/>
      </object_component>
      <object_component id="oc-4f2">
         <name>.debug_info</name>
         <load_address>0x1a914</load_address>
         <run_address>0x1a914</run_address>
         <size>0x29a</size>
         <input_file_ref idref="fl-e0"/>
      </object_component>
      <object_component id="oc-474">
         <name>.debug_info</name>
         <load_address>0x1abae</load_address>
         <run_address>0x1abae</run_address>
         <size>0x262</size>
         <input_file_ref idref="fl-e0"/>
      </object_component>
      <object_component id="oc-419">
         <name>.debug_info</name>
         <load_address>0x1ae10</load_address>
         <run_address>0x1ae10</run_address>
         <size>0x28f</size>
         <input_file_ref idref="fl-e1"/>
      </object_component>
      <object_component id="oc-332">
         <name>.debug_info</name>
         <load_address>0x1b09f</load_address>
         <run_address>0x1b09f</run_address>
         <size>0x245</size>
         <input_file_ref idref="fl-e1"/>
      </object_component>
      <object_component id="oc-485">
         <name>.debug_info</name>
         <load_address>0x1b2e4</load_address>
         <run_address>0x1b2e4</run_address>
         <size>0x289</size>
         <input_file_ref idref="fl-e2"/>
      </object_component>
[...]
         <value>0x24fb</value>
         <object_component_ref idref="oc-445"/>
      </symbol>
      <symbol id="sm-4c1">
         <name>__aeabi_cdcmpeq</name>
         <value>0x36c5</value>
         <object_component_ref idref="oc-343"/>
      </symbol>
      <symbol id="sm-4c2">
         <name>__aeabi_cdcmple</name>
         <value>0x36c5</value>
         <object_component_ref idref="oc-343"/>
      </symbol>
      <symbol id="sm-4c3">
         <name>__aeabi_cdrcmple</name>
         <value>0x374b</value>
         <object_component_ref idref="oc-430"/>
      </symbol>
      <symbol id="sm-4d7">
         <name>__aeabi_ddiv</name>
         <value>0x2945</value>
         <object_component_ref idref="oc-42b"/>
      </symbol>
      <symbol id="sm-4e2">
         <name>__aeabi_dmul</name>
         <value>0x2ee1</value>
         <object_component_ref idref="oc-426"/>
      </symbol>
      <symbol id="sm-4ec">
         <name>__aeabi_d2iz</name>
         <value>0x3de5</value>
         <object_component_ref idref="oc-435"/>
      </symbol>
      <symbol id="sm-4f6">
         <name>__aeabi_i2d</name>
         <value>0x40e5</value>
         <object_component_ref idref="oc-440"/>
      </symbol>
      <symbol id="sm-505">
         <name>__aeabi_memset</name>
         <value>0x38d7</value>
         <object_component_ref idref="oc-8d"/>
      </symbol>
      <symbol id="sm-506">
         <name>memset</name>
         <value>0x38dd</value>
         <object_component_ref idref="oc-8d"/>
      </symbol>
      <symbol id="sm-507">
         <name>__aeabi_memset8</name>
         <value>0x38d7</value>
         <object_component_ref idref="oc-8d"/>
      </symbol>
      <symbol id="sm-508">
         <name>__aeabi_memset4</name>
         <value>0x38d7</value>
         <object_component_ref idref="oc-8d"/>
      </symbol>
      <symbol id="sm-509">
         <name>__aeabi_memclr8</name>
         <value>0x38d5</value>
         <object_component_ref idref="oc-8d"/>
      </symbol>
      <symbol id="sm-50a">
         <name>__aeabi_memclr4</name>
         <value>0x38d5</value>
         <object_component_ref idref="oc-8d"/>
      </symbol>
      <symbol id="sm-50b">
         <name>__aeabi_memclr</name>
         <value>0x38d5</value>
         <object_component_ref idref="oc-8d"/>
      </symbol>
      <symbol id="sm-518">
         <name>__aeabi_uldivmod</name>
         <value>0x35a7</value>
         <object_component_ref idref="oc-41f"/>
      </symbol>
      <symbol id="sm-540">
         <name>__TI_auto_init_nobinit_nopinit</name>
         <value>0x3e2d</value>
         <object_component_ref idref="oc-12f"/>
      </symbol>
      <symbol id="sm-54a">
         <name>_system_pre_init</name>
         <value>0x44c9</value>
         <object_component_ref idref="oc-93"/>
      </symbol>
      <symbol id="sm-556">
         <name>C$$EXIT</name>
         <value>0x44cd</value>
         <object_component_ref idref="oc-123"/>
      </symbol>
      <symbol id="sm-557">
         <name>abort</name>
         <value>0x44cd</value>
         <object_component_ref idref="oc-123"/>
      </symbol>
      <symbol id="sm-567">
         <name>__TI_ltoa</name>
         <value>0x3c59</value>
         <object_component_ref idref="oc-43a"/>
      </symbol>
      <symbol id="sm-57e">
         <name>atoi</name>
         <value>0x3d51</value>
         <object_component_ref idref="oc-337"/>
      </symbol>
      <symbol id="sm-589">
         <name>_ctypes_</name>
         <value>0x47c8</value>
         <object_component_ref idref="oc-41a"/>
      </symbol>
      <symbol id="sm-599">
         <name>memccpy</name>
         <value>0x42ed</value>
         <object_component_ref idref="oc-360"/>
      </symbol>
      <symbol id="sm-5a9">
         <name>strchr</name>
         <value>0x43f9</value>
         <object_component_ref idref="oc-471"/>
      </symbol>
      <symbol id="sm-5b7">
         <name>strlen</name>
         <value>0x440f</value>
         <object_component_ref idref="oc-331"/>
      </symbol>
      <symbol id="sm-5cd">
         <name>__aeabi_errno_addr</name>
         <value>0x44c1</value>
         <object_component_ref idref="oc-36c"/>
      </symbol>
      <symbol id="sm-5ce">
         <name>errno</name>
         <value>0x200001e8</value>
         <object_component_ref idref="oc-481"/>
      </symbol>
      <symbol id="sm-5e7">
         <name>wcslen</name>
         <value>0x4435</value>
         <object_component_ref idref="oc-366"/>
      </symbol>
      <symbol id="sm-607">
         <name>frexpl</name>
         <value>0x3af1</value>
         <object_component_ref idref="oc-465"/>
      </symbol>
      <symbol id="sm-608">
         <name>frexp</name>
         <value>0x3af1</value>
         <object_component_ref idref="oc-465"/>
      </symbol>
      <symbol id="sm-625">
         <name>scalbn</name>
         <value>0x2dd1</value>
         <object_component_ref idref="oc-46b"/>
      </symbol>
      <symbol id="sm-626">
         <name>scalbnl</name>
         <value>0x2dd1</value>
         <object_component_ref idref="oc-46b"/>
      </symbol>
      <symbol id="sm-627">
         <name>ldexpl</name>
         <value>0x2dd1</value>
         <object_component_ref idref="oc-46b"/>
      </symbol>
      <symbol id="sm-628">
         <name>ldexp</name>
         <value>0x2dd1</value>
         <object_component_ref idref="oc-46b"/>
      </symbol>
      <symbol id="sm-632">
         <name>__aeabi_idiv0</name>
         <value>0xb33</value>
         <object_component_ref idref="oc-4d0"/>
      </symbol>
      <symbol id="sm-633">
         <name>__aeabi_ldiv0</name>
         <value>0xb33</value>
         <object_component_ref idref="oc-4d0"/>
      </symbol>
      <symbol id="sm-63d">
         <name>copysign</name>
         <value>0x4357</value>
         <object_component_ref idref="oc-4e9"/>
      </symbol>
      <symbol id="sm-63e">
         <name>copysignl</name>
         <value>0x4357</value>
         <object_component_ref idref="oc-4e9"/>
      </symbol>
      <symbol id="sm-684">
         <name>Graphics_setBackgroundColor</name>
         <value>0x4323</value>
         <object_component_ref idref="oc-171"/>
      </symbol>
      <symbol id="sm-685">
         <name>Graphics_setFont</name>
         <value>0x433d</value>
         <object_component_ref idref="oc-17d"/>
      </symbol>
      <symbol id="sm-686">
         <name>Graphics_initContext</name>
         <value>0x3cad</value>
         <object_component_ref idref="oc-16b"/>
      </symbol>
      <symbol id="sm-687">
         <name>Graphics_setForegroundColor</name>
         <value>0x43cd</value>
         <object_component_ref idref="oc-177"/>
      </symbol>
      <symbol id="sm-688">
         <name>Graphics_clearDisplay</name>
         <value>0x4423</value>
         <object_component_ref idref="oc-183"/>
      </symbol>
      <symbol id="sm-6b5">
         <name>Graphics_clearDisplayOnDisplay</name>
         <value>0x4309</value>
         <object_component_ref idref="oc-2bb"/>
      </symbol>
      <symbol id="sm-6b6">
         <name>Graphics_drawPixelOnDisplay</name>
         <value>0x4141</value>
         <object_component_ref idref="oc-2e4"/>
      </symbol>
      <symbol id="sm-6b7">
         <name>Graphics_translateColorOnDisplay</name>
         <value>0x43e3</value>
         <object_component_ref idref="oc-2b2"/>
      </symbol>
      <symbol id="sm-6b8">
         <name>Graphics_drawHorizontalLineOnDisplay</name>
         <value>0x3fe7</value>
         <object_component_ref idref="oc-3e8"/>
      </symbol>
      <symbol id="sm-6b9">
         <name>Graphics_fillRectangleOnDisplay</name>
         <value>0x4279</value>
         <object_component_ref idref="oc-2cb"/>
      </symbol>
      <symbol id="sm-6cb">
         <name>g_sFontFixed6x8</name>
         <value>0x48cc</value>
         <object_component_ref idref="oc-1a6"/>
      </symbol>
      <symbol id="sm-6e2">
         <name>Graphics_fillRectangle</name>
         <value>0x2cbd</value>
         <object_component_ref idref="oc-194"/>
      </symbol>
      <symbol id="sm-73a">
         <name>Graphics_drawStringCentered</name>
         <value>0x3d9d</value>
         <object_component_ref idref="oc-18e"/>
      </symbol>
      <symbol id="sm-73b">
         <name>Graphics_drawString</name>
         <value>0x11b5</value>
         <object_component_ref idref="oc-19a"/>
      </symbol>
      <symbol id="sm-73c">
         <name>Graphics_getStringWidth</name>
         <value>0x2fdd</value>
         <object_component_ref idref="oc-2c3"/>
      </symbol>
      <symbol id="sm-74f">
         <name>Graphics_drawLineH</name>
         <value>0x346f</value>
         <object_component_ref idref="oc-2de"/>
      </symbol>
      <symbol id="sm-831">
         <name>ADC14_enableInterrupt</name>
         <value>0x4085</value>
         <object_component_ref idref="oc-1f1"/>
      </symbol>
      <symbol id="sm-832">
         <name>ADC14_enableSampleTimer</name>
         <value>0x401d</value>
         <object_component_ref idref="oc-1eb"/>
      </symbol>
      <symbol id="sm-833">
         <name>ADC14_enableConversion</name>
         <value>0x416d</value>
         <object_component_ref idref="oc-203"/>
      </symbol>
      <symbol id="sm-834">
         <name>ADC14_toggleConversionTrigger</name>
         <value>0x4115</value>
         <object_component_ref idref="oc-209"/>
      </symbol>
      <symbol id="sm-835">
         <name>ADC14_setSampleHoldTime</name>
         <value>0x40b5</value>
         <object_component_ref idref="oc-1e5"/>
      </symbol>
      <symbol id="sm-836">
         <name>ADC14_initModule</name>
         <value>0x3c05</value>
         <object_component_ref idref="oc-1d3"/>
      </symbol>
      <symbol id="sm-837">
         <name>ADC14_configureMultiSequenceMode</name>
         <value>0x3259</value>
         <object_component_ref idref="oc-1df"/>
      </symbol>
      <symbol id="sm-838">
         <name>ADC14_configureConversionMemory</name>
         <value>0x31a5</value>
         <object_component_ref idref="oc-1d9"/>
      </symbol>
      <symbol id="sm-839">
         <name>ADC14_enableModule</name>
         <value>0x4485</value>
         <object_component_ref idref="oc-1cd"/>
      </symbol>
      <symbol id="sm-83a">
         <name>ADC14_getResult</name>
         <value>0x4195</value>
         <object_component_ref idref="oc-dc"/>
      </symbol>
      <symbol id="sm-89a">
         <name>GPIO_setOutputHighOnPin</name>
         <value>0x41e5</value>
         <object_component_ref idref="oc-29d"/>
      </symbol>
      <symbol id="sm-89b">
         <name>GPIO_getInterruptStatus</name>
         <value>0x4235</value>
         <object_component_ref idref="oc-243"/>
      </symbol>
      <symbol id="sm-89c">
         <name>GPIO_getEnabledInterruptStatus</name>
         <value>0x37d1</value>
         <object_component_ref idref="oc-e2"/>
      </symbol>
      <symbol id="sm-89d">
         <name>GPIO_setAsOutputPin</name>
         <value>0x3e71</value>
         <object_component_ref idref="oc-3b1"/>
      </symbol>
      <symbol id="sm-89e">
         <name>GPIO_setOutputLowOnPin</name>
         <value>0x420d</value>
         <object_component_ref idref="oc-297"/>
      </symbol>
      <symbol id="sm-89f">
         <name>GPIO_clearInterruptFlag</name>
         <value>0x41bd</value>
         <object_component_ref idref="oc-e8"/>
      </symbol>
      <symbol id="sm-8a0">
         <name>GPIO_setAsPeripheralModuleFunctionOutputPin</name>
         <value>0x363d</value>
         <object_component_ref idref="oc-3ab"/>
      </symbol>
      <symbol id="sm-8c6">
         <name>Interrupt_enableMaster</name>
         <value>0x4459</value>
         <object_component_ref idref="oc-1fd"/>
      </symbol>
      <symbol id="sm-8c7">
         <name>Interrupt_enableInterrupt</name>
         <value>0x3855</value>
         <object_component_ref idref="oc-1f7"/>
      </symbol>
      <symbol id="sm-8e7">
         <name>REF_A_enableTempSensor</name>
         <value>0x44a9</value>
         <object_component_ref idref="oc-b2"/>
      </symbol>
      <symbol id="sm-8e8">
         <name>REF_A_enableReferenceVoltage</name>
         <value>0x449d</value>
         <object_component_ref idref="oc-be"/>
      </symbol>
      <symbol id="sm-8e9">
         <name>REF_A_setReferenceVoltage</name>
         <value>0x4259</value>
         <object_component_ref idref="oc-b8"/>
      </symbol>
      <symbol id="sm-928">
         <name>EUSCI_B_SPI_enable</name>
         <value>0x43b7</value>
         <object_component_ref idref="oc-4b8"/>
      </symbol>
      <symbol id="sm-929">
         <name>SPI_enableModule</name>
         <value>0x4297</value>
         <object_component_ref idref="oc-3bd"/>
      </symbol>
      <symbol id="sm-92a">
         <name>EUSCI_A_SPI_enable</name>
         <value>0x43a1</value>
         <object_component_ref idref="oc-4b2"/>
      </symbol>
      <symbol id="sm-92b">
         <name>SPI_initMaster</name>
         <value>0x33bf</value>
         <object_component_ref idref="oc-3b7"/>
      </symbol>
      <symbol id="sm-937">
         <name>SysCtl_getTempCalibrationConstant</name>
         <value>0x42b5</value>
         <object_component_ref idref="oc-c4"/>
      </symbol>
      <symbol id="sm-96f">
         <name>UART_getEnabledInterruptStatus</name>
         <value>0x3a8d</value>
         <object_component_ref idref="oc-ee"/>
      </symbol>
      <symbol id="sm-970">
         <name>UART_getInterruptStatus</name>
         <value>0x4371</value>
         <object_component_ref idref="oc-24e"/>
      </symbol>
      <symbol id="sm-971">
         <name>UART_initModule</name>
         <value>0x2ba1</value>
         <object_component_ref idref="oc-210"/>
      </symbol>
      <symbol id="sm-97b">
         <name>CPU_cpsie</name>
         <value>0x4491</value>
         <object_component_ref idref="oc-31d"/>
      </symbol>
      <symbol id="sm-97c">
         <name>__TI_static_base__</name>
         <value>0x0</value>
      </symbol>
      <symbol id="sm-97f">
         <name>__mpu_init</name>
         <value>0x0</value>
      </symbol>
      <symbol id="sm-980">
         <name>_system_post_cinit</name>
         <value>0x0</value>
      </symbol>
      <symbol id="sm-981">
         <name>NMI_Handler</name>
         <value>0x4483</value>
      </symbol>
      <symbol id="sm-982">
         <name>HardFault_Handler</name>
         <value>0x4483</value>
      </symbol>
      <symbol id="sm-983">
         <name>MemManage_Handler</name>
         <value>0x4483</value>
      </symbol>
      <symbol id="sm-984">
         <name>BusFault_Handler</name>
         <value>0x4483</value>
      </symbol>
      <symbol id="sm-985">
         <name>UsageFault_Handler</name>
         <value>0x4483</value>
      </symbol>
      <symbol id="sm-986">
         <name>SVC_Handler</name>
         <value>0x4483</value>
      </symbol>
      <symbol id="sm-987">
         <name>DebugMon_Handler</name>
         <value>0x4483</value>
      </symbol>
      <symbol id="sm-988">
         <name>PendSV_Handler</name>
         <value>0x4483</value>
      </symbol>
      <symbol id="sm-989">
         <name>SysTick_Handler</name>
         <value>0x4483</value>
      </symbol>
      <symbol id="sm-98a">
         <name>PSS_IRQHandler</name>
         <value>0x4483</value>
      </symbol>
      <symbol id="sm-98b">
         <name>CS_IRQHandler</name>
         <value>0x4483</value>
      </symbol>
      <symbol id="sm-98c">
         <name>PCM_IRQHandler</name>
         <value>0x4483</value>
      </symbol>
      <symbol id="sm-98d">
         <name>WDT_A_IRQHandler</name>
         <value>0x4483</value>
      </symbol>
      <symbol id="sm-98e">
         <name>FPU_IRQHandler</name>
         <value>0x4483</value>
      </symbol>
      <symbol id="sm-98f">
         <name>FLCTL_IRQHandler</name>
         <value>0x4483</value>
      </symbol>
      <symbol id="sm-990">
         <name>COMP_E0_IRQHandler</name>
         <value>0x4483</value>
      </symbol>
      <symbol id="sm-991">
         <name>COMP_E1_IRQHandler</name>
         <value>0x4483</value>
      </symbol>
      <symbol id="sm-992">
         <name>TA0_0_IRQHandler</name>
         <value>0x4483</value>
      </symbol>
      <symbol id="sm-993">
         <name>TA0_N_IRQHandler</name>
         <value>0x4483</value>
      </symbol>
      <symbol id="sm-994">
         <name>TA1_0_IRQHandler</name>
         <value>0x4483</value>
      </symbol>
      <symbol id="sm-995">
         <name>TA1_N_IRQHandler</name>
         <value>0x4483</value>
      </symbol>
      <symbol id="sm-996">
         <name>TA2_0_IRQHandler</name>
         <value>0x4483</value>
      </symbol>
      <symbol id="sm-997">
         <name>TA2_N_IRQHandler</name>
         <value>0x4483</value>
      </symbol>
      <symbol id="sm-998">
         <name>TA3_0_IRQHandler</name>
         <value>0x4483</value>
      </symbol>
      <symbol id="sm-999">
         <name>TA3_N_IRQHandler</name>
         <value>0x4483</value>
      </symbol>
      <symbol id="sm-99a">
         <name>EUSCIA0_IRQHandler</name>
         <value>0x1b41</value>
      </symbol>
      <symbol id="sm-99b">
         <name>EUSCIA1_IRQHandler</name>
         <value>0x4483</value>
      </symbol>
      <symbol id="sm-99c">
         <name>EUSCIA2_IRQHandler</name>
         <value>0x4483</value>
      </symbol>
      <symbol id="sm-99d">
         <name>EUSCIA3_IRQHandler</name>
         <value>0x4483</value>
      </symbol>
      <symbol id="sm-99e">
         <name>EUSCIB0_IRQHandler</name>
         <value>0x4483</value>
      </symbol>
      <symbol id="sm-99f">
         <name>EUSCIB1_IRQHandler</name>
         <value>0x4483</value>
      </symbol>
      <symbol id="sm-9a0">
         <name>EUSCIB2_IRQHandler</name>
         <value>0x4483</value>
      </symbol>
      <symbol id="sm-9a1">
         <name>EUSCIB3_IRQHandler</name>
         <value>0x4483</value>
      </symbol>
      <symbol id="sm-9a2">
         <name>ADC14_IRQHandler</name>
         <value>0x1a93</value>
      </symbol>
      <symbol id="sm-9a3">
         <name>T32_INT1_IRQHandler</name>
         <value>0x4483</value>
      </symbol>
      <symbol id="sm-9a4">
         <name>T32_INT2_IRQHandler</name>
         <value>0x4483</value>
      </symbol>
      <symbol id="sm-9a5">
         <name>T32_INTC_IRQHandler</name>
         <value>0x4483</value>
      </symbol>
      <symbol id="sm-9a6">
         <name>AES256_IRQHandler</name>
         <value>0x4483</value>
      </symbol>
      <symbol id="sm-9a7">
         <name>RTC_C_IRQHandler</name>
         <value>0x4483</value>
      </symbol>
      <symbol id="sm-9a8">
         <name>DMA_ERR_IRQHandler</name>
         <value>0x4483</value>
      </symbol>
      <symbol id="sm-9a9">
         <name>DMA_INT3_IRQHandler</name>
         <value>0x4483</value>
      </symbol>
      <symbol id="sm-9aa">
         <name>DMA_INT2_IRQHandler</name>
         <value>0x4483</value>
      </symbol>
      <symbol id="sm-9ab">
         <name>DMA_INT1_IRQHandler</name>
         <value>0x4483</value>
      </symbol>
      <symbol id="sm-9ac">
         <name>DMA_INT0_IRQHandler</name>
         <value>0x4483</value>
      </symbol>
      <symbol id="sm-9ad">
         <name>PORT1_IRQHandler</name>
         <value>0x4483</value>
      </symbol>
      <symbol id="sm-9ae">
         <name>PORT2_IRQHandler</name>
         <value>0x4483</value>
      </symbol>
      <symbol id="sm-9af">
         <name>PORT3_IRQHandler</name>
         <value>0x4483</value>
      </symbol>
      <symbol id="sm-9b0">
         <name>PORT4_IRQHandler</name>
         <value>0x4483</value>
      </symbol>
      <symbol id="sm-9b1">
         <name>PORT5_IRQHandler</name>
         <value>0x1b21</value>
      </symbol>
      <symbol id="sm-9b2">
         <name>PORT6_IRQHandler</name>
         <value>0x4483</value>
      </symbol>
   </symbol_table>
   <title>Link successful</title>
</link_info>
