******************************************************************************
                  TI ARM Linker PC v20.2.7                     
******************************************************************************
>> Linked Mon May  5 19:38:53 2025

OUTPUT FILE NAME:   <progetto-embedded.out>
ENTRY POINT SYMBOL: "_c_int00_noargs"  address: 00004395


MEMORY CONFIGURATION

         name            origin    length      used     unused   attr    fill
----------------------  --------  ---------  --------  --------  ----  --------
  MAIN                  00000000   00040000  00004e90  0003b170  R  X
  INFO                  00200000   00004000  00000000  00004000  R  X
  SRAM_CODE             01000000   00010000  000003f4  0000fc0c  RW X
  SRAM_DATA             20000000   00010000  000003f4  0000fc0c  RW  


SEGMENT ALLOCATION MAP

run origin  load origin   length   init length attrs members
----------  ----------- ---------- ----------- ----- -------
00000000    00000000    00004e90   00004e90    r-x
  00000000    00000000    000000e4   000000e4    r-- .intvecs
  000000e4    000000e4    0000476c   0000476c    r-x .text
  00004850    00004850    00000600   00000600    r-- .const
  00004e50    00004e50    00000040   00000040    r-- .cinit
20000000    20000000    000001f4   00000000    rw-
  20000000    20000000    000001cc   00000000    rw- .bss
  200001cc    200001cc    00000028   00000000    rw- .data
2000fe00    2000fe00    00000200   00000000    rw-
  2000fe00    2000fe00    00000200   00000000    rw- .stack


SECTION ALLOCATION MAP

 output                                  attributes/
section   page    origin      length       input sections
--------  ----  ----------  ----------   ----------------
.intvecs   0    00000000    000000e4     
                  00000000    000000e4     startup_msp432p401r_ccs.obj (.intvecs:retain)

.text      0    000000e4    0000476c     
                  000000e4    00000a4e     rtsv7M4_T_le_v4SPD16_eabi.lib : _printfi.c.obj (.text:__TI_printfi)
                  00000b32    00000002                                   : div0.asm.obj (.text)
                  00000b34    00000680     Crystalfontz128x128_ST7735.obj (.text)
                  000011b4    0000047e     grlib.a : string.obj (.text:Graphics_drawString)
                  00001632    00000002     --HOLE-- [fill = 0]
                  00001634    00000334     system_msp432p401r.obj (.text)
                  00001968    000002f8     main.obj (.text)
                  00001c60    00000270     rtsv7M4_T_le_v4SPD16_eabi.lib : _printfi.c.obj (.text:_pconv_a)
                  00001ed0    00000240     display.obj (.text)
                  00002110    000001d0     rtsv7M4_T_le_v4SPD16_eabi.lib : _printfi.c.obj (.text:_pconv_g)
                  000022e0    000001c0     controls.obj (.text)
                  000024a0    000001b6     rtsv7M4_T_le_v4SPD16_eabi.lib : fd_add_t2.asm.obj (.text)
                  00002656    00000002     --HOLE-- [fill = 0]
                  00002658    00000160     msp432p4xx_driverlib.lib : adc14.o (.text:_getIndexForMemRegister)
                  000027b8    0000015c                              : pcm.o (.text:__PCM_setPowerModeAdvanced)
                  00002914    0000013c     rtsv7M4_T_le_v4SPD16_eabi.lib : _printfi.c.obj (.text:_pconv_e)
                  00002a50    00000136                                   : fd_div_t2.asm.obj (.text)
                  00002b86    00000002     --HOLE-- [fill = 0]
                  00002b88    00000124                                   : _printfi.c.obj (.text:fcvt)
                  00002cac    0000011c     msp432p4xx_driverlib.lib : uart.o (.text:UART_initModule)
                  00002dc8    00000112     grlib.a : rectangle.obj (.text:Graphics_fillRectangle)
                  00002eda    00000002     --HOLE-- [fill = 0]
                  00002edc    00000110     rtsv7M4_T_le_v4SPD16_eabi.lib : s_scalbn.c.obj (.text:scalbn)
                  00002fec    00000108     msp432p4xx_driverlib.lib : pcm.o (.text:__PCM_setCoreVoltageLevelAdvanced)
                  000030f4    000000fc     rtsv7M4_T_le_v4SPD16_eabi.lib : fd_mul_t2.asm.obj (.text)
                  000031f0    000000fa     grlib.a : string.obj (.text:Graphics_getStringWidth)
                  000032ea    00000002     --HOLE-- [fill = 0]
                  000032ec    000000cc     HAL_MSP_EXP432P401R_Crystalfontz128x128_ST7735.obj (.text)
                  000033b8    000000b4     msp432p4xx_driverlib.lib : adc14.o (.text:ADC14_configureConversionMemory)
                  0000346c    000000b4                              : adc14.o (.text:ADC14_configureMultiSequenceMode)
                  00003520    000000b1     rtsv7M4_T_le_v4SPD16_eabi.lib : _printfi.c.obj (.text:_ltostr)
                  000035d1    00000001     --HOLE-- [fill = 0]
                  000035d2    000000b0     msp432p4xx_driverlib.lib : spi.o (.text:SPI_initMaster)
                  00003682    0000009c     grlib.a : line.obj (.text:Graphics_drawLineH)
                  0000371e    0000009c     rtsv7M4_T_le_v4SPD16_eabi.lib : memcpy_t2.asm.obj (.text)
                  000037ba    00000096                                   : ull_div_t2.asm.obj (.text)
                  00003850    00000088     msp432p4xx_driverlib.lib : gpio.o (.text:GPIO_setAsPeripheralModuleFunctionInputPin)
                  000038d8    00000088                              : gpio.o (.text:GPIO_setAsPeripheralModuleFunctionOutputPin)
                  00003960    00000086     rtsv7M4_T_le_v4SPD16_eabi.lib : fd_cmp_t2.asm.obj (.text:__aeabi_cdcmple)
                  000039e6    00000086                                   : fd_cmp_t2.asm.obj (.text:__aeabi_cdrcmple)
                  00003a6c    00000084     msp432p4xx_driverlib.lib : gpio.o (.text:GPIO_getEnabledInterruptStatus)
                  00003af0    00000080                              : interrupt.o (.text:Interrupt_enableInterrupt)
                  00003b70    0000007a     rtsv7M4_T_le_v4SPD16_eabi.lib : memset_t2.asm.obj (.text)
                  00003bea    0000006e                                   : _printfi.c.obj (.text:_mcpy)
                  00003c58    00000068                                   : copy_decompress_lzss.c.obj (.text:decompress:lzss:__TI_decompress_lzss)
                  00003cc0    00000064                                   : s_frexp.c.obj (.text:frexp)
                  00003d24    0000005e     msp432p4xx_driverlib.lib : pcm.o (.text:PCM_getCoreVoltageLevel)
                  00003d82    0000005a                              : pcm.o (.text:PCM_getPowerMode)
                  00003ddc    00000058                              : gpio.o (.text:GPIO_setAsInputPinWithPullUpResistor)
                  00003e34    00000056     rtsv7M4_T_le_v4SPD16_eabi.lib : _printfi.c.obj (.text:_pconv_f)
                  00003e8a    00000054                                   : _ltoa.c.obj (.text:__TI_ltoa)
                  00003ede    00000002     --HOLE-- [fill = 0]
                  00003ee0    00000054     serial.obj (.text)
                  00003f34    00000052     grlib.a : context.obj (.text:Graphics_initContext)
                  00003f86    00000052     rtsv7M4_T_le_v4SPD16_eabi.lib : _printfi.c.obj (.text:_ecpy)
                  00003fd8    0000004c                                   : atoi.c.obj (.text:atoi)
                  00004024    00000048     msp432p4xx_driverlib.lib : flash.o (.text:FlashCtl_setWaitState)
                  0000406c    00000048     grlib.a : string.obj (.text:Graphics_drawStringCentered)
                  000040b4    00000048     rtsv7M4_T_le_v4SPD16_eabi.lib : fd_toi_t2.asm.obj (.text)
                  000040fc    00000044                                   : autoinit.c.obj (.text:__TI_auto_init_nobinit_nopinit:__TI_auto_init_nobinit_nopinit)
                  00004140    00000040     msp432p4xx_driverlib.lib : gpio.o (.text:GPIO_setAsOutputPin)
                  00004180    00000040     grlib.a : string.obj (.text:Graphics_getNumberOfLeadingZeros)
                  000041c0    00000040     msp432p4xx_driverlib.lib : spi.o (.text:is_A_Module)
                  00004200    00000040     rtsv7M4_T_le_v4SPD16_eabi.lib : sprintf.c.obj (.text:sprintf)
                  00004240    0000003e                                   : _printfi.c.obj (.text:_fcpy)
                  0000427e    00000002     --HOLE-- [fill = 0]
                  00004280    0000003c     msp432p4xx_driverlib.lib : gpio.o (.text:GPIO_interruptEdgeSelect)
                  000042bc    00000038     rtsv7M4_T_le_v4SPD16_eabi.lib : fs_tod_t2.asm.obj (.text)
                  000042f4    00000036     grlib.a : display.obj (.text:Graphics_drawHorizontalLineOnDisplay)
                  0000432a    00000002     --HOLE-- [fill = 0]
                  0000432c    00000034     msp432p4xx_driverlib.lib : cs.o (.text:CS_setDCOCenteredFrequency)
                  00004360    00000034                              : uart.o (.text:UART_transmitData)
                  00004394    00000034     rtsv7M4_T_le_v4SPD16_eabi.lib : boot_cortex_m.c.obj (.text:_c_int00_noargs:_c_int00_noargs)
                  000043c8    00000030     msp432p4xx_driverlib.lib : uart.o (.text:UART_enableInterrupt)
                  000043f8    0000002e     rtsv7M4_T_le_v4SPD16_eabi.lib : i_tofd_t2.asm.obj (.text)
                  00004426    0000002c     grlib.a : display.obj (.text:Graphics_drawPixelOnDisplay)
                  00004452    00000002     --HOLE-- [fill = 0]
                  00004454    00000028     msp432p4xx_driverlib.lib : adc14.o (.text:ADC14_getResult)
                  0000447c    00000028                              : gpio.o (.text:GPIO_clearInterruptFlag)
                  000044a4    00000028                              : gpio.o (.text:GPIO_enableInterrupt)
                  000044cc    00000028                              : gpio.o (.text:GPIO_setOutputHighOnPin)
                  000044f4    00000028                              : gpio.o (.text:GPIO_setOutputLowOnPin)
                  0000451c    00000028                              : pcm.o (.text:PCM_gotoLPM0)
                  00004544    00000024                              : gpio.o (.text:GPIO_getInterruptStatus)
                  00004568    00000020                              : ref_a.o (.text:REF_A_setReferenceVoltage)
                  00004588    0000001e     grlib.a : display.obj (.text:Graphics_fillRectangleOnDisplay)
                  000045a6    0000001c     msp432p4xx_driverlib.lib : pcm.o (.text:PCM_gotoLPM0InterruptSafe)
                  000045c2    0000001c                              : spi.o (.text:SPI_enableModule)
                  000045de    00000002     --HOLE-- [fill = 0]
                  000045e0    0000001c                              : sysctl.o (.text:SysCtl_getTempCalibrationConstant)
                  000045fc    0000001c     rtsv7M4_T_le_v4SPD16_eabi.lib : copy_zero_init.c.obj (.text:decompress:ZI:__TI_zero_init_nomemset:__TI_zero_init_nomemset)
                  00004618    0000001c                                   : memccpy.c.obj (.text:memccpy)
                  00004634    0000001a     grlib.a : display.obj (.text:Graphics_clearDisplayOnDisplay)
                  0000464e    0000001a             : context.obj (.text:Graphics_setBackgroundColor)
                  00004668    0000001a             : context.obj (.text:Graphics_setFont)
                  00004682    0000001a     rtsv7M4_T_le_v4SPD16_eabi.lib : s_copysign.c.obj (.text:copysign)
                  0000469c    00000018                                   : sprintf.c.obj (.text:_outs)
                  000046b4    00000016     msp432p4xx_driverlib.lib : spi.o (.text:EUSCI_A_SPI_enable)
                  000046ca    00000016                              : spi.o (.text:EUSCI_B_SPI_enable)
                  000046e0    00000016     grlib.a : context.obj (.text:Graphics_setForegroundColor)
                  000046f6    00000016             : display.obj (.text:Graphics_translateColorOnDisplay)
                  0000470c    00000016     msp432p4xx_driverlib.lib : uart.o (.text:UART_enableModule)
                  00004722    00000016     rtsv7M4_T_le_v4SPD16_eabi.lib : strchr.c.obj (.text:strchr)
                  00004738    00000014     msp432p4xx_driverlib.lib : pcm.o (.text:PCM_getPowerState)
                  0000474c    00000014     rtsv7M4_T_le_v4SPD16_eabi.lib : strlen.c.obj (.text:strlen)
                  00004760    00000012     grlib.a : context.obj (.text:Graphics_clearDisplay)
                  00004772    00000012     rtsv7M4_T_le_v4SPD16_eabi.lib : wcslen.c.obj (.text:wcslen)
                  00004784    00000010     msp432p4xx_driverlib.lib : adc14.o (.text:ADCIsConversionRunning)
                  00004794    00000010                              : interrupt.o (.text:Interrupt_disableMaster)
                  000047a4    00000010                              : interrupt.o (.text:Interrupt_enableMaster)
                  000047b4    00000010                              : interrupt.o (.text:Interrupt_enableSleepOnIsrExit)
                  000047c4    00000010                              : pcm.o (.text:PCM_setCoreVoltageLevel)
                  000047d4    00000010                              : pcm.o (.text:PCM_setPowerMode)
                  000047e4    0000000e     rtsv7M4_T_le_v4SPD16_eabi.lib : copy_decompress_none.c.obj (.text:decompress:none:__TI_decompress_none)
                  000047f2    0000000e     startup_msp432p401r_ccs.obj (.text)
                  00004800    0000000c     msp432p4xx_driverlib.lib : cpu.o (.text:CPU_cpsid)
                  0000480c    0000000c                              : cpu.o (.text:CPU_cpsie)
                  00004818    0000000c                              : ref_a.o (.text:REF_A_enableReferenceVoltage)
                  00004824    0000000c                              : ref_a.o (.text:REF_A_enableTempSensor)
                  00004830    0000000a     rtsv7M4_T_le_v4SPD16_eabi.lib : sprintf.c.obj (.text:_outc)
                  0000483a    00000002     --HOLE-- [fill = 0]
                  0000483c    00000008                                   : errno.c.obj (.text:__aeabi_errno_addr)
                  00004844    00000004     msp432p4xx_driverlib.lib : cpu.o (.text:CPU_wfi)
                  00004848    00000004     rtsv7M4_T_le_v4SPD16_eabi.lib : pre_init.c.obj (.text:_system_pre_init)
                  0000484c    00000004                                   : exit.c.obj (.text:abort:abort)

.const     0    00004850    00000600     
                  00004850    000002f8     grlib.a : fontfixed6x8.obj (.const:.string:g_pucFontFixed6x8Data)
                  00004b48    00000101     rtsv7M4_T_le_v4SPD16_eabi.lib : ctype.c.obj (.const:.string:_ctypes_)
                  00004c49    00000003     --HOLE-- [fill = 0]
                  00004c4c    000000c8     grlib.a : fontfixed6x8.obj (.const:g_sFontFixed6x8)
                  00004d14    00000080     msp432p4xx_driverlib.lib : adc14.o (.const:_ctlRegs)
                  00004d94    00000030                              : gpio.o (.const:GPIO_PORT_TO_BASE)
                  00004dc4    00000028     serial.obj (.const:uartConfig)
                  00004dec    00000020     Crystalfontz128x128_ST7735.obj (.const:g_sCrystalfontz128x128_funcs)
                  00004e0c    0000001c     HAL_MSP_EXP432P401R_Crystalfontz128x128_ST7735.obj (.const:$P$T0$1)
                  00004e28    00000008     Crystalfontz128x128_ST7735.obj (.const:$P$T0$1)
                  00004e30    00000008     display.obj (.const:$P$T0$1)
                  00004e38    00000008     display.obj (.const:$P$T1$2)
                  00004e40    00000008     display.obj (.const:$P$T2$3)
                  00004e48    00000008     msp432p4xx_driverlib.lib : interrupt.o (.const:g_pulEnRegs)

.cinit     0    00004e50    00000040     
                  00004e50    00000017     (.cinit..data.load) [load image, compression = lzss]
                  00004e67    00000001     --HOLE-- [fill = 0]
                  00004e68    0000000c     (__TI_handler_table)
                  00004e74    00000004     --HOLE-- [fill = 0]
                  00004e78    00000008     (.cinit..bss.load) [load image, compression = zero_init]
                  00004e80    00000010     (__TI_cinit_table)

.init_array 
*          0    00000000    00000000     UNINITIALIZED

.binit     0    00000000    00000000     

.bss       0    20000000    000001cc     UNINITIALIZED
                  20000000    00000190     (.common:list)
                  20000190    0000001c     (.common:g_sContext)
                  200001ac    00000008     display.obj (.bss)
                  200001b4    00000004     (.common:calDifference)
                  200001b8    00000004     (.common:temperature)
                  200001bc    00000002     main.obj (.bss)
                  200001be    00000002     (.common:Lcd_ScreenHeigth)
                  200001c0    00000002     (.common:Lcd_ScreenWidth)
                  200001c2    00000002     (.common:Lcd_TouchTrim)
                  200001c4    00000002     (.common:cal30)
                  200001c6    00000002     (.common:cal85)
                  200001c8    00000001     (.common:Lcd_FlagRead)
                  200001c9    00000001     (.common:Lcd_FontSolid)
                  200001ca    00000001     (.common:Lcd_Orientation)
                  200001cb    00000001     (.common:Lcd_PenSolid)

.data      0    200001cc    00000028     UNINITIALIZED
                  200001cc    00000010     Crystalfontz128x128_ST7735.obj (.data:g_sCrystalfontz128x128)
                  200001dc    00000008     display.obj (.data)
                  200001e4    00000006     main.obj (.data)
                  200001ea    00000002     --HOLE--
                  200001ec    00000004     rtsv7M4_T_le_v4SPD16_eabi.lib : errno.c.obj (.data)
                  200001f0    00000004     system_msp432p401r.obj (.data)

.stack     0    2000fe00    00000200     UNINITIALIZED
                  2000fe00    00000004     rtsv7M4_T_le_v4SPD16_eabi.lib : boot_cortex_m.c.obj (.stack)
                  2000fe04    000001fc     --HOLE--

__llvm_prf_cnts 
*          0    20000000    00000000     UNINITIALIZED

MODULE SUMMARY

       Module                                               code    ro data   rw data
       ------                                               ----    -------   -------
    .\
       main.obj                                             760     0         896    
       system_msp432p401r.obj                               820     0         8      
       startup_msp432p401r_ccs.obj                          14      228       0      
    +--+----------------------------------------------------+-------+---------+---------+
       Total:                                               1594    228       904    
                                                                                     
    .\LcdDriver\
       Crystalfontz128x128_ST7735.obj                       1664    40        52     
       HAL_MSP_EXP432P401R_Crystalfontz128x128_ST7735.obj   204     28        0      
    +--+----------------------------------------------------+-------+---------+---------+
       Total:                                               1868    68        52     
                                                                                     
    .\utils\controls\
       controls.obj                                         448     0         0      
    +--+----------------------------------------------------+-------+---------+---------+
       Total:                                               448     0         0      
                                                                                     
    .\utils\display\
       display.obj                                          576     24        32     
    +--+----------------------------------------------------+-------+---------+---------+
       Total:                                               576     24        32     
                                                                                     
    .\utils\serial\
       serial.obj                                           84      40        0      
    +--+----------------------------------------------------+-------+---------+---------+
       Total:                                               84      40        0      
                                                                                     
    C:\ti\ccs1280\ccs\tools\compiler\ti-cgt-arm_20.2.7.LTS\lib\rtsv7M4_T_le_v4SPD16_eabi.lib
       _printfi.c.obj                                       4851    0         0      
       fd_add_t2.asm.obj                                    438     0         0      
       fd_div_t2.asm.obj                                    310     0         0      
       s_scalbn.c.obj                                       272     0         0      
       fd_cmp_t2.asm.obj                                    268     0         0      
       ctype.c.obj                                          0       257       0      
       fd_mul_t2.asm.obj                                    252     0         0      
       memcpy_t2.asm.obj                                    156     0         0      
       ull_div_t2.asm.obj                                   150     0         0      
       memset_t2.asm.obj                                    122     0         0      
       copy_decompress_lzss.c.obj                           104     0         0      
       s_frexp.c.obj                                        100     0         0      
       sprintf.c.obj                                        98      0         0      
       _ltoa.c.obj                                          84      0         0      
       atoi.c.obj                                           76      0         0      
       fd_toi_t2.asm.obj                                    72      0         0      
       autoinit.c.obj                                       68      0         0      
       fs_tod_t2.asm.obj                                    56      0         0      
       boot_cortex_m.c.obj                                  52      0         0      
       i_tofd_t2.asm.obj                                    46      0         0      
       copy_zero_init.c.obj                                 28      0         0      
       memccpy.c.obj                                        28      0         0      
       s_copysign.c.obj                                     26      0         0      
       strchr.c.obj                                         22      0         0      
       strlen.c.obj                                         20      0         0      
       wcslen.c.obj                                         18      0         0      
       errno.c.obj                                          8       0         8      
       copy_decompress_none.c.obj                           14      0         0      
       exit.c.obj                                           4       0         0      
       pre_init.c.obj                                       4       0         0      
       div0.asm.obj                                         2       0         0      
    +--+----------------------------------------------------+-------+---------+---------+
       Total:                                               7749    257       8      
                                                                                     
    Z:/simplelink_msp432p4_sdk_3_40_01_02/source/ti/devices/msp432p4xx/driverlib/ccs/msp432p4xx_driverlib.lib
       pcm.o                                                916     0         0      
       adc14.o                                              768     128       0      
       gpio.o                                               812     48        0      
       uart.o                                               406     0         0      
       spi.o                                                312     0         0      
       interrupt.o                                          176     8         0      
       flash.o                                              72      0         0      
       ref_a.o                                              56      0         0      
       cs.o                                                 52      0         0      
       cpu.o                                                28      0         0      
       sysctl.o                                             28      0         0      
    +--+----------------------------------------------------+-------+---------+---------+
       Total:                                               3626    184       0      
                                                                                     
    Z:/simplelink_msp432p4_sdk_3_40_01_02/source/ti/grlib/lib/ccs/m4/grlib.a
       string.obj                                           1536    0         0      
       fontfixed6x8.obj                                     0       960       0      
       rectangle.obj                                        274     0         0      
       display.obj                                          176     0         0      
       context.obj                                          174     0         0      
       line.obj                                             156     0         0      
    +--+----------------------------------------------------+-------+---------+---------+
       Total:                                               2316    960       0      
                                                                                     
       Stack:                                               0       0         1024   
       Linker Generated:                                    0       59        0      
    +--+----------------------------------------------------+-------+---------+---------+
       Grand Total:                                         18261   1820      2020   


LINKER GENERATED COPY TABLES

__TI_cinit_table @ 00004e80 records: 2, size/record: 8, table size: 16
	.data: load addr=00004e50, load size=00000017 bytes, run addr=200001cc, run size=00000028 bytes, compression=lzss
	.bss: load addr=00004e78, load size=00000008 bytes, run addr=20000000, run size=000001cc bytes, compression=zero_init


LINKER GENERATED HANDLER TABLE

__TI_handler_table @ 00004e68 records: 3, size/record: 4, table size: 12
	index: 0, handler: __TI_decompress_lzss
	index: 1, handler: __TI_decompress_none
	index: 2, handler: __TI_zero_init


GLOBAL SYMBOLS: SORTED ALPHABETICALLY BY Name 

address   name                                       
-------   ----                                       
00001aad  ADC14_IRQHandler                           
00001aad  ADC14_IRQHandler                           
000033b9  ADC14_configureConversionMemory            
0000346d  ADC14_configureMultiSequenceMode           
00004455  ADC14_getResult                            
000047ff  AES256_IRQHandler                          
000047ff  BusFault_Handler                           
0000484d  C$$EXIT                                    
000047ff  COMP_E0_IRQHandler                         
000047ff  COMP_E1_IRQHandler                         
00004801  CPU_cpsid                                  
0000480d  CPU_cpsie                                  
00004845  CPU_wfi                                    
000047ff  CS_IRQHandler                              
0000432d  CS_setDCOCenteredFrequency                 
00000b35  Crystalfontz128x128_Init                   
00000c49  Crystalfontz128x128_SetDrawFrame           
00000d77  Crystalfontz128x128_SetOrientation         
000047ff  DMA_ERR_IRQHandler                         
000047ff  DMA_INT0_IRQHandler                        
000047ff  DMA_INT1_IRQHandler                        
000047ff  DMA_INT2_IRQHandler                        
000047ff  DMA_INT3_IRQHandler                        
000047ff  DebugMon_Handler                           
000047ff  Default_Handler                            
000047ff  EUSCIA0_IRQHandler                         
000047ff  EUSCIA1_IRQHandler                         
000047ff  EUSCIA2_IRQHandler                         
000047ff  EUSCIA3_IRQHandler                         
000047ff  EUSCIB0_IRQHandler                         
000047ff  EUSCIB1_IRQHandler                         
000047ff  EUSCIB2_IRQHandler                         
000047ff  EUSCIB3_IRQHandler                         
000046b5  EUSCI_A_SPI_enable                         
000046cb  EUSCI_B_SPI_enable                         
000047ff  FLCTL_IRQHandler                           
000047ff  FPU_IRQHandler                             
00004025  FlashCtl_setWaitState                      
0000447d  GPIO_clearInterruptFlag                    
000044a5  GPIO_enableInterrupt                       
00003a6d  GPIO_getEnabledInterruptStatus             
00004545  GPIO_getInterruptStatus                    
00004281  GPIO_interruptEdgeSelect                   
00003ddd  GPIO_setAsInputPinWithPullUpResistor       
00004141  GPIO_setAsOutputPin                        
00003851  GPIO_setAsPeripheralModuleFunctionInputPin 
000038d9  GPIO_setAsPeripheralModuleFunctionOutputPin
000044cd  GPIO_setOutputHighOnPin                    
000044f5  GPIO_setOutputLowOnPin                     
00004761  Graphics_clearDisplay                      
00004635  Graphics_clearDisplayOnDisplay             
000042f5  Graphics_drawHorizontalLineOnDisplay       
00003683  Graphics_drawLineH                         
00004427  Graphics_drawPixelOnDisplay                
000011b5  Graphics_drawString                        
0000406d  Graphics_drawStringCentered                
00002dc9  Graphics_fillRectangle                     
00004589  Graphics_fillRectangleOnDisplay            
000031f1  Graphics_getStringWidth                    
00003f35  Graphics_initContext                       
0000464f  Graphics_setBackgroundColor                
00004669  Graphics_setFont                           
000046e1  Graphics_setForegroundColor                
000046f7  Graphics_translateColorOnDisplay           
000032ed  HAL_LCD_PortInit                           
0000331d  HAL_LCD_SpiInit                            
00003353  HAL_LCD_writeCommand                       
00003383  HAL_LCD_writeData                          
000047ff  HardFault_Handler                          
00004795  Interrupt_disableMaster                    
00003af1  Interrupt_enableInterrupt                  
000047a5  Interrupt_enableMaster                     
000047b5  Interrupt_enableSleepOnIsrExit             
200001c8  Lcd_FlagRead                               
200001c9  Lcd_FontSolid                              
200001ca  Lcd_Orientation                            
200001cb  Lcd_PenSolid                               
200001be  Lcd_ScreenHeigth                           
200001c0  Lcd_ScreenWidth                            
200001c2  Lcd_TouchTrim                              
000047ff  MemManage_Handler                          
000047ff  NMI_Handler                                
000047ff  PCM_IRQHandler                             
00003d25  PCM_getCoreVoltageLevel                    
00003d83  PCM_getPowerMode                           
00004739  PCM_getPowerState                          
0000451d  PCM_gotoLPM0                               
000045a7  PCM_gotoLPM0InterruptSafe                  
000047c5  PCM_setCoreVoltageLevel                    
000047d5  PCM_setPowerMode                           
000047ff  PORT1_IRQHandler                           
000047ff  PORT2_IRQHandler                           
000047ff  PORT3_IRQHandler                           
000047ff  PORT4_IRQHandler                           
00001b97  PORT5_IRQHandler                           
00001b97  PORT5_IRQHandler                           
000047ff  PORT6_IRQHandler                           
000047ff  PSS_IRQHandler                             
000047ff  PendSV_Handler                             
00004819  REF_A_enableReferenceVoltage               
00004825  REF_A_enableTempSensor                     
00004569  REF_A_setReferenceVoltage                  
000047ff  RTC_C_IRQHandler                           
000047f3  Reset_Handler                              
000045c3  SPI_enableModule                           
000035d3  SPI_initMaster                             
000047ff  SVC_Handler                                
000045e1  SysCtl_getTempCalibrationConstant          
000047ff  SysTick_Handler                            
200001f0  SystemCoreClock                            
00001635  SystemCoreClockUpdate                      
000018ad  SystemInit                                 
000047ff  T32_INT1_IRQHandler                        
000047ff  T32_INT2_IRQHandler                        
000047ff  T32_INTC_IRQHandler                        
000047ff  TA0_0_IRQHandler                           
000047ff  TA0_N_IRQHandler                           
000047ff  TA1_0_IRQHandler                           
000047ff  TA1_N_IRQHandler                           
000047ff  TA2_0_IRQHandler                           
000047ff  TA2_N_IRQHandler                           
000047ff  TA3_0_IRQHandler                           
000047ff  TA3_N_IRQHandler                           
200001e8  TXData                                     
000043c9  UART_enableInterrupt                       
0000470d  UART_enableModule                          
00002cad  UART_initModule                            
00004361  UART_transmitData                          
000047ff  UsageFault_Handler                         
4000480c  WDTCTL_SYM                                 
000047ff  WDT_A_IRQHandler                           
20010000  __STACK_END                                
00000200  __STACK_SIZE                               
00004e80  __TI_CINIT_Base                            
00004e90  __TI_CINIT_Limit                           
00004e68  __TI_Handler_Table_Base                    
00004e74  __TI_Handler_Table_Limit                   
000040fd  __TI_auto_init_nobinit_nopinit             
00003c59  __TI_decompress_lzss                       
000047e5  __TI_decompress_none                       
00003e8b  __TI_ltoa                                  
ffffffff  __TI_pprof_out_hndl                        
000000e5  __TI_printfi                               
ffffffff  __TI_prof_data_size                        
ffffffff  __TI_prof_data_start                       
00000000  __TI_static_base__                         
000045fd  __TI_zero_init_nomemset                    
00003961  __aeabi_cdcmpeq                            
00003961  __aeabi_cdcmple                            
000039e7  __aeabi_cdrcmple                           
000040b5  __aeabi_d2iz                               
000024ab  __aeabi_dadd                               
00002a51  __aeabi_ddiv                               
000030f5  __aeabi_dmul                               
000024a1  __aeabi_dsub                               
0000483d  __aeabi_errno_addr                         
000042bd  __aeabi_f2d                                
000043f9  __aeabi_i2d                                
00000b33  __aeabi_idiv0                              
00000b33  __aeabi_ldiv0                              
00003b71  __aeabi_memclr                             
00003b71  __aeabi_memclr4                            
00003b71  __aeabi_memclr8                            
0000371f  __aeabi_memcpy                             
0000371f  __aeabi_memcpy4                            
0000371f  __aeabi_memcpy8                            
00003b73  __aeabi_memset                             
00003b73  __aeabi_memset4                            
00003b73  __aeabi_memset8                            
000037bb  __aeabi_uldivmod                           
ffffffff  __binit__                                  
ffffffff  __c_args__                                 
UNDEFED   __mpu_init                                 
2000fe00  __stack                                    
20000000  __start___llvm_prf_cnts                    
20000000  __stop___llvm_prf_cnts                     
00004395  _c_int00_noargs                            
00004b48  _ctypes_                                   
UNDEFED   _system_post_cinit                         
00004849  _system_pre_init                           
0000484d  abort                                      
00003fd9  atoi                                       
ffffffff  binit                                      
200001c4  cal30                                      
200001c6  cal85                                      
200001b4  calDifference                              
00004683  copysign                                   
00004683  copysignl                                  
200001e6  counter                                    
00001f3b  display_information                        
00001f87  display_list                               
000023c1  enable_interrupts                          
200001ec  errno                                      
00003cc1  frexp                                      
00003cc1  frexpl                                     
20000190  g_sContext                                 
200001cc  g_sCrystalfontz128x128                     
00004dec  g_sCrystalfontz128x128_funcs               
00004c4c  g_sFontFixed6x8                            
00001f0b  get_list                                   
200001e4  index                                      
00002391  init_adc                                   
00001ed1  init_display                               
00000000  interruptVectors                           
00002edd  ldexp                                      
00002edd  ldexpl                                     
20000000  list                                       
00001969  main                                       
00004619  memccpy                                    
0000371f  memcpy                                     
00003b79  memset                                     
00002edd  scalbn                                     
00002edd  scalbnl                                    
200001e0  scrollOffset                               
000020a3  scroll_down                                
00002073  scroll_up                                  
0000205f  select_index                               
200001dc  selectedIndex                              
00002463  setup_button                               
00002403  setup_cursor                               
00003ee1  setup_serial                               
00002431  setup_temperature                          
00004201  sprintf                                    
00004723  strchr                                     
0000474d  strlen                                     
200001b8  temperature                                
000022e1  test                                       
00004dc4  uartConfig                                 
00004773  wcslen                                     


GLOBAL SYMBOLS: SORTED BY Symbol Address 

address   name                                       
-------   ----                                       
00000000  __TI_static_base__                         
00000000  interruptVectors                           
000000e5  __TI_printfi                               
00000200  __STACK_SIZE                               
00000b33  __aeabi_idiv0                              
00000b33  __aeabi_ldiv0                              
00000b35  Crystalfontz128x128_Init                   
00000c49  Crystalfontz128x128_SetDrawFrame           
00000d77  Crystalfontz128x128_SetOrientation         
000011b5  Graphics_drawString                        
00001635  SystemCoreClockUpdate                      
000018ad  SystemInit                                 
00001969  main                                       
00001aad  ADC14_IRQHandler                           
00001aad  ADC14_IRQHandler                           
00001b97  PORT5_IRQHandler                           
00001b97  PORT5_IRQHandler                           
00001ed1  init_display                               
00001f0b  get_list                                   
00001f3b  display_information                        
00001f87  display_list                               
0000205f  select_index                               
00002073  scroll_up                                  
000020a3  scroll_down                                
000022e1  test                                       
00002391  init_adc                                   
000023c1  enable_interrupts                          
00002403  setup_cursor                               
00002431  setup_temperature                          
00002463  setup_button                               
000024a1  __aeabi_dsub                               
000024ab  __aeabi_dadd                               
00002a51  __aeabi_ddiv                               
00002cad  UART_initModule                            
00002dc9  Graphics_fillRectangle                     
00002edd  ldexp                                      
00002edd  ldexpl                                     
00002edd  scalbn                                     
00002edd  scalbnl                                    
000030f5  __aeabi_dmul                               
000031f1  Graphics_getStringWidth                    
000032ed  HAL_LCD_PortInit                           
0000331d  HAL_LCD_SpiInit                            
00003353  HAL_LCD_writeCommand                       
00003383  HAL_LCD_writeData                          
000033b9  ADC14_configureConversionMemory            
0000346d  ADC14_configureMultiSequenceMode           
000035d3  SPI_initMaster                             
00003683  Graphics_drawLineH                         
0000371f  __aeabi_memcpy                             
0000371f  __aeabi_memcpy4                            
0000371f  __aeabi_memcpy8                            
0000371f  memcpy                                     
000037bb  __aeabi_uldivmod                           
00003851  GPIO_setAsPeripheralModuleFunctionInputPin 
000038d9  GPIO_setAsPeripheralModuleFunctionOutputPin
00003961  __aeabi_cdcmpeq                            
00003961  __aeabi_cdcmple                            
000039e7  __aeabi_cdrcmple                           
00003a6d  GPIO_getEnabledInterruptStatus             
00003af1  Interrupt_enableInterrupt                  
00003b71  __aeabi_memclr                             
00003b71  __aeabi_memclr4                            
00003b71  __aeabi_memclr8                            
00003b73  __aeabi_memset                             
00003b73  __aeabi_memset4                            
00003b73  __aeabi_memset8                            
00003b79  memset                                     
00003c59  __TI_decompress_lzss                       
00003cc1  frexp                                      
00003cc1  frexpl                                     
00003d25  PCM_getCoreVoltageLevel                    
00003d83  PCM_getPowerMode                           
00003ddd  GPIO_setAsInputPinWithPullUpResistor       
00003e8b  __TI_ltoa                                  
00003ee1  setup_serial                               
00003f35  Graphics_initContext                       
00003fd9  atoi                                       
00004025  FlashCtl_setWaitState                      
0000406d  Graphics_drawStringCentered                
000040b5  __aeabi_d2iz                               
000040fd  __TI_auto_init_nobinit_nopinit             
00004141  GPIO_setAsOutputPin                        
00004201  sprintf                                    
00004281  GPIO_interruptEdgeSelect                   
000042bd  __aeabi_f2d                                
000042f5  Graphics_drawHorizontalLineOnDisplay       
0000432d  CS_setDCOCenteredFrequency                 
00004361  UART_transmitData                          
00004395  _c_int00_noargs                            
000043c9  UART_enableInterrupt                       
000043f9  __aeabi_i2d                                
00004427  Graphics_drawPixelOnDisplay                
00004455  ADC14_getResult                            
0000447d  GPIO_clearInterruptFlag                    
000044a5  GPIO_enableInterrupt                       
000044cd  GPIO_setOutputHighOnPin                    
000044f5  GPIO_setOutputLowOnPin                     
0000451d  PCM_gotoLPM0                               
00004545  GPIO_getInterruptStatus                    
00004569  REF_A_setReferenceVoltage                  
00004589  Graphics_fillRectangleOnDisplay            
000045a7  PCM_gotoLPM0InterruptSafe                  
000045c3  SPI_enableModule                           
000045e1  SysCtl_getTempCalibrationConstant          
000045fd  __TI_zero_init_nomemset                    
00004619  memccpy                                    
00004635  Graphics_clearDisplayOnDisplay             
0000464f  Graphics_setBackgroundColor                
00004669  Graphics_setFont                           
00004683  copysign                                   
00004683  copysignl                                  
000046b5  EUSCI_A_SPI_enable                         
000046cb  EUSCI_B_SPI_enable                         
000046e1  Graphics_setForegroundColor                
000046f7  Graphics_translateColorOnDisplay           
0000470d  UART_enableModule                          
00004723  strchr                                     
00004739  PCM_getPowerState                          
0000474d  strlen                                     
00004761  Graphics_clearDisplay                      
00004773  wcslen                                     
00004795  Interrupt_disableMaster                    
000047a5  Interrupt_enableMaster                     
000047b5  Interrupt_enableSleepOnIsrExit             
000047c5  PCM_setCoreVoltageLevel                    
000047d5  PCM_setPowerMode                           
000047e5  __TI_decompress_none                       
000047f3  Reset_Handler                              
000047ff  AES256_IRQHandler                          
000047ff  BusFault_Handler                           
000047ff  COMP_E0_IRQHandler                         
000047ff  COMP_E1_IRQHandler                         
000047ff  CS_IRQHandler                              
000047ff  DMA_ERR_IRQHandler                         
000047ff  DMA_INT0_IRQHandler                        
000047ff  DMA_INT1_IRQHandler                        
000047ff  DMA_INT2_IRQHandler                        
000047ff  DMA_INT3_IRQHandler                        
000047ff  DebugMon_Handler                           
000047ff  Default_Handler                            
000047ff  EUSCIA0_IRQHandler                         
000047ff  EUSCIA1_IRQHandler                         
000047ff  EUSCIA2_IRQHandler                         
000047ff  EUSCIA3_IRQHandler                         
000047ff  EUSCIB0_IRQHandler                         
000047ff  EUSCIB1_IRQHandler                         
000047ff  EUSCIB2_IRQHandler                         
000047ff  EUSCIB3_IRQHandler                         
000047ff  FLCTL_IRQHandler                           
000047ff  FPU_IRQHandler                             
000047ff  HardFault_Handler                          
000047ff  MemManage_Handler                          
000047ff  NMI_Handler                                
000047ff  PCM_IRQHandler                             
000047ff  PORT1_IRQHandler                           
000047ff  PORT2_IRQHandler                           
000047ff  PORT3_IRQHandler                           
000047ff  PORT4_IRQHandler                           
000047ff  PORT6_IRQHandler                           
000047ff  PSS_IRQHandler                             
000047ff  PendSV_Handler                             
000047ff  RTC_C_IRQHandler                           
000047ff  SVC_Handler                                
000047ff  SysTick_Handler                            
000047ff  T32_INT1_IRQHandler                        
000047ff  T32_INT2_IRQHandler                        
000047ff  T32_INTC_IRQHandler                        
000047ff  TA0_0_IRQHandler                           
000047ff  TA0_N_IRQHandler                           
000047ff  TA1_0_IRQHandler                           
000047ff  TA1_N_IRQHandler                           
000047ff  TA2_0_IRQHandler                           
000047ff  TA2_N_IRQHandler                           
000047ff  TA3_0_IRQHandler                           
000047ff  TA3_N_IRQHandler                           
000047ff  UsageFault_Handler                         
000047ff  WDT_A_IRQHandler                           
00004801  CPU_cpsid                                  
0000480d  CPU_cpsie                                  
00004819  REF_A_enableReferenceVoltage               
00004825  REF_A_enableTempSensor                     
0000483d  __aeabi_errno_addr                         
00004845  CPU_wfi                                    
00004849  _system_pre_init                           
0000484d  C$$EXIT                                    
0000484d  abort                                      
00004b48  _ctypes_                                   
00004c4c  g_sFontFixed6x8                            
00004dc4  uartConfig                                 
00004dec  g_sCrystalfontz128x128_funcs               
00004e68  __TI_Handler_Table_Base                    
00004e74  __TI_Handler_Table_Limit                   
00004e80  __TI_CINIT_Base                            
00004e90  __TI_CINIT_Limit                           
20000000  __start___llvm_prf_cnts                    
20000000  __stop___llvm_prf_cnts                     
20000000  list                                       
20000190  g_sContext                                 
200001b4  calDifference                              
200001b8  temperature                                
200001be  Lcd_ScreenHeigth                           
200001c0  Lcd_ScreenWidth                            
200001c2  Lcd_TouchTrim                              
200001c4  cal30                                      
200001c6  cal85                                      
200001c8  Lcd_FlagRead                               
200001c9  Lcd_FontSolid                              
200001ca  Lcd_Orientation                            
200001cb  Lcd_PenSolid                               
200001cc  g_sCrystalfontz128x128                     
200001dc  selectedIndex                              
200001e0  scrollOffset                               
200001e4  index                                      
200001e6  counter                                    
200001e8  TXData                                     
200001ec  errno                                      
200001f0  SystemCoreClock                            
2000fe00  __stack                                    
20010000  __STACK_END                                
4000480c  WDTCTL_SYM                                 
ffffffff  __TI_pprof_out_hndl                        
ffffffff  __TI_prof_data_size                        
ffffffff  __TI_prof_data_start                       
ffffffff  __binit__                                  
ffffffff  __c_args__                                 
ffffffff  binit                                      
UNDEFED   __mpu_init                                 
UNDEFED   _system_post_cinit                         

[229 symbols]
