******************************************************************************
                  TI ARM Linker PC v20.2.7                     
******************************************************************************
>> Linked Sun May  4 15:01:27 2025

OUTPUT FILE NAME:   <progetto-embedded.out>
ENTRY POINT SYMBOL: "_c_int00_noargs"  address: 00003981


MEMORY CONFIGURATION

         name            origin    length      used     unused   attr    fill
----------------------  --------  ---------  --------  --------  ----  --------
  MAIN                  00000000   00040000  00004270  0003bd90  R  X
  INFO                  00200000   00004000  00000000  00004000  R  X
  SRAM_CODE             01000000   00010000  000003e2  0000fc1e  RW X
  SRAM_DATA             20000000   00010000  000003e2  0000fc1e  RW  


SEGMENT ALLOCATION MAP

run origin  load origin   length   init length attrs members
----------  ----------- ---------- ----------- ----- -------
00000000    00000000    00004270   00004270    r-x
  00000000    00000000    000000e4   000000e4    r-- .intvecs
  000000e4    000000e4    00003b84   00003b84    r-x .text
  00003c68    00003c68    000005d0   000005d0    r-- .const
  00004238    00004238    00000038   00000038    r-- .cinit
20000000    20000000    000001e2   00000000    rw-
  20000000    20000000    000001c0   00000000    rw- .bss
  200001c0    200001c0    00000022   00000000    rw- .data
2000fe00    2000fe00    00000200   00000000    rw-
  2000fe00    2000fe00    00000200   00000000    rw- .stack


SECTION ALLOCATION MAP

 output                                  attributes/
section   page    origin      length       input sections
--------  ----  ----------  ----------   ----------------
.intvecs   0    00000000    000000e4     
                  00000000    000000e4     startup_msp432p401r_ccs.obj (.intvecs:retain)

.text      0    000000e4    00003b84     
                  000000e4    00000a4e     rtsv7M4_T_le_v4SPD16_eabi.lib : _printfi.c.obj (.text:__TI_printfi)
                  00000b32    00000002                                   : div0.asm.obj (.text)
                  00000b34    00000680     Crystalfontz128x128_ST7735.obj (.text)
                  000011b4    0000047e     grlib.a : string.obj (.text:Graphics_drawString)
                  00001632    00000002     --HOLE-- [fill = 0]
                  00001634    00000334     system_msp432p401r.obj (.text)
                  00001968    00000270     rtsv7M4_T_le_v4SPD16_eabi.lib : _printfi.c.obj (.text:_pconv_a)
                  00001bd8    00000240     display.obj (.text)
                  00001e18    0000020c     main.obj (.text)
                  00002024    000001d0     rtsv7M4_T_le_v4SPD16_eabi.lib : _printfi.c.obj (.text:_pconv_g)
                  000021f4    000001b6                                   : fd_add_t2.asm.obj (.text)
                  000023aa    00000002     --HOLE-- [fill = 0]
                  000023ac    00000160     msp432p4xx_driverlib.lib : adc14.o (.text:_getIndexForMemRegister)
                  0000250c    0000013c     rtsv7M4_T_le_v4SPD16_eabi.lib : _printfi.c.obj (.text:_pconv_e)
                  00002648    00000136                                   : fd_div_t2.asm.obj (.text)
                  0000277e    00000002     --HOLE-- [fill = 0]
                  00002780    00000124                                   : _printfi.c.obj (.text:fcvt)
                  000028a4    00000112     grlib.a : rectangle.obj (.text:Graphics_fillRectangle)
                  000029b6    00000002     --HOLE-- [fill = 0]
                  000029b8    00000110     rtsv7M4_T_le_v4SPD16_eabi.lib : s_scalbn.c.obj (.text:scalbn)
                  00002ac8    000000fc                                   : fd_mul_t2.asm.obj (.text)
                  00002bc4    000000fa     grlib.a : string.obj (.text:Graphics_getStringWidth)
                  00002cbe    00000002     --HOLE-- [fill = 0]
                  00002cc0    000000cc     HAL_MSP_EXP432P401R_Crystalfontz128x128_ST7735.obj (.text)
                  00002d8c    000000b4     msp432p4xx_driverlib.lib : adc14.o (.text:ADC14_configureConversionMemory)
                  00002e40    000000b1     rtsv7M4_T_le_v4SPD16_eabi.lib : _printfi.c.obj (.text:_ltostr)
                  00002ef1    00000001     --HOLE-- [fill = 0]
                  00002ef2    000000b0     msp432p4xx_driverlib.lib : spi.o (.text:SPI_initMaster)
                  00002fa2    00000002     --HOLE-- [fill = 0]
                  00002fa4    000000a8     controls.obj (.text)
                  0000304c    0000009c     grlib.a : line.obj (.text:Graphics_drawLineH)
                  000030e8    0000009c     rtsv7M4_T_le_v4SPD16_eabi.lib : memcpy_t2.asm.obj (.text)
                  00003184    00000096                                   : ull_div_t2.asm.obj (.text)
                  0000321a    00000002     --HOLE-- [fill = 0]
                  0000321c    00000088     msp432p4xx_driverlib.lib : gpio.o (.text:GPIO_setAsPeripheralModuleFunctionOutputPin)
                  000032a4    00000086     rtsv7M4_T_le_v4SPD16_eabi.lib : fd_cmp_t2.asm.obj (.text:__aeabi_cdcmple)
                  0000332a    00000086                                   : fd_cmp_t2.asm.obj (.text:__aeabi_cdrcmple)
                  000033b0    0000007a                                   : memset_t2.asm.obj (.text)
                  0000342a    0000006e                                   : _printfi.c.obj (.text:_mcpy)
                  00003498    00000068                                   : copy_decompress_lzss.c.obj (.text:decompress:lzss:__TI_decompress_lzss)
                  00003500    00000064                                   : s_frexp.c.obj (.text:frexp)
                  00003564    00000056                                   : _printfi.c.obj (.text:_pconv_f)
                  000035ba    00000054                                   : _ltoa.c.obj (.text:__TI_ltoa)
                  0000360e    00000052     grlib.a : context.obj (.text:Graphics_initContext)
                  00003660    00000052     rtsv7M4_T_le_v4SPD16_eabi.lib : _printfi.c.obj (.text:_ecpy)
                  000036b2    00000002     --HOLE-- [fill = 0]
                  000036b4    0000004c                                   : atoi.c.obj (.text:atoi)
                  00003700    00000048     grlib.a : string.obj (.text:Graphics_drawStringCentered)
                  00003748    00000048     rtsv7M4_T_le_v4SPD16_eabi.lib : fd_toi_t2.asm.obj (.text)
                  00003790    00000044                                   : autoinit.c.obj (.text:__TI_auto_init_nobinit_nopinit:__TI_auto_init_nobinit_nopinit)
                  000037d4    00000040     msp432p4xx_driverlib.lib : gpio.o (.text:GPIO_setAsOutputPin)
                  00003814    00000040     grlib.a : string.obj (.text:Graphics_getNumberOfLeadingZeros)
                  00003854    00000040     msp432p4xx_driverlib.lib : spi.o (.text:is_A_Module)
                  00003894    00000040     rtsv7M4_T_le_v4SPD16_eabi.lib : sprintf.c.obj (.text:sprintf)
                  000038d4    0000003e                                   : _printfi.c.obj (.text:_fcpy)
                  00003912    00000038                                   : fs_tod_t2.asm.obj (.text)
                  0000394a    00000036     grlib.a : display.obj (.text:Graphics_drawHorizontalLineOnDisplay)
                  00003980    00000034     rtsv7M4_T_le_v4SPD16_eabi.lib : boot_cortex_m.c.obj (.text:_c_int00_noargs:_c_int00_noargs)
                  000039b4    0000002e                                   : i_tofd_t2.asm.obj (.text)
                  000039e2    0000002c     grlib.a : display.obj (.text:Graphics_drawPixelOnDisplay)
                  00003a0e    00000002     --HOLE-- [fill = 0]
                  00003a10    00000028     msp432p4xx_driverlib.lib : adc14.o (.text:ADC14_getResult)
                  00003a38    00000028                              : gpio.o (.text:GPIO_setOutputHighOnPin)
                  00003a60    00000028                              : gpio.o (.text:GPIO_setOutputLowOnPin)
                  00003a88    0000001e     grlib.a : display.obj (.text:Graphics_fillRectangleOnDisplay)
                  00003aa6    0000001c     msp432p4xx_driverlib.lib : spi.o (.text:SPI_enableModule)
                  00003ac2    0000001c     rtsv7M4_T_le_v4SPD16_eabi.lib : copy_zero_init.c.obj (.text:decompress:ZI:__TI_zero_init_nomemset:__TI_zero_init_nomemset)
                  00003ade    0000001c                                   : memccpy.c.obj (.text:memccpy)
                  00003afa    0000001a     grlib.a : display.obj (.text:Graphics_clearDisplayOnDisplay)
                  00003b14    0000001a             : context.obj (.text:Graphics_setBackgroundColor)
                  00003b2e    0000001a             : context.obj (.text:Graphics_setFont)
                  00003b48    0000001a     rtsv7M4_T_le_v4SPD16_eabi.lib : s_copysign.c.obj (.text:copysign)
                  00003b62    00000018                                   : sprintf.c.obj (.text:_outs)
                  00003b7a    00000016     msp432p4xx_driverlib.lib : spi.o (.text:EUSCI_A_SPI_enable)
                  00003b90    00000016                              : spi.o (.text:EUSCI_B_SPI_enable)
                  00003ba6    00000016     grlib.a : context.obj (.text:Graphics_setForegroundColor)
                  00003bbc    00000016             : display.obj (.text:Graphics_translateColorOnDisplay)
                  00003bd2    00000016     rtsv7M4_T_le_v4SPD16_eabi.lib : strchr.c.obj (.text:strchr)
                  00003be8    00000014                                   : strlen.c.obj (.text:strlen)
                  00003bfc    00000012     grlib.a : context.obj (.text:Graphics_clearDisplay)
                  00003c0e    00000012     rtsv7M4_T_le_v4SPD16_eabi.lib : wcslen.c.obj (.text:wcslen)
                  00003c20    00000010     msp432p4xx_driverlib.lib : adc14.o (.text:ADCIsConversionRunning)
                  00003c30    0000000e     rtsv7M4_T_le_v4SPD16_eabi.lib : copy_decompress_none.c.obj (.text:decompress:none:__TI_decompress_none)
                  00003c3e    0000000e     startup_msp432p401r_ccs.obj (.text)
                  00003c4c    0000000a     rtsv7M4_T_le_v4SPD16_eabi.lib : sprintf.c.obj (.text:_outc)
                  00003c56    00000002     --HOLE-- [fill = 0]
                  00003c58    00000008                                   : errno.c.obj (.text:__aeabi_errno_addr)
                  00003c60    00000004                                   : pre_init.c.obj (.text:_system_pre_init)
                  00003c64    00000004                                   : exit.c.obj (.text:abort:abort)

.const     0    00003c68    000005d0     
                  00003c68    000002f8     grlib.a : fontfixed6x8.obj (.const:.string:g_pucFontFixed6x8Data)
                  00003f60    00000101     rtsv7M4_T_le_v4SPD16_eabi.lib : ctype.c.obj (.const:.string:_ctypes_)
                  00004061    00000003     --HOLE-- [fill = 0]
                  00004064    000000c8     grlib.a : fontfixed6x8.obj (.const:g_sFontFixed6x8)
                  0000412c    00000080     msp432p4xx_driverlib.lib : adc14.o (.const:_ctlRegs)
                  000041ac    00000030                              : gpio.o (.const:GPIO_PORT_TO_BASE)
                  000041dc    00000020     Crystalfontz128x128_ST7735.obj (.const:g_sCrystalfontz128x128_funcs)
                  000041fc    0000001c     HAL_MSP_EXP432P401R_Crystalfontz128x128_ST7735.obj (.const:$P$T0$1)
                  00004218    00000008     Crystalfontz128x128_ST7735.obj (.const:$P$T0$1)
                  00004220    00000008     display.obj (.const:$P$T0$1)
                  00004228    00000008     display.obj (.const:$P$T1$2)
                  00004230    00000008     display.obj (.const:$P$T2$3)

.cinit     0    00004238    00000038     
                  00004238    00000013     (.cinit..data.load) [load image, compression = lzss]
                  0000424b    00000001     --HOLE-- [fill = 0]
                  0000424c    0000000c     (__TI_handler_table)
                  00004258    00000008     (.cinit..bss.load) [load image, compression = zero_init]
                  00004260    00000010     (__TI_cinit_table)

.init_array 
*          0    00000000    00000000     UNINITIALIZED

.binit     0    00000000    00000000     

.bss       0    20000000    000001c0     UNINITIALIZED
                  20000000    00000190     (.common:list)
                  20000190    0000001c     (.common:g_sContext)
                  200001ac    00000008     display.obj (.bss)
                  200001b4    00000002     main.obj (.bss)
                  200001b6    00000002     (.common:Lcd_ScreenHeigth)
                  200001b8    00000002     (.common:Lcd_ScreenWidth)
                  200001ba    00000002     (.common:Lcd_TouchTrim)
                  200001bc    00000001     (.common:Lcd_FlagRead)
                  200001bd    00000001     (.common:Lcd_FontSolid)
                  200001be    00000001     (.common:Lcd_Orientation)
                  200001bf    00000001     (.common:Lcd_PenSolid)

.data      0    200001c0    00000022     UNINITIALIZED
                  200001c0    00000010     Crystalfontz128x128_ST7735.obj (.data:g_sCrystalfontz128x128)
                  200001d0    00000008     display.obj (.data)
                  200001d8    00000004     rtsv7M4_T_le_v4SPD16_eabi.lib : errno.c.obj (.data)
                  200001dc    00000004     system_msp432p401r.obj (.data)
                  200001e0    00000002     main.obj (.data)

.stack     0    2000fe00    00000200     UNINITIALIZED
                  2000fe00    00000004     rtsv7M4_T_le_v4SPD16_eabi.lib : boot_cortex_m.c.obj (.stack)
                  2000fe04    000001fc     --HOLE--

__llvm_prf_cnts 
*          0    20000000    00000000     UNINITIALIZED

MODULE SUMMARY

       Module                                               code    ro data   rw data
       ------                                               ----    -------   -------
    .\
       main.obj                                             524     0         864    
       system_msp432p401r.obj                               820     0         8      
       startup_msp432p401r_ccs.obj                          14      228       0      
    +--+----------------------------------------------------+-------+---------+---------+
       Total:                                               1358    228       872    
                                                                                     
    .\LcdDriver\
       Crystalfontz128x128_ST7735.obj                       1664    40        52     
       HAL_MSP_EXP432P401R_Crystalfontz128x128_ST7735.obj   204     28        0      
    +--+----------------------------------------------------+-------+---------+---------+
       Total:                                               1868    68        52     
                                                                                     
    .\utils\controls\
       controls.obj                                         168     0         0      
    +--+----------------------------------------------------+-------+---------+---------+
       Total:                                               168     0         0      
                                                                                     
    .\utils\display\
       display.obj                                          576     24        32     
    +--+----------------------------------------------------+-------+---------+---------+
       Total:                                               576     24        32     
                                                                                     
    C:\ti\ccs1280\ccs\tools\compiler\ti-cgt-arm_20.2.7.LTS\lib\rtsv7M4_T_le_v4SPD16_eabi.lib
       _printfi.c.obj                                       4851    0         0      
       fd_add_t2.asm.obj                                    438     0         0      
       fd_div_t2.asm.obj                                    310     0         0      
       s_scalbn.c.obj                                       272     0         0      
       fd_cmp_t2.asm.obj                                    268     0         0      
       ctype.c.obj                                          0       257       0      
       fd_mul_t2.asm.obj                                    252     0         0      
       memcpy_t2.asm.obj                                    156     0         0      
       ull_div_t2.asm.obj                                   150     0         0      
       memset_t2.asm.obj                                    122     0         0      
       copy_decompress_lzss.c.obj                           104     0         0      
       s_frexp.c.obj                                        100     0         0      
       sprintf.c.obj                                        98      0         0      
       _ltoa.c.obj                                          84      0         0      
       atoi.c.obj                                           76      0         0      
       fd_toi_t2.asm.obj                                    72      0         0      
       autoinit.c.obj                                       68      0         0      
       fs_tod_t2.asm.obj                                    56      0         0      
       boot_cortex_m.c.obj                                  52      0         0      
       i_tofd_t2.asm.obj                                    46      0         0      
       copy_zero_init.c.obj                                 28      0         0      
       memccpy.c.obj                                        28      0         0      
       s_copysign.c.obj                                     26      0         0      
       strchr.c.obj                                         22      0         0      
       strlen.c.obj                                         20      0         0      
       wcslen.c.obj                                         18      0         0      
       errno.c.obj                                          8       0         8      
       copy_decompress_none.c.obj                           14      0         0      
       exit.c.obj                                           4       0         0      
       pre_init.c.obj                                       4       0         0      
       div0.asm.obj                                         2       0         0      
    +--+----------------------------------------------------+-------+---------+---------+
       Total:                                               7749    257       8      
                                                                                     
    Z:/simplelink_msp432p4_sdk_3_40_01_02/source/ti/devices/msp432p4xx/driverlib/ccs/msp432p4xx_driverlib.lib
       adc14.o                                              588     128       0      
       gpio.o                                               280     48        0      
       spi.o                                                312     0         0      
    +--+----------------------------------------------------+-------+---------+---------+
       Total:                                               1180    176       0      
                                                                                     
    Z:/simplelink_msp432p4_sdk_3_40_01_02/source/ti/grlib/lib/ccs/m4/grlib.a
       string.obj                                           1536    0         0      
       fontfixed6x8.obj                                     0       960       0      
       rectangle.obj                                        274     0         0      
       display.obj                                          176     0         0      
       context.obj                                          174     0         0      
       line.obj                                             156     0         0      
    +--+----------------------------------------------------+-------+---------+---------+
       Total:                                               2316    960       0      
                                                                                     
       Stack:                                               0       0         1024   
       Linker Generated:                                    0       55        0      
    +--+----------------------------------------------------+-------+---------+---------+
       Grand Total:                                         15215   1768      1988   


LINKER GENERATED COPY TABLES

__TI_cinit_table @ 00004260 records: 2, size/record: 8, table size: 16
	.data: load addr=00004238, load size=00000013 bytes, run addr=200001c0, run size=00000022 bytes, compression=lzss
	.bss: load addr=00004258, load size=00000008 bytes, run addr=20000000, run size=000001c0 bytes, compression=zero_init


LINKER GENERATED HANDLER TABLE

__TI_handler_table @ 0000424c records: 3, size/record: 4, table size: 12
	index: 0, handler: __TI_decompress_lzss
	index: 1, handler: __TI_decompress_none
	index: 2, handler: __TI_zero_init


GLOBAL SYMBOLS: SORTED ALPHABETICALLY BY Name 

address   name                                       
-------   ----                                       
00001f0b  ADC14_IRQHandler                           
00001f0b  ADC14_IRQHandler                           
00002d8d  ADC14_configureConversionMemory            
00003a11  ADC14_getResult                            
00003c4b  AES256_IRQHandler                          
00003c4b  BusFault_Handler                           
00003c65  C$$EXIT                                    
00003c4b  COMP_E0_IRQHandler                         
00003c4b  COMP_E1_IRQHandler                         
00003c4b  CS_IRQHandler                              
00000b35  Crystalfontz128x128_Init                   
00000c49  Crystalfontz128x128_SetDrawFrame           
00000d77  Crystalfontz128x128_SetOrientation         
00003c4b  DMA_ERR_IRQHandler                         
00003c4b  DMA_INT0_IRQHandler                        
00003c4b  DMA_INT1_IRQHandler                        
00003c4b  DMA_INT2_IRQHandler                        
00003c4b  DMA_INT3_IRQHandler                        
00003c4b  DebugMon_Handler                           
00003c4b  Default_Handler                            
00003c4b  EUSCIA0_IRQHandler                         
00003c4b  EUSCIA1_IRQHandler                         
00003c4b  EUSCIA2_IRQHandler                         
00003c4b  EUSCIA3_IRQHandler                         
00003c4b  EUSCIB0_IRQHandler                         
00003c4b  EUSCIB1_IRQHandler                         
00003c4b  EUSCIB2_IRQHandler                         
00003c4b  EUSCIB3_IRQHandler                         
00003b7b  EUSCI_A_SPI_enable                         
00003b91  EUSCI_B_SPI_enable                         
00003c4b  FLCTL_IRQHandler                           
00003c4b  FPU_IRQHandler                             
000037d5  GPIO_setAsOutputPin                        
0000321d  GPIO_setAsPeripheralModuleFunctionOutputPin
00003a39  GPIO_setOutputHighOnPin                    
00003a61  GPIO_setOutputLowOnPin                     
00003bfd  Graphics_clearDisplay                      
00003afb  Graphics_clearDisplayOnDisplay             
0000394b  Graphics_drawHorizontalLineOnDisplay       
0000304d  Graphics_drawLineH                         
000039e3  Graphics_drawPixelOnDisplay                
000011b5  Graphics_drawString                        
00003701  Graphics_drawStringCentered                
000028a5  Graphics_fillRectangle                     
00003a89  Graphics_fillRectangleOnDisplay            
00002bc5  Graphics_getStringWidth                    
0000360f  Graphics_initContext                       
00003b15  Graphics_setBackgroundColor                
00003b2f  Graphics_setFont                           
00003ba7  Graphics_setForegroundColor                
00003bbd  Graphics_translateColorOnDisplay           
00002cc1  HAL_LCD_PortInit                           
00002cf1  HAL_LCD_SpiInit                            
00002d27  HAL_LCD_writeCommand                       
00002d57  HAL_LCD_writeData                          
00003c4b  HardFault_Handler                          
200001bc  Lcd_FlagRead                               
200001bd  Lcd_FontSolid                              
200001be  Lcd_Orientation                            
200001bf  Lcd_PenSolid                               
200001b6  Lcd_ScreenHeigth                           
200001b8  Lcd_ScreenWidth                            
200001ba  Lcd_TouchTrim                              
00003c4b  MemManage_Handler                          
00003c4b  NMI_Handler                                
00003c4b  PCM_IRQHandler                             
00003c4b  PORT1_IRQHandler                           
00003c4b  PORT2_IRQHandler                           
00003c4b  PORT3_IRQHandler                           
00003c4b  PORT4_IRQHandler                           
00003c4b  PORT5_IRQHandler                           
00003c4b  PORT6_IRQHandler                           
00003c4b  PSS_IRQHandler                             
00003c4b  PendSV_Handler                             
00003c4b  RTC_C_IRQHandler                           
00003c3f  Reset_Handler                              
00003aa7  SPI_enableModule                           
00002ef3  SPI_initMaster                             
00003c4b  SVC_Handler                                
00003c4b  SysTick_Handler                            
200001dc  SystemCoreClock                            
00001635  SystemCoreClockUpdate                      
000018ad  SystemInit                                 
00003c4b  T32_INT1_IRQHandler                        
00003c4b  T32_INT2_IRQHandler                        
00003c4b  T32_INTC_IRQHandler                        
00003c4b  TA0_0_IRQHandler                           
00003c4b  TA0_N_IRQHandler                           
00003c4b  TA1_0_IRQHandler                           
00003c4b  TA1_N_IRQHandler                           
00003c4b  TA2_0_IRQHandler                           
00003c4b  TA2_N_IRQHandler                           
00003c4b  TA3_0_IRQHandler                           
00003c4b  TA3_N_IRQHandler                           
00003c4b  UsageFault_Handler                         
4000480c  WDTCTL_SYM                                 
00003c4b  WDT_A_IRQHandler                           
20010000  __STACK_END                                
00000200  __STACK_SIZE                               
00004260  __TI_CINIT_Base                            
00004270  __TI_CINIT_Limit                           
0000424c  __TI_Handler_Table_Base                    
00004258  __TI_Handler_Table_Limit                   
00003791  __TI_auto_init_nobinit_nopinit             
00003499  __TI_decompress_lzss                       
00003c31  __TI_decompress_none                       
000035bb  __TI_ltoa                                  
ffffffff  __TI_pprof_out_hndl                        
000000e5  __TI_printfi                               
ffffffff  __TI_prof_data_size                        
ffffffff  __TI_prof_data_start                       
00000000  __TI_static_base__                         
00003ac3  __TI_zero_init_nomemset                    
000032a5  __aeabi_cdcmpeq                            
000032a5  __aeabi_cdcmple                            
0000332b  __aeabi_cdrcmple                           
00003749  __aeabi_d2iz                               
000021ff  __aeabi_dadd                               
00002649  __aeabi_ddiv                               
00002ac9  __aeabi_dmul                               
000021f5  __aeabi_dsub                               
00003c59  __aeabi_errno_addr                         
00003913  __aeabi_f2d                                
000039b5  __aeabi_i2d                                
00000b33  __aeabi_idiv0                              
00000b33  __aeabi_ldiv0                              
000033b1  __aeabi_memclr                             
000033b1  __aeabi_memclr4                            
000033b1  __aeabi_memclr8                            
000030e9  __aeabi_memcpy                             
000030e9  __aeabi_memcpy4                            
000030e9  __aeabi_memcpy8                            
000033b3  __aeabi_memset                             
000033b3  __aeabi_memset4                            
000033b3  __aeabi_memset8                            
00003185  __aeabi_uldivmod                           
ffffffff  __binit__                                  
ffffffff  __c_args__                                 
UNDEFED   __mpu_init                                 
2000fe00  __stack                                    
20000000  __start___llvm_prf_cnts                    
20000000  __stop___llvm_prf_cnts                     
00003981  _c_int00_noargs                            
00003f60  _ctypes_                                   
UNDEFED   _system_post_cinit                         
00003c61  _system_pre_init                           
00003c65  abort                                      
000036b5  atoi                                       
ffffffff  binit                                      
00003b49  copysign                                   
00003b49  copysignl                                  
00001c43  display_information                        
00001c8f  display_list                               
200001d8  errno                                      
00003501  frexp                                      
00003501  frexpl                                     
20000190  g_sContext                                 
200001c0  g_sCrystalfontz128x128                     
000041dc  g_sCrystalfontz128x128_funcs               
00004064  g_sFontFixed6x8                            
00001c13  get_list                                   
200001e0  index                                      
00002fa5  init_adc                                   
00001bd9  init_display                               
00000000  interruptVectors                           
000029b9  ldexp                                      
000029b9  ldexpl                                     
20000000  list                                       
00001e19  main                                       
00003adf  memccpy                                    
000030e9  memcpy                                     
000033b9  memset                                     
000029b9  scalbn                                     
000029b9  scalbnl                                    
200001d4  scrollOffset                               
00001dab  scroll_down                                
00001d7b  scroll_up                                  
00001d67  select_index                               
200001d0  selectedIndex                              
00003895  sprintf                                    
00003bd3  strchr                                     
00003be9  strlen                                     
00003c0f  wcslen                                     


GLOBAL SYMBOLS: SORTED BY Symbol Address 

address   name                                       
-------   ----                                       
00000000  __TI_static_base__                         
00000000  interruptVectors                           
000000e5  __TI_printfi                               
00000200  __STACK_SIZE                               
00000b33  __aeabi_idiv0                              
00000b33  __aeabi_ldiv0                              
00000b35  Crystalfontz128x128_Init                   
00000c49  Crystalfontz128x128_SetDrawFrame           
00000d77  Crystalfontz128x128_SetOrientation         
000011b5  Graphics_drawString                        
00001635  SystemCoreClockUpdate                      
000018ad  SystemInit                                 
00001bd9  init_display                               
00001c13  get_list                                   
00001c43  display_information                        
00001c8f  display_list                               
00001d67  select_index                               
00001d7b  scroll_up                                  
00001dab  scroll_down                                
00001e19  main                                       
00001f0b  ADC14_IRQHandler                           
00001f0b  ADC14_IRQHandler                           
000021f5  __aeabi_dsub                               
000021ff  __aeabi_dadd                               
00002649  __aeabi_ddiv                               
000028a5  Graphics_fillRectangle                     
000029b9  ldexp                                      
000029b9  ldexpl                                     
000029b9  scalbn                                     
000029b9  scalbnl                                    
00002ac9  __aeabi_dmul                               
00002bc5  Graphics_getStringWidth                    
00002cc1  HAL_LCD_PortInit                           
00002cf1  HAL_LCD_SpiInit                            
00002d27  HAL_LCD_writeCommand                       
00002d57  HAL_LCD_writeData                          
00002d8d  ADC14_configureConversionMemory            
00002ef3  SPI_initMaster                             
00002fa5  init_adc                                   
0000304d  Graphics_drawLineH                         
000030e9  __aeabi_memcpy                             
000030e9  __aeabi_memcpy4                            
000030e9  __aeabi_memcpy8                            
000030e9  memcpy                                     
00003185  __aeabi_uldivmod                           
0000321d  GPIO_setAsPeripheralModuleFunctionOutputPin
000032a5  __aeabi_cdcmpeq                            
000032a5  __aeabi_cdcmple                            
0000332b  __aeabi_cdrcmple                           
000033b1  __aeabi_memclr                             
000033b1  __aeabi_memclr4                            
000033b1  __aeabi_memclr8                            
000033b3  __aeabi_memset                             
000033b3  __aeabi_memset4                            
000033b3  __aeabi_memset8                            
000033b9  memset                                     
00003499  __TI_decompress_lzss                       
00003501  frexp                                      
00003501  frexpl                                     
000035bb  __TI_ltoa                                  
0000360f  Graphics_initContext                       
000036b5  atoi                                       
00003701  Graphics_drawStringCentered                
00003749  __aeabi_d2iz                               
00003791  __TI_auto_init_nobinit_nopinit             
000037d5  GPIO_setAsOutputPin                        
00003895  sprintf                                    
00003913  __aeabi_f2d                                
0000394b  Graphics_drawHorizontalLineOnDisplay       
00003981  _c_int00_noargs                            
000039b5  __aeabi_i2d                                
000039e3  Graphics_drawPixelOnDisplay                
00003a11  ADC14_getResult                            
00003a39  GPIO_setOutputHighOnPin                    
00003a61  GPIO_setOutputLowOnPin                     
00003a89  Graphics_fillRectangleOnDisplay            
00003aa7  SPI_enableModule                           
00003ac3  __TI_zero_init_nomemset                    
00003adf  memccpy                                    
00003afb  Graphics_clearDisplayOnDisplay             
00003b15  Graphics_setBackgroundColor                
00003b2f  Graphics_setFont                           
00003b49  copysign                                   
00003b49  copysignl                                  
00003b7b  EUSCI_A_SPI_enable                         
00003b91  EUSCI_B_SPI_enable                         
00003ba7  Graphics_setForegroundColor                
00003bbd  Graphics_translateColorOnDisplay           
00003bd3  strchr                                     
00003be9  strlen                                     
00003bfd  Graphics_clearDisplay                      
00003c0f  wcslen                                     
00003c31  __TI_decompress_none                       
00003c3f  Reset_Handler                              
00003c4b  AES256_IRQHandler                          
00003c4b  BusFault_Handler                           
00003c4b  COMP_E0_IRQHandler                         
00003c4b  COMP_E1_IRQHandler                         
00003c4b  CS_IRQHandler                              
00003c4b  DMA_ERR_IRQHandler                         
00003c4b  DMA_INT0_IRQHandler                        
00003c4b  DMA_INT1_IRQHandler                        
00003c4b  DMA_INT2_IRQHandler                        
00003c4b  DMA_INT3_IRQHandler                        
00003c4b  DebugMon_Handler                           
00003c4b  Default_Handler                            
00003c4b  EUSCIA0_IRQHandler                         
00003c4b  EUSCIA1_IRQHandler                         
00003c4b  EUSCIA2_IRQHandler                         
00003c4b  EUSCIA3_IRQHandler                         
00003c4b  EUSCIB0_IRQHandler                         
00003c4b  EUSCIB1_IRQHandler                         
00003c4b  EUSCIB2_IRQHandler                         
00003c4b  EUSCIB3_IRQHandler                         
00003c4b  FLCTL_IRQHandler                           
00003c4b  FPU_IRQHandler                             
00003c4b  HardFault_Handler                          
00003c4b  MemManage_Handler                          
00003c4b  NMI_Handler                                
00003c4b  PCM_IRQHandler                             
00003c4b  PORT1_IRQHandler                           
00003c4b  PORT2_IRQHandler                           
00003c4b  PORT3_IRQHandler                           
00003c4b  PORT4_IRQHandler                           
00003c4b  PORT5_IRQHandler                           
00003c4b  PORT6_IRQHandler                           
00003c4b  PSS_IRQHandler                             
00003c4b  PendSV_Handler                             
00003c4b  RTC_C_IRQHandler                           
00003c4b  SVC_Handler                                
00003c4b  SysTick_Handler                            
00003c4b  T32_INT1_IRQHandler                        
00003c4b  T32_INT2_IRQHandler                        
00003c4b  T32_INTC_IRQHandler                        
00003c4b  TA0_0_IRQHandler                           
00003c4b  TA0_N_IRQHandler                           
00003c4b  TA1_0_IRQHandler                           
00003c4b  TA1_N_IRQHandler                           
00003c4b  TA2_0_IRQHandler                           
00003c4b  TA2_N_IRQHandler                           
00003c4b  TA3_0_IRQHandler                           
00003c4b  TA3_N_IRQHandler                           
00003c4b  UsageFault_Handler                         
00003c4b  WDT_A_IRQHandler                           
00003c59  __aeabi_errno_addr                         
00003c61  _system_pre_init                           
00003c65  C$$EXIT                                    
00003c65  abort                                      
00003f60  _ctypes_                                   
00004064  g_sFontFixed6x8                            
000041dc  g_sCrystalfontz128x128_funcs               
0000424c  __TI_Handler_Table_Base                    
00004258  __TI_Handler_Table_Limit                   
00004260  __TI_CINIT_Base                            
00004270  __TI_CINIT_Limit                           
20000000  __start___llvm_prf_cnts                    
20000000  __stop___llvm_prf_cnts                     
20000000  list                                       
20000190  g_sContext                                 
200001b6  Lcd_ScreenHeigth                           
200001b8  Lcd_ScreenWidth                            
200001ba  Lcd_TouchTrim                              
200001bc  Lcd_FlagRead                               
200001bd  Lcd_FontSolid                              
200001be  Lcd_Orientation                            
200001bf  Lcd_PenSolid                               
200001c0  g_sCrystalfontz128x128                     
200001d0  selectedIndex                              
200001d4  scrollOffset                               
200001d8  errno                                      
200001dc  SystemCoreClock                            
200001e0  index                                      
2000fe00  __stack                                    
20010000  __STACK_END                                
4000480c  WDTCTL_SYM                                 
ffffffff  __TI_pprof_out_hndl                        
ffffffff  __TI_prof_data_size                        
ffffffff  __TI_prof_data_start                       
ffffffff  __binit__                                  
ffffffff  __c_args__                                 
ffffffff  binit                                      
UNDEFED   __mpu_init                                 
UNDEFED   _system_post_cinit                         

[183 symbols]
