******************************************************************************
                  TI ARM Linker PC v20.2.7                     
******************************************************************************
>> Linked Wed May  7 15:54:59 2025

OUTPUT FILE NAME:   <progetto-embedded.out>
ENTRY POINT SYMBOL: "_c_int00_noargs"  address: 000045e9


MEMORY CONFIGURATION

         name            origin    length      used     unused   attr    fill
----------------------  --------  ---------  --------  --------  ----  --------
  MAIN                  00000000   00040000  00005180  0003ae80  R  X
  INFO                  00200000   00004000  00000000  00004000  R  X
  SRAM_CODE             01000000   00010000  00000ba0  0000f460  RW X
  SRAM_DATA             20000000   00010000  00000ba0  0000f460  RW  


SEGMENT ALLOCATION MAP

run origin  load origin   length   init length attrs members
----------  ----------- ---------- ----------- ----- -------
00000000    00000000    00005180   00005180    r-x
  00000000    00000000    000000e4   000000e4    r-- .intvecs
  000000e4    000000e4    00004a04   00004a04    r-x .text
  00004ae8    00004ae8    000005f8   000005f8    r-- .const
  000050e0    000050e0    000000a0   000000a0    r-- .cinit
20000000    20000000    000009a0   00000000    rw-
  20000000    20000000    00000400   00000000    rw- .sysmem
  20000400    20000400    00000394   00000000    rw- .bss
  20000794    20000794    0000020c   00000000    rw- .data
2000fe00    2000fe00    00000200   00000000    rw-
  2000fe00    2000fe00    00000200   00000000    rw- .stack


SECTION ALLOCATION MAP

 output                                  attributes/
section   page    origin      length       input sections
--------  ----  ----------  ----------   ----------------
.intvecs   0    00000000    000000e4     
                  00000000    000000e4     startup_msp432p401r_ccs.obj (.intvecs:retain)

.text      0    000000e4    00004a04     
                  000000e4    00000a4e     rtsv7M4_T_le_v4SPD16_eabi.lib : _printfi.c.obj (.text:__TI_printfi)
                  00000b32    00000002                                   : _lock.c.obj (.text:_nop)
                  00000b34    00000680     Crystalfontz128x128_ST7735.obj (.text)
                  000011b4    0000047e     grlib.a : string.obj (.text:Graphics_drawString)
                  00001632    00000002     rtsv7M4_T_le_v4SPD16_eabi.lib : div0.asm.obj (.text)
                  00001634    00000334     system_msp432p401r.obj (.text)
                  00001968    00000314     main.obj (.text)
                  00001c7c    00000270     rtsv7M4_T_le_v4SPD16_eabi.lib : _printfi.c.obj (.text:_pconv_a)
                  00001eec    00000240     display.obj (.text)
                  0000212c    000001d0     rtsv7M4_T_le_v4SPD16_eabi.lib : _printfi.c.obj (.text:_pconv_g)
                  000022fc    000001b6                                   : fd_add_t2.asm.obj (.text)
                  000024b2    00000002     --HOLE-- [fill = 0]
                  000024b4    00000160     msp432p4xx_driverlib.lib : adc14.o (.text:_getIndexForMemRegister)
                  00002614    0000013c     rtsv7M4_T_le_v4SPD16_eabi.lib : _printfi.c.obj (.text:_pconv_e)
                  00002750    00000136                                   : fd_div_t2.asm.obj (.text)
                  00002886    00000002     --HOLE-- [fill = 0]
                  00002888    00000124                                   : _printfi.c.obj (.text:fcvt)
                  000029ac    0000011c     msp432p4xx_driverlib.lib : uart.o (.text:UART_initModule)
                  00002ac8    00000114     rtsv7M4_T_le_v4SPD16_eabi.lib : fputs.c.obj (.text:fputs)
                  00002bdc    00000112     grlib.a : rectangle.obj (.text:Graphics_fillRectangle)
                  00002cee    00000002     --HOLE-- [fill = 0]
                  00002cf0    00000110     rtsv7M4_T_le_v4SPD16_eabi.lib : s_scalbn.c.obj (.text:scalbn)
                  00002e00    00000100                                   : memory.c.obj (.text:aligned_alloc)
                  00002f00    000000fc                                   : fd_mul_t2.asm.obj (.text)
                  00002ffc    000000fa     grlib.a : string.obj (.text:Graphics_getStringWidth)
                  000030f6    00000002     --HOLE-- [fill = 0]
                  000030f8    000000e4     rtsv7M4_T_le_v4SPD16_eabi.lib : memory.c.obj (.text:free)
                  000031dc    000000dc                                   : setvbuf.c.obj (.text:setvbuf)
                  000032b8    000000cc     HAL_MSP_EXP432P401R_Crystalfontz128x128_ST7735.obj (.text)
                  00003384    000000b1     rtsv7M4_T_le_v4SPD16_eabi.lib : _printfi.c.obj (.text:_ltostr)
                  00003435    00000001     --HOLE-- [fill = 0]
                  00003436    000000b0     msp432p4xx_driverlib.lib : spi.o (.text:SPI_initMaster)
                  000034e6    0000009c     grlib.a : line.obj (.text:Graphics_drawLineH)
                  00003582    0000009c     rtsv7M4_T_le_v4SPD16_eabi.lib : memcpy_t2.asm.obj (.text)
                  0000361e    00000096                                   : ull_div_t2.asm.obj (.text)
                  000036b4    00000088     msp432p4xx_driverlib.lib : gpio.o (.text:GPIO_setAsPeripheralModuleFunctionInputPin)
                  0000373c    00000088                              : gpio.o (.text:GPIO_setAsPeripheralModuleFunctionOutputPin)
                  000037c4    00000086     rtsv7M4_T_le_v4SPD16_eabi.lib : fd_cmp_t2.asm.obj (.text:__aeabi_cdcmple)
                  0000384a    00000086                                   : fd_cmp_t2.asm.obj (.text:__aeabi_cdrcmple)
                  000038d0    00000084     msp432p4xx_driverlib.lib : gpio.o (.text:GPIO_getEnabledInterruptStatus)
                  00003954    0000007a     rtsv7M4_T_le_v4SPD16_eabi.lib : memset_t2.asm.obj (.text)
                  000039ce    00000002     --HOLE-- [fill = 0]
                  000039d0    00000074                                   : fclose.c.obj (.text:__TI_closefile)
                  00003a44    00000070                                   : memory.c.obj (.text:split)
                  00003ab4    0000006e                                   : _printfi.c.obj (.text:_mcpy)
                  00003b22    00000002     --HOLE-- [fill = 0]
                  00003b24    0000006c                                   : hostrename.c.obj (.text:HOSTrename)
                  00003b90    00000068                                   : hostlseek.c.obj (.text:HOSTlseek)
                  00003bf8    00000068                                   : copy_decompress_lzss.c.obj (.text:decompress:lzss:__TI_decompress_lzss)
                  00003c60    00000068                                   : printf.c.obj (.text:printf)
                  00003cc8    00000064                                   : s_frexp.c.obj (.text:frexp)
                  00003d2c    00000064                                   : fseek.c.obj (.text:fseek)
                  00003d90    00000062                                   : _io_perm.c.obj (.text:__TI_wrt_ok)
                  00003df2    00000002     --HOLE-- [fill = 0]
                  00003df4    00000060                                   : hostopen.c.obj (.text:HOSTopen)
                  00003e54    0000005c                                   : close.c.obj (.text:close)
                  00003eb0    00000058                                   : hostread.c.obj (.text:HOSTread)
                  00003f08    00000058                                   : hostwrite.c.obj (.text:HOSTwrite)
                  00003f60    00000056                                   : _printfi.c.obj (.text:_pconv_f)
                  00003fb6    00000054                                   : _ltoa.c.obj (.text:__TI_ltoa)
                  0000400a    00000052     grlib.a : context.obj (.text:Graphics_initContext)
                  0000405c    00000052     rtsv7M4_T_le_v4SPD16_eabi.lib : _printfi.c.obj (.text:_ecpy)
                  000040ae    0000004c                                   : fflush.c.obj (.text:__TI_doflush)
                  000040fa    00000002     --HOLE-- [fill = 0]
                  000040fc    0000004c                                   : atoi.c.obj (.text:atoi)
                  00004148    00000048     grlib.a : string.obj (.text:Graphics_drawStringCentered)
                  00004190    00000048     rtsv7M4_T_le_v4SPD16_eabi.lib : exit.c.obj (.text:exit)
                  000041d8    00000048                                   : fd_toi_t2.asm.obj (.text)
                  00004220    00000044                                   : hostclose.c.obj (.text:HOSTclose)
                  00004264    00000044                                   : hostunlink.c.obj (.text:HOSTunlink)
                  000042a8    00000044                                   : autoinit.c.obj (.text:__TI_auto_init_nobinit_nopinit:__TI_auto_init_nobinit_nopinit)
                  000042ec    00000044                                   : getdevice.c.obj (.text:getdevice)
                  00004330    00000040     msp432p4xx_driverlib.lib : gpio.o (.text:GPIO_setAsOutputPin)
                  00004370    00000040     grlib.a : string.obj (.text:Graphics_getNumberOfLeadingZeros)
                  000043b0    00000040     msp432p4xx_driverlib.lib : spi.o (.text:is_A_Module)
                  000043f0    00000040     rtsv7M4_T_le_v4SPD16_eabi.lib : sprintf.c.obj (.text:sprintf)
                  00004430    0000003e                                   : _printfi.c.obj (.text:_fcpy)
                  0000446e    00000002     --HOLE-- [fill = 0]
                  00004470    00000038                                   : trgmsg.c.obj (.text:__TI_writemsg)
                  000044a8    00000038                                   : fs_tod_t2.asm.obj (.text)
                  000044e0    00000036     grlib.a : display.obj (.text:Graphics_drawHorizontalLineOnDisplay)
                  00004516    00000036     rtsv7M4_T_le_v4SPD16_eabi.lib : strncpy.c.obj (.text:strncpy)
                  0000454c    00000034     msp432p4xx_driverlib.lib : uart.o (.text:UART_transmitData)
                  00004580    00000034     rtsv7M4_T_le_v4SPD16_eabi.lib : fopen.c.obj (.text:__TI_cleanup)
                  000045b4    00000034                                   : trgmsg.c.obj (.text:__TI_readmsg)
                  000045e8    00000034                                   : boot_cortex_m.c.obj (.text:_c_int00_noargs:_c_int00_noargs)
                  0000461c    00000030                                   : getdevice.c.obj (.text:finddevice)
                  0000464c    0000002e                                   : i_tofd_t2.asm.obj (.text)
                  0000467a    0000002c     grlib.a : display.obj (.text:Graphics_drawPixelOnDisplay)
                  000046a6    00000002     --HOLE-- [fill = 0]
                  000046a8    0000002c     rtsv7M4_T_le_v4SPD16_eabi.lib : unlink.c.obj (.text:unlink)
                  000046d4    00000028     msp432p4xx_driverlib.lib : adc14.o (.text:ADC14_getResult)
                  000046fc    00000028                              : gpio.o (.text:GPIO_clearInterruptFlag)
                  00004724    00000028                              : gpio.o (.text:GPIO_setOutputHighOnPin)
                  0000474c    00000028                              : gpio.o (.text:GPIO_setOutputLowOnPin)
                  00004774    00000028     rtsv7M4_T_le_v4SPD16_eabi.lib : memory.c.obj (.text:free_list_insert)
                  0000479c    00000028                                   : lseek.c.obj (.text:lseek)
                  000047c4    00000028                                   : write.c.obj (.text:write)
                  000047ec    00000024     msp432p4xx_driverlib.lib : gpio.o (.text:GPIO_getInterruptStatus)
                  00004810    00000024     serial.obj (.text)
                  00004834    00000020     msp432p4xx_driverlib.lib : ref_a.o (.text:REF_A_setReferenceVoltage)
                  00004854    00000020     rtsv7M4_T_le_v4SPD16_eabi.lib : memchr.c.obj (.text:memchr)
                  00004874    0000001e     grlib.a : display.obj (.text:Graphics_fillRectangleOnDisplay)
                  00004892    0000001c     msp432p4xx_driverlib.lib : spi.o (.text:SPI_enableModule)
                  000048ae    00000002     --HOLE-- [fill = 0]
                  000048b0    0000001c                              : sysctl.o (.text:SysCtl_getTempCalibrationConstant)
                  000048cc    0000001c     rtsv7M4_T_le_v4SPD16_eabi.lib : copy_zero_init.c.obj (.text:decompress:ZI:__TI_zero_init_nomemset:__TI_zero_init_nomemset)
                  000048e8    0000001c                                   : memory.c.obj (.text:free_list_remove)
                  00004904    0000001c                                   : memccpy.c.obj (.text:memccpy)
                  00004920    0000001a     grlib.a : display.obj (.text:Graphics_clearDisplayOnDisplay)
                  0000493a    0000001a             : context.obj (.text:Graphics_setBackgroundColor)
                  00004954    0000001a             : context.obj (.text:Graphics_setFont)
                  0000496e    0000001a     rtsv7M4_T_le_v4SPD16_eabi.lib : s_copysign.c.obj (.text:copysign)
                  00004988    00000018                                   : sprintf.c.obj (.text:_outs)
                  000049a0    00000018                                   : strcmp.c.obj (.text:strcmp)
                  000049b8    00000016     msp432p4xx_driverlib.lib : spi.o (.text:EUSCI_A_SPI_enable)
                  000049ce    00000016                              : spi.o (.text:EUSCI_B_SPI_enable)
                  000049e4    00000016     grlib.a : context.obj (.text:Graphics_setForegroundColor)
                  000049fa    00000016             : display.obj (.text:Graphics_translateColorOnDisplay)
                  00004a10    00000016     msp432p4xx_driverlib.lib : uart.o (.text:UART_enableModule)
                  00004a26    00000016     rtsv7M4_T_le_v4SPD16_eabi.lib : strchr.c.obj (.text:strchr)
                  00004a3c    00000014                                   : strcpy.c.obj (.text:strcpy)
                  00004a50    00000014                                   : strlen.c.obj (.text:strlen)
                  00004a64    00000012     grlib.a : context.obj (.text:Graphics_clearDisplay)
                  00004a76    00000012     rtsv7M4_T_le_v4SPD16_eabi.lib : wcslen.c.obj (.text:wcslen)
                  00004a88    0000000e                                   : copy_decompress_none.c.obj (.text:decompress:none:__TI_decompress_none)
                  00004a96    0000000e     startup_msp432p401r_ccs.obj (.text)
                  00004aa4    0000000c     msp432p4xx_driverlib.lib : ref_a.o (.text:REF_A_enableReferenceVoltage)
                  00004ab0    0000000c                              : ref_a.o (.text:REF_A_enableTempSensor)
                  00004abc    0000000a     rtsv7M4_T_le_v4SPD16_eabi.lib : sprintf.c.obj (.text:_outc)
                  00004ac6    00000002     --HOLE-- [fill = 0]
                  00004ac8    00000008                                   : errno.c.obj (.text:__aeabi_errno_addr)
                  00004ad0    00000008                                   : memory.c.obj (.text:malloc)
                  00004ad8    00000004                                   : printf.c.obj (.text:_outc)
                  00004adc    00000004                                   : printf.c.obj (.text:_outs)
                  00004ae0    00000004                                   : pre_init.c.obj (.text:_system_pre_init)
                  00004ae4    00000004                                   : exit.c.obj (.text:abort:abort)

.const     0    00004ae8    000005f8     
                  00004ae8    000002f8     grlib.a : fontfixed6x8.obj (.const:.string:g_pucFontFixed6x8Data)
                  00004de0    00000101     rtsv7M4_T_le_v4SPD16_eabi.lib : ctype.c.obj (.const:.string:_ctypes_)
                  00004ee1    00000003     --HOLE-- [fill = 0]
                  00004ee4    000000c8     grlib.a : fontfixed6x8.obj (.const:g_sFontFixed6x8)
                  00004fac    00000080     msp432p4xx_driverlib.lib : adc14.o (.const:_ctlRegs)
                  0000502c    00000030                              : gpio.o (.const:GPIO_PORT_TO_BASE)
                  0000505c    00000028     serial.obj (.const:uartConfig)
                  00005084    00000020     Crystalfontz128x128_ST7735.obj (.const:g_sCrystalfontz128x128_funcs)
                  000050a4    0000001c     HAL_MSP_EXP432P401R_Crystalfontz128x128_ST7735.obj (.const:$P$T0$1)
                  000050c0    00000008     Crystalfontz128x128_ST7735.obj (.const:$P$T0$1)
                  000050c8    00000008     display.obj (.const:$P$T0$1)
                  000050d0    00000008     display.obj (.const:$P$T1$2)
                  000050d8    00000008     display.obj (.const:$P$T2$3)

.cinit     0    000050e0    000000a0     
                  000050e0    0000007c     (.cinit..data.load) [load image, compression = lzss]
                  0000515c    0000000c     (__TI_handler_table)
                  00005168    00000008     (.cinit..bss.load) [load image, compression = zero_init]
                  00005170    00000010     (__TI_cinit_table)

.init_array 
*          0    00000000    00000000     UNINITIALIZED

.binit     0    00000000    00000000     

.sysmem    0    20000000    00000400     UNINITIALIZED
                  20000000    00000010     rtsv7M4_T_le_v4SPD16_eabi.lib : memory.c.obj (.sysmem)
                  20000010    000003f0     --HOLE--

.bss       0    20000400    00000394     UNINITIALIZED
                  20000400    00000190     (.common:list)
                  20000590    00000120     rtsv7M4_T_le_v4SPD16_eabi.lib : trgmsg.c.obj (.bss:_CIOBUF_)
                  200006b0    000000a0     (.common:__TI_tmpnams)
                  20000750    0000001c     (.common:g_sContext)
                  2000076c    00000008     display.obj (.bss)
                  20000774    00000008     (.common:parmbuf)
                  2000077c    00000004     (.common:calDifference)
                  20000780    00000004     (.common:temperature)
                  20000784    00000002     main.obj (.bss)
                  20000786    00000002     (.common:Lcd_ScreenHeigth)
                  20000788    00000002     (.common:Lcd_ScreenWidth)
                  2000078a    00000002     (.common:Lcd_TouchTrim)
                  2000078c    00000002     (.common:cal30)
                  2000078e    00000002     (.common:cal85)
                  20000790    00000001     (.common:Lcd_FlagRead)
                  20000791    00000001     (.common:Lcd_FontSolid)
                  20000792    00000001     (.common:Lcd_Orientation)
                  20000793    00000001     (.common:Lcd_PenSolid)

.data      0    20000794    0000020c     UNINITIALIZED
                  20000794    000000f0     rtsv7M4_T_le_v4SPD16_eabi.lib : defs.c.obj (.data:_ftable)
                  20000884    00000078                                   : host_device.c.obj (.data:_device)
                  200008fc    00000050                                   : host_device.c.obj (.data:_stream)
                  2000094c    00000010     Crystalfontz128x128_ST7735.obj (.data:g_sCrystalfontz128x128)
                  2000095c    00000010     rtsv7M4_T_le_v4SPD16_eabi.lib : defs.c.obj (.data)
                  2000096c    0000000c                                   : exit.c.obj (.data:$O1$$)
                  20000978    00000008                                   : _lock.c.obj (.data:$O1$$)
                  20000980    00000008                                   : memory.c.obj (.data:$O1$$)
                  20000988    00000008     display.obj (.data)
                  20000990    00000006     main.obj (.data)
                  20000996    00000002     --HOLE--
                  20000998    00000004     rtsv7M4_T_le_v4SPD16_eabi.lib : errno.c.obj (.data)
                  2000099c    00000004     system_msp432p401r.obj (.data)

.stack     0    2000fe00    00000200     UNINITIALIZED
                  2000fe00    00000004     rtsv7M4_T_le_v4SPD16_eabi.lib : boot_cortex_m.c.obj (.stack)
                  2000fe04    000001fc     --HOLE--

__llvm_prf_cnts 
*          0    20000000    00000000     UNINITIALIZED

MODULE SUMMARY

       Module                                               code    ro data   rw data
       ------                                               ----    -------   -------
    .\
       main.obj                                             788     0         896    
       system_msp432p401r.obj                               820     0         8      
       startup_msp432p401r_ccs.obj                          14      228       0      
    +--+----------------------------------------------------+-------+---------+---------+
       Total:                                               1622    228       904    
                                                                                     
    .\LcdDriver\
       Crystalfontz128x128_ST7735.obj                       1664    40        52     
       HAL_MSP_EXP432P401R_Crystalfontz128x128_ST7735.obj   204     28        0      
    +--+----------------------------------------------------+-------+---------+---------+
       Total:                                               1868    68        52     
                                                                                     
    .\utils\display\
       display.obj                                          576     24        32     
    +--+----------------------------------------------------+-------+---------+---------+
       Total:                                               576     24        32     
                                                                                     
    .\utils\serial\
       serial.obj                                           36      40        0      
    +--+----------------------------------------------------+-------+---------+---------+
       Total:                                               36      40        0      
                                                                                     
    C:\ti\ccs1280\ccs\tools\compiler\ti-cgt-arm_20.2.7.LTS\lib\rtsv7M4_T_le_v4SPD16_eabi.lib
       _printfi.c.obj                                       4851    0         0      
       defs.c.obj                                           0       0         832    
       memory.c.obj                                         672     0         16     
       trgmsg.c.obj                                         108     0         576    
       fd_add_t2.asm.obj                                    438     0         0      
       host_device.c.obj                                    0       0         400    
       fd_div_t2.asm.obj                                    310     0         0      
       fputs.c.obj                                          276     0         0      
       s_scalbn.c.obj                                       272     0         0      
       fd_cmp_t2.asm.obj                                    268     0         0      
       ctype.c.obj                                          0       257       0      
       fd_mul_t2.asm.obj                                    252     0         0      
       setvbuf.c.obj                                        220     0         0      
       memcpy_t2.asm.obj                                    156     0         0      
       ull_div_t2.asm.obj                                   150     0         0      
       memset_t2.asm.obj                                    122     0         0      
       fclose.c.obj                                         116     0         0      
       getdevice.c.obj                                      116     0         0      
       hostopen.c.obj                                       96      0         16     
       printf.c.obj                                         112     0         0      
       hostrename.c.obj                                     108     0         0      
       copy_decompress_lzss.c.obj                           104     0         0      
       hostlseek.c.obj                                      104     0         0      
       exit.c.obj                                           76      0         24     
       fseek.c.obj                                          100     0         0      
       s_frexp.c.obj                                        100     0         0      
       _io_perm.c.obj                                       98      0         0      
       sprintf.c.obj                                        98      0         0      
       close.c.obj                                          92      0         0      
       hostread.c.obj                                       88      0         0      
       hostwrite.c.obj                                      88      0         0      
       _ltoa.c.obj                                          84      0         0      
       atoi.c.obj                                           76      0         0      
       fflush.c.obj                                         76      0         0      
       fd_toi_t2.asm.obj                                    72      0         0      
       autoinit.c.obj                                       68      0         0      
       hostclose.c.obj                                      68      0         0      
       hostunlink.c.obj                                     68      0         0      
       fs_tod_t2.asm.obj                                    56      0         0      
       strncpy.c.obj                                        54      0         0      
       boot_cortex_m.c.obj                                  52      0         0      
       fopen.c.obj                                          52      0         0      
       i_tofd_t2.asm.obj                                    46      0         0      
       unlink.c.obj                                         44      0         0      
       lseek.c.obj                                          40      0         0      
       write.c.obj                                          40      0         0      
       memchr.c.obj                                         32      0         0      
       copy_zero_init.c.obj                                 28      0         0      
       memccpy.c.obj                                        28      0         0      
       s_copysign.c.obj                                     26      0         0      
       strcmp.c.obj                                         24      0         0      
       strchr.c.obj                                         22      0         0      
       strcpy.c.obj                                         20      0         0      
       strlen.c.obj                                         20      0         0      
       _lock.c.obj                                          2       0         16     
       wcslen.c.obj                                         18      0         0      
       errno.c.obj                                          8       0         8      
       copy_decompress_none.c.obj                           14      0         0      
       pre_init.c.obj                                       4       0         0      
       div0.asm.obj                                         2       0         0      
    +--+----------------------------------------------------+-------+---------+---------+
       Total:                                               10735   257       1888   
                                                                                     
    Z:/simplelink_msp432p4_sdk_3_40_01_02/source/ti/devices/msp432p4xx/driverlib/ccs/msp432p4xx_driverlib.lib
       gpio.o                                               624     48        0      
       adc14.o                                              392     128       0      
       uart.o                                               358     0         0      
       spi.o                                                312     0         0      
       ref_a.o                                              56      0         0      
       sysctl.o                                             28      0         0      
    +--+----------------------------------------------------+-------+---------+---------+
       Total:                                               1770    176       0      
                                                                                     
    Z:/simplelink_msp432p4_sdk_3_40_01_02/source/ti/grlib/lib/ccs/m4/grlib.a
       string.obj                                           1536    0         0      
       fontfixed6x8.obj                                     0       960       0      
       rectangle.obj                                        274     0         0      
       display.obj                                          176     0         0      
       context.obj                                          174     0         0      
       line.obj                                             156     0         0      
    +--+----------------------------------------------------+-------+---------+---------+
       Total:                                               2316    960       0      
                                                                                     
       Heap:                                                0       0         2048   
       Stack:                                               0       0         1024   
       Linker Generated:                                    0       160       0      
    +--+----------------------------------------------------+-------+---------+---------+
       Grand Total:                                         18923   1913      5948   


LINKER GENERATED COPY TABLES

__TI_cinit_table @ 00005170 records: 2, size/record: 8, table size: 16
	.data: load addr=000050e0, load size=0000007c bytes, run addr=20000794, run size=0000020c bytes, compression=lzss
	.bss: load addr=00005168, load size=00000008 bytes, run addr=20000400, run size=00000394 bytes, compression=zero_init


LINKER GENERATED HANDLER TABLE

__TI_handler_table @ 0000515c records: 3, size/record: 4, table size: 12
	index: 0, handler: __TI_decompress_lzss
	index: 1, handler: __TI_decompress_none
	index: 2, handler: __TI_zero_init


GLOBAL SYMBOLS: SORTED ALPHABETICALLY BY Name 

address   name                                       
-------   ----                                       
00001a9b  ADC14_IRQHandler                           
00001a9b  ADC14_IRQHandler                           
000046d5  ADC14_getResult                            
00004aa3  AES256_IRQHandler                          
00004aa3  BusFault_Handler                           
00004ae5  C$$EXIT                                    
0000449f  C$$IO$$                                    
00004aa3  COMP_E0_IRQHandler                         
00004aa3  COMP_E1_IRQHandler                         
00004aa3  CS_IRQHandler                              
00000b35  Crystalfontz128x128_Init                   
00000c49  Crystalfontz128x128_SetDrawFrame           
00000d77  Crystalfontz128x128_SetOrientation         
00004aa3  DMA_ERR_IRQHandler                         
00004aa3  DMA_INT0_IRQHandler                        
00004aa3  DMA_INT1_IRQHandler                        
00004aa3  DMA_INT2_IRQHandler                        
00004aa3  DMA_INT3_IRQHandler                        
00004aa3  DebugMon_Handler                           
00004aa3  Default_Handler                            
00004aa3  EUSCIA0_IRQHandler                         
00004aa3  EUSCIA1_IRQHandler                         
00004aa3  EUSCIA2_IRQHandler                         
00004aa3  EUSCIA3_IRQHandler                         
00004aa3  EUSCIB0_IRQHandler                         
00004aa3  EUSCIB1_IRQHandler                         
00004aa3  EUSCIB2_IRQHandler                         
00004aa3  EUSCIB3_IRQHandler                         
000049b9  EUSCI_A_SPI_enable                         
000049cf  EUSCI_B_SPI_enable                         
00004aa3  FLCTL_IRQHandler                           
00004aa3  FPU_IRQHandler                             
000046fd  GPIO_clearInterruptFlag                    
000038d1  GPIO_getEnabledInterruptStatus             
000047ed  GPIO_getInterruptStatus                    
00004331  GPIO_setAsOutputPin                        
000036b5  GPIO_setAsPeripheralModuleFunctionInputPin 
0000373d  GPIO_setAsPeripheralModuleFunctionOutputPin
00004725  GPIO_setOutputHighOnPin                    
0000474d  GPIO_setOutputLowOnPin                     
00004a65  Graphics_clearDisplay                      
00004921  Graphics_clearDisplayOnDisplay             
000044e1  Graphics_drawHorizontalLineOnDisplay       
000034e7  Graphics_drawLineH                         
0000467b  Graphics_drawPixelOnDisplay                
000011b5  Graphics_drawString                        
00004149  Graphics_drawStringCentered                
00002bdd  Graphics_fillRectangle                     
00004875  Graphics_fillRectangleOnDisplay            
00002ffd  Graphics_getStringWidth                    
0000400b  Graphics_initContext                       
0000493b  Graphics_setBackgroundColor                
00004955  Graphics_setFont                           
000049e5  Graphics_setForegroundColor                
000049fb  Graphics_translateColorOnDisplay           
000032b9  HAL_LCD_PortInit                           
000032e9  HAL_LCD_SpiInit                            
0000331f  HAL_LCD_writeCommand                       
0000334f  HAL_LCD_writeData                          
00004221  HOSTclose                                  
00003b91  HOSTlseek                                  
00003df5  HOSTopen                                   
00003eb1  HOSTread                                   
00003b25  HOSTrename                                 
00004265  HOSTunlink                                 
00003f09  HOSTwrite                                  
00004aa3  HardFault_Handler                          
20000790  Lcd_FlagRead                               
20000791  Lcd_FontSolid                              
20000792  Lcd_Orientation                            
20000793  Lcd_PenSolid                               
20000786  Lcd_ScreenHeigth                           
20000788  Lcd_ScreenWidth                            
2000078a  Lcd_TouchTrim                              
00004aa3  MemManage_Handler                          
00004aa3  NMI_Handler                                
00004aa3  PCM_IRQHandler                             
00004aa3  PORT1_IRQHandler                           
00004aa3  PORT2_IRQHandler                           
00004aa3  PORT3_IRQHandler                           
00004aa3  PORT4_IRQHandler                           
00001b8d  PORT5_IRQHandler                           
00001b8d  PORT5_IRQHandler                           
00004aa3  PORT6_IRQHandler                           
00004aa3  PSS_IRQHandler                             
00004aa3  PendSV_Handler                             
00004aa5  REF_A_enableReferenceVoltage               
00004ab1  REF_A_enableTempSensor                     
00004835  REF_A_setReferenceVoltage                  
00004aa3  RTC_C_IRQHandler                           
00004a97  Reset_Handler                              
00004893  SPI_enableModule                           
00003437  SPI_initMaster                             
00004aa3  SVC_Handler                                
000048b1  SysCtl_getTempCalibrationConstant          
00004aa3  SysTick_Handler                            
2000099c  SystemCoreClock                            
00001635  SystemCoreClockUpdate                      
000018ad  SystemInit                                 
00004aa3  T32_INT1_IRQHandler                        
00004aa3  T32_INT2_IRQHandler                        
00004aa3  T32_INTC_IRQHandler                        
00004aa3  TA0_0_IRQHandler                           
00004aa3  TA0_N_IRQHandler                           
00004aa3  TA1_0_IRQHandler                           
00004aa3  TA1_N_IRQHandler                           
00004aa3  TA2_0_IRQHandler                           
00004aa3  TA2_N_IRQHandler                           
00004aa3  TA3_0_IRQHandler                           
00004aa3  TA3_N_IRQHandler                           
20000994  TXData                                     
00004a11  UART_enableModule                          
000029ad  UART_initModule                            
0000454d  UART_transmitData                          
00004aa3  UsageFault_Handler                         
4000480c  WDTCTL_SYM                                 
00004aa3  WDT_A_IRQHandler                           
20000590  __CIOBUF_                                  
20010000  __STACK_END                                
00000200  __STACK_SIZE                               
00000400  __SYSMEM_SIZE                              
00005170  __TI_CINIT_Base                            
00005180  __TI_CINIT_Limit                           
0000515c  __TI_Handler_Table_Base                    
00005168  __TI_Handler_Table_Limit                   
000042a9  __TI_auto_init_nobinit_nopinit             
00004581  __TI_cleanup                               
2000096c  __TI_cleanup_ptr                           
000039d1  __TI_closefile                             
00003bf9  __TI_decompress_lzss                       
00004a89  __TI_decompress_none                       
000040af  __TI_doflush                               
20000970  __TI_dtors_ptr                             
20000974  __TI_enable_exit_profile_output            
2000095c  __TI_ft_end                                
00003fb7  __TI_ltoa                                  
ffffffff  __TI_pprof_out_hndl                        
000000e5  __TI_printfi                               
ffffffff  __TI_prof_data_size                        
ffffffff  __TI_prof_data_start                       
000045b5  __TI_readmsg                               
00000000  __TI_static_base__                         
200006b0  __TI_tmpnams                               
00004471  __TI_writemsg                              
00003d91  __TI_wrt_ok                                
000048cd  __TI_zero_init_nomemset                    
000037c5  __aeabi_cdcmpeq                            
000037c5  __aeabi_cdcmple                            
0000384b  __aeabi_cdrcmple                           
000041d9  __aeabi_d2iz                               
00002307  __aeabi_dadd                               
00002751  __aeabi_ddiv                               
00002f01  __aeabi_dmul                               
000022fd  __aeabi_dsub                               
00004ac9  __aeabi_errno_addr                         
000044a9  __aeabi_f2d                                
0000464d  __aeabi_i2d                                
00001633  __aeabi_idiv0                              
00001633  __aeabi_ldiv0                              
00003955  __aeabi_memclr                             
00003955  __aeabi_memclr4                            
00003955  __aeabi_memclr8                            
00003583  __aeabi_memcpy                             
00003583  __aeabi_memcpy4                            
00003583  __aeabi_memcpy8                            
00003957  __aeabi_memset                             
00003957  __aeabi_memset4                            
00003957  __aeabi_memset8                            
20000968  __aeabi_stderr                             
20000960  __aeabi_stdin                              
20000964  __aeabi_stdout                             
0000361f  __aeabi_uldivmod                           
ffffffff  __binit__                                  
ffffffff  __c_args__                                 
UNDEFED   __mpu_init                                 
2000fe00  __stack                                    
20000000  __start___llvm_prf_cnts                    
20000000  __stop___llvm_prf_cnts                     
000045e9  _c_int00_noargs                            
00004de0  _ctypes_                                   
20000884  _device                                    
20000794  _ftable                                    
20000978  _lock                                      
00000b33  _nop                                       
200008fc  _stream                                    
20000000  _sys_memory                                
UNDEFED   _system_post_cinit                         
00004ae1  _system_pre_init                           
2000097c  _unlock                                    
00004ae5  abort                                      
00002e01  aligned_alloc                              
000040fd  atoi                                       
ffffffff  binit                                      
2000078c  cal30                                      
2000078e  cal85                                      
2000077c  calDifference                              
00003e55  close                                      
0000496f  copysign                                   
0000496f  copysignl                                  
20000992  counter                                    
00001f57  display_information                        
00001fa3  display_list                               
20000998  errno                                      
00004191  exit                                       
0000461d  finddevice                                 
00001bad  fputc                                      
00002ac9  fputs                                      
000030f9  free                                       
00003cc9  frexp                                      
00003cc9  frexpl                                     
00003d2d  fseek                                      
20000750  g_sContext                                 
2000094c  g_sCrystalfontz128x128                     
00005084  g_sCrystalfontz128x128_funcs               
00004ee4  g_sFontFixed6x8                            
00001f27  get_list                                   
000042ed  getdevice                                  
20000990  index                                      
00001eed  init_display                               
00000000  interruptVectors                           
00002cf1  ldexp                                      
00002cf1  ldexpl                                     
20000400  list                                       
0000479d  lseek                                      
00001969  main                                       
00004ad1  malloc                                     
00002e01  memalign                                   
00004905  memccpy                                    
00004855  memchr                                     
00003583  memcpy                                     
0000395d  memset                                     
20000774  parmbuf                                    
00003c61  printf                                     
000046a9  remove                                     
00002cf1  scalbn                                     
00002cf1  scalbnl                                    
2000098c  scrollOffset                               
000020bf  scroll_down                                
0000208f  scroll_up                                  
0000207b  select_index                               
20000988  selectedIndex                              
00004811  setup_serial                               
000031dd  setvbuf                                    
000043f1  sprintf                                    
00004a27  strchr                                     
000049a1  strcmp                                     
00004a3d  strcpy                                     
00004a51  strlen                                     
00004517  strncpy                                    
20000780  temperature                                
0000505c  uartConfig                                 
000046a9  unlink                                     
00004a77  wcslen                                     
000047c5  write                                      


GLOBAL SYMBOLS: SORTED BY Symbol Address 

address   name                                       
-------   ----                                       
00000000  __TI_static_base__                         
00000000  interruptVectors                           
000000e5  __TI_printfi                               
00000200  __STACK_SIZE                               
00000400  __SYSMEM_SIZE                              
00000b33  _nop                                       
00000b35  Crystalfontz128x128_Init                   
00000c49  Crystalfontz128x128_SetDrawFrame           
00000d77  Crystalfontz128x128_SetOrientation         
000011b5  Graphics_drawString                        
00001633  __aeabi_idiv0                              
00001633  __aeabi_ldiv0                              
00001635  SystemCoreClockUpdate                      
000018ad  SystemInit                                 
00001969  main                                       
00001a9b  ADC14_IRQHandler                           
00001a9b  ADC14_IRQHandler                           
00001b8d  PORT5_IRQHandler                           
00001b8d  PORT5_IRQHandler                           
00001bad  fputc                                      
00001eed  init_display                               
00001f27  get_list                                   
00001f57  display_information                        
00001fa3  display_list                               
0000207b  select_index                               
0000208f  scroll_up                                  
000020bf  scroll_down                                
000022fd  __aeabi_dsub                               
00002307  __aeabi_dadd                               
00002751  __aeabi_ddiv                               
000029ad  UART_initModule                            
00002ac9  fputs                                      
00002bdd  Graphics_fillRectangle                     
00002cf1  ldexp                                      
00002cf1  ldexpl                                     
00002cf1  scalbn                                     
00002cf1  scalbnl                                    
00002e01  aligned_alloc                              
00002e01  memalign                                   
00002f01  __aeabi_dmul                               
00002ffd  Graphics_getStringWidth                    
000030f9  free                                       
000031dd  setvbuf                                    
000032b9  HAL_LCD_PortInit                           
000032e9  HAL_LCD_SpiInit                            
0000331f  HAL_LCD_writeCommand                       
0000334f  HAL_LCD_writeData                          
00003437  SPI_initMaster                             
000034e7  Graphics_drawLineH                         
00003583  __aeabi_memcpy                             
00003583  __aeabi_memcpy4                            
00003583  __aeabi_memcpy8                            
00003583  memcpy                                     
0000361f  __aeabi_uldivmod                           
000036b5  GPIO_setAsPeripheralModuleFunctionInputPin 
0000373d  GPIO_setAsPeripheralModuleFunctionOutputPin
000037c5  __aeabi_cdcmpeq                            
000037c5  __aeabi_cdcmple                            
0000384b  __aeabi_cdrcmple                           
000038d1  GPIO_getEnabledInterruptStatus             
00003955  __aeabi_memclr                             
00003955  __aeabi_memclr4                            
00003955  __aeabi_memclr8                            
00003957  __aeabi_memset                             
00003957  __aeabi_memset4                            
00003957  __aeabi_memset8                            
0000395d  memset                                     
000039d1  __TI_closefile                             
00003b25  HOSTrename                                 
00003b91  HOSTlseek                                  
00003bf9  __TI_decompress_lzss                       
00003c61  printf                                     
00003cc9  frexp                                      
00003cc9  frexpl                                     
00003d2d  fseek                                      
00003d91  __TI_wrt_ok                                
00003df5  HOSTopen                                   
00003e55  close                                      
00003eb1  HOSTread                                   
00003f09  HOSTwrite                                  
00003fb7  __TI_ltoa                                  
0000400b  Graphics_initContext                       
000040af  __TI_doflush                               
000040fd  atoi                                       
00004149  Graphics_drawStringCentered                
00004191  exit                                       
000041d9  __aeabi_d2iz                               
00004221  HOSTclose                                  
00004265  HOSTunlink                                 
000042a9  __TI_auto_init_nobinit_nopinit             
000042ed  getdevice                                  
00004331  GPIO_setAsOutputPin                        
000043f1  sprintf                                    
00004471  __TI_writemsg                              
0000449f  C$$IO$$                                    
000044a9  __aeabi_f2d                                
000044e1  Graphics_drawHorizontalLineOnDisplay       
00004517  strncpy                                    
0000454d  UART_transmitData                          
00004581  __TI_cleanup                               
000045b5  __TI_readmsg                               
000045e9  _c_int00_noargs                            
0000461d  finddevice                                 
0000464d  __aeabi_i2d                                
0000467b  Graphics_drawPixelOnDisplay                
000046a9  remove                                     
000046a9  unlink                                     
000046d5  ADC14_getResult                            
000046fd  GPIO_clearInterruptFlag                    
00004725  GPIO_setOutputHighOnPin                    
0000474d  GPIO_setOutputLowOnPin                     
0000479d  lseek                                      
000047c5  write                                      
000047ed  GPIO_getInterruptStatus                    
00004811  setup_serial                               
00004835  REF_A_setReferenceVoltage                  
00004855  memchr                                     
00004875  Graphics_fillRectangleOnDisplay            
00004893  SPI_enableModule                           
000048b1  SysCtl_getTempCalibrationConstant          
000048cd  __TI_zero_init_nomemset                    
00004905  memccpy                                    
00004921  Graphics_clearDisplayOnDisplay             
0000493b  Graphics_setBackgroundColor                
00004955  Graphics_setFont                           
0000496f  copysign                                   
0000496f  copysignl                                  
000049a1  strcmp                                     
000049b9  EUSCI_A_SPI_enable                         
000049cf  EUSCI_B_SPI_enable                         
000049e5  Graphics_setForegroundColor                
000049fb  Graphics_translateColorOnDisplay           
00004a11  UART_enableModule                          
00004a27  strchr                                     
00004a3d  strcpy                                     
00004a51  strlen                                     
00004a65  Graphics_clearDisplay                      
00004a77  wcslen                                     
00004a89  __TI_decompress_none                       
00004a97  Reset_Handler                              
00004aa3  AES256_IRQHandler                          
00004aa3  BusFault_Handler                           
00004aa3  COMP_E0_IRQHandler                         
00004aa3  COMP_E1_IRQHandler                         
00004aa3  CS_IRQHandler                              
00004aa3  DMA_ERR_IRQHandler                         
00004aa3  DMA_INT0_IRQHandler                        
00004aa3  DMA_INT1_IRQHandler                        
00004aa3  DMA_INT2_IRQHandler                        
00004aa3  DMA_INT3_IRQHandler                        
00004aa3  DebugMon_Handler                           
00004aa3  Default_Handler                            
00004aa3  EUSCIA0_IRQHandler                         
00004aa3  EUSCIA1_IRQHandler                         
00004aa3  EUSCIA2_IRQHandler                         
00004aa3  EUSCIA3_IRQHandler                         
00004aa3  EUSCIB0_IRQHandler                         
00004aa3  EUSCIB1_IRQHandler                         
00004aa3  EUSCIB2_IRQHandler                         
00004aa3  EUSCIB3_IRQHandler                         
00004aa3  FLCTL_IRQHandler                           
00004aa3  FPU_IRQHandler                             
00004aa3  HardFault_Handler                          
00004aa3  MemManage_Handler                          
00004aa3  NMI_Handler                                
00004aa3  PCM_IRQHandler                             
00004aa3  PORT1_IRQHandler                           
00004aa3  PORT2_IRQHandler                           
00004aa3  PORT3_IRQHandler                           
00004aa3  PORT4_IRQHandler                           
00004aa3  PORT6_IRQHandler                           
00004aa3  PSS_IRQHandler                             
00004aa3  PendSV_Handler                             
00004aa3  RTC_C_IRQHandler                           
00004aa3  SVC_Handler                                
00004aa3  SysTick_Handler                            
00004aa3  T32_INT1_IRQHandler                        
00004aa3  T32_INT2_IRQHandler                        
00004aa3  T32_INTC_IRQHandler                        
00004aa3  TA0_0_IRQHandler                           
00004aa3  TA0_N_IRQHandler                           
00004aa3  TA1_0_IRQHandler                           
00004aa3  TA1_N_IRQHandler                           
00004aa3  TA2_0_IRQHandler                           
00004aa3  TA2_N_IRQHandler                           
00004aa3  TA3_0_IRQHandler                           
00004aa3  TA3_N_IRQHandler                           
00004aa3  UsageFault_Handler                         
00004aa3  WDT_A_IRQHandler                           
00004aa5  REF_A_enableReferenceVoltage               
00004ab1  REF_A_enableTempSensor                     
00004ac9  __aeabi_errno_addr                         
00004ad1  malloc                                     
00004ae1  _system_pre_init                           
00004ae5  C$$EXIT                                    
00004ae5  abort                                      
00004de0  _ctypes_                                   
00004ee4  g_sFontFixed6x8                            
0000505c  uartConfig                                 
00005084  g_sCrystalfontz128x128_funcs               
0000515c  __TI_Handler_Table_Base                    
00005168  __TI_Handler_Table_Limit                   
00005170  __TI_CINIT_Base                            
00005180  __TI_CINIT_Limit                           
20000000  __start___llvm_prf_cnts                    
20000000  __stop___llvm_prf_cnts                     
20000000  _sys_memory                                
20000400  list                                       
20000590  __CIOBUF_                                  
200006b0  __TI_tmpnams                               
20000750  g_sContext                                 
20000774  parmbuf                                    
2000077c  calDifference                              
20000780  temperature                                
20000786  Lcd_ScreenHeigth                           
20000788  Lcd_ScreenWidth                            
2000078a  Lcd_TouchTrim                              
2000078c  cal30                                      
2000078e  cal85                                      
20000790  Lcd_FlagRead                               
20000791  Lcd_FontSolid                              
20000792  Lcd_Orientation                            
20000793  Lcd_PenSolid                               
20000794  _ftable                                    
20000884  _device                                    
200008fc  _stream                                    
2000094c  g_sCrystalfontz128x128                     
2000095c  __TI_ft_end                                
20000960  __aeabi_stdin                              
20000964  __aeabi_stdout                             
20000968  __aeabi_stderr                             
2000096c  __TI_cleanup_ptr                           
20000970  __TI_dtors_ptr                             
20000974  __TI_enable_exit_profile_output            
20000978  _lock                                      
2000097c  _unlock                                    
20000988  selectedIndex                              
2000098c  scrollOffset                               
20000990  index                                      
20000992  counter                                    
20000994  TXData                                     
20000998  errno                                      
2000099c  SystemCoreClock                            
2000fe00  __stack                                    
20010000  __STACK_END                                
4000480c  WDTCTL_SYM                                 
ffffffff  __TI_pprof_out_hndl                        
ffffffff  __TI_prof_data_size                        
ffffffff  __TI_prof_data_start                       
ffffffff  __binit__                                  
ffffffff  __c_args__                                 
ffffffff  binit                                      
UNDEFED   __mpu_init                                 
UNDEFED   _system_post_cinit                         

[254 symbols]
