******************************************************************************
                  TI ARM Linker PC v20.2.7                     
******************************************************************************
>> Linked Mon May  5 15:22:43 2025

OUTPUT FILE NAME:   <progetto-embedded.out>
ENTRY POINT SYMBOL: "_c_int00_noargs"  address: 00003db9


MEMORY CONFIGURATION

         name            origin    length      used     unused   attr    fill
----------------------  --------  ---------  --------  --------  ----  --------
  MAIN                  00000000   00040000  0000477c  0003b884  R  X
  INFO                  00200000   00004000  00000000  00004000  R  X
  SRAM_CODE             01000000   00010000  000003f4  0000fc0c  RW X
  SRAM_DATA             20000000   00010000  000003f4  0000fc0c  RW  


SEGMENT ALLOCATION MAP

run origin  load origin   length   init length attrs members
----------  ----------- ---------- ----------- ----- -------
00000000    00000000    00004780   00004780    r-x
  00000000    00000000    000000e4   000000e4    r-- .intvecs
  000000e4    000000e4    00004088   00004088    r-x .text
  0000416c    0000416c    000005d8   000005d8    r-- .const
  00004748    00004748    00000038   00000038    r-- .cinit
20000000    20000000    000001f4   00000000    rw-
  20000000    20000000    000001cc   00000000    rw- .bss
  200001cc    200001cc    00000028   00000000    rw- .data
2000fe00    2000fe00    00000200   00000000    rw-
  2000fe00    2000fe00    00000200   00000000    rw- .stack


SECTION ALLOCATION MAP

 output                                  attributes/
section   page    origin      length       input sections
--------  ----  ----------  ----------   ----------------
.intvecs   0    00000000    000000e4     
                  00000000    000000e4     startup_msp432p401r_ccs.obj (.intvecs:retain)

.text      0    000000e4    00004088     
                  000000e4    00000a4e     rtsv7M4_T_le_v4SPD16_eabi.lib : _printfi.c.obj (.text:__TI_printfi)
                  00000b32    00000002                                   : div0.asm.obj (.text)
                  00000b34    00000680     Crystalfontz128x128_ST7735.obj (.text)
                  000011b4    0000047e     grlib.a : string.obj (.text:Graphics_drawString)
                  00001632    00000002     --HOLE-- [fill = 0]
                  00001634    00000334     system_msp432p401r.obj (.text)
                  00001968    000002e0     main.obj (.text)
                  00001c48    00000270     rtsv7M4_T_le_v4SPD16_eabi.lib : _printfi.c.obj (.text:_pconv_a)
                  00001eb8    00000240     display.obj (.text)
                  000020f8    000001d0     rtsv7M4_T_le_v4SPD16_eabi.lib : _printfi.c.obj (.text:_pconv_g)
                  000022c8    000001c0     controls.obj (.text)
                  00002488    000001b6     rtsv7M4_T_le_v4SPD16_eabi.lib : fd_add_t2.asm.obj (.text)
                  0000263e    00000002     --HOLE-- [fill = 0]
                  00002640    00000160     msp432p4xx_driverlib.lib : adc14.o (.text:_getIndexForMemRegister)
                  000027a0    0000013c     rtsv7M4_T_le_v4SPD16_eabi.lib : _printfi.c.obj (.text:_pconv_e)
                  000028dc    00000136                                   : fd_div_t2.asm.obj (.text)
                  00002a12    00000002     --HOLE-- [fill = 0]
                  00002a14    00000124                                   : _printfi.c.obj (.text:fcvt)
                  00002b38    00000112     grlib.a : rectangle.obj (.text:Graphics_fillRectangle)
                  00002c4a    00000002     --HOLE-- [fill = 0]
                  00002c4c    00000110     rtsv7M4_T_le_v4SPD16_eabi.lib : s_scalbn.c.obj (.text:scalbn)
                  00002d5c    000000fc                                   : fd_mul_t2.asm.obj (.text)
                  00002e58    000000fa     grlib.a : string.obj (.text:Graphics_getStringWidth)
                  00002f52    00000002     --HOLE-- [fill = 0]
                  00002f54    000000cc     HAL_MSP_EXP432P401R_Crystalfontz128x128_ST7735.obj (.text)
                  00003020    000000b4     msp432p4xx_driverlib.lib : adc14.o (.text:ADC14_configureConversionMemory)
                  000030d4    000000b4                              : adc14.o (.text:ADC14_configureMultiSequenceMode)
                  00003188    000000b1     rtsv7M4_T_le_v4SPD16_eabi.lib : _printfi.c.obj (.text:_ltostr)
                  00003239    00000001     --HOLE-- [fill = 0]
                  0000323a    000000b0     msp432p4xx_driverlib.lib : spi.o (.text:SPI_initMaster)
                  000032ea    0000009c     grlib.a : line.obj (.text:Graphics_drawLineH)
                  00003386    0000009c     rtsv7M4_T_le_v4SPD16_eabi.lib : memcpy_t2.asm.obj (.text)
                  00003422    00000096                                   : ull_div_t2.asm.obj (.text)
                  000034b8    00000088     msp432p4xx_driverlib.lib : gpio.o (.text:GPIO_setAsPeripheralModuleFunctionOutputPin)
                  00003540    00000086     rtsv7M4_T_le_v4SPD16_eabi.lib : fd_cmp_t2.asm.obj (.text:__aeabi_cdcmple)
                  000035c6    00000086                                   : fd_cmp_t2.asm.obj (.text:__aeabi_cdrcmple)
                  0000364c    00000084     msp432p4xx_driverlib.lib : gpio.o (.text:GPIO_getEnabledInterruptStatus)
                  000036d0    00000080                              : interrupt.o (.text:Interrupt_enableInterrupt)
                  00003750    0000007a     rtsv7M4_T_le_v4SPD16_eabi.lib : memset_t2.asm.obj (.text)
                  000037ca    0000006e                                   : _printfi.c.obj (.text:_mcpy)
                  00003838    00000068                                   : copy_decompress_lzss.c.obj (.text:decompress:lzss:__TI_decompress_lzss)
                  000038a0    00000064                                   : s_frexp.c.obj (.text:frexp)
                  00003904    00000058     msp432p4xx_driverlib.lib : gpio.o (.text:GPIO_setAsInputPinWithPullUpResistor)
                  0000395c    00000056     rtsv7M4_T_le_v4SPD16_eabi.lib : _printfi.c.obj (.text:_pconv_f)
                  000039b2    00000054                                   : _ltoa.c.obj (.text:__TI_ltoa)
                  00003a06    00000052     grlib.a : context.obj (.text:Graphics_initContext)
                  00003a58    00000052     rtsv7M4_T_le_v4SPD16_eabi.lib : _printfi.c.obj (.text:_ecpy)
                  00003aaa    00000002     --HOLE-- [fill = 0]
                  00003aac    0000004c                                   : atoi.c.obj (.text:atoi)
                  00003af8    00000048     grlib.a : string.obj (.text:Graphics_drawStringCentered)
                  00003b40    00000048     rtsv7M4_T_le_v4SPD16_eabi.lib : fd_toi_t2.asm.obj (.text)
                  00003b88    00000044                                   : autoinit.c.obj (.text:__TI_auto_init_nobinit_nopinit:__TI_auto_init_nobinit_nopinit)
                  00003bcc    00000040     msp432p4xx_driverlib.lib : gpio.o (.text:GPIO_setAsOutputPin)
                  00003c0c    00000040     grlib.a : string.obj (.text:Graphics_getNumberOfLeadingZeros)
                  00003c4c    00000040     msp432p4xx_driverlib.lib : spi.o (.text:is_A_Module)
                  00003c8c    00000040     rtsv7M4_T_le_v4SPD16_eabi.lib : sprintf.c.obj (.text:sprintf)
                  00003ccc    0000003e                                   : _printfi.c.obj (.text:_fcpy)
                  00003d0a    00000002     --HOLE-- [fill = 0]
                  00003d0c    0000003c     msp432p4xx_driverlib.lib : gpio.o (.text:GPIO_interruptEdgeSelect)
                  00003d48    00000038     rtsv7M4_T_le_v4SPD16_eabi.lib : fs_tod_t2.asm.obj (.text)
                  00003d80    00000036     grlib.a : display.obj (.text:Graphics_drawHorizontalLineOnDisplay)
                  00003db6    00000002     --HOLE-- [fill = 0]
                  00003db8    00000034     rtsv7M4_T_le_v4SPD16_eabi.lib : boot_cortex_m.c.obj (.text:_c_int00_noargs:_c_int00_noargs)
                  00003dec    0000002e                                   : i_tofd_t2.asm.obj (.text)
                  00003e1a    0000002c     grlib.a : display.obj (.text:Graphics_drawPixelOnDisplay)
                  00003e46    00000002     --HOLE-- [fill = 0]
                  00003e48    00000028     msp432p4xx_driverlib.lib : adc14.o (.text:ADC14_getResult)
                  00003e70    00000028                              : gpio.o (.text:GPIO_clearInterruptFlag)
                  00003e98    00000028                              : gpio.o (.text:GPIO_enableInterrupt)
                  00003ec0    00000028                              : gpio.o (.text:GPIO_setOutputHighOnPin)
                  00003ee8    00000028                              : gpio.o (.text:GPIO_setOutputLowOnPin)
                  00003f10    00000024                              : gpio.o (.text:GPIO_getInterruptStatus)
                  00003f34    00000020                              : ref_a.o (.text:REF_A_setReferenceVoltage)
                  00003f54    0000001e     grlib.a : display.obj (.text:Graphics_fillRectangleOnDisplay)
                  00003f72    0000001c     msp432p4xx_driverlib.lib : spi.o (.text:SPI_enableModule)
                  00003f8e    00000002     --HOLE-- [fill = 0]
                  00003f90    0000001c                              : sysctl.o (.text:SysCtl_getTempCalibrationConstant)
                  00003fac    0000001c     rtsv7M4_T_le_v4SPD16_eabi.lib : copy_zero_init.c.obj (.text:decompress:ZI:__TI_zero_init_nomemset:__TI_zero_init_nomemset)
                  00003fc8    0000001c                                   : memccpy.c.obj (.text:memccpy)
                  00003fe4    0000001a     grlib.a : display.obj (.text:Graphics_clearDisplayOnDisplay)
                  00003ffe    0000001a             : context.obj (.text:Graphics_setBackgroundColor)
                  00004018    0000001a             : context.obj (.text:Graphics_setFont)
                  00004032    0000001a     rtsv7M4_T_le_v4SPD16_eabi.lib : s_copysign.c.obj (.text:copysign)
                  0000404c    00000018                                   : sprintf.c.obj (.text:_outs)
                  00004064    00000016     msp432p4xx_driverlib.lib : spi.o (.text:EUSCI_A_SPI_enable)
                  0000407a    00000016                              : spi.o (.text:EUSCI_B_SPI_enable)
                  00004090    00000016     grlib.a : context.obj (.text:Graphics_setForegroundColor)
                  000040a6    00000016             : display.obj (.text:Graphics_translateColorOnDisplay)
                  000040bc    00000016     rtsv7M4_T_le_v4SPD16_eabi.lib : strchr.c.obj (.text:strchr)
                  000040d2    00000014                                   : strlen.c.obj (.text:strlen)
                  000040e6    00000012     grlib.a : context.obj (.text:Graphics_clearDisplay)
                  000040f8    00000012     rtsv7M4_T_le_v4SPD16_eabi.lib : wcslen.c.obj (.text:wcslen)
                  0000410a    00000002     --HOLE-- [fill = 0]
                  0000410c    00000010     msp432p4xx_driverlib.lib : adc14.o (.text:ADCIsConversionRunning)
                  0000411c    0000000e     rtsv7M4_T_le_v4SPD16_eabi.lib : copy_decompress_none.c.obj (.text:decompress:none:__TI_decompress_none)
                  0000412a    0000000e     startup_msp432p401r_ccs.obj (.text)
                  00004138    0000000c     msp432p4xx_driverlib.lib : ref_a.o (.text:REF_A_enableReferenceVoltage)
                  00004144    0000000c                              : ref_a.o (.text:REF_A_enableTempSensor)
                  00004150    0000000a     rtsv7M4_T_le_v4SPD16_eabi.lib : sprintf.c.obj (.text:_outc)
                  0000415a    00000002     --HOLE-- [fill = 0]
                  0000415c    00000008                                   : errno.c.obj (.text:__aeabi_errno_addr)
                  00004164    00000004                                   : pre_init.c.obj (.text:_system_pre_init)
                  00004168    00000004                                   : exit.c.obj (.text:abort:abort)

.const     0    0000416c    000005d8     
                  0000416c    000002f8     grlib.a : fontfixed6x8.obj (.const:.string:g_pucFontFixed6x8Data)
                  00004464    00000101     rtsv7M4_T_le_v4SPD16_eabi.lib : ctype.c.obj (.const:.string:_ctypes_)
                  00004565    00000003     --HOLE-- [fill = 0]
                  00004568    000000c8     grlib.a : fontfixed6x8.obj (.const:g_sFontFixed6x8)
                  00004630    00000080     msp432p4xx_driverlib.lib : adc14.o (.const:_ctlRegs)
                  000046b0    00000030                              : gpio.o (.const:GPIO_PORT_TO_BASE)
                  000046e0    00000020     Crystalfontz128x128_ST7735.obj (.const:g_sCrystalfontz128x128_funcs)
                  00004700    0000001c     HAL_MSP_EXP432P401R_Crystalfontz128x128_ST7735.obj (.const:$P$T0$1)
                  0000471c    00000008     Crystalfontz128x128_ST7735.obj (.const:$P$T0$1)
                  00004724    00000008     display.obj (.const:$P$T0$1)
                  0000472c    00000008     display.obj (.const:$P$T1$2)
                  00004734    00000008     display.obj (.const:$P$T2$3)
                  0000473c    00000008     msp432p4xx_driverlib.lib : interrupt.o (.const:g_pulEnRegs)

.cinit     0    00004748    00000038     
                  00004748    00000014     (.cinit..data.load) [load image, compression = lzss]
                  0000475c    0000000c     (__TI_handler_table)
                  00004768    00000008     (.cinit..bss.load) [load image, compression = zero_init]
                  00004770    00000010     (__TI_cinit_table)

.init_array 
*          0    00000000    00000000     UNINITIALIZED

.binit     0    00000000    00000000     

.bss       0    20000000    000001cc     UNINITIALIZED
                  20000000    00000190     (.common:list)
                  20000190    0000001c     (.common:g_sContext)
                  200001ac    00000008     display.obj (.bss)
                  200001b4    00000004     (.common:calDifference)
                  200001b8    00000004     (.common:temperature)
                  200001bc    00000002     main.obj (.bss)
                  200001be    00000002     (.common:Lcd_ScreenHeigth)
                  200001c0    00000002     (.common:Lcd_ScreenWidth)
                  200001c2    00000002     (.common:Lcd_TouchTrim)
                  200001c4    00000002     (.common:cal30)
                  200001c6    00000002     (.common:cal85)
                  200001c8    00000001     (.common:Lcd_FlagRead)
                  200001c9    00000001     (.common:Lcd_FontSolid)
                  200001ca    00000001     (.common:Lcd_Orientation)
                  200001cb    00000001     (.common:Lcd_PenSolid)

.data      0    200001cc    00000028     UNINITIALIZED
                  200001cc    00000010     Crystalfontz128x128_ST7735.obj (.data:g_sCrystalfontz128x128)
                  200001dc    00000008     display.obj (.data)
                  200001e4    00000005     main.obj (.data)
                  200001e9    00000003     --HOLE--
                  200001ec    00000004     rtsv7M4_T_le_v4SPD16_eabi.lib : errno.c.obj (.data)
                  200001f0    00000004     system_msp432p401r.obj (.data)

.stack     0    2000fe00    00000200     UNINITIALIZED
                  2000fe00    00000004     rtsv7M4_T_le_v4SPD16_eabi.lib : boot_cortex_m.c.obj (.stack)
                  2000fe04    000001fc     --HOLE--

__llvm_prf_cnts 
*          0    20000000    00000000     UNINITIALIZED

MODULE SUMMARY

       Module                                               code    ro data   rw data
       ------                                               ----    -------   -------
    .\
       main.obj                                             736     0         894    
       system_msp432p401r.obj                               820     0         8      
       startup_msp432p401r_ccs.obj                          14      228       0      
    +--+----------------------------------------------------+-------+---------+---------+
       Total:                                               1570    228       902    
                                                                                     
    .\LcdDriver\
       Crystalfontz128x128_ST7735.obj                       1664    40        52     
       HAL_MSP_EXP432P401R_Crystalfontz128x128_ST7735.obj   204     28        0      
    +--+----------------------------------------------------+-------+---------+---------+
       Total:                                               1868    68        52     
                                                                                     
    .\utils\controls\
       controls.obj                                         448     0         0      
    +--+----------------------------------------------------+-------+---------+---------+
       Total:                                               448     0         0      
                                                                                     
    .\utils\display\
       display.obj                                          576     24        32     
    +--+----------------------------------------------------+-------+---------+---------+
       Total:                                               576     24        32     
                                                                                     
    C:\ti\ccs1280\ccs\tools\compiler\ti-cgt-arm_20.2.7.LTS\lib\rtsv7M4_T_le_v4SPD16_eabi.lib
       _printfi.c.obj                                       4851    0         0      
       fd_add_t2.asm.obj                                    438     0         0      
       fd_div_t2.asm.obj                                    310     0         0      
       s_scalbn.c.obj                                       272     0         0      
       fd_cmp_t2.asm.obj                                    268     0         0      
       ctype.c.obj                                          0       257       0      
       fd_mul_t2.asm.obj                                    252     0         0      
       memcpy_t2.asm.obj                                    156     0         0      
       ull_div_t2.asm.obj                                   150     0         0      
       memset_t2.asm.obj                                    122     0         0      
       copy_decompress_lzss.c.obj                           104     0         0      
       s_frexp.c.obj                                        100     0         0      
       sprintf.c.obj                                        98      0         0      
       _ltoa.c.obj                                          84      0         0      
       atoi.c.obj                                           76      0         0      
       fd_toi_t2.asm.obj                                    72      0         0      
       autoinit.c.obj                                       68      0         0      
       fs_tod_t2.asm.obj                                    56      0         0      
       boot_cortex_m.c.obj                                  52      0         0      
       i_tofd_t2.asm.obj                                    46      0         0      
       copy_zero_init.c.obj                                 28      0         0      
       memccpy.c.obj                                        28      0         0      
       s_copysign.c.obj                                     26      0         0      
       strchr.c.obj                                         22      0         0      
       strlen.c.obj                                         20      0         0      
       wcslen.c.obj                                         18      0         0      
       errno.c.obj                                          8       0         8      
       copy_decompress_none.c.obj                           14      0         0      
       exit.c.obj                                           4       0         0      
       pre_init.c.obj                                       4       0         0      
       div0.asm.obj                                         2       0         0      
    +--+----------------------------------------------------+-------+---------+---------+
       Total:                                               7749    257       8      
                                                                                     
    Z:/simplelink_msp432p4_sdk_3_40_01_02/source/ti/devices/msp432p4xx/driverlib/ccs/msp432p4xx_driverlib.lib
       adc14.o                                              768     128       0      
       gpio.o                                               676     48        0      
       spi.o                                                312     0         0      
       interrupt.o                                          128     8         0      
       ref_a.o                                              56      0         0      
       sysctl.o                                             28      0         0      
    +--+----------------------------------------------------+-------+---------+---------+
       Total:                                               1968    184       0      
                                                                                     
    Z:/simplelink_msp432p4_sdk_3_40_01_02/source/ti/grlib/lib/ccs/m4/grlib.a
       string.obj                                           1536    0         0      
       fontfixed6x8.obj                                     0       960       0      
       rectangle.obj                                        274     0         0      
       display.obj                                          176     0         0      
       context.obj                                          174     0         0      
       line.obj                                             156     0         0      
    +--+----------------------------------------------------+-------+---------+---------+
       Total:                                               2316    960       0      
                                                                                     
       Stack:                                               0       0         1024   
       Linker Generated:                                    0       56        0      
    +--+----------------------------------------------------+-------+---------+---------+
       Grand Total:                                         16495   1777      2018   


LINKER GENERATED COPY TABLES

__TI_cinit_table @ 00004770 records: 2, size/record: 8, table size: 16
	.data: load addr=00004748, load size=00000014 bytes, run addr=200001cc, run size=00000028 bytes, compression=lzss
	.bss: load addr=00004768, load size=00000008 bytes, run addr=20000000, run size=000001cc bytes, compression=zero_init


LINKER GENERATED HANDLER TABLE

__TI_handler_table @ 0000475c records: 3, size/record: 4, table size: 12
	index: 0, handler: __TI_decompress_lzss
	index: 1, handler: __TI_decompress_none
	index: 2, handler: __TI_zero_init


GLOBAL SYMBOLS: SORTED ALPHABETICALLY BY Name 

address   name                                       
-------   ----                                       
00001a9f  ADC14_IRQHandler                           
00001a9f  ADC14_IRQHandler                           
00003021  ADC14_configureConversionMemory            
000030d5  ADC14_configureMultiSequenceMode           
00003e49  ADC14_getResult                            
00004137  AES256_IRQHandler                          
00004137  BusFault_Handler                           
00004169  C$$EXIT                                    
00004137  COMP_E0_IRQHandler                         
00004137  COMP_E1_IRQHandler                         
00004137  CS_IRQHandler                              
00000b35  Crystalfontz128x128_Init                   
00000c49  Crystalfontz128x128_SetDrawFrame           
00000d77  Crystalfontz128x128_SetOrientation         
00004137  DMA_ERR_IRQHandler                         
00004137  DMA_INT0_IRQHandler                        
00004137  DMA_INT1_IRQHandler                        
00004137  DMA_INT2_IRQHandler                        
00004137  DMA_INT3_IRQHandler                        
00004137  DebugMon_Handler                           
00004137  Default_Handler                            
00004137  EUSCIA0_IRQHandler                         
00004137  EUSCIA1_IRQHandler                         
00004137  EUSCIA2_IRQHandler                         
00004137  EUSCIA3_IRQHandler                         
00004137  EUSCIB0_IRQHandler                         
00004137  EUSCIB1_IRQHandler                         
00004137  EUSCIB2_IRQHandler                         
00004137  EUSCIB3_IRQHandler                         
00004065  EUSCI_A_SPI_enable                         
0000407b  EUSCI_B_SPI_enable                         
00004137  FLCTL_IRQHandler                           
00004137  FPU_IRQHandler                             
00003e71  GPIO_clearInterruptFlag                    
00003e99  GPIO_enableInterrupt                       
0000364d  GPIO_getEnabledInterruptStatus             
00003f11  GPIO_getInterruptStatus                    
00003d0d  GPIO_interruptEdgeSelect                   
00003905  GPIO_setAsInputPinWithPullUpResistor       
00003bcd  GPIO_setAsOutputPin                        
000034b9  GPIO_setAsPeripheralModuleFunctionOutputPin
00003ec1  GPIO_setOutputHighOnPin                    
00003ee9  GPIO_setOutputLowOnPin                     
000040e7  Graphics_clearDisplay                      
00003fe5  Graphics_clearDisplayOnDisplay             
00003d81  Graphics_drawHorizontalLineOnDisplay       
000032eb  Graphics_drawLineH                         
00003e1b  Graphics_drawPixelOnDisplay                
000011b5  Graphics_drawString                        
00003af9  Graphics_drawStringCentered                
00002b39  Graphics_fillRectangle                     
00003f55  Graphics_fillRectangleOnDisplay            
00002e59  Graphics_getStringWidth                    
00003a07  Graphics_initContext                       
00003fff  Graphics_setBackgroundColor                
00004019  Graphics_setFont                           
00004091  Graphics_setForegroundColor                
000040a7  Graphics_translateColorOnDisplay           
00002f55  HAL_LCD_PortInit                           
00002f85  HAL_LCD_SpiInit                            
00002fbb  HAL_LCD_writeCommand                       
00002feb  HAL_LCD_writeData                          
00004137  HardFault_Handler                          
000036d1  Interrupt_enableInterrupt                  
200001c8  Lcd_FlagRead                               
200001c9  Lcd_FontSolid                              
200001ca  Lcd_Orientation                            
200001cb  Lcd_PenSolid                               
200001be  Lcd_ScreenHeigth                           
200001c0  Lcd_ScreenWidth                            
200001c2  Lcd_TouchTrim                              
00004137  MemManage_Handler                          
00004137  NMI_Handler                                
00004137  PCM_IRQHandler                             
00004137  PORT1_IRQHandler                           
00004137  PORT2_IRQHandler                           
00004137  PORT3_IRQHandler                           
00004137  PORT4_IRQHandler                           
00001b89  PORT5_IRQHandler                           
00001b89  PORT5_IRQHandler                           
00004137  PORT6_IRQHandler                           
00004137  PSS_IRQHandler                             
00004137  PendSV_Handler                             
00004139  REF_A_enableReferenceVoltage               
00004145  REF_A_enableTempSensor                     
00003f35  REF_A_setReferenceVoltage                  
00004137  RTC_C_IRQHandler                           
0000412b  Reset_Handler                              
00003f73  SPI_enableModule                           
0000323b  SPI_initMaster                             
00004137  SVC_Handler                                
00003f91  SysCtl_getTempCalibrationConstant          
00004137  SysTick_Handler                            
200001f0  SystemCoreClock                            
00001635  SystemCoreClockUpdate                      
000018ad  SystemInit                                 
00004137  T32_INT1_IRQHandler                        
00004137  T32_INT2_IRQHandler                        
00004137  T32_INTC_IRQHandler                        
00004137  TA0_0_IRQHandler                           
00004137  TA0_N_IRQHandler                           
00004137  TA1_0_IRQHandler                           
00004137  TA1_N_IRQHandler                           
00004137  TA2_0_IRQHandler                           
00004137  TA2_N_IRQHandler                           
00004137  TA3_0_IRQHandler                           
00004137  TA3_N_IRQHandler                           
00004137  UsageFault_Handler                         
4000480c  WDTCTL_SYM                                 
00004137  WDT_A_IRQHandler                           
20010000  __STACK_END                                
00000200  __STACK_SIZE                               
00004770  __TI_CINIT_Base                            
00004780  __TI_CINIT_Limit                           
0000475c  __TI_Handler_Table_Base                    
00004768  __TI_Handler_Table_Limit                   
00003b89  __TI_auto_init_nobinit_nopinit             
00003839  __TI_decompress_lzss                       
0000411d  __TI_decompress_none                       
000039b3  __TI_ltoa                                  
ffffffff  __TI_pprof_out_hndl                        
000000e5  __TI_printfi                               
ffffffff  __TI_prof_data_size                        
ffffffff  __TI_prof_data_start                       
00000000  __TI_static_base__                         
00003fad  __TI_zero_init_nomemset                    
00003541  __aeabi_cdcmpeq                            
00003541  __aeabi_cdcmple                            
000035c7  __aeabi_cdrcmple                           
00003b41  __aeabi_d2iz                               
00002493  __aeabi_dadd                               
000028dd  __aeabi_ddiv                               
00002d5d  __aeabi_dmul                               
00002489  __aeabi_dsub                               
0000415d  __aeabi_errno_addr                         
00003d49  __aeabi_f2d                                
00003ded  __aeabi_i2d                                
00000b33  __aeabi_idiv0                              
00000b33  __aeabi_ldiv0                              
00003751  __aeabi_memclr                             
00003751  __aeabi_memclr4                            
00003751  __aeabi_memclr8                            
00003387  __aeabi_memcpy                             
00003387  __aeabi_memcpy4                            
00003387  __aeabi_memcpy8                            
00003753  __aeabi_memset                             
00003753  __aeabi_memset4                            
00003753  __aeabi_memset8                            
00003423  __aeabi_uldivmod                           
ffffffff  __binit__                                  
ffffffff  __c_args__                                 
UNDEFED   __mpu_init                                 
2000fe00  __stack                                    
20000000  __start___llvm_prf_cnts                    
20000000  __stop___llvm_prf_cnts                     
00003db9  _c_int00_noargs                            
00004464  _ctypes_                                   
UNDEFED   _system_post_cinit                         
00004165  _system_pre_init                           
00004169  abort                                      
00003aad  atoi                                       
ffffffff  binit                                      
200001c4  cal30                                      
200001c6  cal85                                      
200001b4  calDifference                              
00004033  copysign                                   
00004033  copysignl                                  
200001e6  counter                                    
00001f23  display_information                        
00001f6f  display_list                               
000023a9  enable_interrupts                          
200001ec  errno                                      
000038a1  frexp                                      
000038a1  frexpl                                     
20000190  g_sContext                                 
200001cc  g_sCrystalfontz128x128                     
000046e0  g_sCrystalfontz128x128_funcs               
00004568  g_sFontFixed6x8                            
00001ef3  get_list                                   
200001e4  index                                      
00002379  init_adc                                   
00001eb9  init_display                               
00000000  interruptVectors                           
00002c4d  ldexp                                      
00002c4d  ldexpl                                     
20000000  list                                       
00001969  main                                       
00003fc9  memccpy                                    
00003387  memcpy                                     
00003759  memset                                     
00002c4d  scalbn                                     
00002c4d  scalbnl                                    
200001e0  scrollOffset                               
0000208b  scroll_down                                
0000205b  scroll_up                                  
00002047  select_index                               
200001dc  selectedIndex                              
0000244b  setup_button                               
000023eb  setup_cursor                               
00002419  setup_temperature                          
00003c8d  sprintf                                    
000040bd  strchr                                     
000040d3  strlen                                     
200001b8  temperature                                
000022c9  test                                       
000040f9  wcslen                                     


GLOBAL SYMBOLS: SORTED BY Symbol Address 

address   name                                       
-------   ----                                       
00000000  __TI_static_base__                         
00000000  interruptVectors                           
000000e5  __TI_printfi                               
00000200  __STACK_SIZE                               
00000b33  __aeabi_idiv0                              
00000b33  __aeabi_ldiv0                              
00000b35  Crystalfontz128x128_Init                   
00000c49  Crystalfontz128x128_SetDrawFrame           
00000d77  Crystalfontz128x128_SetOrientation         
000011b5  Graphics_drawString                        
00001635  SystemCoreClockUpdate                      
000018ad  SystemInit                                 
00001969  main                                       
00001a9f  ADC14_IRQHandler                           
00001a9f  ADC14_IRQHandler                           
00001b89  PORT5_IRQHandler                           
00001b89  PORT5_IRQHandler                           
00001eb9  init_display                               
00001ef3  get_list                                   
00001f23  display_information                        
00001f6f  display_list                               
00002047  select_index                               
0000205b  scroll_up                                  
0000208b  scroll_down                                
000022c9  test                                       
00002379  init_adc                                   
000023a9  enable_interrupts                          
000023eb  setup_cursor                               
00002419  setup_temperature                          
0000244b  setup_button                               
00002489  __aeabi_dsub                               
00002493  __aeabi_dadd                               
000028dd  __aeabi_ddiv                               
00002b39  Graphics_fillRectangle                     
00002c4d  ldexp                                      
00002c4d  ldexpl                                     
00002c4d  scalbn                                     
00002c4d  scalbnl                                    
00002d5d  __aeabi_dmul                               
00002e59  Graphics_getStringWidth                    
00002f55  HAL_LCD_PortInit                           
00002f85  HAL_LCD_SpiInit                            
00002fbb  HAL_LCD_writeCommand                       
00002feb  HAL_LCD_writeData                          
00003021  ADC14_configureConversionMemory            
000030d5  ADC14_configureMultiSequenceMode           
0000323b  SPI_initMaster                             
000032eb  Graphics_drawLineH                         
00003387  __aeabi_memcpy                             
00003387  __aeabi_memcpy4                            
00003387  __aeabi_memcpy8                            
00003387  memcpy                                     
00003423  __aeabi_uldivmod                           
000034b9  GPIO_setAsPeripheralModuleFunctionOutputPin
00003541  __aeabi_cdcmpeq                            
00003541  __aeabi_cdcmple                            
000035c7  __aeabi_cdrcmple                           
0000364d  GPIO_getEnabledInterruptStatus             
000036d1  Interrupt_enableInterrupt                  
00003751  __aeabi_memclr                             
00003751  __aeabi_memclr4                            
00003751  __aeabi_memclr8                            
00003753  __aeabi_memset                             
00003753  __aeabi_memset4                            
00003753  __aeabi_memset8                            
00003759  memset                                     
00003839  __TI_decompress_lzss                       
000038a1  frexp                                      
000038a1  frexpl                                     
00003905  GPIO_setAsInputPinWithPullUpResistor       
000039b3  __TI_ltoa                                  
00003a07  Graphics_initContext                       
00003aad  atoi                                       
00003af9  Graphics_drawStringCentered                
00003b41  __aeabi_d2iz                               
00003b89  __TI_auto_init_nobinit_nopinit             
00003bcd  GPIO_setAsOutputPin                        
00003c8d  sprintf                                    
00003d0d  GPIO_interruptEdgeSelect                   
00003d49  __aeabi_f2d                                
00003d81  Graphics_drawHorizontalLineOnDisplay       
00003db9  _c_int00_noargs                            
00003ded  __aeabi_i2d                                
00003e1b  Graphics_drawPixelOnDisplay                
00003e49  ADC14_getResult                            
00003e71  GPIO_clearInterruptFlag                    
00003e99  GPIO_enableInterrupt                       
00003ec1  GPIO_setOutputHighOnPin                    
00003ee9  GPIO_setOutputLowOnPin                     
00003f11  GPIO_getInterruptStatus                    
00003f35  REF_A_setReferenceVoltage                  
00003f55  Graphics_fillRectangleOnDisplay            
00003f73  SPI_enableModule                           
00003f91  SysCtl_getTempCalibrationConstant          
00003fad  __TI_zero_init_nomemset                    
00003fc9  memccpy                                    
00003fe5  Graphics_clearDisplayOnDisplay             
00003fff  Graphics_setBackgroundColor                
00004019  Graphics_setFont                           
00004033  copysign                                   
00004033  copysignl                                  
00004065  EUSCI_A_SPI_enable                         
0000407b  EUSCI_B_SPI_enable                         
00004091  Graphics_setForegroundColor                
000040a7  Graphics_translateColorOnDisplay           
000040bd  strchr                                     
000040d3  strlen                                     
000040e7  Graphics_clearDisplay                      
000040f9  wcslen                                     
0000411d  __TI_decompress_none                       
0000412b  Reset_Handler                              
00004137  AES256_IRQHandler                          
00004137  BusFault_Handler                           
00004137  COMP_E0_IRQHandler                         
00004137  COMP_E1_IRQHandler                         
00004137  CS_IRQHandler                              
00004137  DMA_ERR_IRQHandler                         
00004137  DMA_INT0_IRQHandler                        
00004137  DMA_INT1_IRQHandler                        
00004137  DMA_INT2_IRQHandler                        
00004137  DMA_INT3_IRQHandler                        
00004137  DebugMon_Handler                           
00004137  Default_Handler                            
00004137  EUSCIA0_IRQHandler                         
00004137  EUSCIA1_IRQHandler                         
00004137  EUSCIA2_IRQHandler                         
00004137  EUSCIA3_IRQHandler                         
00004137  EUSCIB0_IRQHandler                         
00004137  EUSCIB1_IRQHandler                         
00004137  EUSCIB2_IRQHandler                         
00004137  EUSCIB3_IRQHandler                         
00004137  FLCTL_IRQHandler                           
00004137  FPU_IRQHandler                             
00004137  HardFault_Handler                          
00004137  MemManage_Handler                          
00004137  NMI_Handler                                
00004137  PCM_IRQHandler                             
00004137  PORT1_IRQHandler                           
00004137  PORT2_IRQHandler                           
00004137  PORT3_IRQHandler                           
00004137  PORT4_IRQHandler                           
00004137  PORT6_IRQHandler                           
00004137  PSS_IRQHandler                             
00004137  PendSV_Handler                             
00004137  RTC_C_IRQHandler                           
00004137  SVC_Handler                                
00004137  SysTick_Handler                            
00004137  T32_INT1_IRQHandler                        
00004137  T32_INT2_IRQHandler                        
00004137  T32_INTC_IRQHandler                        
00004137  TA0_0_IRQHandler                           
00004137  TA0_N_IRQHandler                           
00004137  TA1_0_IRQHandler                           
00004137  TA1_N_IRQHandler                           
00004137  TA2_0_IRQHandler                           
00004137  TA2_N_IRQHandler                           
00004137  TA3_0_IRQHandler                           
00004137  TA3_N_IRQHandler                           
00004137  UsageFault_Handler                         
00004137  WDT_A_IRQHandler                           
00004139  REF_A_enableReferenceVoltage               
00004145  REF_A_enableTempSensor                     
0000415d  __aeabi_errno_addr                         
00004165  _system_pre_init                           
00004169  C$$EXIT                                    
00004169  abort                                      
00004464  _ctypes_                                   
00004568  g_sFontFixed6x8                            
000046e0  g_sCrystalfontz128x128_funcs               
0000475c  __TI_Handler_Table_Base                    
00004768  __TI_Handler_Table_Limit                   
00004770  __TI_CINIT_Base                            
00004780  __TI_CINIT_Limit                           
20000000  __start___llvm_prf_cnts                    
20000000  __stop___llvm_prf_cnts                     
20000000  list                                       
20000190  g_sContext                                 
200001b4  calDifference                              
200001b8  temperature                                
200001be  Lcd_ScreenHeigth                           
200001c0  Lcd_ScreenWidth                            
200001c2  Lcd_TouchTrim                              
200001c4  cal30                                      
200001c6  cal85                                      
200001c8  Lcd_FlagRead                               
200001c9  Lcd_FontSolid                              
200001ca  Lcd_Orientation                            
200001cb  Lcd_PenSolid                               
200001cc  g_sCrystalfontz128x128                     
200001dc  selectedIndex                              
200001e0  scrollOffset                               
200001e4  index                                      
200001e6  counter                                    
200001ec  errno                                      
200001f0  SystemCoreClock                            
2000fe00  __stack                                    
20010000  __STACK_END                                
4000480c  WDTCTL_SYM                                 
ffffffff  __TI_pprof_out_hndl                        
ffffffff  __TI_prof_data_size                        
ffffffff  __TI_prof_data_start                       
ffffffff  __binit__                                  
ffffffff  __c_args__                                 
ffffffff  binit                                      
UNDEFED   __mpu_init                                 
UNDEFED   _system_post_cinit                         

[206 symbols]
