******************************************************************************
                  TI ARM Linker PC v20.2.7                     
******************************************************************************
>> Linked Wed May 14 14:59:06 2025

OUTPUT FILE NAME:   <progetto-embedded.out>
ENTRY POINT SYMBOL: "_c_int00_noargs"  address: 00004181


MEMORY CONFIGURATION

         name            origin    length      used     unused   attr    fill
----------------------  --------  ---------  --------  --------  ----  --------
  MAIN                  00000000   00040000  00004ce4  0003b31c  R  X
  INFO                  00200000   00004000  00000000  00004000  R  X
  SRAM_CODE             01000000   00010000  000004c0  0000fb40  RW X
  SRAM_DATA             20000000   00010000  000004c0  0000fb40  RW  


SEGMENT ALLOCATION MAP

run origin  load origin   length   init length attrs members
----------  ----------- ---------- ----------- ----- -------
00000000    00000000    00004ce8   00004ce8    r-x
  00000000    00000000    000000e4   000000e4    r-- .intvecs
  000000e4    000000e4    00004588   00004588    r-x .text
  0000466c    0000466c    00000638   00000638    r-- .const
  00004ca8    00004ca8    00000040   00000040    r-- .cinit
20000000    20000000    000002c0   00000000    rw-
  20000000    20000000    00000294   00000000    rw- .bss
  20000294    20000294    0000002c   00000000    rw- .data
2000fe00    2000fe00    00000200   00000000    rw-
  2000fe00    2000fe00    00000200   00000000    rw- .stack


SECTION ALLOCATION MAP

 output                                  attributes/
section   page    origin      length       input sections
--------  ----  ----------  ----------   ----------------
.intvecs   0    00000000    000000e4     
                  00000000    000000e4     startup_msp432p401r_ccs.obj (.intvecs:retain)

.text      0    000000e4    00004588     
                  000000e4    00000a4e     rtsv7M4_T_le_v4SPD16_eabi.lib : _printfi.c.obj (.text:__TI_printfi)
                  00000b32    00000002                                   : div0.asm.obj (.text)
                  00000b34    00000680     Crystalfontz128x128_ST7735.obj (.text)
                  000011b4    0000047e     grlib.a : string.obj (.text:Graphics_drawString)
                  00001632    00000002     --HOLE-- [fill = 0]
                  00001634    00000334     system_msp432p401r.obj (.text)
                  00001968    0000030c     main.obj (.text)
                  00001c74    00000270     rtsv7M4_T_le_v4SPD16_eabi.lib : _printfi.c.obj (.text:_pconv_a)
                  00001ee4    00000258     display.obj (.text)
                  0000213c    00000254     printf.obj (.text)
                  00002390    000001d0     rtsv7M4_T_le_v4SPD16_eabi.lib : _printfi.c.obj (.text:_pconv_g)
                  00002560    000001b6                                   : fd_add_t2.asm.obj (.text)
                  00002716    00000002     --HOLE-- [fill = 0]
                  00002718    00000160     msp432p4xx_driverlib.lib : adc14.o (.text:_getIndexForMemRegister)
                  00002878    0000013c     rtsv7M4_T_le_v4SPD16_eabi.lib : _printfi.c.obj (.text:_pconv_e)
                  000029b4    00000136                                   : fd_div_t2.asm.obj (.text)
                  00002aea    00000002     --HOLE-- [fill = 0]
                  00002aec    00000124                                   : _printfi.c.obj (.text:fcvt)
                  00002c10    0000011c     msp432p4xx_driverlib.lib : uart.o (.text:UART_initModule)
                  00002d2c    00000112     grlib.a : rectangle.obj (.text:Graphics_fillRectangle)
                  00002e3e    00000002     --HOLE-- [fill = 0]
                  00002e40    00000110     rtsv7M4_T_le_v4SPD16_eabi.lib : s_scalbn.c.obj (.text:scalbn)
                  00002f50    000000fc                                   : fd_mul_t2.asm.obj (.text)
                  0000304c    000000fa     grlib.a : string.obj (.text:Graphics_getStringWidth)
                  00003146    00000002     --HOLE-- [fill = 0]
                  00003148    000000cc     HAL_MSP_EXP432P401R_Crystalfontz128x128_ST7735.obj (.text)
                  00003214    000000b4     msp432p4xx_driverlib.lib : adc14.o (.text:ADC14_configureConversionMemory)
                  000032c8    000000b4                              : adc14.o (.text:ADC14_configureMultiSequenceMode)
                  0000337c    000000b1     rtsv7M4_T_le_v4SPD16_eabi.lib : _printfi.c.obj (.text:_ltostr)
                  0000342d    00000001     --HOLE-- [fill = 0]
                  0000342e    000000b0     msp432p4xx_driverlib.lib : spi.o (.text:SPI_initMaster)
                  000034de    0000009c     grlib.a : line.obj (.text:Graphics_drawLineH)
                  0000357a    0000009c     rtsv7M4_T_le_v4SPD16_eabi.lib : memcpy_t2.asm.obj (.text)
                  00003616    00000096                                   : ull_div_t2.asm.obj (.text)
                  000036ac    00000090     controls.obj (.text)
                  0000373c    00000088     msp432p4xx_driverlib.lib : gpio.o (.text:GPIO_setAsPeripheralModuleFunctionOutputPin)
                  000037c4    00000086     rtsv7M4_T_le_v4SPD16_eabi.lib : fd_cmp_t2.asm.obj (.text:__aeabi_cdcmple)
                  0000384a    00000086                                   : fd_cmp_t2.asm.obj (.text:__aeabi_cdrcmple)
                  000038d0    00000084     msp432p4xx_driverlib.lib : gpio.o (.text:GPIO_getEnabledInterruptStatus)
                  00003954    00000080                              : interrupt.o (.text:Interrupt_enableInterrupt)
                  000039d4    0000007a     rtsv7M4_T_le_v4SPD16_eabi.lib : memset_t2.asm.obj (.text)
                  00003a4e    0000006e                                   : _printfi.c.obj (.text:_mcpy)
                  00003abc    00000068                                   : copy_decompress_lzss.c.obj (.text:decompress:lzss:__TI_decompress_lzss)
                  00003b24    00000064     msp432p4xx_driverlib.lib : uart.o (.text:UART_getEnabledInterruptStatus)
                  00003b88    00000064     rtsv7M4_T_le_v4SPD16_eabi.lib : s_frexp.c.obj (.text:frexp)
                  00003bec    00000058     msp432p4xx_driverlib.lib : gpio.o (.text:GPIO_setAsInputPinWithPullUpResistor)
                  00003c44    00000058     serial.obj (.text)
                  00003c9c    00000056     rtsv7M4_T_le_v4SPD16_eabi.lib : _printfi.c.obj (.text:_pconv_f)
                  00003cf2    00000002     --HOLE-- [fill = 0]
                  00003cf4    00000054     msp432p4xx_driverlib.lib : adc14.o (.text:ADC14_initModule)
                  00003d48    00000054     rtsv7M4_T_le_v4SPD16_eabi.lib : _ltoa.c.obj (.text:__TI_ltoa)
                  00003d9c    00000052     grlib.a : context.obj (.text:Graphics_initContext)
                  00003dee    00000052     rtsv7M4_T_le_v4SPD16_eabi.lib : _printfi.c.obj (.text:_ecpy)
                  00003e40    0000004c                                   : atoi.c.obj (.text:atoi)
                  00003e8c    00000048     grlib.a : string.obj (.text:Graphics_drawStringCentered)
                  00003ed4    00000048     rtsv7M4_T_le_v4SPD16_eabi.lib : fd_toi_t2.asm.obj (.text)
                  00003f1c    00000044                                   : autoinit.c.obj (.text:__TI_auto_init_nobinit_nopinit:__TI_auto_init_nobinit_nopinit)
                  00003f60    00000040     msp432p4xx_driverlib.lib : gpio.o (.text:GPIO_setAsOutputPin)
                  00003fa0    00000040     grlib.a : string.obj (.text:Graphics_getNumberOfLeadingZeros)
                  00003fe0    00000040     msp432p4xx_driverlib.lib : spi.o (.text:is_A_Module)
                  00004020    00000040     rtsv7M4_T_le_v4SPD16_eabi.lib : sprintf.c.obj (.text:sprintf)
                  00004060    0000003e                                   : _printfi.c.obj (.text:_fcpy)
                  0000409e    00000002     --HOLE-- [fill = 0]
                  000040a0    0000003c     msp432p4xx_driverlib.lib : gpio.o (.text:GPIO_interruptEdgeSelect)
                  000040dc    00000038     rtsv7M4_T_le_v4SPD16_eabi.lib : fs_tod_t2.asm.obj (.text)
                  00004114    00000036     grlib.a : display.obj (.text:Graphics_drawHorizontalLineOnDisplay)
                  0000414a    00000002     --HOLE-- [fill = 0]
                  0000414c    00000034     msp432p4xx_driverlib.lib : adc14.o (.text:ADC14_enableSampleTimer)
                  00004180    00000034     rtsv7M4_T_le_v4SPD16_eabi.lib : boot_cortex_m.c.obj (.text:_c_int00_noargs:_c_int00_noargs)
                  000041b4    00000030     msp432p4xx_driverlib.lib : adc14.o (.text:ADC14_enableInterrupt)
                  000041e4    00000030                              : adc14.o (.text:ADC14_setSampleHoldTime)
                  00004214    00000030                              : uart.o (.text:UART_receiveData)
                  00004244    0000002e     rtsv7M4_T_le_v4SPD16_eabi.lib : i_tofd_t2.asm.obj (.text)
                  00004272    00000002     --HOLE-- [fill = 0]
                  00004274    0000002c     msp432p4xx_driverlib.lib : adc14.o (.text:ADC14_toggleConversionTrigger)
                  000042a0    0000002c     grlib.a : display.obj (.text:Graphics_drawPixelOnDisplay)
                  000042cc    00000028     msp432p4xx_driverlib.lib : adc14.o (.text:ADC14_enableConversion)
                  000042f4    00000028                              : adc14.o (.text:ADC14_getResult)
                  0000431c    00000028                              : gpio.o (.text:GPIO_clearInterruptFlag)
                  00004344    00000028                              : gpio.o (.text:GPIO_enableInterrupt)
                  0000436c    00000028                              : gpio.o (.text:GPIO_setOutputHighOnPin)
                  00004394    00000028                              : gpio.o (.text:GPIO_setOutputLowOnPin)
                  000043bc    00000024                              : gpio.o (.text:GPIO_getInterruptStatus)
                  000043e0    00000020                              : ref_a.o (.text:REF_A_setReferenceVoltage)
                  00004400    0000001e     grlib.a : display.obj (.text:Graphics_fillRectangleOnDisplay)
                  0000441e    0000001c     msp432p4xx_driverlib.lib : spi.o (.text:SPI_enableModule)
                  0000443a    00000002     --HOLE-- [fill = 0]
                  0000443c    0000001c                              : sysctl.o (.text:SysCtl_getTempCalibrationConstant)
                  00004458    0000001c     rtsv7M4_T_le_v4SPD16_eabi.lib : copy_zero_init.c.obj (.text:decompress:ZI:__TI_zero_init_nomemset:__TI_zero_init_nomemset)
                  00004474    0000001c                                   : memccpy.c.obj (.text:memccpy)
                  00004490    0000001a     grlib.a : display.obj (.text:Graphics_clearDisplayOnDisplay)
                  000044aa    0000001a             : context.obj (.text:Graphics_setBackgroundColor)
                  000044c4    0000001a             : context.obj (.text:Graphics_setFont)
                  000044de    0000001a     rtsv7M4_T_le_v4SPD16_eabi.lib : s_copysign.c.obj (.text:copysign)
                  000044f8    00000018     msp432p4xx_driverlib.lib : uart.o (.text:UART_getInterruptStatus)
                  00004510    00000018     rtsv7M4_T_le_v4SPD16_eabi.lib : sprintf.c.obj (.text:_outs)
                  00004528    00000016     msp432p4xx_driverlib.lib : spi.o (.text:EUSCI_A_SPI_enable)
                  0000453e    00000016                              : spi.o (.text:EUSCI_B_SPI_enable)
                  00004554    00000016     grlib.a : context.obj (.text:Graphics_setForegroundColor)
                  0000456a    00000016             : display.obj (.text:Graphics_translateColorOnDisplay)
                  00004580    00000016     msp432p4xx_driverlib.lib : uart.o (.text:UART_clearInterruptFlag)
                  00004596    00000016     rtsv7M4_T_le_v4SPD16_eabi.lib : strchr.c.obj (.text:strchr)
                  000045ac    00000014                                   : strlen.c.obj (.text:strlen)
                  000045c0    00000012     grlib.a : context.obj (.text:Graphics_clearDisplay)
                  000045d2    00000012     rtsv7M4_T_le_v4SPD16_eabi.lib : wcslen.c.obj (.text:wcslen)
                  000045e4    00000010     msp432p4xx_driverlib.lib : adc14.o (.text:ADCIsConversionRunning)
                  000045f4    00000010                              : interrupt.o (.text:Interrupt_enableMaster)
                  00004604    0000000e     rtsv7M4_T_le_v4SPD16_eabi.lib : copy_decompress_none.c.obj (.text:decompress:none:__TI_decompress_none)
                  00004612    0000000e     startup_msp432p401r_ccs.obj (.text)
                  00004620    0000000c     msp432p4xx_driverlib.lib : adc14.o (.text:ADC14_enableModule)
                  0000462c    0000000c                              : cpu.o (.text:CPU_cpsie)
                  00004638    0000000c                              : ref_a.o (.text:REF_A_enableReferenceVoltage)
                  00004644    0000000c                              : ref_a.o (.text:REF_A_enableTempSensor)
                  00004650    0000000a     rtsv7M4_T_le_v4SPD16_eabi.lib : sprintf.c.obj (.text:_outc)
                  0000465a    00000002     --HOLE-- [fill = 0]
                  0000465c    00000008                                   : errno.c.obj (.text:__aeabi_errno_addr)
                  00004664    00000004                                   : pre_init.c.obj (.text:_system_pre_init)
                  00004668    00000004                                   : exit.c.obj (.text:abort:abort)

.const     0    0000466c    00000638     
                  0000466c    000002f8     grlib.a : fontfixed6x8.obj (.const:.string:g_pucFontFixed6x8Data)
                  00004964    00000101     rtsv7M4_T_le_v4SPD16_eabi.lib : ctype.c.obj (.const:.string:_ctypes_)
                  00004a65    00000003     --HOLE-- [fill = 0]
                  00004a68    000000c8     grlib.a : fontfixed6x8.obj (.const:g_sFontFixed6x8)
                  00004b30    00000080     msp432p4xx_driverlib.lib : adc14.o (.const:_ctlRegs)
                  00004bb0    00000030                              : gpio.o (.const:GPIO_PORT_TO_BASE)
                  00004be0    00000028     printf.obj (.const:dv)
                  00004c08    00000028     serial.obj (.const:uartConfigSmclk)
                  00004c30    00000020     Crystalfontz128x128_ST7735.obj (.const:g_sCrystalfontz128x128_funcs)
                  00004c50    0000001c     HAL_MSP_EXP432P401R_Crystalfontz128x128_ST7735.obj (.const:$P$T0$1)
                  00004c6c    00000010     printf.obj (.const:.string:hex$1)
                  00004c7c    00000008     Crystalfontz128x128_ST7735.obj (.const:$P$T0$1)
                  00004c84    00000008     display.obj (.const:$P$T0$1)
                  00004c8c    00000008     display.obj (.const:$P$T1$2)
                  00004c94    00000008     display.obj (.const:$P$T2$3)
                  00004c9c    00000008     msp432p4xx_driverlib.lib : interrupt.o (.const:g_pulEnRegs)

.cinit     0    00004ca8    00000040     
                  00004ca8    00000016     (.cinit..data.load) [load image, compression = lzss]
                  00004cbe    00000002     --HOLE-- [fill = 0]
                  00004cc0    0000000c     (__TI_handler_table)
                  00004ccc    00000004     --HOLE-- [fill = 0]
                  00004cd0    00000008     (.cinit..bss.load) [load image, compression = zero_init]
                  00004cd8    00000010     (__TI_cinit_table)

.init_array 
*          0    00000000    00000000     UNINITIALIZED

.binit     0    00000000    00000000     

.bss       0    20000000    00000294     UNINITIALIZED
                  20000000    00000190     (.common:list)
                  20000190    000000c8     main.obj (.bss:word)
                  20000258    0000001c     (.common:g_sContext)
                  20000274    00000008     display.obj (.bss)
                  2000027c    00000004     (.common:calDifference)
                  20000280    00000004     (.common:temperature)
                  20000284    00000002     main.obj (.bss)
                  20000286    00000002     (.common:Lcd_ScreenHeigth)
                  20000288    00000002     (.common:Lcd_ScreenWidth)
                  2000028a    00000002     (.common:Lcd_TouchTrim)
                  2000028c    00000002     (.common:cal30)
                  2000028e    00000002     (.common:cal85)
                  20000290    00000001     (.common:Lcd_FlagRead)
                  20000291    00000001     (.common:Lcd_FontSolid)
                  20000292    00000001     (.common:Lcd_Orientation)
                  20000293    00000001     (.common:Lcd_PenSolid)

.data      0    20000294    0000002c     UNINITIALIZED
                  20000294    00000010     Crystalfontz128x128_ST7735.obj (.data:g_sCrystalfontz128x128)
                  200002a4    0000000b     main.obj (.data)
                  200002af    00000001     --HOLE--
                  200002b0    00000008     display.obj (.data)
                  200002b8    00000004     rtsv7M4_T_le_v4SPD16_eabi.lib : errno.c.obj (.data)
                  200002bc    00000004     system_msp432p401r.obj (.data)

.stack     0    2000fe00    00000200     UNINITIALIZED
                  2000fe00    00000004     rtsv7M4_T_le_v4SPD16_eabi.lib : boot_cortex_m.c.obj (.stack)
                  2000fe04    000001fc     --HOLE--

__llvm_prf_cnts 
*          0    20000000    00000000     UNINITIALIZED

MODULE SUMMARY

       Module                                               code    ro data   rw data
       ------                                               ----    -------   -------
    .\
       main.obj                                             780     0         1306   
       system_msp432p401r.obj                               820     0         8      
       startup_msp432p401r_ccs.obj                          14      228       0      
    +--+----------------------------------------------------+-------+---------+---------+
       Total:                                               1614    228       1314   
                                                                                     
    .\LcdDriver\
       Crystalfontz128x128_ST7735.obj                       1664    40        52     
       HAL_MSP_EXP432P401R_Crystalfontz128x128_ST7735.obj   204     28        0      
    +--+----------------------------------------------------+-------+---------+---------+
       Total:                                               1868    68        52     
                                                                                     
    .\utils\controls\
       controls.obj                                         144     0         0      
    +--+----------------------------------------------------+-------+---------+---------+
       Total:                                               144     0         0      
                                                                                     
    .\utils\display\
       display.obj                                          600     24        32     
    +--+----------------------------------------------------+-------+---------+---------+
       Total:                                               600     24        32     
                                                                                     
    .\utils\serial\
       printf.obj                                           596     56        0      
       serial.obj                                           88      40        0      
    +--+----------------------------------------------------+-------+---------+---------+
       Total:                                               684     96        0      
                                                                                     
    C:\ti\ccs1280\ccs\tools\compiler\ti-cgt-arm_20.2.7.LTS\lib\rtsv7M4_T_le_v4SPD16_eabi.lib
       _printfi.c.obj                                       4851    0         0      
       fd_add_t2.asm.obj                                    438     0         0      
       fd_div_t2.asm.obj                                    310     0         0      
       s_scalbn.c.obj                                       272     0         0      
       fd_cmp_t2.asm.obj                                    268     0         0      
       ctype.c.obj                                          0       257       0      
       fd_mul_t2.asm.obj                                    252     0         0      
       memcpy_t2.asm.obj                                    156     0         0      
       ull_div_t2.asm.obj                                   150     0         0      
       memset_t2.asm.obj                                    122     0         0      
       copy_decompress_lzss.c.obj                           104     0         0      
       s_frexp.c.obj                                        100     0         0      
       sprintf.c.obj                                        98      0         0      
       _ltoa.c.obj                                          84      0         0      
       atoi.c.obj                                           76      0         0      
       fd_toi_t2.asm.obj                                    72      0         0      
       autoinit.c.obj                                       68      0         0      
       fs_tod_t2.asm.obj                                    56      0         0      
       boot_cortex_m.c.obj                                  52      0         0      
       i_tofd_t2.asm.obj                                    46      0         0      
       copy_zero_init.c.obj                                 28      0         0      
       memccpy.c.obj                                        28      0         0      
       s_copysign.c.obj                                     26      0         0      
       strchr.c.obj                                         22      0         0      
       strlen.c.obj                                         20      0         0      
       wcslen.c.obj                                         18      0         0      
       errno.c.obj                                          8       0         8      
       copy_decompress_none.c.obj                           14      0         0      
       exit.c.obj                                           4       0         0      
       pre_init.c.obj                                       4       0         0      
       div0.asm.obj                                         2       0         0      
    +--+----------------------------------------------------+-------+---------+---------+
       Total:                                               7749    257       8      
                                                                                     
    Z:/simplelink_msp432p4_sdk_3_40_01_02/source/ti/devices/msp432p4xx/driverlib/ccs/msp432p4xx_driverlib.lib
       adc14.o                                              1096    128       0      
       gpio.o                                               676     48        0      
       uart.o                                               478     0         0      
       spi.o                                                312     0         0      
       interrupt.o                                          144     8         0      
       ref_a.o                                              56      0         0      
       sysctl.o                                             28      0         0      
       cpu.o                                                12      0         0      
    +--+----------------------------------------------------+-------+---------+---------+
       Total:                                               2802    184       0      
                                                                                     
    Z:/simplelink_msp432p4_sdk_3_40_01_02/source/ti/grlib/lib/ccs/m4/grlib.a
       string.obj                                           1536    0         0      
       fontfixed6x8.obj                                     0       960       0      
       rectangle.obj                                        274     0         0      
       display.obj                                          176     0         0      
       context.obj                                          174     0         0      
       line.obj                                             156     0         0      
    +--+----------------------------------------------------+-------+---------+---------+
       Total:                                               2316    960       0      
                                                                                     
       Stack:                                               0       0         1024   
       Linker Generated:                                    0       58        0      
    +--+----------------------------------------------------+-------+---------+---------+
       Grand Total:                                         17777   1875      2430   


LINKER GENERATED COPY TABLES

__TI_cinit_table @ 00004cd8 records: 2, size/record: 8, table size: 16
	.data: load addr=00004ca8, load size=00000016 bytes, run addr=20000294, run size=0000002c bytes, compression=lzss
	.bss: load addr=00004cd0, load size=00000008 bytes, run addr=20000000, run size=00000294 bytes, compression=zero_init


LINKER GENERATED HANDLER TABLE

__TI_handler_table @ 00004cc0 records: 3, size/record: 4, table size: 12
	index: 0, handler: __TI_decompress_lzss
	index: 1, handler: __TI_decompress_none
	index: 2, handler: __TI_zero_init


GLOBAL SYMBOLS: SORTED ALPHABETICALLY BY Name 

address   name                                       
-------   ----                                       
00001acb  ADC14_IRQHandler                           
00001acb  ADC14_IRQHandler                           
00003215  ADC14_configureConversionMemory            
000032c9  ADC14_configureMultiSequenceMode           
000042cd  ADC14_enableConversion                     
000041b5  ADC14_enableInterrupt                      
00004621  ADC14_enableModule                         
0000414d  ADC14_enableSampleTimer                    
000042f5  ADC14_getResult                            
00003cf5  ADC14_initModule                           
000041e5  ADC14_setSampleHoldTime                    
00004275  ADC14_toggleConversionTrigger              
0000461f  AES256_IRQHandler                          
0000461f  BusFault_Handler                           
00004669  C$$EXIT                                    
0000461f  COMP_E0_IRQHandler                         
0000461f  COMP_E1_IRQHandler                         
0000462d  CPU_cpsie                                  
0000461f  CS_IRQHandler                              
00000b35  Crystalfontz128x128_Init                   
00000c49  Crystalfontz128x128_SetDrawFrame           
00000d77  Crystalfontz128x128_SetOrientation         
0000461f  DMA_ERR_IRQHandler                         
0000461f  DMA_INT0_IRQHandler                        
0000461f  DMA_INT1_IRQHandler                        
0000461f  DMA_INT2_IRQHandler                        
0000461f  DMA_INT3_IRQHandler                        
0000461f  DebugMon_Handler                           
0000461f  Default_Handler                            
00001bdb  EUSCIA0_IRQHandler                         
00001bdb  EUSCIA0_IRQHandler                         
0000461f  EUSCIA1_IRQHandler                         
0000461f  EUSCIA2_IRQHandler                         
0000461f  EUSCIA3_IRQHandler                         
0000461f  EUSCIB0_IRQHandler                         
0000461f  EUSCIB1_IRQHandler                         
0000461f  EUSCIB2_IRQHandler                         
0000461f  EUSCIB3_IRQHandler                         
00004529  EUSCI_A_SPI_enable                         
0000453f  EUSCI_B_SPI_enable                         
0000461f  FLCTL_IRQHandler                           
0000461f  FPU_IRQHandler                             
0000431d  GPIO_clearInterruptFlag                    
00004345  GPIO_enableInterrupt                       
000038d1  GPIO_getEnabledInterruptStatus             
000043bd  GPIO_getInterruptStatus                    
000040a1  GPIO_interruptEdgeSelect                   
00003bed  GPIO_setAsInputPinWithPullUpResistor       
00003f61  GPIO_setAsOutputPin                        
0000373d  GPIO_setAsPeripheralModuleFunctionOutputPin
0000436d  GPIO_setOutputHighOnPin                    
00004395  GPIO_setOutputLowOnPin                     
000045c1  Graphics_clearDisplay                      
00004491  Graphics_clearDisplayOnDisplay             
00004115  Graphics_drawHorizontalLineOnDisplay       
000034df  Graphics_drawLineH                         
000042a1  Graphics_drawPixelOnDisplay                
000011b5  Graphics_drawString                        
00003e8d  Graphics_drawStringCentered                
00002d2d  Graphics_fillRectangle                     
00004401  Graphics_fillRectangleOnDisplay            
0000304d  Graphics_getStringWidth                    
00003d9d  Graphics_initContext                       
000044ab  Graphics_setBackgroundColor                
000044c5  Graphics_setFont                           
00004555  Graphics_setForegroundColor                
0000456b  Graphics_translateColorOnDisplay           
00003149  HAL_LCD_PortInit                           
00003179  HAL_LCD_SpiInit                            
000031af  HAL_LCD_writeCommand                       
000031df  HAL_LCD_writeData                          
0000461f  HardFault_Handler                          
00003955  Interrupt_enableInterrupt                  
000045f5  Interrupt_enableMaster                     
20000290  Lcd_FlagRead                               
20000291  Lcd_FontSolid                              
20000292  Lcd_Orientation                            
20000293  Lcd_PenSolid                               
20000286  Lcd_ScreenHeigth                           
20000288  Lcd_ScreenWidth                            
2000028a  Lcd_TouchTrim                              
0000461f  MemManage_Handler                          
0000461f  NMI_Handler                                
0000461f  PCM_IRQHandler                             
0000461f  PORT1_IRQHandler                           
0000461f  PORT2_IRQHandler                           
0000461f  PORT3_IRQHandler                           
0000461f  PORT4_IRQHandler                           
00001bb5  PORT5_IRQHandler                           
00001bb5  PORT5_IRQHandler                           
0000461f  PORT6_IRQHandler                           
0000461f  PSS_IRQHandler                             
0000461f  PendSV_Handler                             
00004639  REF_A_enableReferenceVoltage               
00004645  REF_A_enableTempSensor                     
000043e1  REF_A_setReferenceVoltage                  
0000461f  RTC_C_IRQHandler                           
00004613  Reset_Handler                              
0000441f  SPI_enableModule                           
0000342f  SPI_initMaster                             
0000461f  SVC_Handler                                
0000443d  SysCtl_getTempCalibrationConstant          
0000461f  SysTick_Handler                            
200002bc  SystemCoreClock                            
00001635  SystemCoreClockUpdate                      
000018ad  SystemInit                                 
0000461f  T32_INT1_IRQHandler                        
0000461f  T32_INT2_IRQHandler                        
0000461f  T32_INTC_IRQHandler                        
0000461f  TA0_0_IRQHandler                           
0000461f  TA0_N_IRQHandler                           
0000461f  TA1_0_IRQHandler                           
0000461f  TA1_N_IRQHandler                           
0000461f  TA2_0_IRQHandler                           
0000461f  TA2_N_IRQHandler                           
0000461f  TA3_0_IRQHandler                           
0000461f  TA3_N_IRQHandler                           
00004581  UART_clearInterruptFlag                    
00003b25  UART_getEnabledInterruptStatus             
000044f9  UART_getInterruptStatus                    
00002c11  UART_initModule                            
00004215  UART_receiveData                           
0000461f  UsageFault_Handler                         
4000480c  WDTCTL_SYM                                 
0000461f  WDT_A_IRQHandler                           
20010000  __STACK_END                                
00000200  __STACK_SIZE                               
00004cd8  __TI_CINIT_Base                            
00004ce8  __TI_CINIT_Limit                           
00004cc0  __TI_Handler_Table_Base                    
00004ccc  __TI_Handler_Table_Limit                   
00003f1d  __TI_auto_init_nobinit_nopinit             
00003abd  __TI_decompress_lzss                       
00004605  __TI_decompress_none                       
00003d49  __TI_ltoa                                  
ffffffff  __TI_pprof_out_hndl                        
000000e5  __TI_printfi                               
ffffffff  __TI_prof_data_size                        
ffffffff  __TI_prof_data_start                       
00000000  __TI_static_base__                         
00004459  __TI_zero_init_nomemset                    
000037c5  __aeabi_cdcmpeq                            
000037c5  __aeabi_cdcmple                            
0000384b  __aeabi_cdrcmple                           
00003ed5  __aeabi_d2iz                               
0000256b  __aeabi_dadd                               
000029b5  __aeabi_ddiv                               
00002f51  __aeabi_dmul                               
00002561  __aeabi_dsub                               
0000465d  __aeabi_errno_addr                         
000040dd  __aeabi_f2d                                
00004245  __aeabi_i2d                                
00000b33  __aeabi_idiv0                              
00000b33  __aeabi_ldiv0                              
000039d5  __aeabi_memclr                             
000039d5  __aeabi_memclr4                            
000039d5  __aeabi_memclr8                            
0000357b  __aeabi_memcpy                             
0000357b  __aeabi_memcpy4                            
0000357b  __aeabi_memcpy8                            
000039d7  __aeabi_memset                             
000039d7  __aeabi_memset4                            
000039d7  __aeabi_memset8                            
00003617  __aeabi_uldivmod                           
ffffffff  __binit__                                  
ffffffff  __c_args__                                 
UNDEFED   __mpu_init                                 
2000fe00  __stack                                    
20000000  __start___llvm_prf_cnts                    
20000000  __stop___llvm_prf_cnts                     
00004181  _c_int00_noargs                            
00004964  _ctypes_                                   
UNDEFED   _system_post_cinit                         
00004665  _system_pre_init                           
00004669  abort                                      
00003e41  atoi                                       
ffffffff  binit                                      
2000028c  cal30                                      
2000028e  cal85                                      
2000027c  calDifference                              
000044df  copysign                                   
000044df  copysignl                                  
200002a8  counter                                    
00001f55  display_information                        
00001fa1  display_list                               
200002b8  errno                                      
00003b89  frexp                                      
00003b89  frexpl                                     
20000258  g_sContext                                 
20000294  g_sCrystalfontz128x128                     
00004c30  g_sCrystalfontz128x128_funcs               
00004a68  g_sFontFixed6x8                            
000020f7  get_element                                
00001f25  get_list                                   
200002a4  index                                      
00001ee5  init_display                               
00000000  interruptVectors                           
00002e41  ldexp                                      
00002e41  ldexpl                                     
20000000  list                                       
00002221  lprintf                                    
00001969  main                                       
00004475  memccpy                                    
0000357b  memcpy                                     
000039dd  memset                                     
0000217b  putc                                       
00002157  puts                                       
00002e41  scalbn                                     
00002e41  scalbnl                                    
200002b4  scrollOffset                               
000020bf  scroll_down                                
0000208f  scroll_up                                  
00002079  select_index                               
200002b0  selectedIndex                              
0000213d  sendByte                                   
000036ad  setup_adc                                  
00003711  setup_button                               
00003c45  setup_serial                               
00004021  sprintf                                    
00004597  strchr                                     
000045ad  strlen                                     
20000280  temperature                                
00004c08  uartConfigSmclk                            
000045d3  wcslen                                     


GLOBAL SYMBOLS: SORTED BY Symbol Address 

address   name                                       
-------   ----                                       
00000000  __TI_static_base__                         
00000000  interruptVectors                           
000000e5  __TI_printfi                               
00000200  __STACK_SIZE                               
00000b33  __aeabi_idiv0                              
00000b33  __aeabi_ldiv0                              
00000b35  Crystalfontz128x128_Init                   
00000c49  Crystalfontz128x128_SetDrawFrame           
00000d77  Crystalfontz128x128_SetOrientation         
000011b5  Graphics_drawString                        
00001635  SystemCoreClockUpdate                      
000018ad  SystemInit                                 
00001969  main                                       
00001acb  ADC14_IRQHandler                           
00001acb  ADC14_IRQHandler                           
00001bb5  PORT5_IRQHandler                           
00001bb5  PORT5_IRQHandler                           
00001bdb  EUSCIA0_IRQHandler                         
00001bdb  EUSCIA0_IRQHandler                         
00001ee5  init_display                               
00001f25  get_list                                   
00001f55  display_information                        
00001fa1  display_list                               
00002079  select_index                               
0000208f  scroll_up                                  
000020bf  scroll_down                                
000020f7  get_element                                
0000213d  sendByte                                   
00002157  puts                                       
0000217b  putc                                       
00002221  lprintf                                    
00002561  __aeabi_dsub                               
0000256b  __aeabi_dadd                               
000029b5  __aeabi_ddiv                               
00002c11  UART_initModule                            
00002d2d  Graphics_fillRectangle                     
00002e41  ldexp                                      
00002e41  ldexpl                                     
00002e41  scalbn                                     
00002e41  scalbnl                                    
00002f51  __aeabi_dmul                               
0000304d  Graphics_getStringWidth                    
00003149  HAL_LCD_PortInit                           
00003179  HAL_LCD_SpiInit                            
000031af  HAL_LCD_writeCommand                       
000031df  HAL_LCD_writeData                          
00003215  ADC14_configureConversionMemory            
000032c9  ADC14_configureMultiSequenceMode           
0000342f  SPI_initMaster                             
000034df  Graphics_drawLineH                         
0000357b  __aeabi_memcpy                             
0000357b  __aeabi_memcpy4                            
0000357b  __aeabi_memcpy8                            
0000357b  memcpy                                     
00003617  __aeabi_uldivmod                           
000036ad  setup_adc                                  
00003711  setup_button                               
0000373d  GPIO_setAsPeripheralModuleFunctionOutputPin
000037c5  __aeabi_cdcmpeq                            
000037c5  __aeabi_cdcmple                            
0000384b  __aeabi_cdrcmple                           
000038d1  GPIO_getEnabledInterruptStatus             
00003955  Interrupt_enableInterrupt                  
000039d5  __aeabi_memclr                             
000039d5  __aeabi_memclr4                            
000039d5  __aeabi_memclr8                            
000039d7  __aeabi_memset                             
000039d7  __aeabi_memset4                            
000039d7  __aeabi_memset8                            
000039dd  memset                                     
00003abd  __TI_decompress_lzss                       
00003b25  UART_getEnabledInterruptStatus             
00003b89  frexp                                      
00003b89  frexpl                                     
00003bed  GPIO_setAsInputPinWithPullUpResistor       
00003c45  setup_serial                               
00003cf5  ADC14_initModule                           
00003d49  __TI_ltoa                                  
00003d9d  Graphics_initContext                       
00003e41  atoi                                       
00003e8d  Graphics_drawStringCentered                
00003ed5  __aeabi_d2iz                               
00003f1d  __TI_auto_init_nobinit_nopinit             
00003f61  GPIO_setAsOutputPin                        
00004021  sprintf                                    
000040a1  GPIO_interruptEdgeSelect                   
000040dd  __aeabi_f2d                                
00004115  Graphics_drawHorizontalLineOnDisplay       
0000414d  ADC14_enableSampleTimer                    
00004181  _c_int00_noargs                            
000041b5  ADC14_enableInterrupt                      
000041e5  ADC14_setSampleHoldTime                    
00004215  UART_receiveData                           
00004245  __aeabi_i2d                                
00004275  ADC14_toggleConversionTrigger              
000042a1  Graphics_drawPixelOnDisplay                
000042cd  ADC14_enableConversion                     
000042f5  ADC14_getResult                            
0000431d  GPIO_clearInterruptFlag                    
00004345  GPIO_enableInterrupt                       
0000436d  GPIO_setOutputHighOnPin                    
00004395  GPIO_setOutputLowOnPin                     
000043bd  GPIO_getInterruptStatus                    
000043e1  REF_A_setReferenceVoltage                  
00004401  Graphics_fillRectangleOnDisplay            
0000441f  SPI_enableModule                           
0000443d  SysCtl_getTempCalibrationConstant          
00004459  __TI_zero_init_nomemset                    
00004475  memccpy                                    
00004491  Graphics_clearDisplayOnDisplay             
000044ab  Graphics_setBackgroundColor                
000044c5  Graphics_setFont                           
000044df  copysign                                   
000044df  copysignl                                  
000044f9  UART_getInterruptStatus                    
00004529  EUSCI_A_SPI_enable                         
0000453f  EUSCI_B_SPI_enable                         
00004555  Graphics_setForegroundColor                
0000456b  Graphics_translateColorOnDisplay           
00004581  UART_clearInterruptFlag                    
00004597  strchr                                     
000045ad  strlen                                     
000045c1  Graphics_clearDisplay                      
000045d3  wcslen                                     
000045f5  Interrupt_enableMaster                     
00004605  __TI_decompress_none                       
00004613  Reset_Handler                              
0000461f  AES256_IRQHandler                          
0000461f  BusFault_Handler                           
0000461f  COMP_E0_IRQHandler                         
0000461f  COMP_E1_IRQHandler                         
0000461f  CS_IRQHandler                              
0000461f  DMA_ERR_IRQHandler                         
0000461f  DMA_INT0_IRQHandler                        
0000461f  DMA_INT1_IRQHandler                        
0000461f  DMA_INT2_IRQHandler                        
0000461f  DMA_INT3_IRQHandler                        
0000461f  DebugMon_Handler                           
0000461f  Default_Handler                            
0000461f  EUSCIA1_IRQHandler                         
0000461f  EUSCIA2_IRQHandler                         
0000461f  EUSCIA3_IRQHandler                         
0000461f  EUSCIB0_IRQHandler                         
0000461f  EUSCIB1_IRQHandler                         
0000461f  EUSCIB2_IRQHandler                         
0000461f  EUSCIB3_IRQHandler                         
0000461f  FLCTL_IRQHandler                           
0000461f  FPU_IRQHandler                             
0000461f  HardFault_Handler                          
0000461f  MemManage_Handler                          
0000461f  NMI_Handler                                
0000461f  PCM_IRQHandler                             
0000461f  PORT1_IRQHandler                           
0000461f  PORT2_IRQHandler                           
0000461f  PORT3_IRQHandler                           
0000461f  PORT4_IRQHandler                           
0000461f  PORT6_IRQHandler                           
0000461f  PSS_IRQHandler                             
0000461f  PendSV_Handler                             
0000461f  RTC_C_IRQHandler                           
0000461f  SVC_Handler                                
0000461f  SysTick_Handler                            
0000461f  T32_INT1_IRQHandler                        
0000461f  T32_INT2_IRQHandler                        
0000461f  T32_INTC_IRQHandler                        
0000461f  TA0_0_IRQHandler                           
0000461f  TA0_N_IRQHandler                           
0000461f  TA1_0_IRQHandler                           
0000461f  TA1_N_IRQHandler                           
0000461f  TA2_0_IRQHandler                           
0000461f  TA2_N_IRQHandler                           
0000461f  TA3_0_IRQHandler                           
0000461f  TA3_N_IRQHandler                           
0000461f  UsageFault_Handler                         
0000461f  WDT_A_IRQHandler                           
00004621  ADC14_enableModule                         
0000462d  CPU_cpsie                                  
00004639  REF_A_enableReferenceVoltage               
00004645  REF_A_enableTempSensor                     
0000465d  __aeabi_errno_addr                         
00004665  _system_pre_init                           
00004669  C$$EXIT                                    
00004669  abort                                      
00004964  _ctypes_                                   
00004a68  g_sFontFixed6x8                            
00004c08  uartConfigSmclk                            
00004c30  g_sCrystalfontz128x128_funcs               
00004cc0  __TI_Handler_Table_Base                    
00004ccc  __TI_Handler_Table_Limit                   
00004cd8  __TI_CINIT_Base                            
00004ce8  __TI_CINIT_Limit                           
20000000  __start___llvm_prf_cnts                    
20000000  __stop___llvm_prf_cnts                     
20000000  list                                       
20000258  g_sContext                                 
2000027c  calDifference                              
20000280  temperature                                
20000286  Lcd_ScreenHeigth                           
20000288  Lcd_ScreenWidth                            
2000028a  Lcd_TouchTrim                              
2000028c  cal30                                      
2000028e  cal85                                      
20000290  Lcd_FlagRead                               
20000291  Lcd_FontSolid                              
20000292  Lcd_Orientation                            
20000293  Lcd_PenSolid                               
20000294  g_sCrystalfontz128x128                     
200002a4  index                                      
200002a8  counter                                    
200002b0  selectedIndex                              
200002b4  scrollOffset                               
200002b8  errno                                      
200002bc  SystemCoreClock                            
2000fe00  __stack                                    
20010000  __STACK_END                                
4000480c  WDTCTL_SYM                                 
ffffffff  __TI_pprof_out_hndl                        
ffffffff  __TI_prof_data_size                        
ffffffff  __TI_prof_data_start                       
ffffffff  __binit__                                  
ffffffff  __c_args__                                 
ffffffff  binit                                      
UNDEFED   __mpu_init                                 
UNDEFED   _system_post_cinit                         

[224 symbols]
