<?xml version="1.0" encoding="ISO-8859-1" ?>
<link_info>
   <banner>TI ARM Linker PC v20.2.7.LTS</banner>
   <copyright>Copyright (c) 1996-2018 Texas Instruments Incorporated</copyright>
   <link_time>0x6824e317</link_time>
   <link_errors>0x0</link_errors>
   <output_file>progetto-embedded.out</output_file>
   <entry_point>
      <name>_c_int00_noargs</name>
      <address>0x41b9</address>
   </entry_point>
   <input_file_list>
      <input_file id="fl-2">
         <path>.\</path>
         <kind>object</kind>
         <file>main.obj</file>
         <name>main.obj</name>
      </input_file>
      <input_file id="fl-3">
         <path>.\</path>
         <kind>object</kind>
         <file>startup_msp432p401r_ccs.obj</file>
         <name>startup_msp432p401r_ccs.obj</name>
      </input_file>
      <input_file id="fl-4">
         <path>.\</path>
         <kind>object</kind>
         <file>system_msp432p401r.obj</file>
         <name>system_msp432p401r.obj</name>
      </input_file>
      <input_file id="fl-5">
         <path>.\LcdDriver\</path>
         <kind>object</kind>
         <file>Crystalfontz128x128_ST7735.obj</file>
         <name>Crystalfontz128x128_ST7735.obj</name>
      </input_file>
      <input_file id="fl-6">
         <path>.\LcdDriver\</path>
         <kind>object</kind>
         <file>HAL_MSP_EXP432P401R_Crystalfontz128x128_ST7735.obj</file>
         <name>HAL_MSP_EXP432P401R_Crystalfontz128x128_ST7735.obj</name>
      </input_file>
      <input_file id="fl-7">
         <path>.\utils\controls\</path>
         <kind>object</kind>
         <file>controls.obj</file>
         <name>controls.obj</name>
      </input_file>
      <input_file id="fl-8">
         <path>.\utils\display\</path>
         <kind>object</kind>
         <file>display.obj</file>
         <name>display.obj</name>
      </input_file>
      <input_file id="fl-9">
         <path>.\utils\serial\</path>
         <kind>object</kind>
         <file>printf.obj</file>
         <name>printf.obj</name>
      </input_file>
      <input_file id="fl-a">
         <path>.\utils\serial\</path>
         <kind>object</kind>
         <file>serial.obj</file>
         <name>serial.obj</name>
      </input_file>
      <input_file id="fl-10">
         <kind>object</kind>
         <file>&lt;internal&gt;</file>
         <name>&lt;internal&gt;</name>
      </input_file>
      <input_file id="fl-c6">
         <path>C:\ti\ccs1280\ccs\tools\compiler\ti-cgt-arm_20.2.7.LTS\lib\</path>
         <kind>archive</kind>
         <file>rtsv7M4_T_le_v4SPD16_eabi.lib</file>
         <name>sprintf.c.obj</name>
      </input_file>
      <input_file id="fl-c7">
         <path>C:\ti\ccs1280\ccs\tools\compiler\ti-cgt-arm_20.2.7.LTS\lib\</path>
         <kind>archive</kind>
         <file>rtsv7M4_T_le_v4SPD16_eabi.lib</file>
         <name>fs_tod_t2.asm.obj</name>
      </input_file>
      <input_file id="fl-c8">
         <path>C:\ti\ccs1280\ccs\tools\compiler\ti-cgt-arm_20.2.7.LTS\lib\</path>
         <kind>archive</kind>
         <file>rtsv7M4_T_le_v4SPD16_eabi.lib</file>
         <name>memcpy_t2.asm.obj</name>
      </input_file>
      <input_file id="fl-c9">
         <path>C:\ti\ccs1280\ccs\tools\compiler\ti-cgt-arm_20.2.7.LTS\lib\</path>
         <kind>archive</kind>
         <file>rtsv7M4_T_le_v4SPD16_eabi.lib</file>
         <name>copy_zero_init.c.obj</name>
      </input_file>
      <input_file id="fl-ca">
         <path>C:\ti\ccs1280\ccs\tools\compiler\ti-cgt-arm_20.2.7.LTS\lib\</path>
         <kind>archive</kind>
         <file>rtsv7M4_T_le_v4SPD16_eabi.lib</file>
         <name>copy_decompress_none.c.obj</name>
      </input_file>
      <input_file id="fl-cb">
         <path>C:\ti\ccs1280\ccs\tools\compiler\ti-cgt-arm_20.2.7.LTS\lib\</path>
         <kind>archive</kind>
         <file>rtsv7M4_T_le_v4SPD16_eabi.lib</file>
         <name>copy_decompress_lzss.c.obj</name>
      </input_file>
      <input_file id="fl-cc">
         <path>C:\ti\ccs1280\ccs\tools\compiler\ti-cgt-arm_20.2.7.LTS\lib\</path>
         <kind>archive</kind>
         <file>rtsv7M4_T_le_v4SPD16_eabi.lib</file>
         <name>boot_cortex_m.c.obj</name>
      </input_file>
      <input_file id="fl-cd">
         <path>C:\ti\ccs1280\ccs\tools\compiler\ti-cgt-arm_20.2.7.LTS\lib\</path>
         <kind>archive</kind>
         <file>rtsv7M4_T_le_v4SPD16_eabi.lib</file>
         <name>_printfi.c.obj</name>
      </input_file>
      <input_file id="fl-ce">
         <path>C:\ti\ccs1280\ccs\tools\compiler\ti-cgt-arm_20.2.7.LTS\lib\</path>
         <kind>archive</kind>
         <file>rtsv7M4_T_le_v4SPD16_eabi.lib</file>
         <name>fd_add_t2.asm.obj</name>
      </input_file>
      <input_file id="fl-cf">
         <path>C:\ti\ccs1280\ccs\tools\compiler\ti-cgt-arm_20.2.7.LTS\lib\</path>
         <kind>archive</kind>
         <file>rtsv7M4_T_le_v4SPD16_eabi.lib</file>
         <name>fd_cmp_t2.asm.obj</name>
      </input_file>
      <input_file id="fl-d0">
         <path>C:\ti\ccs1280\ccs\tools\compiler\ti-cgt-arm_20.2.7.LTS\lib\</path>
         <kind>archive</kind>
         <file>rtsv7M4_T_le_v4SPD16_eabi.lib</file>
         <name>fd_div_t2.asm.obj</name>
      </input_file>
      <input_file id="fl-d1">
         <path>C:\ti\ccs1280\ccs\tools\compiler\ti-cgt-arm_20.2.7.LTS\lib\</path>
         <kind>archive</kind>
         <file>rtsv7M4_T_le_v4SPD16_eabi.lib</file>
         <name>fd_mul_t2.asm.obj</name>
      </input_file>
      <input_file id="fl-d2">
         <path>C:\ti\ccs1280\ccs\tools\compiler\ti-cgt-arm_20.2.7.LTS\lib\</path>
         <kind>archive</kind>
         <file>rtsv7M4_T_le_v4SPD16_eabi.lib</file>
         <name>fd_toi_t2.asm.obj</name>
      </input_file>
      <input_file id="fl-d3">
         <path>C:\ti\ccs1280\ccs\tools\compiler\ti-cgt-arm_20.2.7.LTS\lib\</path>
         <kind>archive</kind>
         <file>rtsv7M4_T_le_v4SPD16_eabi.lib</file>
         <name>i_tofd_t2.asm.obj</name>
      </input_file>
      <input_file id="fl-d4">
         <path>C:\ti\ccs1280\ccs\tools\compiler\ti-cgt-arm_20.2.7.LTS\lib\</path>
         <kind>archive</kind>
         <file>rtsv7M4_T_le_v4SPD16_eabi.lib</file>
         <name>memset_t2.asm.obj</name>
      </input_file>
      <input_file id="fl-d5">
         <path>C:\ti\ccs1280\ccs\tools\compiler\ti-cgt-arm_20.2.7.LTS\lib\</path>
         <kind>archive</kind>
         <file>rtsv7M4_T_le_v4SPD16_eabi.lib</file>
         <name>ull_div_t2.asm.obj</name>
      </input_file>
      <input_file id="fl-d6">
         <path>C:\ti\ccs1280\ccs\tools\compiler\ti-cgt-arm_20.2.7.LTS\lib\</path>
         <kind>archive</kind>
         <file>rtsv7M4_T_le_v4SPD16_eabi.lib</file>
         <name>autoinit.c.obj</name>
      </input_file>
      <input_file id="fl-d7">
         <path>C:\ti\ccs1280\ccs\tools\compiler\ti-cgt-arm_20.2.7.LTS\lib\</path>
         <kind>archive</kind>
         <file>rtsv7M4_T_le_v4SPD16_eabi.lib</file>
         <name>pre_init.c.obj</name>
      </input_file>
      <input_file id="fl-d8">
         <path>C:\ti\ccs1280\ccs\tools\compiler\ti-cgt-arm_20.2.7.LTS\lib\</path>
         <kind>archive</kind>
         <file>rtsv7M4_T_le_v4SPD16_eabi.lib</file>
         <name>cpy_tbl.c.obj</name>
      </input_file>
      <input_file id="fl-d9">
         <path>C:\ti\ccs1280\ccs\tools\compiler\ti-cgt-arm_20.2.7.LTS\lib\</path>
         <kind>archive</kind>
         <file>rtsv7M4_T_le_v4SPD16_eabi.lib</file>
         <name>exit.c.obj</name>
      </input_file>
      <input_file id="fl-da">
         <path>C:\ti\ccs1280\ccs\tools\compiler\ti-cgt-arm_20.2.7.LTS\lib\</path>
         <kind>archive</kind>
         <file>rtsv7M4_T_le_v4SPD16_eabi.lib</file>
         <name>_lock.c.obj</name>
      </input_file>
      <input_file id="fl-db">
         <path>C:\ti\ccs1280\ccs\tools\compiler\ti-cgt-arm_20.2.7.LTS\lib\</path>
         <kind>archive</kind>
         <file>rtsv7M4_T_le_v4SPD16_eabi.lib</file>
         <name>_ltoa.c.obj</name>
      </input_file>
      <input_file id="fl-dc">
         <path>C:\ti\ccs1280\ccs\tools\compiler\ti-cgt-arm_20.2.7.LTS\lib\</path>
         <kind>archive</kind>
         <file>rtsv7M4_T_le_v4SPD16_eabi.lib</file>
         <name>args_main.c.obj</name>
      </input_file>
      <input_file id="fl-dd">
         <path>C:\ti\ccs1280\ccs\tools\compiler\ti-cgt-arm_20.2.7.LTS\lib\</path>
         <kind>archive</kind>
         <file>rtsv7M4_T_le_v4SPD16_eabi.lib</file>
         <name>atoi.c.obj</name>
      </input_file>
      <input_file id="fl-de">
         <path>C:\ti\ccs1280\ccs\tools\compiler\ti-cgt-arm_20.2.7.LTS\lib\</path>
         <kind>archive</kind>
         <file>rtsv7M4_T_le_v4SPD16_eabi.lib</file>
         <name>ctype.c.obj</name>
      </input_file>
      <input_file id="fl-df">
         <path>C:\ti\ccs1280\ccs\tools\compiler\ti-cgt-arm_20.2.7.LTS\lib\</path>
         <kind>archive</kind>
         <file>rtsv7M4_T_le_v4SPD16_eabi.lib</file>
         <name>memccpy.c.obj</name>
      </input_file>
      <input_file id="fl-e0">
         <path>C:\ti\ccs1280\ccs\tools\compiler\ti-cgt-arm_20.2.7.LTS\lib\</path>
         <kind>archive</kind>
         <file>rtsv7M4_T_le_v4SPD16_eabi.lib</file>
         <name>strchr.c.obj</name>
      </input_file>
      <input_file id="fl-e1">
         <path>C:\ti\ccs1280\ccs\tools\compiler\ti-cgt-arm_20.2.7.LTS\lib\</path>
         <kind>archive</kind>
         <file>rtsv7M4_T_le_v4SPD16_eabi.lib</file>
         <name>strlen.c.obj</name>
      </input_file>
      <input_file id="fl-e2">
         <path>C:\ti\ccs1280\ccs\tools\compiler\ti-cgt-arm_20.2.7.LTS\lib\</path>
         <kind>archive</kind>
         <file>rtsv7M4_T_le_v4SPD16_eabi.lib</file>
         <name>errno.c.obj</name>
      </input_file>
      <input_file id="fl-e3">
         <path>C:\ti\ccs1280\ccs\tools\compiler\ti-cgt-arm_20.2.7.LTS\lib\</path>
         <kind>archive</kind>
         <file>rtsv7M4_T_le_v4SPD16_eabi.lib</file>
         <name>wcslen.c.obj</name>
      </input_file>
      <input_file id="fl-e4">
         <path>C:\ti\ccs1280\ccs\tools\compiler\ti-cgt-arm_20.2.7.LTS\lib\</path>
         <kind>archive</kind>
         <file>rtsv7M4_T_le_v4SPD16_eabi.lib</file>
         <name>s_frexp.c.obj</name>
      </input_file>
      <input_file id="fl-e5">
         <path>C:\ti\ccs1280\ccs\tools\compiler\ti-cgt-arm_20.2.7.LTS\lib\</path>
         <kind>archive</kind>
         <file>rtsv7M4_T_le_v4SPD16_eabi.lib</file>
         <name>s_scalbn.c.obj</name>
      </input_file>
      <input_file id="fl-e6">
         <path>C:\ti\ccs1280\ccs\tools\compiler\ti-cgt-arm_20.2.7.LTS\lib\</path>
         <kind>archive</kind>
         <file>rtsv7M4_T_le_v4SPD16_eabi.lib</file>
         <name>div0.asm.obj</name>
      </input_file>
      <input_file id="fl-e7">
         <path>C:\ti\ccs1280\ccs\tools\compiler\ti-cgt-arm_20.2.7.LTS\lib\</path>
         <kind>archive</kind>
         <file>rtsv7M4_T_le_v4SPD16_eabi.lib</file>
         <name>s_copysign.c.obj</name>
      </input_file>
      <input_file id="fl-e8">
         <path>Z:\simplelink_msp432p4_sdk_3_40_01_02\source\ti\grlib\lib\ccs\m4\</path>
         <kind>archive</kind>
         <file>grlib.a</file>
         <name>context.obj</name>
      </input_file>
      <input_file id="fl-e9">
         <path>Z:\simplelink_msp432p4_sdk_3_40_01_02\source\ti\grlib\lib\ccs\m4\</path>
         <kind>archive</kind>
         <file>grlib.a</file>
         <name>display.obj</name>
      </input_file>
      <input_file id="fl-ea">
         <path>Z:\simplelink_msp432p4_sdk_3_40_01_02\source\ti\grlib\lib\ccs\m4\</path>
         <kind>archive</kind>
         <file>grlib.a</file>
         <name>fontfixed6x8.obj</name>
      </input_file>
      <input_file id="fl-eb">
         <path>Z:\simplelink_msp432p4_sdk_3_40_01_02\source\ti\grlib\lib\ccs\m4\</path>
         <kind>archive</kind>
         <file>grlib.a</file>
         <name>rectangle.obj</name>
      </input_file>
      <input_file id="fl-ec">
         <path>Z:\simplelink_msp432p4_sdk_3_40_01_02\source\ti\grlib\lib\ccs\m4\</path>
         <kind>archive</kind>
         <file>grlib.a</file>
         <name>string.obj</name>
      </input_file>
      <input_file id="fl-ed">
         <path>Z:\simplelink_msp432p4_sdk_3_40_01_02\source\ti\grlib\lib\ccs\m4\</path>
         <kind>archive</kind>
         <file>grlib.a</file>
         <name>line.obj</name>
      </input_file>
      <input_file id="fl-ee">
         <path>Z:\simplelink_msp432p4_sdk_3_40_01_02\source\ti\devices\msp432p4xx\driverlib\ccs\</path>
         <kind>archive</kind>
         <file>msp432p4xx_driverlib.lib</file>
         <name>adc14.o</name>
      </input_file>
      <input_file id="fl-ef">
         <path>Z:\simplelink_msp432p4_sdk_3_40_01_02\source\ti\devices\msp432p4xx\driverlib\ccs\</path>
         <kind>archive</kind>
         <file>msp432p4xx_driverlib.lib</file>
         <name>gpio.o</name>
      </input_file>
      <input_file id="fl-f0">
         <path>Z:\simplelink_msp432p4_sdk_3_40_01_02\source\ti\devices\msp432p4xx\driverlib\ccs\</path>
         <kind>archive</kind>
         <file>msp432p4xx_driverlib.lib</file>
         <name>interrupt.o</name>
      </input_file>
      <input_file id="fl-f1">
         <path>Z:\simplelink_msp432p4_sdk_3_40_01_02\source\ti\devices\msp432p4xx\driverlib\ccs\</path>
         <kind>archive</kind>
         <file>msp432p4xx_driverlib.lib</file>
         <name>ref_a.o</name>
      </input_file>
      <input_file id="fl-f2">
         <path>Z:\simplelink_msp432p4_sdk_3_40_01_02\source\ti\devices\msp432p4xx\driverlib\ccs\</path>
         <kind>archive</kind>
         <file>msp432p4xx_driverlib.lib</file>
         <name>spi.o</name>
      </input_file>
      <input_file id="fl-f3">
         <path>Z:\simplelink_msp432p4_sdk_3_40_01_02\source\ti\devices\msp432p4xx\driverlib\ccs\</path>
         <kind>archive</kind>
         <file>msp432p4xx_driverlib.lib</file>
         <name>sysctl.o</name>
      </input_file>
      <input_file id="fl-f4">
         <path>Z:\simplelink_msp432p4_sdk_3_40_01_02\source\ti\devices\msp432p4xx\driverlib\ccs\</path>
         <kind>archive</kind>
         <file>msp432p4xx_driverlib.lib</file>
         <name>uart.o</name>
      </input_file>
      <input_file id="fl-f5">
         <path>Z:\simplelink_msp432p4_sdk_3_40_01_02\source\ti\devices\msp432p4xx\driverlib\ccs\</path>
         <kind>archive</kind>
         <file>msp432p4xx_driverlib.lib</file>
         <name>cpu.o</name>
      </input_file>
   </input_file_list>
   <object_component_list>
      <object_component id="oc-26">
         <name>.intvecs:retain</name>
         <load_address>0x0</load_address>
         <run_address>0x0</run_address>
         <size>0xe4</size>
         <input_file_ref idref="fl-3"/>
      </object_component>
      <object_component id="oc-2e1">
         <name>.text:__TI_printfi</name>
         <load_address>0xe4</load_address>
         <run_address>0xe4</run_address>
         <size>0xa4e</size>
         <input_file_ref idref="fl-cd"/>
      </object_component>
      <object_component id="oc-504">
         <name>.text</name>
         <load_address>0xb32</load_address>
         <run_address>0xb32</run_address>
         <size>0x2</size>
         <input_file_ref idref="fl-e6"/>
      </object_component>
      <object_component id="oc-17a">
         <name>.text</name>
         <load_address>0xb34</load_address>
         <run_address>0xb34</run_address>
         <size>0x680</size>
         <input_file_ref idref="fl-5"/>
      </object_component>
      <object_component id="oc-1b5">
         <name>.text:Graphics_drawString</name>
         <load_address>0x11b4</load_address>
         <run_address>0x11b4</run_address>
         <size>0x47e</size>
         <input_file_ref idref="fl-ec"/>
      </object_component>
      <object_component id="oc-6d">
         <name>.text</name>
         <load_address>0x1634</load_address>
         <run_address>0x1634</run_address>
         <size>0x338</size>
         <input_file_ref idref="fl-2"/>
      </object_component>
      <object_component id="oc-a5">
         <name>.text</name>
         <load_address>0x196c</load_address>
         <run_address>0x196c</run_address>
         <size>0x334</size>
         <input_file_ref idref="fl-4"/>
      </object_component>
      <object_component id="oc-3e6">
         <name>.text:_pconv_a</name>
         <load_address>0x1ca0</load_address>
         <run_address>0x1ca0</run_address>
         <size>0x270</size>
         <input_file_ref idref="fl-cd"/>
      </object_component>
      <object_component id="oc-ac">
         <name>.text</name>
         <load_address>0x1f10</load_address>
         <run_address>0x1f10</run_address>
         <size>0x258</size>
         <input_file_ref idref="fl-8"/>
      </object_component>
      <object_component id="oc-ee">
         <name>.text</name>
         <load_address>0x2168</load_address>
         <run_address>0x2168</run_address>
         <size>0x254</size>
         <input_file_ref idref="fl-9"/>
      </object_component>
      <object_component id="oc-3d4">
         <name>.text:_pconv_g</name>
         <load_address>0x23bc</load_address>
         <run_address>0x23bc</run_address>
         <size>0x1d0</size>
         <input_file_ref idref="fl-cd"/>
      </object_component>
      <object_component id="oc-49a">
         <name>.text</name>
         <load_address>0x258c</load_address>
         <run_address>0x258c</run_address>
         <size>0x1b6</size>
         <input_file_ref idref="fl-ce"/>
      </object_component>
      <object_component id="oc-248">
         <name>.text:_getIndexForMemRegister</name>
         <load_address>0x2744</load_address>
         <run_address>0x2744</run_address>
         <size>0x160</size>
         <input_file_ref idref="fl-ee"/>
      </object_component>
      <object_component id="oc-3e0">
         <name>.text:_pconv_e</name>
         <load_address>0x28a4</load_address>
         <run_address>0x28a4</run_address>
         <size>0x13c</size>
         <input_file_ref idref="fl-cd"/>
      </object_component>
      <object_component id="oc-480">
         <name>.text</name>
         <load_address>0x29e0</load_address>
         <run_address>0x29e0</run_address>
         <size>0x136</size>
         <input_file_ref idref="fl-d0"/>
      </object_component>
      <object_component id="oc-4ac">
         <name>.text:fcvt</name>
         <load_address>0x2b18</load_address>
         <run_address>0x2b18</run_address>
         <size>0x124</size>
         <input_file_ref idref="fl-cd"/>
      </object_component>
      <object_component id="oc-237">
         <name>.text:UART_initModule</name>
         <load_address>0x2c3c</load_address>
         <run_address>0x2c3c</run_address>
         <size>0x11c</size>
         <input_file_ref idref="fl-f4"/>
      </object_component>
      <object_component id="oc-1af">
         <name>.text:Graphics_fillRectangle</name>
         <load_address>0x2d58</load_address>
         <run_address>0x2d58</run_address>
         <size>0x112</size>
         <input_file_ref idref="fl-eb"/>
      </object_component>
      <object_component id="oc-4c0">
         <name>.text:scalbn</name>
         <load_address>0x2e6c</load_address>
         <run_address>0x2e6c</run_address>
         <size>0x110</size>
         <input_file_ref idref="fl-e5"/>
      </object_component>
      <object_component id="oc-47b">
         <name>.text</name>
         <load_address>0x2f7c</load_address>
         <run_address>0x2f7c</run_address>
         <size>0xfc</size>
         <input_file_ref idref="fl-d1"/>
      </object_component>
      <object_component id="oc-2f5">
         <name>.text:Graphics_getStringWidth</name>
         <load_address>0x3078</load_address>
         <run_address>0x3078</run_address>
         <size>0xfa</size>
         <input_file_ref idref="fl-ec"/>
      </object_component>
      <object_component id="oc-2af">
         <name>.text</name>
         <load_address>0x3174</load_address>
         <run_address>0x3174</run_address>
         <size>0xcc</size>
         <input_file_ref idref="fl-6"/>
      </object_component>
      <object_component id="oc-1f4">
         <name>.text:ADC14_configureConversionMemory</name>
         <load_address>0x3240</load_address>
         <run_address>0x3240</run_address>
         <size>0xb4</size>
         <input_file_ref idref="fl-ee"/>
      </object_component>
      <object_component id="oc-1fa">
         <name>.text:ADC14_configureMultiSequenceMode</name>
         <load_address>0x32f4</load_address>
         <run_address>0x32f4</run_address>
         <size>0xb4</size>
         <input_file_ref idref="fl-ee"/>
      </object_component>
      <object_component id="oc-3c9">
         <name>.text:_ltostr</name>
         <load_address>0x33a8</load_address>
         <run_address>0x33a8</run_address>
         <size>0xb1</size>
         <input_file_ref idref="fl-cd"/>
      </object_component>
      <object_component id="oc-393">
         <name>.text:SPI_initMaster</name>
         <load_address>0x345a</load_address>
         <run_address>0x345a</run_address>
         <size>0xb0</size>
         <input_file_ref idref="fl-f2"/>
      </object_component>
      <object_component id="oc-310">
         <name>.text:Graphics_drawLineH</name>
         <load_address>0x350a</load_address>
         <run_address>0x350a</run_address>
         <size>0x9c</size>
         <input_file_ref idref="fl-ed"/>
      </object_component>
      <object_component id="oc-ca">
         <name>.text</name>
         <load_address>0x35a6</load_address>
         <run_address>0x35a6</run_address>
         <size>0x9c</size>
         <input_file_ref idref="fl-7"/>
      </object_component>
      <object_component id="oc-37">
         <name>.text</name>
         <load_address>0x3642</load_address>
         <run_address>0x3642</run_address>
         <size>0x9c</size>
         <input_file_ref idref="fl-c8"/>
      </object_component>
      <object_component id="oc-474">
         <name>.text</name>
         <load_address>0x36de</load_address>
         <run_address>0x36de</run_address>
         <size>0x96</size>
         <input_file_ref idref="fl-d5"/>
      </object_component>
      <object_component id="oc-387">
         <name>.text:GPIO_setAsPeripheralModuleFunctionOutputPin</name>
         <load_address>0x3774</load_address>
         <run_address>0x3774</run_address>
         <size>0x88</size>
         <input_file_ref idref="fl-ef"/>
      </object_component>
      <object_component id="oc-3cf">
         <name>.text:__aeabi_cdcmple</name>
         <load_address>0x37fc</load_address>
         <run_address>0x37fc</run_address>
         <size>0x86</size>
         <input_file_ref idref="fl-cf"/>
      </object_component>
      <object_component id="oc-485">
         <name>.text:__aeabi_cdrcmple</name>
         <load_address>0x3882</load_address>
         <run_address>0x3882</run_address>
         <size>0x86</size>
         <input_file_ref idref="fl-cf"/>
      </object_component>
      <object_component id="oc-e2">
         <name>.text:GPIO_getEnabledInterruptStatus</name>
         <load_address>0x3908</load_address>
         <run_address>0x3908</run_address>
         <size>0x84</size>
         <input_file_ref idref="fl-ef"/>
      </object_component>
      <object_component id="oc-212">
         <name>.text:Interrupt_enableInterrupt</name>
         <load_address>0x398c</load_address>
         <run_address>0x398c</run_address>
         <size>0x80</size>
         <input_file_ref idref="fl-f0"/>
      </object_component>
      <object_component id="oc-8d">
         <name>.text</name>
         <load_address>0x3a0c</load_address>
         <run_address>0x3a0c</run_address>
         <size>0x7a</size>
         <input_file_ref idref="fl-d4"/>
      </object_component>
      <object_component id="oc-4a5">
         <name>.text:_mcpy</name>
         <load_address>0x3a86</load_address>
         <run_address>0x3a86</run_address>
         <size>0x6e</size>
         <input_file_ref idref="fl-cd"/>
      </object_component>
      <object_component id="oc-17">
         <name>.text:decompress:lzss:__TI_decompress_lzss</name>
         <load_address>0x3af4</load_address>
         <run_address>0x3af4</run_address>
         <size>0x68</size>
         <input_file_ref idref="fl-cb"/>
      </object_component>
      <object_component id="oc-f4">
         <name>.text:UART_getEnabledInterruptStatus</name>
         <load_address>0x3b5c</load_address>
         <run_address>0x3b5c</run_address>
         <size>0x64</size>
         <input_file_ref idref="fl-f4"/>
      </object_component>
      <object_component id="oc-4ba">
         <name>.text:frexp</name>
         <load_address>0x3bc0</load_address>
         <run_address>0x3bc0</run_address>
         <size>0x64</size>
         <input_file_ref idref="fl-e4"/>
      </object_component>
      <object_component id="oc-224">
         <name>.text:GPIO_setAsInputPinWithPullUpResistor</name>
         <load_address>0x3c24</load_address>
         <run_address>0x3c24</run_address>
         <size>0x58</size>
         <input_file_ref idref="fl-ef"/>
      </object_component>
      <object_component id="oc-d0">
         <name>.text</name>
         <load_address>0x3c7c</load_address>
         <run_address>0x3c7c</run_address>
         <size>0x58</size>
         <input_file_ref idref="fl-a"/>
      </object_component>
      <object_component id="oc-3da">
         <name>.text:_pconv_f</name>
         <load_address>0x3cd4</load_address>
         <run_address>0x3cd4</run_address>
         <size>0x56</size>
         <input_file_ref idref="fl-cd"/>
      </object_component>
      <object_component id="oc-1ee">
         <name>.text:ADC14_initModule</name>
         <load_address>0x3d2c</load_address>
         <run_address>0x3d2c</run_address>
         <size>0x54</size>
         <input_file_ref idref="fl-ee"/>
      </object_component>
      <object_component id="oc-48f">
         <name>.text:__TI_ltoa</name>
         <load_address>0x3d80</load_address>
         <run_address>0x3d80</run_address>
         <size>0x54</size>
         <input_file_ref idref="fl-db"/>
      </object_component>
      <object_component id="oc-180">
         <name>.text:Graphics_initContext</name>
         <load_address>0x3dd4</load_address>
         <run_address>0x3dd4</run_address>
         <size>0x52</size>
         <input_file_ref idref="fl-e8"/>
      </object_component>
      <object_component id="oc-49f">
         <name>.text:_ecpy</name>
         <load_address>0x3e26</load_address>
         <run_address>0x3e26</run_address>
         <size>0x52</size>
         <input_file_ref idref="fl-cd"/>
      </object_component>
      <object_component id="oc-3c3">
         <name>.text:atoi</name>
         <load_address>0x3e78</load_address>
         <run_address>0x3e78</run_address>
         <size>0x4c</size>
         <input_file_ref idref="fl-dd"/>
      </object_component>
      <object_component id="oc-1a9">
         <name>.text:Graphics_drawStringCentered</name>
         <load_address>0x3ec4</load_address>
         <run_address>0x3ec4</run_address>
         <size>0x48</size>
         <input_file_ref idref="fl-ec"/>
      </object_component>
      <object_component id="oc-48a">
         <name>.text</name>
         <load_address>0x3f0c</load_address>
         <run_address>0x3f0c</run_address>
         <size>0x48</size>
         <input_file_ref idref="fl-d2"/>
      </object_component>
      <object_component id="oc-144">
         <name>.text:__TI_auto_init_nobinit_nopinit:__TI_auto_init_nobinit_nopinit</name>
         <load_address>0x3f54</load_address>
         <run_address>0x3f54</run_address>
         <size>0x44</size>
         <input_file_ref idref="fl-d6"/>
      </object_component>
      <object_component id="oc-38d">
         <name>.text:GPIO_setAsOutputPin</name>
         <load_address>0x3f98</load_address>
         <run_address>0x3f98</run_address>
         <size>0x40</size>
         <input_file_ref idref="fl-ef"/>
      </object_component>
      <object_component id="oc-30a">
         <name>.text:Graphics_getNumberOfLeadingZeros</name>
         <load_address>0x3fd8</load_address>
         <run_address>0x3fd8</run_address>
         <size>0x40</size>
         <input_file_ref idref="fl-ec"/>
      </object_component>
      <object_component id="oc-453">
         <name>.text:is_A_Module</name>
         <load_address>0x4018</load_address>
         <run_address>0x4018</run_address>
         <size>0x40</size>
         <input_file_ref idref="fl-f2"/>
      </object_component>
      <object_component id="oc-1a3">
         <name>.text:sprintf</name>
         <load_address>0x4058</load_address>
         <run_address>0x4058</run_address>
         <size>0x40</size>
         <input_file_ref idref="fl-c6"/>
      </object_component>
      <object_component id="oc-4b2">
         <name>.text:_fcpy</name>
         <load_address>0x4098</load_address>
         <run_address>0x4098</run_address>
         <size>0x3e</size>
         <input_file_ref idref="fl-cd"/>
      </object_component>
      <object_component id="oc-22a">
         <name>.text:GPIO_interruptEdgeSelect</name>
         <load_address>0x40d8</load_address>
         <run_address>0x40d8</run_address>
         <size>0x3c</size>
         <input_file_ref idref="fl-ef"/>
      </object_component>
      <object_component id="oc-19e">
         <name>.text</name>
         <load_address>0x4114</load_address>
         <run_address>0x4114</run_address>
         <size>0x38</size>
         <input_file_ref idref="fl-c7"/>
      </object_component>
      <object_component id="oc-415">
         <name>.text:Graphics_drawHorizontalLineOnDisplay</name>
         <load_address>0x414c</load_address>
         <run_address>0x414c</run_address>
         <size>0x36</size>
         <input_file_ref idref="fl-e9"/>
      </object_component>
      <object_component id="oc-206">
         <name>.text:ADC14_enableSampleTimer</name>
         <load_address>0x4184</load_address>
         <run_address>0x4184</run_address>
         <size>0x34</size>
         <input_file_ref idref="fl-ee"/>
      </object_component>
      <object_component id="oc-55">
         <name>.text:_c_int00_noargs:_c_int00_noargs</name>
         <load_address>0x41b8</load_address>
         <run_address>0x41b8</run_address>
         <size>0x34</size>
         <input_file_ref idref="fl-cc"/>
      </object_component>
      <object_component id="oc-20c">
         <name>.text:ADC14_enableInterrupt</name>
         <load_address>0x41ec</load_address>
         <run_address>0x41ec</run_address>
         <size>0x30</size>
         <input_file_ref idref="fl-ee"/>
      </object_component>
      <object_component id="oc-200">
         <name>.text:ADC14_setSampleHoldTime</name>
         <load_address>0x421c</load_address>
         <run_address>0x421c</run_address>
         <size>0x30</size>
         <input_file_ref idref="fl-ee"/>
      </object_component>
      <object_component id="oc-100">
         <name>.text:UART_receiveData</name>
         <load_address>0x424c</load_address>
         <run_address>0x424c</run_address>
         <size>0x30</size>
         <input_file_ref idref="fl-f4"/>
      </object_component>
      <object_component id="oc-495">
         <name>.text</name>
         <load_address>0x427c</load_address>
         <run_address>0x427c</run_address>
         <size>0x2e</size>
         <input_file_ref idref="fl-d3"/>
      </object_component>
      <object_component id="oc-21e">
         <name>.text:ADC14_toggleConversionTrigger</name>
         <load_address>0x42ac</load_address>
         <run_address>0x42ac</run_address>
         <size>0x2c</size>
         <input_file_ref idref="fl-ee"/>
      </object_component>
      <object_component id="oc-316">
         <name>.text:Graphics_drawPixelOnDisplay</name>
         <load_address>0x42d8</load_address>
         <run_address>0x42d8</run_address>
         <size>0x2c</size>
         <input_file_ref idref="fl-e9"/>
      </object_component>
      <object_component id="oc-218">
         <name>.text:ADC14_enableConversion</name>
         <load_address>0x4304</load_address>
         <run_address>0x4304</run_address>
         <size>0x28</size>
         <input_file_ref idref="fl-ee"/>
      </object_component>
      <object_component id="oc-dc">
         <name>.text:ADC14_getResult</name>
         <load_address>0x432c</load_address>
         <run_address>0x432c</run_address>
         <size>0x28</size>
         <input_file_ref idref="fl-ee"/>
      </object_component>
      <object_component id="oc-e8">
         <name>.text:GPIO_clearInterruptFlag</name>
         <load_address>0x4354</load_address>
         <run_address>0x4354</run_address>
         <size>0x28</size>
         <input_file_ref idref="fl-ef"/>
      </object_component>
      <object_component id="oc-230">
         <name>.text:GPIO_enableInterrupt</name>
         <load_address>0x437c</load_address>
         <run_address>0x437c</run_address>
         <size>0x28</size>
         <input_file_ref idref="fl-ef"/>
      </object_component>
      <object_component id="oc-2bb">
         <name>.text:GPIO_setOutputHighOnPin</name>
         <load_address>0x43a4</load_address>
         <run_address>0x43a4</run_address>
         <size>0x28</size>
         <input_file_ref idref="fl-ef"/>
      </object_component>
      <object_component id="oc-2b5">
         <name>.text:GPIO_setOutputLowOnPin</name>
         <load_address>0x43cc</load_address>
         <run_address>0x43cc</run_address>
         <size>0x28</size>
         <input_file_ref idref="fl-ef"/>
      </object_component>
      <object_component id="oc-252">
         <name>.text:GPIO_getInterruptStatus</name>
         <load_address>0x43f4</load_address>
         <run_address>0x43f4</run_address>
         <size>0x24</size>
         <input_file_ref idref="fl-ef"/>
      </object_component>
      <object_component id="oc-b8">
         <name>.text:REF_A_setReferenceVoltage</name>
         <load_address>0x4418</load_address>
         <run_address>0x4418</run_address>
         <size>0x20</size>
         <input_file_ref idref="fl-f1"/>
      </object_component>
      <object_component id="oc-2fd">
         <name>.text:Graphics_fillRectangleOnDisplay</name>
         <load_address>0x4438</load_address>
         <run_address>0x4438</run_address>
         <size>0x1e</size>
         <input_file_ref idref="fl-e9"/>
      </object_component>
      <object_component id="oc-399">
         <name>.text:SPI_enableModule</name>
         <load_address>0x4456</load_address>
         <run_address>0x4456</run_address>
         <size>0x1c</size>
         <input_file_ref idref="fl-f2"/>
      </object_component>
      <object_component id="oc-c4">
         <name>.text:SysCtl_getTempCalibrationConstant</name>
         <load_address>0x4474</load_address>
         <run_address>0x4474</run_address>
         <size>0x1c</size>
         <input_file_ref idref="fl-f3"/>
      </object_component>
      <object_component id="oc-43">
         <name>.text:decompress:ZI:__TI_zero_init_nomemset:__TI_zero_init_nomemset</name>
         <load_address>0x4490</load_address>
         <run_address>0x4490</run_address>
         <size>0x1c</size>
         <input_file_ref idref="fl-c9"/>
      </object_component>
      <object_component id="oc-3ec">
         <name>.text:memccpy</name>
         <load_address>0x44ac</load_address>
         <run_address>0x44ac</run_address>
         <size>0x1c</size>
         <input_file_ref idref="fl-df"/>
      </object_component>
      <object_component id="oc-2d9">
         <name>.text:Graphics_clearDisplayOnDisplay</name>
         <load_address>0x44c8</load_address>
         <run_address>0x44c8</run_address>
         <size>0x1a</size>
         <input_file_ref idref="fl-e9"/>
      </object_component>
      <object_component id="oc-186">
         <name>.text:Graphics_setBackgroundColor</name>
         <load_address>0x44e2</load_address>
         <run_address>0x44e2</run_address>
         <size>0x1a</size>
         <input_file_ref idref="fl-e8"/>
      </object_component>
      <object_component id="oc-192">
         <name>.text:Graphics_setFont</name>
         <load_address>0x44fc</load_address>
         <run_address>0x44fc</run_address>
         <size>0x1a</size>
         <input_file_ref idref="fl-e8"/>
      </object_component>
      <object_component id="oc-51d">
         <name>.text:copysign</name>
         <load_address>0x4516</load_address>
         <run_address>0x4516</run_address>
         <size>0x1a</size>
         <input_file_ref idref="fl-e7"/>
      </object_component>
      <object_component id="oc-268">
         <name>.text:UART_getInterruptStatus</name>
         <load_address>0x4530</load_address>
         <run_address>0x4530</run_address>
         <size>0x18</size>
         <input_file_ref idref="fl-f4"/>
      </object_component>
      <object_component id="oc-2e7">
         <name>.text:_outs</name>
         <load_address>0x4548</load_address>
         <run_address>0x4548</run_address>
         <size>0x18</size>
         <input_file_ref idref="fl-c6"/>
      </object_component>
      <object_component id="oc-45b">
         <name>.text:EUSCI_A_SPI_enable</name>
         <load_address>0x4560</load_address>
         <run_address>0x4560</run_address>
         <size>0x16</size>
         <input_file_ref idref="fl-f2"/>
      </object_component>
      <object_component id="oc-461">
         <name>.text:EUSCI_B_SPI_enable</name>
         <load_address>0x4576</load_address>
         <run_address>0x4576</run_address>
         <size>0x16</size>
         <input_file_ref idref="fl-f2"/>
      </object_component>
      <object_component id="oc-18c">
         <name>.text:Graphics_setForegroundColor</name>
         <load_address>0x458c</load_address>
         <run_address>0x458c</run_address>
         <size>0x16</size>
         <input_file_ref idref="fl-e8"/>
      </object_component>
      <object_component id="oc-2d0">
         <name>.text:Graphics_translateColorOnDisplay</name>
         <load_address>0x45a2</load_address>
         <run_address>0x45a2</run_address>
         <size>0x16</size>
         <input_file_ref idref="fl-e9"/>
      </object_component>
      <object_component id="oc-fa">
         <name>.text:UART_clearInterruptFlag</name>
         <load_address>0x45b8</load_address>
         <run_address>0x45b8</run_address>
         <size>0x16</size>
         <input_file_ref idref="fl-f4"/>
      </object_component>
      <object_component id="oc-4c6">
         <name>.text:strchr</name>
         <load_address>0x45ce</load_address>
         <run_address>0x45ce</run_address>
         <size>0x16</size>
         <input_file_ref idref="fl-e0"/>
      </object_component>
      <object_component id="oc-3bd">
         <name>.text:strlen</name>
         <load_address>0x45e4</load_address>
         <run_address>0x45e4</run_address>
         <size>0x14</size>
         <input_file_ref idref="fl-e1"/>
      </object_component>
      <object_component id="oc-198">
         <name>.text:Graphics_clearDisplay</name>
         <load_address>0x45f8</load_address>
         <run_address>0x45f8</run_address>
         <size>0x12</size>
         <input_file_ref idref="fl-e8"/>
      </object_component>
      <object_component id="oc-3f2">
         <name>.text:wcslen</name>
         <load_address>0x460a</load_address>
         <run_address>0x460a</run_address>
         <size>0x12</size>
         <input_file_ref idref="fl-e3"/>
      </object_component>
      <object_component id="oc-33e">
         <name>.text:ADCIsConversionRunning</name>
         <load_address>0x461c</load_address>
         <run_address>0x461c</run_address>
         <size>0x10</size>
         <input_file_ref idref="fl-ee"/>
      </object_component>
      <object_component id="oc-d6">
         <name>.text:Interrupt_enableMaster</name>
         <load_address>0x462c</load_address>
         <run_address>0x462c</run_address>
         <size>0x10</size>
         <input_file_ref idref="fl-f0"/>
      </object_component>
      <object_component id="oc-1d">
         <name>.text:decompress:none:__TI_decompress_none</name>
         <load_address>0x463c</load_address>
         <run_address>0x463c</run_address>
         <size>0xe</size>
         <input_file_ref idref="fl-ca"/>
      </object_component>
      <object_component id="oc-67">
         <name>.text</name>
         <load_address>0x464a</load_address>
         <run_address>0x464a</run_address>
         <size>0xe</size>
         <input_file_ref idref="fl-3"/>
      </object_component>
      <object_component id="oc-1e8">
         <name>.text:ADC14_enableModule</name>
         <load_address>0x4658</load_address>
         <run_address>0x4658</run_address>
         <size>0xc</size>
         <input_file_ref idref="fl-ee"/>
      </object_component>
      <object_component id="oc-241">
         <name>.text:CPU_cpsie</name>
         <load_address>0x4664</load_address>
         <run_address>0x4664</run_address>
         <size>0xc</size>
         <input_file_ref idref="fl-f5"/>
      </object_component>
      <object_component id="oc-be">
         <name>.text:REF_A_enableReferenceVoltage</name>
         <load_address>0x4670</load_address>
         <run_address>0x4670</run_address>
         <size>0xc</size>
         <input_file_ref idref="fl-f1"/>
      </object_component>
      <object_component id="oc-b2">
         <name>.text:REF_A_enableTempSensor</name>
         <load_address>0x467c</load_address>
         <run_address>0x467c</run_address>
         <size>0xc</size>
         <input_file_ref idref="fl-f1"/>
      </object_component>
      <object_component id="oc-2ed">
         <name>.text:_outc</name>
         <load_address>0x4688</load_address>
         <run_address>0x4688</run_address>
         <size>0xa</size>
         <input_file_ref idref="fl-c6"/>
      </object_component>
      <object_component id="oc-3f8">
         <name>.text:__aeabi_errno_addr</name>
         <load_address>0x4694</load_address>
         <run_address>0x4694</run_address>
         <size>0x8</size>
         <input_file_ref idref="fl-e2"/>
      </object_component>
      <object_component id="oc-93">
         <name>.text:_system_pre_init</name>
         <load_address>0x469c</load_address>
         <run_address>0x469c</run_address>
         <size>0x4</size>
         <input_file_ref idref="fl-d7"/>
      </object_component>
      <object_component id="oc-138">
         <name>.text:abort:abort</name>
         <load_address>0x46a0</load_address>
         <run_address>0x46a0</run_address>
         <size>0x4</size>
         <input_file_ref idref="fl-d9"/>
      </object_component>
      <object_component id="oc-323">
         <name>.const:.string:g_pucFontFixed6x8Data</name>
         <load_address>0x46a4</load_address>
         <run_address>0x46a4</run_address>
         <size>0x2f8</size>
         <input_file_ref idref="fl-ea"/>
      </object_component>
      <object_component id="oc-46f">
         <name>.const:.string:_ctypes_</name>
         <load_address>0x499c</load_address>
         <run_address>0x499c</run_address>
         <size>0x101</size>
         <input_file_ref idref="fl-de"/>
      </object_component>
      <object_component id="oc-1c4">
         <name>.const:g_sFontFixed6x8</name>
         <load_address>0x4aa0</load_address>
         <run_address>0x4aa0</run_address>
         <size>0xc8</size>
         <input_file_ref idref="fl-ea"/>
      </object_component>
      <object_component id="oc-24e">
         <name>.const:_ctlRegs</name>
         <load_address>0x4b68</load_address>
         <run_address>0x4b68</run_address>
         <size>0x80</size>
         <input_file_ref idref="fl-ee"/>
      </object_component>
      <object_component id="oc-258">
         <name>.const:GPIO_PORT_TO_BASE</name>
         <load_address>0x4be8</load_address>
         <run_address>0x4be8</run_address>
         <size>0x30</size>
         <input_file_ref idref="fl-ef"/>
      </object_component>
      <object_component id="oc-25e">
         <name>.const:dv</name>
         <load_address>0x4c18</load_address>
         <run_address>0x4c18</run_address>
         <size>0x28</size>
         <input_file_ref idref="fl-9"/>
      </object_component>
      <object_component id="oc-23d">
         <name>.const:uartConfigSmclk</name>
         <load_address>0x4c40</load_address>
         <run_address>0x4c40</run_address>
         <size>0x28</size>
         <input_file_ref idref="fl-a"/>
      </object_component>
      <object_component id="oc-1c1">
         <name>.const:g_sCrystalfontz128x128_funcs</name>
         <load_address>0x4c68</load_address>
         <run_address>0x4c68</run_address>
         <size>0x20</size>
         <input_file_ref idref="fl-5"/>
      </object_component>
      <object_component id="oc-39f">
         <name>.const:$P$T0$1</name>
         <load_address>0x4c88</load_address>
         <run_address>0x4c88</run_address>
         <size>0x1c</size>
         <input_file_ref idref="fl-6"/>
      </object_component>
      <object_component id="oc-25d">
         <name>.const:.string:hex$1</name>
         <load_address>0x4ca4</load_address>
         <run_address>0x4ca4</run_address>
         <size>0x10</size>
         <input_file_ref idref="fl-9"/>
      </object_component>
      <object_component id="oc-2ca">
         <name>.const:$P$T0$1</name>
         <load_address>0x4cb4</load_address>
         <run_address>0x4cb4</run_address>
         <size>0x8</size>
         <input_file_ref idref="fl-5"/>
      </object_component>
      <object_component id="oc-1ca">
         <name>.const:$P$T0$1</name>
         <load_address>0x4cbc</load_address>
         <run_address>0x4cbc</run_address>
         <size>0x8</size>
         <input_file_ref idref="fl-8"/>
      </object_component>
      <object_component id="oc-1cd">
         <name>.const:$P$T1$2</name>
         <load_address>0x4cc4</load_address>
         <run_address>0x4cc4</run_address>
         <size>0x8</size>
         <input_file_ref idref="fl-8"/>
      </object_component>
      <object_component id="oc-1d0">
         <name>.const:$P$T2$3</name>
         <load_address>0x4ccc</load_address>
         <run_address>0x4ccc</run_address>
         <size>0x8</size>
         <input_file_ref idref="fl-8"/>
      </object_component>
      <object_component id="oc-34b">
         <name>.const:g_pulEnRegs</name>
         <load_address>0x4cd4</load_address>
         <run_address>0x4cd4</run_address>
         <size>0x8</size>
         <input_file_ref idref="fl-f0"/>
      </object_component>
      <object_component id="oc-57b">
         <name>.cinit..data.load</name>
         <load_address>0x4ce0</load_address>
         <run_address>0x4ce0</run_address>
         <size>0x24</size>
      </object_component>
      <object_component id="oc-579">
         <name>__TI_handler_table</name>
         <load_address>0x4d04</load_address>
         <run_address>0x4d04</run_address>
         <size>0xc</size>
      </object_component>
      <object_component id="oc-57c">
         <name>.cinit..bss.load</name>
         <load_address>0x4d10</load_address>
         <run_address>0x4d10</run_address>
         <size>0x8</size>
      </object_component>
      <object_component id="oc-57a">
         <name>__TI_cinit_table</name>
         <load_address>0x4d18</load_address>
         <run_address>0x4d18</run_address>
         <size>0x10</size>
      </object_component>
      <object_component id="oc-54d">
         <name>.binit</name>
         <load_address>0x0</load_address>
         <run_address>0x0</run_address>
         <size>0x0</size>
      </object_component>
      <object_component id="oc-106">
         <name>.data</name>
         <load_address>0x20000290</load_address>
         <run_address>0x20000290</run_address>
         <size>0x12</size>
         <input_file_ref idref="fl-2"/>
      </object_component>
      <object_component id="oc-176">
         <name>.data</name>
         <load_address>0x200002c0</load_address>
         <run_address>0x200002c0</run_address>
         <size>0x4</size>
         <input_file_ref idref="fl-4"/>
      </object_component>
      <object_component id="oc-1be">
         <name>.data:g_sCrystalfontz128x128</name>
         <load_address>0x200002a4</load_address>
         <run_address>0x200002a4</run_address>
         <size>0x10</size>
         <input_file_ref idref="fl-5"/>
      </object_component>
      <object_component id="oc-1bb">
         <name>.data</name>
         <load_address>0x200002b4</load_address>
         <run_address>0x200002b4</run_address>
         <size>0x8</size>
         <input_file_ref idref="fl-8"/>
      </object_component>
      <object_component id="oc-4d6">
         <name>.data</name>
         <load_address>0x200002bc</load_address>
         <run_address>0x200002bc</run_address>
         <size>0x4</size>
         <input_file_ref idref="fl-e2"/>
      </object_component>
      <object_component id="oc-110">
         <name>.bss:word</name>
         <uninitialized>true</uninitialized>
         <run_address>0x20000190</run_address>
         <size>0xc8</size>
         <input_file_ref idref="fl-2"/>
      </object_component>
      <object_component id="oc-113">
         <name>.bss</name>
         <uninitialized>true</uninitialized>
         <run_address>0x20000280</run_address>
         <size>0x2</size>
         <input_file_ref idref="fl-2"/>
      </object_component>
      <object_component id="oc-1c7">
         <name>.bss</name>
         <uninitialized>true</uninitialized>
         <run_address>0x20000274</run_address>
         <size>0x8</size>
         <input_file_ref idref="fl-8"/>
      </object_component>
      <object_component id="oc-109">
         <name>.common:g_sContext</name>
         <uninitialized>true</uninitialized>
         <run_address>0x20000258</run_address>
         <size>0x1c</size>
      </object_component>
      <object_component id="oc-10f">
         <name>.common:list</name>
         <uninitialized>true</uninitialized>
         <run_address>0x20000000</run_address>
         <size>0x190</size>
      </object_component>
      <object_component id="oc-10c">
         <name>.common:cal30</name>
         <uninitialized>true</uninitialized>
         <run_address>0x20000288</run_address>
         <size>0x2</size>
      </object_component>
      <object_component id="oc-10d">
         <name>.common:cal85</name>
         <uninitialized>true</uninitialized>
         <run_address>0x2000028a</run_address>
         <size>0x2</size>
      </object_component>
      <object_component id="oc-10e">
         <name>.common:calDifference</name>
         <uninitialized>true</uninitialized>
         <run_address>0x2000027c</run_address>
         <size>0x4</size>
      </object_component>
      <object_component id="oc-2c9">
         <name>.common:Lcd_Orientation</name>
         <uninitialized>true</uninitialized>
         <run_address>0x2000028e</run_address>
         <size>0x1</size>
      </object_component>
      <object_component id="oc-2c1">
         <name>.common:Lcd_ScreenWidth</name>
         <uninitialized>true</uninitialized>
         <run_address>0x20000284</run_address>
         <size>0x2</size>
      </object_component>
      <object_component id="oc-2c4">
         <name>.common:Lcd_ScreenHeigth</name>
         <uninitialized>true</uninitialized>
         <run_address>0x20000282</run_address>
         <size>0x2</size>
      </object_component>
      <object_component id="oc-2c5">
         <name>.common:Lcd_PenSolid</name>
         <uninitialized>true</uninitialized>
         <run_address>0x2000028f</run_address>
         <size>0x1</size>
      </object_component>
      <object_component id="oc-2c6">
         <name>.common:Lcd_FontSolid</name>
         <uninitialized>true</uninitialized>
         <run_address>0x2000028d</run_address>
         <size>0x1</size>
      </object_component>
      <object_component id="oc-2c7">
         <name>.common:Lcd_FlagRead</name>
         <uninitialized>true</uninitialized>
         <run_address>0x2000028c</run_address>
         <size>0x1</size>
      </object_component>
      <object_component id="oc-2c8">
         <name>.common:Lcd_TouchTrim</name>
         <uninitialized>true</uninitialized>
         <run_address>0x20000286</run_address>
         <size>0x2</size>
      </object_component>
      <object_component id="oc-29">
         <name>.stack</name>
         <uninitialized>true</uninitialized>
         <run_address>0x2000fe00</run_address>
         <size>0x4</size>
         <input_file_ref idref="fl-cc"/>
      </object_component>
      <object_component id="oc-57e">
         <name>.stack</name>
         <uninitialized>true</uninitialized>
         <run_address>0x2000fe00</run_address>
         <size>0x0</size>
      </object_component>
      <object_component id="oc-10a">
         <name>.debug_info</name>
         <load_address>0x0</load_address>
         <run_address>0x0</run_address>
         <size>0xc2c</size>
         <input_file_ref idref="fl-2"/>
      </object_component>
      <object_component id="oc-107">
         <name>.debug_info</name>
         <load_address>0xc2c</load_address>
         <run_address>0xc2c</run_address>
         <size>0x231</size>
         <input_file_ref idref="fl-2"/>
      </object_component>
      <object_component id="oc-111">
         <name>.debug_info</name>
         <load_address>0xe5d</load_address>
         <run_address>0xe5d</run_address>
         <size>0xce</size>
         <input_file_ref idref="fl-2"/>
      </object_component>
      <object_component id="oc-114">
         <name>.debug_info</name>
         <load_address>0xf2b</load_address>
         <run_address>0xf2b</run_address>
         <size>0xe2</size>
         <input_file_ref idref="fl-2"/>
      </object_component>
      <object_component id="oc-6e">
         <name>.debug_info</name>
         <load_address>0x100d</load_address>
         <run_address>0x100d</run_address>
         <size>0x584</size>
         <input_file_ref idref="fl-2"/>
      </object_component>
      <object_component id="oc-123">
         <name>.debug_info</name>
         <load_address>0x1591</load_address>
         <run_address>0x1591</run_address>
         <size>0x26b</size>
         <input_file_ref idref="fl-2"/>
      </object_component>
      <object_component id="oc-27a">
         <name>.debug_info</name>
         <load_address>0x17fc</load_address>
         <run_address>0x17fc</run_address>
         <size>0x1055</size>
         <input_file_ref idref="fl-2"/>
      </object_component>
      <object_component id="oc-275">
         <name>.debug_info</name>
         <load_address>0x2851</load_address>
         <run_address>0x2851</run_address>
         <size>0x37e2</size>
         <input_file_ref idref="fl-2"/>
      </object_component>
      <object_component id="oc-1d5">
         <name>.debug_info</name>
         <load_address>0x6033</load_address>
         <run_address>0x6033</run_address>
         <size>0x439</size>
         <input_file_ref idref="fl-2"/>
      </object_component>
      <object_component id="oc-117">
         <name>.debug_info</name>
         <load_address>0x646c</load_address>
         <run_address>0x646c</run_address>
         <size>0x8b</size>
         <input_file_ref idref="fl-2"/>
      </object_component>
      <object_component id="oc-288">
         <name>.debug_info</name>
         <load_address>0x64f7</load_address>
         <run_address>0x64f7</run_address>
         <size>0x2a4</size>
         <input_file_ref idref="fl-2"/>
      </object_component>
      <object_component id="oc-27f">
         <name>.debug_info</name>
         <load_address>0x679b</load_address>
         <run_address>0x679b</run_address>
         <size>0xef</size>
         <input_file_ref idref="fl-2"/>
      </object_component>
      <object_component id="oc-11c">
         <name>.debug_info</name>
         <load_address>0x688a</load_address>
         <run_address>0x688a</run_address>
         <size>0xbb</size>
         <input_file_ref idref="fl-2"/>
      </object_component>
      <object_component id="oc-263">
         <name>.debug_info</name>
         <load_address>0x6945</load_address>
         <run_address>0x6945</run_address>
         <size>0x2c</size>
         <input_file_ref idref="fl-2"/>
      </object_component>
      <object_component id="oc-3a3">
         <name>.debug_info</name>
         <load_address>0x6971</load_address>
         <run_address>0x6971</run_address>
         <size>0x131</size>
         <input_file_ref idref="fl-2"/>
      </object_component>
      <object_component id="oc-43b">
         <name>.debug_info</name>
         <load_address>0x6aa2</load_address>
         <run_address>0x6aa2</run_address>
         <size>0x102</size>
         <input_file_ref idref="fl-2"/>
      </object_component>
      <object_component id="oc-75">
         <name>.debug_info</name>
         <load_address>0x6ba4</load_address>
         <run_address>0x6ba4</run_address>
         <size>0x2ce</size>
         <input_file_ref idref="fl-3"/>
      </object_component>
      <object_component id="oc-27">
         <name>.debug_info</name>
         <load_address>0x6e72</load_address>
         <run_address>0x6e72</run_address>
         <size>0xfa</size>
         <input_file_ref idref="fl-3"/>
      </object_component>
      <object_component id="oc-69">
         <name>.debug_info</name>
         <load_address>0x6f6c</load_address>
         <run_address>0x6f6c</run_address>
         <size>0x1c1</size>
         <input_file_ref idref="fl-3"/>
      </object_component>
      <object_component id="oc-32">
         <name>.debug_info</name>
         <load_address>0x712d</load_address>
         <run_address>0x712d</run_address>
         <size>0x84</size>
         <input_file_ref idref="fl-3"/>
      </object_component>
      <object_component id="oc-177">
         <name>.debug_info</name>
         <load_address>0x71b1</load_address>
         <run_address>0x71b1</run_address>
         <size>0xf3</size>
         <input_file_ref idref="fl-4"/>
      </object_component>
      <object_component id="oc-a6">
         <name>.debug_info</name>
         <load_address>0x72a4</load_address>
         <run_address>0x72a4</run_address>
         <size>0x265</size>
         <input_file_ref idref="fl-4"/>
      </object_component>
      <object_component id="oc-2c2">
         <name>.debug_info</name>
         <load_address>0x7509</load_address>
         <run_address>0x7509</run_address>
         <size>0x930</size>
         <input_file_ref idref="fl-5"/>
      </object_component>
      <object_component id="oc-1bf">
         <name>.debug_info</name>
         <load_address>0x7e39</load_address>
         <run_address>0x7e39</run_address>
         <size>0x114</size>
         <input_file_ref idref="fl-5"/>
      </object_component>
      <object_component id="oc-1c2">
         <name>.debug_info</name>
         <load_address>0x7f4d</load_address>
         <run_address>0x7f4d</run_address>
         <size>0x120</size>
         <input_file_ref idref="fl-5"/>
      </object_component>
      <object_component id="oc-2cb">
         <name>.debug_info</name>
         <load_address>0x806d</load_address>
         <run_address>0x806d</run_address>
         <size>0xf5</size>
         <input_file_ref idref="fl-5"/>
      </object_component>
      <object_component id="oc-17b">
         <name>.debug_info</name>
         <load_address>0x8162</load_address>
         <run_address>0x8162</run_address>
         <size>0x1523</size>
         <input_file_ref idref="fl-5"/>
      </object_component>
      <object_component id="oc-3ac">
         <name>.debug_info</name>
         <load_address>0x9685</load_address>
         <run_address>0x9685</run_address>
         <size>0x37e2</size>
         <input_file_ref idref="fl-5"/>
      </object_component>
      <object_component id="oc-46a">
         <name>.debug_info</name>
         <load_address>0xce67</load_address>
         <run_address>0xce67</run_address>
         <size>0x876</size>
         <input_file_ref idref="fl-6"/>
      </object_component>
      <object_component id="oc-3a0">
         <name>.debug_info</name>
         <load_address>0xd6dd</load_address>
         <run_address>0xd6dd</run_address>
         <size>0x108</size>
         <input_file_ref idref="fl-6"/>
      </object_component>
      <object_component id="oc-2b0">
         <name>.debug_info</name>
         <load_address>0xd7e5</load_address>
         <run_address>0xd7e5</run_address>
         <size>0x5a2</size>
         <input_file_ref idref="fl-6"/>
      </object_component>
      <object_component id="oc-cb">
         <name>.debug_info</name>
         <load_address>0xdd87</load_address>
         <run_address>0xdd87</run_address>
         <size>0x3c8</size>
         <input_file_ref idref="fl-7"/>
      </object_component>
      <object_component id="oc-1d4">
         <name>.debug_info</name>
         <load_address>0xe14f</load_address>
         <run_address>0xe14f</run_address>
         <size>0xab7</size>
         <input_file_ref idref="fl-8"/>
      </object_component>
      <object_component id="oc-1c8">
         <name>.debug_info</name>
         <load_address>0xec06</load_address>
         <run_address>0xec06</run_address>
         <size>0x10d</size>
         <input_file_ref idref="fl-8"/>
      </object_component>
      <object_component id="oc-1bc">
         <name>.debug_info</name>
         <load_address>0xed13</load_address>
         <run_address>0xed13</run_address>
         <size>0x11b</size>
         <input_file_ref idref="fl-8"/>
      </object_component>
      <object_component id="oc-1cb">
         <name>.debug_info</name>
         <load_address>0xee2e</load_address>
         <run_address>0xee2e</run_address>
         <size>0xe5</size>
         <input_file_ref idref="fl-8"/>
      </object_component>
      <object_component id="oc-1ce">
         <name>.debug_info</name>
         <load_address>0xef13</load_address>
         <run_address>0xef13</run_address>
         <size>0xe5</size>
         <input_file_ref idref="fl-8"/>
      </object_component>
      <object_component id="oc-1d1">
         <name>.debug_info</name>
         <load_address>0xeff8</load_address>
         <run_address>0xeff8</run_address>
         <size>0xe5</size>
         <input_file_ref idref="fl-8"/>
      </object_component>
      <object_component id="oc-ae">
         <name>.debug_info</name>
         <load_address>0xf0dd</load_address>
         <run_address>0xf0dd</run_address>
         <size>0x950</size>
         <input_file_ref idref="fl-8"/>
      </object_component>
      <object_component id="oc-333">
         <name>.debug_info</name>
         <load_address>0xfa2d</load_address>
         <run_address>0xfa2d</run_address>
         <size>0x37e2</size>
         <input_file_ref idref="fl-8"/>
      </object_component>
      <object_component id="oc-262">
         <name>.debug_info</name>
         <load_address>0x1320f</load_address>
         <run_address>0x1320f</run_address>
         <size>0x57a</size>
         <input_file_ref idref="fl-9"/>
      </object_component>
      <object_component id="oc-25f">
         <name>.debug_info</name>
         <load_address>0x13789</load_address>
         <run_address>0x13789</run_address>
         <size>0xd9</size>
         <input_file_ref idref="fl-9"/>
      </object_component>
      <object_component id="oc-f0">
         <name>.debug_info</name>
         <load_address>0x13862</load_address>
         <run_address>0x13862</run_address>
         <size>0x693</size>
         <input_file_ref idref="fl-9"/>
      </object_component>
      <object_component id="oc-358">
         <name>.debug_info</name>
         <load_address>0x13ef5</load_address>
         <run_address>0x13ef5</run_address>
         <size>0x58c</size>
         <input_file_ref idref="fl-a"/>
      </object_component>
      <object_component id="oc-23e">
         <name>.debug_info</name>
         <load_address>0x14481</load_address>
         <run_address>0x14481</run_address>
         <size>0xf4</size>
         <input_file_ref idref="fl-a"/>
      </object_component>
      <object_component id="oc-d2">
         <name>.debug_info</name>
         <load_address>0x14575</load_address>
         <run_address>0x14575</run_address>
         <size>0x168</size>
         <input_file_ref idref="fl-a"/>
      </object_component>
      <object_component id="oc-2f4">
         <name>.debug_info</name>
         <load_address>0x146dd</load_address>
         <run_address>0x146dd</run_address>
         <size>0x333</size>
         <input_file_ref idref="fl-c6"/>
      </object_component>
      <object_component id="oc-1a5">
         <name>.debug_info</name>
         <load_address>0x14a10</load_address>
         <run_address>0x14a10</run_address>
         <size>0x1d1</size>
         <input_file_ref idref="fl-c6"/>
      </object_component>
      <object_component id="oc-2e9">
         <name>.debug_info</name>
         <load_address>0x14be1</load_address>
         <run_address>0x14be1</run_address>
         <size>0x18d</size>
         <input_file_ref idref="fl-c6"/>
      </object_component>
      <object_component id="oc-2f0">
         <name>.debug_info</name>
         <load_address>0x14d6e</load_address>
         <run_address>0x14d6e</run_address>
         <size>0x16d</size>
         <input_file_ref idref="fl-c6"/>
      </object_component>
      <object_component id="oc-4dd">
         <name>.debug_info</name>
         <load_address>0x14edb</load_address>
         <run_address>0x14edb</run_address>
         <size>0x2c</size>
         <input_file_ref idref="fl-c6"/>
      </object_component>
      <object_component id="oc-1a1">
         <name>.debug_info</name>
         <load_address>0x14f07</load_address>
         <run_address>0x14f07</run_address>
         <size>0x12c</size>
         <input_file_ref idref="fl-c7"/>
      </object_component>
      <object_component id="oc-3a">
         <name>.debug_info</name>
         <load_address>0x15033</load_address>
         <run_address>0x15033</run_address>
         <size>0x119</size>
         <input_file_ref idref="fl-c8"/>
      </object_component>
      <object_component id="oc-8c">
         <name>.debug_info</name>
         <load_address>0x1514c</load_address>
         <run_address>0x1514c</run_address>
         <size>0x2d4</size>
         <input_file_ref idref="fl-c9"/>
      </object_component>
      <object_component id="oc-46">
         <name>.debug_info</name>
         <load_address>0x15420</load_address>
         <run_address>0x15420</run_address>
         <size>0x1d2</size>
         <input_file_ref idref="fl-c9"/>
      </object_component>
      <object_component id="oc-87">
         <name>.debug_info</name>
         <load_address>0x155f2</load_address>
         <run_address>0x155f2</run_address>
         <size>0x46</size>
         <input_file_ref idref="fl-c9"/>
      </object_component>
      <object_component id="oc-12f">
         <name>.debug_info</name>
         <load_address>0x15638</load_address>
         <run_address>0x15638</run_address>
         <size>0x2c</size>
         <input_file_ref idref="fl-c9"/>
      </object_component>
      <object_component id="oc-42">
         <name>.debug_info</name>
         <load_address>0x15664</load_address>
         <run_address>0x15664</run_address>
         <size>0x2a8</size>
         <input_file_ref idref="fl-ca"/>
      </object_component>
      <object_component id="oc-20">
         <name>.debug_info</name>
         <load_address>0x1590c</load_address>
         <run_address>0x1590c</run_address>
         <size>0x1ea</size>
         <input_file_ref idref="fl-ca"/>
      </object_component>
      <object_component id="oc-3d">
         <name>.debug_info</name>
         <load_address>0x15af6</load_address>
         <run_address>0x15af6</run_address>
         <size>0x46</size>
         <input_file_ref idref="fl-ca"/>
      </object_component>
      <object_component id="oc-7f">
         <name>.debug_info</name>
         <load_address>0x15b3c</load_address>
         <run_address>0x15b3c</run_address>
         <size>0x2c</size>
         <input_file_ref idref="fl-ca"/>
      </object_component>
      <object_component id="oc-7d">
         <name>.debug_info</name>
         <load_address>0x15b68</load_address>
         <run_address>0x15b68</run_address>
         <size>0x29e</size>
         <input_file_ref idref="fl-cb"/>
      </object_component>
      <object_component id="oc-1a">
         <name>.debug_info</name>
         <load_address>0x15e06</load_address>
         <run_address>0x15e06</run_address>
         <size>0x250</size>
         <input_file_ref idref="fl-cb"/>
      </object_component>
      <object_component id="oc-2d">
         <name>.debug_info</name>
         <load_address>0x16056</load_address>
         <run_address>0x16056</run_address>
         <size>0x60</size>
         <input_file_ref idref="fl-cb"/>
      </object_component>
      <object_component id="oc-128">
         <name>.debug_info</name>
         <load_address>0x160b6</load_address>
         <run_address>0x160b6</run_address>
         <size>0x46</size>
         <input_file_ref idref="fl-cb"/>
      </object_component>
      <object_component id="oc-78">
         <name>.debug_info</name>
         <load_address>0x160fc</load_address>
         <run_address>0x160fc</run_address>
         <size>0x39</size>
         <input_file_ref idref="fl-cb"/>
      </object_component>
      <object_component id="oc-2a">
         <name>.debug_info</name>
         <load_address>0x16135</load_address>
         <run_address>0x16135</run_address>
         <size>0x10b</size>
         <input_file_ref idref="fl-cc"/>
      </object_component>
      <object_component id="oc-56">
         <name>.debug_info</name>
         <load_address>0x16240</load_address>
         <run_address>0x16240</run_address>
         <size>0x1a9</size>
         <input_file_ref idref="fl-cc"/>
      </object_component>
      <object_component id="oc-3ff">
         <name>.debug_info</name>
         <load_address>0x163e9</load_address>
         <run_address>0x163e9</run_address>
         <size>0x590</size>
         <input_file_ref idref="fl-cd"/>
      </object_component>
      <object_component id="oc-3cc">
         <name>.debug_info</name>
         <load_address>0x16979</load_address>
         <run_address>0x16979</run_address>
         <size>0x21e</size>
         <input_file_ref idref="fl-cd"/>
      </object_component>
      <object_component id="oc-4a2">
         <name>.debug_info</name>
         <load_address>0x16b97</load_address>
         <run_address>0x16b97</run_address>
         <size>0x1b3</size>
         <input_file_ref idref="fl-cd"/>
      </object_component>
      <object_component id="oc-4a7">
         <name>.debug_info</name>
         <load_address>0x16d4a</load_address>
         <run_address>0x16d4a</run_address>
         <size>0x21b</size>
         <input_file_ref idref="fl-cd"/>
      </object_component>
      <object_component id="oc-3d6">
         <name>.debug_info</name>
         <load_address>0x16f65</load_address>
         <run_address>0x16f65</run_address>
         <size>0x3c0</size>
         <input_file_ref idref="fl-cd"/>
      </object_component>
      <object_component id="oc-4af">
         <name>.debug_info</name>
         <load_address>0x17325</load_address>
         <run_address>0x17325</run_address>
         <size>0x30a</size>
         <input_file_ref idref="fl-cd"/>
      </object_component>
      <object_component id="oc-4b5">
         <name>.debug_info</name>
         <load_address>0x1762f</load_address>
         <run_address>0x1762f</run_address>
         <size>0x215</size>
         <input_file_ref idref="fl-cd"/>
      </object_component>
      <object_component id="oc-3dd">
         <name>.debug_info</name>
         <load_address>0x17844</load_address>
         <run_address>0x17844</run_address>
         <size>0x215</size>
         <input_file_ref idref="fl-cd"/>
      </object_component>
      <object_component id="oc-3e3">
         <name>.debug_info</name>
         <load_address>0x17a59</load_address>
         <run_address>0x17a59</run_address>
         <size>0x304</size>
         <input_file_ref idref="fl-cd"/>
      </object_component>
      <object_component id="oc-3e8">
         <name>.debug_info</name>
         <load_address>0x17d5d</load_address>
         <run_address>0x17d5d</run_address>
         <size>0x4b5</size>
         <input_file_ref idref="fl-cd"/>
      </object_component>
      <object_component id="oc-2e3">
         <name>.debug_info</name>
         <load_address>0x18212</load_address>
         <run_address>0x18212</run_address>
         <size>0x5f4</size>
         <input_file_ref idref="fl-cd"/>
      </object_component>
      <object_component id="oc-400">
         <name>.debug_info</name>
         <load_address>0x18806</load_address>
         <run_address>0x18806</run_address>
         <size>0x86</size>
         <input_file_ref idref="fl-cd"/>
      </object_component>
      <object_component id="oc-4e2">
         <name>.debug_info</name>
         <load_address>0x1888c</load_address>
         <run_address>0x1888c</run_address>
         <size>0x39</size>
         <input_file_ref idref="fl-cd"/>
      </object_component>
      <object_component id="oc-534">
         <name>.debug_info</name>
         <load_address>0x188c5</load_address>
         <run_address>0x188c5</run_address>
         <size>0xb6</size>
         <input_file_ref idref="fl-cd"/>
      </object_component>
      <object_component id="oc-4e7">
         <name>.debug_info</name>
         <load_address>0x1897b</load_address>
         <run_address>0x1897b</run_address>
         <size>0x46</size>
         <input_file_ref idref="fl-cd"/>
      </object_component>
      <object_component id="oc-405">
         <name>.debug_info</name>
         <load_address>0x189c1</load_address>
         <run_address>0x189c1</run_address>
         <size>0x46</size>
         <input_file_ref idref="fl-cd"/>
      </object_component>
      <object_component id="oc-49d">
         <name>.debug_info</name>
         <load_address>0x18a07</load_address>
         <run_address>0x18a07</run_address>
         <size>0x14c</size>
         <input_file_ref idref="fl-ce"/>
      </object_component>
      <object_component id="oc-3d0">
         <name>.debug_info</name>
         <load_address>0x18b53</load_address>
         <run_address>0x18b53</run_address>
         <size>0x128</size>
         <input_file_ref idref="fl-cf"/>
      </object_component>
      <object_component id="oc-486">
         <name>.debug_info</name>
         <load_address>0x18c7b</load_address>
         <run_address>0x18c7b</run_address>
         <size>0x12a</size>
         <input_file_ref idref="fl-cf"/>
      </object_component>
      <object_component id="oc-483">
         <name>.debug_info</name>
         <load_address>0x18da5</load_address>
         <run_address>0x18da5</run_address>
         <size>0x13a</size>
         <input_file_ref idref="fl-d0"/>
      </object_component>
      <object_component id="oc-47c">
         <name>.debug_info</name>
         <load_address>0x18edf</load_address>
         <run_address>0x18edf</run_address>
         <size>0x13a</size>
         <input_file_ref idref="fl-d1"/>
      </object_component>
      <object_component id="oc-48d">
         <name>.debug_info</name>
         <load_address>0x19019</load_address>
         <run_address>0x19019</run_address>
         <size>0x12e</size>
         <input_file_ref idref="fl-d2"/>
      </object_component>
      <object_component id="oc-497">
         <name>.debug_info</name>
         <load_address>0x19147</load_address>
         <run_address>0x19147</run_address>
         <size>0x12c</size>
         <input_file_ref idref="fl-d3"/>
      </object_component>
      <object_component id="oc-8e">
         <name>.debug_info</name>
         <load_address>0x19273</load_address>
         <run_address>0x19273</run_address>
         <size>0x147</size>
         <input_file_ref idref="fl-d4"/>
      </object_component>
      <object_component id="oc-477">
         <name>.debug_info</name>
         <load_address>0x193ba</load_address>
         <run_address>0x193ba</run_address>
         <size>0x134</size>
         <input_file_ref idref="fl-d5"/>
      </object_component>
      <object_component id="oc-298">
         <name>.debug_info</name>
         <load_address>0x194ee</load_address>
         <run_address>0x194ee</run_address>
         <size>0x4b3</size>
         <input_file_ref idref="fl-d6"/>
      </object_component>
      <object_component id="oc-147">
         <name>.debug_info</name>
         <load_address>0x199a1</load_address>
         <run_address>0x199a1</run_address>
         <size>0x1a6</size>
         <input_file_ref idref="fl-d6"/>
      </object_component>
      <object_component id="oc-376">
         <name>.debug_info</name>
         <load_address>0x19b47</load_address>
         <run_address>0x19b47</run_address>
         <size>0x39</size>
         <input_file_ref idref="fl-d6"/>
      </object_component>
      <object_component id="oc-445">
         <name>.debug_info</name>
         <load_address>0x19b80</load_address>
         <run_address>0x19b80</run_address>
         <size>0x39</size>
         <input_file_ref idref="fl-d6"/>
      </object_component>
      <object_component id="oc-37b">
         <name>.debug_info</name>
         <load_address>0x19bb9</load_address>
         <run_address>0x19bb9</run_address>
         <size>0x39</size>
         <input_file_ref idref="fl-d6"/>
      </object_component>
      <object_component id="oc-380">
         <name>.debug_info</name>
         <load_address>0x19bf2</load_address>
         <run_address>0x19bf2</run_address>
         <size>0xcd</size>
         <input_file_ref idref="fl-d6"/>
      </object_component>
      <object_component id="oc-95">
         <name>.debug_info</name>
         <load_address>0x19cbf</load_address>
         <run_address>0x19cbf</run_address>
         <size>0x153</size>
         <input_file_ref idref="fl-d7"/>
      </object_component>
      <object_component id="oc-13b">
         <name>.debug_info</name>
         <load_address>0x19e12</load_address>
         <run_address>0x19e12</run_address>
         <size>0x122</size>
         <input_file_ref idref="fl-d9"/>
      </object_component>
      <object_component id="oc-50f">
         <name>.debug_info</name>
         <load_address>0x19f34</load_address>
         <run_address>0x19f34</run_address>
         <size>0x29c</size>
         <input_file_ref idref="fl-db"/>
      </object_component>
      <object_component id="oc-491">
         <name>.debug_info</name>
         <load_address>0x1a1d0</load_address>
         <run_address>0x1a1d0</run_address>
         <size>0x1da</size>
         <input_file_ref idref="fl-db"/>
      </object_component>
      <object_component id="oc-473">
         <name>.debug_info</name>
         <load_address>0x1a3aa</load_address>
         <run_address>0x1a3aa</run_address>
         <size>0x2b9</size>
         <input_file_ref idref="fl-dd"/>
      </object_component>
      <object_component id="oc-3c7">
         <name>.debug_info</name>
         <load_address>0x1a663</load_address>
         <run_address>0x1a663</run_address>
         <size>0x17c</size>
         <input_file_ref idref="fl-dd"/>
      </object_component>
      <object_component id="oc-501">
         <name>.debug_info</name>
         <load_address>0x1a7df</load_address>
         <run_address>0x1a7df</run_address>
         <size>0xf9</size>
         <input_file_ref idref="fl-de"/>
      </object_component>
      <object_component id="oc-470">
         <name>.debug_info</name>
         <load_address>0x1a8d8</load_address>
         <run_address>0x1a8d8</run_address>
         <size>0x105</size>
[...]
      </symbol>
      <symbol id="sm-507">
         <name>__aeabi_d2iz</name>
         <value>0x3f0d</value>
         <object_component_ref idref="oc-48a"/>
      </symbol>
      <symbol id="sm-511">
         <name>__aeabi_i2d</name>
         <value>0x427d</value>
         <object_component_ref idref="oc-495"/>
      </symbol>
      <symbol id="sm-520">
         <name>__aeabi_memset</name>
         <value>0x3a0f</value>
         <object_component_ref idref="oc-8d"/>
      </symbol>
      <symbol id="sm-521">
         <name>memset</name>
         <value>0x3a15</value>
         <object_component_ref idref="oc-8d"/>
      </symbol>
      <symbol id="sm-522">
         <name>__aeabi_memset8</name>
         <value>0x3a0f</value>
         <object_component_ref idref="oc-8d"/>
      </symbol>
      <symbol id="sm-523">
         <name>__aeabi_memset4</name>
         <value>0x3a0f</value>
         <object_component_ref idref="oc-8d"/>
      </symbol>
      <symbol id="sm-524">
         <name>__aeabi_memclr8</name>
         <value>0x3a0d</value>
         <object_component_ref idref="oc-8d"/>
      </symbol>
      <symbol id="sm-525">
         <name>__aeabi_memclr4</name>
         <value>0x3a0d</value>
         <object_component_ref idref="oc-8d"/>
      </symbol>
      <symbol id="sm-526">
         <name>__aeabi_memclr</name>
         <value>0x3a0d</value>
         <object_component_ref idref="oc-8d"/>
      </symbol>
      <symbol id="sm-533">
         <name>__aeabi_uldivmod</name>
         <value>0x36df</value>
         <object_component_ref idref="oc-474"/>
      </symbol>
      <symbol id="sm-55b">
         <name>__TI_auto_init_nobinit_nopinit</name>
         <value>0x3f55</value>
         <object_component_ref idref="oc-144"/>
      </symbol>
      <symbol id="sm-565">
         <name>_system_pre_init</name>
         <value>0x469d</value>
         <object_component_ref idref="oc-93"/>
      </symbol>
      <symbol id="sm-571">
         <name>C$$EXIT</name>
         <value>0x46a1</value>
         <object_component_ref idref="oc-138"/>
      </symbol>
      <symbol id="sm-572">
         <name>abort</name>
         <value>0x46a1</value>
         <object_component_ref idref="oc-138"/>
      </symbol>
      <symbol id="sm-582">
         <name>__TI_ltoa</name>
         <value>0x3d81</value>
         <object_component_ref idref="oc-48f"/>
      </symbol>
      <symbol id="sm-599">
         <name>atoi</name>
         <value>0x3e79</value>
         <object_component_ref idref="oc-3c3"/>
      </symbol>
      <symbol id="sm-5a4">
         <name>_ctypes_</name>
         <value>0x499c</value>
         <object_component_ref idref="oc-46f"/>
      </symbol>
      <symbol id="sm-5b4">
         <name>memccpy</name>
         <value>0x44ad</value>
         <object_component_ref idref="oc-3ec"/>
      </symbol>
      <symbol id="sm-5c4">
         <name>strchr</name>
         <value>0x45cf</value>
         <object_component_ref idref="oc-4c6"/>
      </symbol>
      <symbol id="sm-5d2">
         <name>strlen</name>
         <value>0x45e5</value>
         <object_component_ref idref="oc-3bd"/>
      </symbol>
      <symbol id="sm-5e8">
         <name>__aeabi_errno_addr</name>
         <value>0x4695</value>
         <object_component_ref idref="oc-3f8"/>
      </symbol>
      <symbol id="sm-5e9">
         <name>errno</name>
         <value>0x200002bc</value>
         <object_component_ref idref="oc-4d6"/>
      </symbol>
      <symbol id="sm-602">
         <name>wcslen</name>
         <value>0x460b</value>
         <object_component_ref idref="oc-3f2"/>
      </symbol>
      <symbol id="sm-622">
         <name>frexpl</name>
         <value>0x3bc1</value>
         <object_component_ref idref="oc-4ba"/>
      </symbol>
      <symbol id="sm-623">
         <name>frexp</name>
         <value>0x3bc1</value>
         <object_component_ref idref="oc-4ba"/>
      </symbol>
      <symbol id="sm-640">
         <name>scalbn</name>
         <value>0x2e6d</value>
         <object_component_ref idref="oc-4c0"/>
      </symbol>
      <symbol id="sm-641">
         <name>scalbnl</name>
         <value>0x2e6d</value>
         <object_component_ref idref="oc-4c0"/>
      </symbol>
      <symbol id="sm-642">
         <name>ldexpl</name>
         <value>0x2e6d</value>
         <object_component_ref idref="oc-4c0"/>
      </symbol>
      <symbol id="sm-643">
         <name>ldexp</name>
         <value>0x2e6d</value>
         <object_component_ref idref="oc-4c0"/>
      </symbol>
      <symbol id="sm-64d">
         <name>__aeabi_idiv0</name>
         <value>0xb33</value>
         <object_component_ref idref="oc-504"/>
      </symbol>
      <symbol id="sm-64e">
         <name>__aeabi_ldiv0</name>
         <value>0xb33</value>
         <object_component_ref idref="oc-504"/>
      </symbol>
      <symbol id="sm-658">
         <name>copysign</name>
         <value>0x4517</value>
         <object_component_ref idref="oc-51d"/>
      </symbol>
      <symbol id="sm-659">
         <name>copysignl</name>
         <value>0x4517</value>
         <object_component_ref idref="oc-51d"/>
      </symbol>
      <symbol id="sm-69f">
         <name>Graphics_setBackgroundColor</name>
         <value>0x44e3</value>
         <object_component_ref idref="oc-186"/>
      </symbol>
      <symbol id="sm-6a0">
         <name>Graphics_setFont</name>
         <value>0x44fd</value>
         <object_component_ref idref="oc-192"/>
      </symbol>
      <symbol id="sm-6a1">
         <name>Graphics_initContext</name>
         <value>0x3dd5</value>
         <object_component_ref idref="oc-180"/>
      </symbol>
      <symbol id="sm-6a2">
         <name>Graphics_setForegroundColor</name>
         <value>0x458d</value>
         <object_component_ref idref="oc-18c"/>
      </symbol>
      <symbol id="sm-6a3">
         <name>Graphics_clearDisplay</name>
         <value>0x45f9</value>
         <object_component_ref idref="oc-198"/>
      </symbol>
      <symbol id="sm-6d0">
         <name>Graphics_clearDisplayOnDisplay</name>
         <value>0x44c9</value>
         <object_component_ref idref="oc-2d9"/>
      </symbol>
      <symbol id="sm-6d1">
         <name>Graphics_drawPixelOnDisplay</name>
         <value>0x42d9</value>
         <object_component_ref idref="oc-316"/>
      </symbol>
      <symbol id="sm-6d2">
         <name>Graphics_translateColorOnDisplay</name>
         <value>0x45a3</value>
         <object_component_ref idref="oc-2d0"/>
      </symbol>
      <symbol id="sm-6d3">
         <name>Graphics_drawHorizontalLineOnDisplay</name>
         <value>0x414d</value>
         <object_component_ref idref="oc-415"/>
      </symbol>
      <symbol id="sm-6d4">
         <name>Graphics_fillRectangleOnDisplay</name>
         <value>0x4439</value>
         <object_component_ref idref="oc-2fd"/>
      </symbol>
      <symbol id="sm-6e6">
         <name>g_sFontFixed6x8</name>
         <value>0x4aa0</value>
         <object_component_ref idref="oc-1c4"/>
      </symbol>
      <symbol id="sm-6fd">
         <name>Graphics_fillRectangle</name>
         <value>0x2d59</value>
         <object_component_ref idref="oc-1af"/>
      </symbol>
      <symbol id="sm-755">
         <name>Graphics_drawStringCentered</name>
         <value>0x3ec5</value>
         <object_component_ref idref="oc-1a9"/>
      </symbol>
      <symbol id="sm-756">
         <name>Graphics_drawString</name>
         <value>0x11b5</value>
         <object_component_ref idref="oc-1b5"/>
      </symbol>
      <symbol id="sm-757">
         <name>Graphics_getStringWidth</name>
         <value>0x3079</value>
         <object_component_ref idref="oc-2f5"/>
      </symbol>
      <symbol id="sm-76a">
         <name>Graphics_drawLineH</name>
         <value>0x350b</value>
         <object_component_ref idref="oc-310"/>
      </symbol>
      <symbol id="sm-84c">
         <name>ADC14_enableInterrupt</name>
         <value>0x41ed</value>
         <object_component_ref idref="oc-20c"/>
      </symbol>
      <symbol id="sm-84d">
         <name>ADC14_enableSampleTimer</name>
         <value>0x4185</value>
         <object_component_ref idref="oc-206"/>
      </symbol>
      <symbol id="sm-84e">
         <name>ADC14_enableConversion</name>
         <value>0x4305</value>
         <object_component_ref idref="oc-218"/>
      </symbol>
      <symbol id="sm-84f">
         <name>ADC14_toggleConversionTrigger</name>
         <value>0x42ad</value>
         <object_component_ref idref="oc-21e"/>
      </symbol>
      <symbol id="sm-850">
         <name>ADC14_setSampleHoldTime</name>
         <value>0x421d</value>
         <object_component_ref idref="oc-200"/>
      </symbol>
      <symbol id="sm-851">
         <name>ADC14_initModule</name>
         <value>0x3d2d</value>
         <object_component_ref idref="oc-1ee"/>
      </symbol>
      <symbol id="sm-852">
         <name>ADC14_configureMultiSequenceMode</name>
         <value>0x32f5</value>
         <object_component_ref idref="oc-1fa"/>
      </symbol>
      <symbol id="sm-853">
         <name>ADC14_configureConversionMemory</name>
         <value>0x3241</value>
         <object_component_ref idref="oc-1f4"/>
      </symbol>
      <symbol id="sm-854">
         <name>ADC14_enableModule</name>
         <value>0x4659</value>
         <object_component_ref idref="oc-1e8"/>
      </symbol>
      <symbol id="sm-855">
         <name>ADC14_getResult</name>
         <value>0x432d</value>
         <object_component_ref idref="oc-dc"/>
      </symbol>
      <symbol id="sm-8d5">
         <name>GPIO_setOutputHighOnPin</name>
         <value>0x43a5</value>
         <object_component_ref idref="oc-2bb"/>
      </symbol>
      <symbol id="sm-8d6">
         <name>GPIO_setAsInputPinWithPullUpResistor</name>
         <value>0x3c25</value>
         <object_component_ref idref="oc-224"/>
      </symbol>
      <symbol id="sm-8d7">
         <name>GPIO_getInterruptStatus</name>
         <value>0x43f5</value>
         <object_component_ref idref="oc-252"/>
      </symbol>
      <symbol id="sm-8d8">
         <name>GPIO_enableInterrupt</name>
         <value>0x437d</value>
         <object_component_ref idref="oc-230"/>
      </symbol>
      <symbol id="sm-8d9">
         <name>GPIO_getEnabledInterruptStatus</name>
         <value>0x3909</value>
         <object_component_ref idref="oc-e2"/>
      </symbol>
      <symbol id="sm-8da">
         <name>GPIO_setAsOutputPin</name>
         <value>0x3f99</value>
         <object_component_ref idref="oc-38d"/>
      </symbol>
      <symbol id="sm-8db">
         <name>GPIO_interruptEdgeSelect</name>
         <value>0x40d9</value>
         <object_component_ref idref="oc-22a"/>
      </symbol>
      <symbol id="sm-8dc">
         <name>GPIO_setOutputLowOnPin</name>
         <value>0x43cd</value>
         <object_component_ref idref="oc-2b5"/>
      </symbol>
      <symbol id="sm-8dd">
         <name>GPIO_clearInterruptFlag</name>
         <value>0x4355</value>
         <object_component_ref idref="oc-e8"/>
      </symbol>
      <symbol id="sm-8de">
         <name>GPIO_setAsPeripheralModuleFunctionOutputPin</name>
         <value>0x3775</value>
         <object_component_ref idref="oc-387"/>
      </symbol>
      <symbol id="sm-904">
         <name>Interrupt_enableMaster</name>
         <value>0x462d</value>
         <object_component_ref idref="oc-d6"/>
      </symbol>
      <symbol id="sm-905">
         <name>Interrupt_enableInterrupt</name>
         <value>0x398d</value>
         <object_component_ref idref="oc-212"/>
      </symbol>
      <symbol id="sm-925">
         <name>REF_A_enableTempSensor</name>
         <value>0x467d</value>
         <object_component_ref idref="oc-b2"/>
      </symbol>
      <symbol id="sm-926">
         <name>REF_A_enableReferenceVoltage</name>
         <value>0x4671</value>
         <object_component_ref idref="oc-be"/>
      </symbol>
      <symbol id="sm-927">
         <name>REF_A_setReferenceVoltage</name>
         <value>0x4419</value>
         <object_component_ref idref="oc-b8"/>
      </symbol>
      <symbol id="sm-966">
         <name>EUSCI_B_SPI_enable</name>
         <value>0x4577</value>
         <object_component_ref idref="oc-461"/>
      </symbol>
      <symbol id="sm-967">
         <name>SPI_enableModule</name>
         <value>0x4457</value>
         <object_component_ref idref="oc-399"/>
      </symbol>
      <symbol id="sm-968">
         <name>EUSCI_A_SPI_enable</name>
         <value>0x4561</value>
         <object_component_ref idref="oc-45b"/>
      </symbol>
      <symbol id="sm-969">
         <name>SPI_initMaster</name>
         <value>0x345b</value>
         <object_component_ref idref="oc-393"/>
      </symbol>
      <symbol id="sm-975">
         <name>SysCtl_getTempCalibrationConstant</name>
         <value>0x4475</value>
         <object_component_ref idref="oc-c4"/>
      </symbol>
      <symbol id="sm-9c2">
         <name>UART_receiveData</name>
         <value>0x424d</value>
         <object_component_ref idref="oc-100"/>
      </symbol>
      <symbol id="sm-9c3">
         <name>UART_getEnabledInterruptStatus</name>
         <value>0x3b5d</value>
         <object_component_ref idref="oc-f4"/>
      </symbol>
      <symbol id="sm-9c4">
         <name>UART_getInterruptStatus</name>
         <value>0x4531</value>
         <object_component_ref idref="oc-268"/>
      </symbol>
      <symbol id="sm-9c5">
         <name>UART_initModule</name>
         <value>0x2c3d</value>
         <object_component_ref idref="oc-237"/>
      </symbol>
      <symbol id="sm-9c6">
         <name>UART_clearInterruptFlag</name>
         <value>0x45b9</value>
         <object_component_ref idref="oc-fa"/>
      </symbol>
      <symbol id="sm-9d0">
         <name>CPU_cpsie</name>
         <value>0x4665</value>
         <object_component_ref idref="oc-241"/>
      </symbol>
      <symbol id="sm-9d1">
         <name>__TI_static_base__</name>
         <value>0x0</value>
      </symbol>
      <symbol id="sm-9d4">
         <name>__mpu_init</name>
         <value>0x0</value>
      </symbol>
      <symbol id="sm-9d5">
         <name>_system_post_cinit</name>
         <value>0x0</value>
      </symbol>
      <symbol id="sm-9d6">
         <name>NMI_Handler</name>
         <value>0x4657</value>
      </symbol>
      <symbol id="sm-9d7">
         <name>HardFault_Handler</name>
         <value>0x4657</value>
      </symbol>
      <symbol id="sm-9d8">
         <name>MemManage_Handler</name>
         <value>0x4657</value>
      </symbol>
      <symbol id="sm-9d9">
         <name>BusFault_Handler</name>
         <value>0x4657</value>
      </symbol>
      <symbol id="sm-9da">
         <name>UsageFault_Handler</name>
         <value>0x4657</value>
      </symbol>
      <symbol id="sm-9db">
         <name>SVC_Handler</name>
         <value>0x4657</value>
      </symbol>
      <symbol id="sm-9dc">
         <name>DebugMon_Handler</name>
         <value>0x4657</value>
      </symbol>
      <symbol id="sm-9dd">
         <name>PendSV_Handler</name>
         <value>0x4657</value>
      </symbol>
      <symbol id="sm-9de">
         <name>SysTick_Handler</name>
         <value>0x4657</value>
      </symbol>
      <symbol id="sm-9df">
         <name>PSS_IRQHandler</name>
         <value>0x4657</value>
      </symbol>
      <symbol id="sm-9e0">
         <name>CS_IRQHandler</name>
         <value>0x4657</value>
      </symbol>
      <symbol id="sm-9e1">
         <name>PCM_IRQHandler</name>
         <value>0x4657</value>
      </symbol>
      <symbol id="sm-9e2">
         <name>WDT_A_IRQHandler</name>
         <value>0x4657</value>
      </symbol>
      <symbol id="sm-9e3">
         <name>FPU_IRQHandler</name>
         <value>0x4657</value>
      </symbol>
      <symbol id="sm-9e4">
         <name>FLCTL_IRQHandler</name>
         <value>0x4657</value>
      </symbol>
      <symbol id="sm-9e5">
         <name>COMP_E0_IRQHandler</name>
         <value>0x4657</value>
      </symbol>
      <symbol id="sm-9e6">
         <name>COMP_E1_IRQHandler</name>
         <value>0x4657</value>
      </symbol>
      <symbol id="sm-9e7">
         <name>TA0_0_IRQHandler</name>
         <value>0x4657</value>
      </symbol>
      <symbol id="sm-9e8">
         <name>TA0_N_IRQHandler</name>
         <value>0x4657</value>
      </symbol>
      <symbol id="sm-9e9">
         <name>TA1_0_IRQHandler</name>
         <value>0x4657</value>
      </symbol>
      <symbol id="sm-9ea">
         <name>TA1_N_IRQHandler</name>
         <value>0x4657</value>
      </symbol>
      <symbol id="sm-9eb">
         <name>TA2_0_IRQHandler</name>
         <value>0x4657</value>
      </symbol>
      <symbol id="sm-9ec">
         <name>TA2_N_IRQHandler</name>
         <value>0x4657</value>
      </symbol>
      <symbol id="sm-9ed">
         <name>TA3_0_IRQHandler</name>
         <value>0x4657</value>
      </symbol>
      <symbol id="sm-9ee">
         <name>TA3_N_IRQHandler</name>
         <value>0x4657</value>
      </symbol>
      <symbol id="sm-9ef">
         <name>EUSCIA0_IRQHandler</name>
         <value>0x18cb</value>
      </symbol>
      <symbol id="sm-9f0">
         <name>EUSCIA1_IRQHandler</name>
         <value>0x4657</value>
      </symbol>
      <symbol id="sm-9f1">
         <name>EUSCIA2_IRQHandler</name>
         <value>0x4657</value>
      </symbol>
      <symbol id="sm-9f2">
         <name>EUSCIA3_IRQHandler</name>
         <value>0x4657</value>
      </symbol>
      <symbol id="sm-9f3">
         <name>EUSCIB0_IRQHandler</name>
         <value>0x4657</value>
      </symbol>
      <symbol id="sm-9f4">
         <name>EUSCIB1_IRQHandler</name>
         <value>0x4657</value>
      </symbol>
      <symbol id="sm-9f5">
         <name>EUSCIB2_IRQHandler</name>
         <value>0x4657</value>
      </symbol>
      <symbol id="sm-9f6">
         <name>EUSCIB3_IRQHandler</name>
         <value>0x4657</value>
      </symbol>
      <symbol id="sm-9f7">
         <name>ADC14_IRQHandler</name>
         <value>0x17c5</value>
      </symbol>
      <symbol id="sm-9f8">
         <name>T32_INT1_IRQHandler</name>
         <value>0x4657</value>
      </symbol>
      <symbol id="sm-9f9">
         <name>T32_INT2_IRQHandler</name>
         <value>0x4657</value>
      </symbol>
      <symbol id="sm-9fa">
         <name>T32_INTC_IRQHandler</name>
         <value>0x4657</value>
      </symbol>
      <symbol id="sm-9fb">
         <name>AES256_IRQHandler</name>
         <value>0x4657</value>
      </symbol>
      <symbol id="sm-9fc">
         <name>RTC_C_IRQHandler</name>
         <value>0x4657</value>
      </symbol>
      <symbol id="sm-9fd">
         <name>DMA_ERR_IRQHandler</name>
         <value>0x4657</value>
      </symbol>
      <symbol id="sm-9fe">
         <name>DMA_INT3_IRQHandler</name>
         <value>0x4657</value>
      </symbol>
      <symbol id="sm-9ff">
         <name>DMA_INT2_IRQHandler</name>
         <value>0x4657</value>
      </symbol>
      <symbol id="sm-a00">
         <name>DMA_INT1_IRQHandler</name>
         <value>0x4657</value>
      </symbol>
      <symbol id="sm-a01">
         <name>DMA_INT0_IRQHandler</name>
         <value>0x4657</value>
      </symbol>
      <symbol id="sm-a02">
         <name>PORT1_IRQHandler</name>
         <value>0x4657</value>
      </symbol>
      <symbol id="sm-a03">
         <name>PORT2_IRQHandler</name>
         <value>0x4657</value>
      </symbol>
      <symbol id="sm-a04">
         <name>PORT3_IRQHandler</name>
         <value>0x4657</value>
      </symbol>
      <symbol id="sm-a05">
         <name>PORT4_IRQHandler</name>
         <value>0x4657</value>
      </symbol>
      <symbol id="sm-a06">
         <name>PORT5_IRQHandler</name>
         <value>0x18a5</value>
      </symbol>
      <symbol id="sm-a07">
         <name>PORT6_IRQHandler</name>
         <value>0x4657</value>
      </symbol>
   </symbol_table>
   <title>Link successful</title>
</link_info>
