******************************************************************************
                  TI ARM Linker PC v20.2.7                     
******************************************************************************
>> Linked Wed May 14 19:38:15 2025

OUTPUT FILE NAME:   <progetto-embedded.out>
ENTRY POINT SYMBOL: "_c_int00_noargs"  address: 000041b9


MEMORY CONFIGURATION

         name            origin    length      used     unused   attr    fill
----------------------  --------  ---------  --------  --------  ----  --------
  MAIN                  00000000   00040000  00004d24  0003b2dc  R  X
  INFO                  00200000   00004000  00000000  00004000  R  X
  SRAM_CODE             01000000   00010000  000004c4  0000fb3c  RW X
  SRAM_DATA             20000000   00010000  000004c4  0000fb3c  RW  


SEGMENT ALLOCATION MAP

run origin  load origin   length   init length attrs members
----------  ----------- ---------- ----------- ----- -------
00000000    00000000    00004d28   00004d28    r-x
  00000000    00000000    000000e4   000000e4    r-- .intvecs
  000000e4    000000e4    000045c0   000045c0    r-x .text
  000046a4    000046a4    00000638   00000638    r-- .const
  00004ce0    00004ce0    00000048   00000048    r-- .cinit
20000000    20000000    000002c4   00000000    rw-
  20000000    20000000    00000290   00000000    rw- .bss
  20000290    20000290    00000034   00000000    rw- .data
2000fe00    2000fe00    00000200   00000000    rw-
  2000fe00    2000fe00    00000200   00000000    rw- .stack


SECTION ALLOCATION MAP

 output                                  attributes/
section   page    origin      length       input sections
--------  ----  ----------  ----------   ----------------
.intvecs   0    00000000    000000e4     
                  00000000    000000e4     startup_msp432p401r_ccs.obj (.intvecs:retain)

.text      0    000000e4    000045c0     
                  000000e4    00000a4e     rtsv7M4_T_le_v4SPD16_eabi.lib : _printfi.c.obj (.text:__TI_printfi)
                  00000b32    00000002                                   : div0.asm.obj (.text)
                  00000b34    00000680     Crystalfontz128x128_ST7735.obj (.text)
                  000011b4    0000047e     grlib.a : string.obj (.text:Graphics_drawString)
                  00001632    00000002     --HOLE-- [fill = 0]
                  00001634    00000338     main.obj (.text)
                  0000196c    00000334     system_msp432p401r.obj (.text)
                  00001ca0    00000270     rtsv7M4_T_le_v4SPD16_eabi.lib : _printfi.c.obj (.text:_pconv_a)
                  00001f10    00000258     display.obj (.text)
                  00002168    00000254     printf.obj (.text)
                  000023bc    000001d0     rtsv7M4_T_le_v4SPD16_eabi.lib : _printfi.c.obj (.text:_pconv_g)
                  0000258c    000001b6                                   : fd_add_t2.asm.obj (.text)
                  00002742    00000002     --HOLE-- [fill = 0]
                  00002744    00000160     msp432p4xx_driverlib.lib : adc14.o (.text:_getIndexForMemRegister)
                  000028a4    0000013c     rtsv7M4_T_le_v4SPD16_eabi.lib : _printfi.c.obj (.text:_pconv_e)
                  000029e0    00000136                                   : fd_div_t2.asm.obj (.text)
                  00002b16    00000002     --HOLE-- [fill = 0]
                  00002b18    00000124                                   : _printfi.c.obj (.text:fcvt)
                  00002c3c    0000011c     msp432p4xx_driverlib.lib : uart.o (.text:UART_initModule)
                  00002d58    00000112     grlib.a : rectangle.obj (.text:Graphics_fillRectangle)
                  00002e6a    00000002     --HOLE-- [fill = 0]
                  00002e6c    00000110     rtsv7M4_T_le_v4SPD16_eabi.lib : s_scalbn.c.obj (.text:scalbn)
                  00002f7c    000000fc                                   : fd_mul_t2.asm.obj (.text)
                  00003078    000000fa     grlib.a : string.obj (.text:Graphics_getStringWidth)
                  00003172    00000002     --HOLE-- [fill = 0]
                  00003174    000000cc     HAL_MSP_EXP432P401R_Crystalfontz128x128_ST7735.obj (.text)
                  00003240    000000b4     msp432p4xx_driverlib.lib : adc14.o (.text:ADC14_configureConversionMemory)
                  000032f4    000000b4                              : adc14.o (.text:ADC14_configureMultiSequenceMode)
                  000033a8    000000b1     rtsv7M4_T_le_v4SPD16_eabi.lib : _printfi.c.obj (.text:_ltostr)
                  00003459    00000001     --HOLE-- [fill = 0]
                  0000345a    000000b0     msp432p4xx_driverlib.lib : spi.o (.text:SPI_initMaster)
                  0000350a    0000009c     grlib.a : line.obj (.text:Graphics_drawLineH)
                  000035a6    0000009c     controls.obj (.text)
                  00003642    0000009c     rtsv7M4_T_le_v4SPD16_eabi.lib : memcpy_t2.asm.obj (.text)
                  000036de    00000096                                   : ull_div_t2.asm.obj (.text)
                  00003774    00000088     msp432p4xx_driverlib.lib : gpio.o (.text:GPIO_setAsPeripheralModuleFunctionOutputPin)
                  000037fc    00000086     rtsv7M4_T_le_v4SPD16_eabi.lib : fd_cmp_t2.asm.obj (.text:__aeabi_cdcmple)
                  00003882    00000086                                   : fd_cmp_t2.asm.obj (.text:__aeabi_cdrcmple)
                  00003908    00000084     msp432p4xx_driverlib.lib : gpio.o (.text:GPIO_getEnabledInterruptStatus)
                  0000398c    00000080                              : interrupt.o (.text:Interrupt_enableInterrupt)
                  00003a0c    0000007a     rtsv7M4_T_le_v4SPD16_eabi.lib : memset_t2.asm.obj (.text)
                  00003a86    0000006e                                   : _printfi.c.obj (.text:_mcpy)
                  00003af4    00000068                                   : copy_decompress_lzss.c.obj (.text:decompress:lzss:__TI_decompress_lzss)
                  00003b5c    00000064     msp432p4xx_driverlib.lib : uart.o (.text:UART_getEnabledInterruptStatus)
                  00003bc0    00000064     rtsv7M4_T_le_v4SPD16_eabi.lib : s_frexp.c.obj (.text:frexp)
                  00003c24    00000058     msp432p4xx_driverlib.lib : gpio.o (.text:GPIO_setAsInputPinWithPullUpResistor)
                  00003c7c    00000058     serial.obj (.text)
                  00003cd4    00000056     rtsv7M4_T_le_v4SPD16_eabi.lib : _printfi.c.obj (.text:_pconv_f)
                  00003d2a    00000002     --HOLE-- [fill = 0]
                  00003d2c    00000054     msp432p4xx_driverlib.lib : adc14.o (.text:ADC14_initModule)
                  00003d80    00000054     rtsv7M4_T_le_v4SPD16_eabi.lib : _ltoa.c.obj (.text:__TI_ltoa)
                  00003dd4    00000052     grlib.a : context.obj (.text:Graphics_initContext)
                  00003e26    00000052     rtsv7M4_T_le_v4SPD16_eabi.lib : _printfi.c.obj (.text:_ecpy)
                  00003e78    0000004c                                   : atoi.c.obj (.text:atoi)
                  00003ec4    00000048     grlib.a : string.obj (.text:Graphics_drawStringCentered)
                  00003f0c    00000048     rtsv7M4_T_le_v4SPD16_eabi.lib : fd_toi_t2.asm.obj (.text)
                  00003f54    00000044                                   : autoinit.c.obj (.text:__TI_auto_init_nobinit_nopinit:__TI_auto_init_nobinit_nopinit)
                  00003f98    00000040     msp432p4xx_driverlib.lib : gpio.o (.text:GPIO_setAsOutputPin)
                  00003fd8    00000040     grlib.a : string.obj (.text:Graphics_getNumberOfLeadingZeros)
                  00004018    00000040     msp432p4xx_driverlib.lib : spi.o (.text:is_A_Module)
                  00004058    00000040     rtsv7M4_T_le_v4SPD16_eabi.lib : sprintf.c.obj (.text:sprintf)
                  00004098    0000003e                                   : _printfi.c.obj (.text:_fcpy)
                  000040d6    00000002     --HOLE-- [fill = 0]
                  000040d8    0000003c     msp432p4xx_driverlib.lib : gpio.o (.text:GPIO_interruptEdgeSelect)
                  00004114    00000038     rtsv7M4_T_le_v4SPD16_eabi.lib : fs_tod_t2.asm.obj (.text)
                  0000414c    00000036     grlib.a : display.obj (.text:Graphics_drawHorizontalLineOnDisplay)
                  00004182    00000002     --HOLE-- [fill = 0]
                  00004184    00000034     msp432p4xx_driverlib.lib : adc14.o (.text:ADC14_enableSampleTimer)
                  000041b8    00000034     rtsv7M4_T_le_v4SPD16_eabi.lib : boot_cortex_m.c.obj (.text:_c_int00_noargs:_c_int00_noargs)
                  000041ec    00000030     msp432p4xx_driverlib.lib : adc14.o (.text:ADC14_enableInterrupt)
                  0000421c    00000030                              : adc14.o (.text:ADC14_setSampleHoldTime)
                  0000424c    00000030                              : uart.o (.text:UART_receiveData)
                  0000427c    0000002e     rtsv7M4_T_le_v4SPD16_eabi.lib : i_tofd_t2.asm.obj (.text)
                  000042aa    00000002     --HOLE-- [fill = 0]
                  000042ac    0000002c     msp432p4xx_driverlib.lib : adc14.o (.text:ADC14_toggleConversionTrigger)
                  000042d8    0000002c     grlib.a : display.obj (.text:Graphics_drawPixelOnDisplay)
                  00004304    00000028     msp432p4xx_driverlib.lib : adc14.o (.text:ADC14_enableConversion)
                  0000432c    00000028                              : adc14.o (.text:ADC14_getResult)
                  00004354    00000028                              : gpio.o (.text:GPIO_clearInterruptFlag)
                  0000437c    00000028                              : gpio.o (.text:GPIO_enableInterrupt)
                  000043a4    00000028                              : gpio.o (.text:GPIO_setOutputHighOnPin)
                  000043cc    00000028                              : gpio.o (.text:GPIO_setOutputLowOnPin)
                  000043f4    00000024                              : gpio.o (.text:GPIO_getInterruptStatus)
                  00004418    00000020                              : ref_a.o (.text:REF_A_setReferenceVoltage)
                  00004438    0000001e     grlib.a : display.obj (.text:Graphics_fillRectangleOnDisplay)
                  00004456    0000001c     msp432p4xx_driverlib.lib : spi.o (.text:SPI_enableModule)
                  00004472    00000002     --HOLE-- [fill = 0]
                  00004474    0000001c                              : sysctl.o (.text:SysCtl_getTempCalibrationConstant)
                  00004490    0000001c     rtsv7M4_T_le_v4SPD16_eabi.lib : copy_zero_init.c.obj (.text:decompress:ZI:__TI_zero_init_nomemset:__TI_zero_init_nomemset)
                  000044ac    0000001c                                   : memccpy.c.obj (.text:memccpy)
                  000044c8    0000001a     grlib.a : display.obj (.text:Graphics_clearDisplayOnDisplay)
                  000044e2    0000001a             : context.obj (.text:Graphics_setBackgroundColor)
                  000044fc    0000001a             : context.obj (.text:Graphics_setFont)
                  00004516    0000001a     rtsv7M4_T_le_v4SPD16_eabi.lib : s_copysign.c.obj (.text:copysign)
                  00004530    00000018     msp432p4xx_driverlib.lib : uart.o (.text:UART_getInterruptStatus)
                  00004548    00000018     rtsv7M4_T_le_v4SPD16_eabi.lib : sprintf.c.obj (.text:_outs)
                  00004560    00000016     msp432p4xx_driverlib.lib : spi.o (.text:EUSCI_A_SPI_enable)
                  00004576    00000016                              : spi.o (.text:EUSCI_B_SPI_enable)
                  0000458c    00000016     grlib.a : context.obj (.text:Graphics_setForegroundColor)
                  000045a2    00000016             : display.obj (.text:Graphics_translateColorOnDisplay)
                  000045b8    00000016     msp432p4xx_driverlib.lib : uart.o (.text:UART_clearInterruptFlag)
                  000045ce    00000016     rtsv7M4_T_le_v4SPD16_eabi.lib : strchr.c.obj (.text:strchr)
                  000045e4    00000014                                   : strlen.c.obj (.text:strlen)
                  000045f8    00000012     grlib.a : context.obj (.text:Graphics_clearDisplay)
                  0000460a    00000012     rtsv7M4_T_le_v4SPD16_eabi.lib : wcslen.c.obj (.text:wcslen)
                  0000461c    00000010     msp432p4xx_driverlib.lib : adc14.o (.text:ADCIsConversionRunning)
                  0000462c    00000010                              : interrupt.o (.text:Interrupt_enableMaster)
                  0000463c    0000000e     rtsv7M4_T_le_v4SPD16_eabi.lib : copy_decompress_none.c.obj (.text:decompress:none:__TI_decompress_none)
                  0000464a    0000000e     startup_msp432p401r_ccs.obj (.text)
                  00004658    0000000c     msp432p4xx_driverlib.lib : adc14.o (.text:ADC14_enableModule)
                  00004664    0000000c                              : cpu.o (.text:CPU_cpsie)
                  00004670    0000000c                              : ref_a.o (.text:REF_A_enableReferenceVoltage)
                  0000467c    0000000c                              : ref_a.o (.text:REF_A_enableTempSensor)
                  00004688    0000000a     rtsv7M4_T_le_v4SPD16_eabi.lib : sprintf.c.obj (.text:_outc)
                  00004692    00000002     --HOLE-- [fill = 0]
                  00004694    00000008                                   : errno.c.obj (.text:__aeabi_errno_addr)
                  0000469c    00000004                                   : pre_init.c.obj (.text:_system_pre_init)
                  000046a0    00000004                                   : exit.c.obj (.text:abort:abort)

.const     0    000046a4    00000638     
                  000046a4    000002f8     grlib.a : fontfixed6x8.obj (.const:.string:g_pucFontFixed6x8Data)
                  0000499c    00000101     rtsv7M4_T_le_v4SPD16_eabi.lib : ctype.c.obj (.const:.string:_ctypes_)
                  00004a9d    00000003     --HOLE-- [fill = 0]
                  00004aa0    000000c8     grlib.a : fontfixed6x8.obj (.const:g_sFontFixed6x8)
                  00004b68    00000080     msp432p4xx_driverlib.lib : adc14.o (.const:_ctlRegs)
                  00004be8    00000030                              : gpio.o (.const:GPIO_PORT_TO_BASE)
                  00004c18    00000028     printf.obj (.const:dv)
                  00004c40    00000028     serial.obj (.const:uartConfigSmclk)
                  00004c68    00000020     Crystalfontz128x128_ST7735.obj (.const:g_sCrystalfontz128x128_funcs)
                  00004c88    0000001c     HAL_MSP_EXP432P401R_Crystalfontz128x128_ST7735.obj (.const:$P$T0$1)
                  00004ca4    00000010     printf.obj (.const:.string:hex$1)
                  00004cb4    00000008     Crystalfontz128x128_ST7735.obj (.const:$P$T0$1)
                  00004cbc    00000008     display.obj (.const:$P$T0$1)
                  00004cc4    00000008     display.obj (.const:$P$T1$2)
                  00004ccc    00000008     display.obj (.const:$P$T2$3)
                  00004cd4    00000008     msp432p4xx_driverlib.lib : interrupt.o (.const:g_pulEnRegs)

.cinit     0    00004ce0    00000048     
                  00004ce0    00000024     (.cinit..data.load) [load image, compression = lzss]
                  00004d04    0000000c     (__TI_handler_table)
                  00004d10    00000008     (.cinit..bss.load) [load image, compression = zero_init]
                  00004d18    00000010     (__TI_cinit_table)

.init_array 
*          0    00000000    00000000     UNINITIALIZED

.binit     0    00000000    00000000     

.bss       0    20000000    00000290     UNINITIALIZED
                  20000000    00000190     (.common:list)
                  20000190    000000c8     main.obj (.bss:word)
                  20000258    0000001c     (.common:g_sContext)
                  20000274    00000008     display.obj (.bss)
                  2000027c    00000004     (.common:calDifference)
                  20000280    00000002     main.obj (.bss)
                  20000282    00000002     (.common:Lcd_ScreenHeigth)
                  20000284    00000002     (.common:Lcd_ScreenWidth)
                  20000286    00000002     (.common:Lcd_TouchTrim)
                  20000288    00000002     (.common:cal30)
                  2000028a    00000002     (.common:cal85)
                  2000028c    00000001     (.common:Lcd_FlagRead)
                  2000028d    00000001     (.common:Lcd_FontSolid)
                  2000028e    00000001     (.common:Lcd_Orientation)
                  2000028f    00000001     (.common:Lcd_PenSolid)

.data      0    20000290    00000034     UNINITIALIZED
                  20000290    00000012     main.obj (.data)
                  200002a2    00000002     --HOLE--
                  200002a4    00000010     Crystalfontz128x128_ST7735.obj (.data:g_sCrystalfontz128x128)
                  200002b4    00000008     display.obj (.data)
                  200002bc    00000004     rtsv7M4_T_le_v4SPD16_eabi.lib : errno.c.obj (.data)
                  200002c0    00000004     system_msp432p401r.obj (.data)

.stack     0    2000fe00    00000200     UNINITIALIZED
                  2000fe00    00000004     rtsv7M4_T_le_v4SPD16_eabi.lib : boot_cortex_m.c.obj (.stack)
                  2000fe04    000001fc     --HOLE--

__llvm_prf_cnts 
*          0    20000000    00000000     UNINITIALIZED

MODULE SUMMARY

       Module                                               code    ro data   rw data
       ------                                               ----    -------   -------
    .\
       main.obj                                             824     0         1312   
       system_msp432p401r.obj                               820     0         8      
       startup_msp432p401r_ccs.obj                          14      228       0      
    +--+----------------------------------------------------+-------+---------+---------+
       Total:                                               1658    228       1320   
                                                                                     
    .\LcdDriver\
       Crystalfontz128x128_ST7735.obj                       1664    40        52     
       HAL_MSP_EXP432P401R_Crystalfontz128x128_ST7735.obj   204     28        0      
    +--+----------------------------------------------------+-------+---------+---------+
       Total:                                               1868    68        52     
                                                                                     
    .\utils\controls\
       controls.obj                                         156     0         0      
    +--+----------------------------------------------------+-------+---------+---------+
       Total:                                               156     0         0      
                                                                                     
    .\utils\display\
       display.obj                                          600     24        32     
    +--+----------------------------------------------------+-------+---------+---------+
       Total:                                               600     24        32     
                                                                                     
    .\utils\serial\
       printf.obj                                           596     56        0      
       serial.obj                                           88      40        0      
    +--+----------------------------------------------------+-------+---------+---------+
       Total:                                               684     96        0      
                                                                                     
    C:\ti\ccs1280\ccs\tools\compiler\ti-cgt-arm_20.2.7.LTS\lib\rtsv7M4_T_le_v4SPD16_eabi.lib
       _printfi.c.obj                                       4851    0         0      
       fd_add_t2.asm.obj                                    438     0         0      
       fd_div_t2.asm.obj                                    310     0         0      
       s_scalbn.c.obj                                       272     0         0      
       fd_cmp_t2.asm.obj                                    268     0         0      
       ctype.c.obj                                          0       257       0      
       fd_mul_t2.asm.obj                                    252     0         0      
       memcpy_t2.asm.obj                                    156     0         0      
       ull_div_t2.asm.obj                                   150     0         0      
       memset_t2.asm.obj                                    122     0         0      
       copy_decompress_lzss.c.obj                           104     0         0      
       s_frexp.c.obj                                        100     0         0      
       sprintf.c.obj                                        98      0         0      
       _ltoa.c.obj                                          84      0         0      
       atoi.c.obj                                           76      0         0      
       fd_toi_t2.asm.obj                                    72      0         0      
       autoinit.c.obj                                       68      0         0      
       fs_tod_t2.asm.obj                                    56      0         0      
       boot_cortex_m.c.obj                                  52      0         0      
       i_tofd_t2.asm.obj                                    46      0         0      
       copy_zero_init.c.obj                                 28      0         0      
       memccpy.c.obj                                        28      0         0      
       s_copysign.c.obj                                     26      0         0      
       strchr.c.obj                                         22      0         0      
       strlen.c.obj                                         20      0         0      
       wcslen.c.obj                                         18      0         0      
       errno.c.obj                                          8       0         8      
       copy_decompress_none.c.obj                           14      0         0      
       exit.c.obj                                           4       0         0      
       pre_init.c.obj                                       4       0         0      
       div0.asm.obj                                         2       0         0      
    +--+----------------------------------------------------+-------+---------+---------+
       Total:                                               7749    257       8      
                                                                                     
    Z:/simplelink_msp432p4_sdk_3_40_01_02/source/ti/devices/msp432p4xx/driverlib/ccs/msp432p4xx_driverlib.lib
       adc14.o                                              1096    128       0      
       gpio.o                                               676     48        0      
       uart.o                                               478     0         0      
       spi.o                                                312     0         0      
       interrupt.o                                          144     8         0      
       ref_a.o                                              56      0         0      
       sysctl.o                                             28      0         0      
       cpu.o                                                12      0         0      
    +--+----------------------------------------------------+-------+---------+---------+
       Total:                                               2802    184       0      
                                                                                     
    Z:/simplelink_msp432p4_sdk_3_40_01_02/source/ti/grlib/lib/ccs/m4/grlib.a
       string.obj                                           1536    0         0      
       fontfixed6x8.obj                                     0       960       0      
       rectangle.obj                                        274     0         0      
       display.obj                                          176     0         0      
       context.obj                                          174     0         0      
       line.obj                                             156     0         0      
    +--+----------------------------------------------------+-------+---------+---------+
       Total:                                               2316    960       0      
                                                                                     
       Stack:                                               0       0         1024   
       Linker Generated:                                    0       72        0      
    +--+----------------------------------------------------+-------+---------+---------+
       Grand Total:                                         17833   1889      2436   


LINKER GENERATED COPY TABLES

__TI_cinit_table @ 00004d18 records: 2, size/record: 8, table size: 16
	.data: load addr=00004ce0, load size=00000024 bytes, run addr=20000290, run size=00000034 bytes, compression=lzss
	.bss: load addr=00004d10, load size=00000008 bytes, run addr=20000000, run size=00000290 bytes, compression=zero_init


LINKER GENERATED HANDLER TABLE

__TI_handler_table @ 00004d04 records: 3, size/record: 4, table size: 12
	index: 0, handler: __TI_decompress_lzss
	index: 1, handler: __TI_decompress_none
	index: 2, handler: __TI_zero_init


GLOBAL SYMBOLS: SORTED ALPHABETICALLY BY Name 

address   name                                       
-------   ----                                       
000017c5  ADC14_IRQHandler                           
000017c5  ADC14_IRQHandler                           
00003241  ADC14_configureConversionMemory            
000032f5  ADC14_configureMultiSequenceMode           
00004305  ADC14_enableConversion                     
000041ed  ADC14_enableInterrupt                      
00004659  ADC14_enableModule                         
00004185  ADC14_enableSampleTimer                    
0000432d  ADC14_getResult                            
00003d2d  ADC14_initModule                           
0000421d  ADC14_setSampleHoldTime                    
000042ad  ADC14_toggleConversionTrigger              
00004657  AES256_IRQHandler                          
00004657  BusFault_Handler                           
000046a1  C$$EXIT                                    
00004657  COMP_E0_IRQHandler                         
00004657  COMP_E1_IRQHandler                         
00004665  CPU_cpsie                                  
00004657  CS_IRQHandler                              
00000b35  Crystalfontz128x128_Init                   
00000c49  Crystalfontz128x128_SetDrawFrame           
00000d77  Crystalfontz128x128_SetOrientation         
00004657  DMA_ERR_IRQHandler                         
00004657  DMA_INT0_IRQHandler                        
00004657  DMA_INT1_IRQHandler                        
00004657  DMA_INT2_IRQHandler                        
00004657  DMA_INT3_IRQHandler                        
00004657  DebugMon_Handler                           
00004657  Default_Handler                            
000018cb  EUSCIA0_IRQHandler                         
000018cb  EUSCIA0_IRQHandler                         
00004657  EUSCIA1_IRQHandler                         
00004657  EUSCIA2_IRQHandler                         
00004657  EUSCIA3_IRQHandler                         
00004657  EUSCIB0_IRQHandler                         
00004657  EUSCIB1_IRQHandler                         
00004657  EUSCIB2_IRQHandler                         
00004657  EUSCIB3_IRQHandler                         
00004561  EUSCI_A_SPI_enable                         
00004577  EUSCI_B_SPI_enable                         
00004657  FLCTL_IRQHandler                           
00004657  FPU_IRQHandler                             
00004355  GPIO_clearInterruptFlag                    
0000437d  GPIO_enableInterrupt                       
00003909  GPIO_getEnabledInterruptStatus             
000043f5  GPIO_getInterruptStatus                    
000040d9  GPIO_interruptEdgeSelect                   
00003c25  GPIO_setAsInputPinWithPullUpResistor       
00003f99  GPIO_setAsOutputPin                        
00003775  GPIO_setAsPeripheralModuleFunctionOutputPin
000043a5  GPIO_setOutputHighOnPin                    
000043cd  GPIO_setOutputLowOnPin                     
000045f9  Graphics_clearDisplay                      
000044c9  Graphics_clearDisplayOnDisplay             
0000414d  Graphics_drawHorizontalLineOnDisplay       
0000350b  Graphics_drawLineH                         
000042d9  Graphics_drawPixelOnDisplay                
000011b5  Graphics_drawString                        
00003ec5  Graphics_drawStringCentered                
00002d59  Graphics_fillRectangle                     
00004439  Graphics_fillRectangleOnDisplay            
00003079  Graphics_getStringWidth                    
00003dd5  Graphics_initContext                       
000044e3  Graphics_setBackgroundColor                
000044fd  Graphics_setFont                           
0000458d  Graphics_setForegroundColor                
000045a3  Graphics_translateColorOnDisplay           
00003175  HAL_LCD_PortInit                           
000031a5  HAL_LCD_SpiInit                            
000031db  HAL_LCD_writeCommand                       
0000320b  HAL_LCD_writeData                          
00004657  HardFault_Handler                          
0000398d  Interrupt_enableInterrupt                  
0000462d  Interrupt_enableMaster                     
2000028c  Lcd_FlagRead                               
2000028d  Lcd_FontSolid                              
2000028e  Lcd_Orientation                            
2000028f  Lcd_PenSolid                               
20000282  Lcd_ScreenHeigth                           
20000284  Lcd_ScreenWidth                            
20000286  Lcd_TouchTrim                              
00004657  MemManage_Handler                          
00004657  NMI_Handler                                
00004657  PCM_IRQHandler                             
00004657  PORT1_IRQHandler                           
00004657  PORT2_IRQHandler                           
00004657  PORT3_IRQHandler                           
00004657  PORT4_IRQHandler                           
000018a5  PORT5_IRQHandler                           
000018a5  PORT5_IRQHandler                           
00004657  PORT6_IRQHandler                           
00004657  PSS_IRQHandler                             
00004657  PendSV_Handler                             
00004671  REF_A_enableReferenceVoltage               
0000467d  REF_A_enableTempSensor                     
00004419  REF_A_setReferenceVoltage                  
00004657  RTC_C_IRQHandler                           
0000464b  Reset_Handler                              
00004457  SPI_enableModule                           
0000345b  SPI_initMaster                             
00004657  SVC_Handler                                
00004475  SysCtl_getTempCalibrationConstant          
00004657  SysTick_Handler                            
200002c0  SystemCoreClock                            
0000196d  SystemCoreClockUpdate                      
00001be5  SystemInit                                 
00004657  T32_INT1_IRQHandler                        
00004657  T32_INT2_IRQHandler                        
00004657  T32_INTC_IRQHandler                        
00004657  TA0_0_IRQHandler                           
00004657  TA0_N_IRQHandler                           
00004657  TA1_0_IRQHandler                           
00004657  TA1_N_IRQHandler                           
00004657  TA2_0_IRQHandler                           
00004657  TA2_N_IRQHandler                           
00004657  TA3_0_IRQHandler                           
00004657  TA3_N_IRQHandler                           
000045b9  UART_clearInterruptFlag                    
00003b5d  UART_getEnabledInterruptStatus             
00004531  UART_getInterruptStatus                    
00002c3d  UART_initModule                            
0000424d  UART_receiveData                           
00004657  UsageFault_Handler                         
4000480c  WDTCTL_SYM                                 
00004657  WDT_A_IRQHandler                           
20010000  __STACK_END                                
00000200  __STACK_SIZE                               
00004d18  __TI_CINIT_Base                            
00004d28  __TI_CINIT_Limit                           
00004d04  __TI_Handler_Table_Base                    
00004d10  __TI_Handler_Table_Limit                   
00003f55  __TI_auto_init_nobinit_nopinit             
00003af5  __TI_decompress_lzss                       
0000463d  __TI_decompress_none                       
00003d81  __TI_ltoa                                  
ffffffff  __TI_pprof_out_hndl                        
000000e5  __TI_printfi                               
ffffffff  __TI_prof_data_size                        
ffffffff  __TI_prof_data_start                       
00000000  __TI_static_base__                         
00004491  __TI_zero_init_nomemset                    
000037fd  __aeabi_cdcmpeq                            
000037fd  __aeabi_cdcmple                            
00003883  __aeabi_cdrcmple                           
00003f0d  __aeabi_d2iz                               
00002597  __aeabi_dadd                               
000029e1  __aeabi_ddiv                               
00002f7d  __aeabi_dmul                               
0000258d  __aeabi_dsub                               
00004695  __aeabi_errno_addr                         
00004115  __aeabi_f2d                                
0000427d  __aeabi_i2d                                
00000b33  __aeabi_idiv0                              
00000b33  __aeabi_ldiv0                              
00003a0d  __aeabi_memclr                             
00003a0d  __aeabi_memclr4                            
00003a0d  __aeabi_memclr8                            
00003643  __aeabi_memcpy                             
00003643  __aeabi_memcpy4                            
00003643  __aeabi_memcpy8                            
00003a0f  __aeabi_memset                             
00003a0f  __aeabi_memset4                            
00003a0f  __aeabi_memset8                            
000036df  __aeabi_uldivmod                           
ffffffff  __binit__                                  
ffffffff  __c_args__                                 
UNDEFED   __mpu_init                                 
2000fe00  __stack                                    
20000000  __start___llvm_prf_cnts                    
20000000  __stop___llvm_prf_cnts                     
000041b9  _c_int00_noargs                            
0000499c  _ctypes_                                   
UNDEFED   _system_post_cinit                         
0000469d  _system_pre_init                           
000046a1  abort                                      
00003e79  atoi                                       
ffffffff  binit                                      
20000288  cal30                                      
2000028a  cal85                                      
2000027c  calDifference                              
00004517  copysign                                   
00004517  copysignl                                  
20000298  counter                                    
00001f81  display_information                        
00001fcd  display_list                               
200002bc  errno                                      
00003bc1  frexp                                      
00003bc1  frexpl                                     
20000258  g_sContext                                 
200002a4  g_sCrystalfontz128x128                     
00004c68  g_sCrystalfontz128x128_funcs               
00004aa0  g_sFontFixed6x8                            
00002123  get_element                                
00001f51  get_list                                   
20000290  index                                      
00001f11  init_display                               
00000000  interruptVectors                           
00002e6d  ldexp                                      
00002e6d  ldexpl                                     
20000000  list                                       
0000224d  lprintf                                    
00001635  main                                       
000044ad  memccpy                                    
00003643  memcpy                                     
00003a15  memset                                     
000021a7  putc                                       
00002183  puts                                       
00002e6d  scalbn                                     
00002e6d  scalbnl                                    
200002b8  scrollOffset                               
000020eb  scroll_down                                
000020bb  scroll_up                                  
000020a5  select_index                               
200002b4  selectedIndex                              
00002169  sendByte                                   
000035a7  setup_adc                                  
00003617  setup_button                               
00003c7d  setup_serial                               
00004059  sprintf                                    
000045cf  strchr                                     
000045e5  strlen                                     
20000294  temperature                                
00004c40  uartConfigSmclk                            
0000460b  wcslen                                     


GLOBAL SYMBOLS: SORTED BY Symbol Address 

address   name                                       
-------   ----                                       
00000000  __TI_static_base__                         
00000000  interruptVectors                           
000000e5  __TI_printfi                               
00000200  __STACK_SIZE                               
00000b33  __aeabi_idiv0                              
00000b33  __aeabi_ldiv0                              
00000b35  Crystalfontz128x128_Init                   
00000c49  Crystalfontz128x128_SetDrawFrame           
00000d77  Crystalfontz128x128_SetOrientation         
000011b5  Graphics_drawString                        
00001635  main                                       
000017c5  ADC14_IRQHandler                           
000017c5  ADC14_IRQHandler                           
000018a5  PORT5_IRQHandler                           
000018a5  PORT5_IRQHandler                           
000018cb  EUSCIA0_IRQHandler                         
000018cb  EUSCIA0_IRQHandler                         
0000196d  SystemCoreClockUpdate                      
00001be5  SystemInit                                 
00001f11  init_display                               
00001f51  get_list                                   
00001f81  display_information                        
00001fcd  display_list                               
000020a5  select_index                               
000020bb  scroll_up                                  
000020eb  scroll_down                                
00002123  get_element                                
00002169  sendByte                                   
00002183  puts                                       
000021a7  putc                                       
0000224d  lprintf                                    
0000258d  __aeabi_dsub                               
00002597  __aeabi_dadd                               
000029e1  __aeabi_ddiv                               
00002c3d  UART_initModule                            
00002d59  Graphics_fillRectangle                     
00002e6d  ldexp                                      
00002e6d  ldexpl                                     
00002e6d  scalbn                                     
00002e6d  scalbnl                                    
00002f7d  __aeabi_dmul                               
00003079  Graphics_getStringWidth                    
00003175  HAL_LCD_PortInit                           
000031a5  HAL_LCD_SpiInit                            
000031db  HAL_LCD_writeCommand                       
0000320b  HAL_LCD_writeData                          
00003241  ADC14_configureConversionMemory            
000032f5  ADC14_configureMultiSequenceMode           
0000345b  SPI_initMaster                             
0000350b  Graphics_drawLineH                         
000035a7  setup_adc                                  
00003617  setup_button                               
00003643  __aeabi_memcpy                             
00003643  __aeabi_memcpy4                            
00003643  __aeabi_memcpy8                            
00003643  memcpy                                     
000036df  __aeabi_uldivmod                           
00003775  GPIO_setAsPeripheralModuleFunctionOutputPin
000037fd  __aeabi_cdcmpeq                            
000037fd  __aeabi_cdcmple                            
00003883  __aeabi_cdrcmple                           
00003909  GPIO_getEnabledInterruptStatus             
0000398d  Interrupt_enableInterrupt                  
00003a0d  __aeabi_memclr                             
00003a0d  __aeabi_memclr4                            
00003a0d  __aeabi_memclr8                            
00003a0f  __aeabi_memset                             
00003a0f  __aeabi_memset4                            
00003a0f  __aeabi_memset8                            
00003a15  memset                                     
00003af5  __TI_decompress_lzss                       
00003b5d  UART_getEnabledInterruptStatus             
00003bc1  frexp                                      
00003bc1  frexpl                                     
00003c25  GPIO_setAsInputPinWithPullUpResistor       
00003c7d  setup_serial                               
00003d2d  ADC14_initModule                           
00003d81  __TI_ltoa                                  
00003dd5  Graphics_initContext                       
00003e79  atoi                                       
00003ec5  Graphics_drawStringCentered                
00003f0d  __aeabi_d2iz                               
00003f55  __TI_auto_init_nobinit_nopinit             
00003f99  GPIO_setAsOutputPin                        
00004059  sprintf                                    
000040d9  GPIO_interruptEdgeSelect                   
00004115  __aeabi_f2d                                
0000414d  Graphics_drawHorizontalLineOnDisplay       
00004185  ADC14_enableSampleTimer                    
000041b9  _c_int00_noargs                            
000041ed  ADC14_enableInterrupt                      
0000421d  ADC14_setSampleHoldTime                    
0000424d  UART_receiveData                           
0000427d  __aeabi_i2d                                
000042ad  ADC14_toggleConversionTrigger              
000042d9  Graphics_drawPixelOnDisplay                
00004305  ADC14_enableConversion                     
0000432d  ADC14_getResult                            
00004355  GPIO_clearInterruptFlag                    
0000437d  GPIO_enableInterrupt                       
000043a5  GPIO_setOutputHighOnPin                    
000043cd  GPIO_setOutputLowOnPin                     
000043f5  GPIO_getInterruptStatus                    
00004419  REF_A_setReferenceVoltage                  
00004439  Graphics_fillRectangleOnDisplay            
00004457  SPI_enableModule                           
00004475  SysCtl_getTempCalibrationConstant          
00004491  __TI_zero_init_nomemset                    
000044ad  memccpy                                    
000044c9  Graphics_clearDisplayOnDisplay             
000044e3  Graphics_setBackgroundColor                
000044fd  Graphics_setFont                           
00004517  copysign                                   
00004517  copysignl                                  
00004531  UART_getInterruptStatus                    
00004561  EUSCI_A_SPI_enable                         
00004577  EUSCI_B_SPI_enable                         
0000458d  Graphics_setForegroundColor                
000045a3  Graphics_translateColorOnDisplay           
000045b9  UART_clearInterruptFlag                    
000045cf  strchr                                     
000045e5  strlen                                     
000045f9  Graphics_clearDisplay                      
0000460b  wcslen                                     
0000462d  Interrupt_enableMaster                     
0000463d  __TI_decompress_none                       
0000464b  Reset_Handler                              
00004657  AES256_IRQHandler                          
00004657  BusFault_Handler                           
00004657  COMP_E0_IRQHandler                         
00004657  COMP_E1_IRQHandler                         
00004657  CS_IRQHandler                              
00004657  DMA_ERR_IRQHandler                         
00004657  DMA_INT0_IRQHandler                        
00004657  DMA_INT1_IRQHandler                        
00004657  DMA_INT2_IRQHandler                        
00004657  DMA_INT3_IRQHandler                        
00004657  DebugMon_Handler                           
00004657  Default_Handler                            
00004657  EUSCIA1_IRQHandler                         
00004657  EUSCIA2_IRQHandler                         
00004657  EUSCIA3_IRQHandler                         
00004657  EUSCIB0_IRQHandler                         
00004657  EUSCIB1_IRQHandler                         
00004657  EUSCIB2_IRQHandler                         
00004657  EUSCIB3_IRQHandler                         
00004657  FLCTL_IRQHandler                           
00004657  FPU_IRQHandler                             
00004657  HardFault_Handler                          
00004657  MemManage_Handler                          
00004657  NMI_Handler                                
00004657  PCM_IRQHandler                             
00004657  PORT1_IRQHandler                           
00004657  PORT2_IRQHandler                           
00004657  PORT3_IRQHandler                           
00004657  PORT4_IRQHandler                           
00004657  PORT6_IRQHandler                           
00004657  PSS_IRQHandler                             
00004657  PendSV_Handler                             
00004657  RTC_C_IRQHandler                           
00004657  SVC_Handler                                
00004657  SysTick_Handler                            
00004657  T32_INT1_IRQHandler                        
00004657  T32_INT2_IRQHandler                        
00004657  T32_INTC_IRQHandler                        
00004657  TA0_0_IRQHandler                           
00004657  TA0_N_IRQHandler                           
00004657  TA1_0_IRQHandler                           
00004657  TA1_N_IRQHandler                           
00004657  TA2_0_IRQHandler                           
00004657  TA2_N_IRQHandler                           
00004657  TA3_0_IRQHandler                           
00004657  TA3_N_IRQHandler                           
00004657  UsageFault_Handler                         
00004657  WDT_A_IRQHandler                           
00004659  ADC14_enableModule                         
00004665  CPU_cpsie                                  
00004671  REF_A_enableReferenceVoltage               
0000467d  REF_A_enableTempSensor                     
00004695  __aeabi_errno_addr                         
0000469d  _system_pre_init                           
000046a1  C$$EXIT                                    
000046a1  abort                                      
0000499c  _ctypes_                                   
00004aa0  g_sFontFixed6x8                            
00004c40  uartConfigSmclk                            
00004c68  g_sCrystalfontz128x128_funcs               
00004d04  __TI_Handler_Table_Base                    
00004d10  __TI_Handler_Table_Limit                   
00004d18  __TI_CINIT_Base                            
00004d28  __TI_CINIT_Limit                           
20000000  __start___llvm_prf_cnts                    
20000000  __stop___llvm_prf_cnts                     
20000000  list                                       
20000258  g_sContext                                 
2000027c  calDifference                              
20000282  Lcd_ScreenHeigth                           
20000284  Lcd_ScreenWidth                            
20000286  Lcd_TouchTrim                              
20000288  cal30                                      
2000028a  cal85                                      
2000028c  Lcd_FlagRead                               
2000028d  Lcd_FontSolid                              
2000028e  Lcd_Orientation                            
2000028f  Lcd_PenSolid                               
20000290  index                                      
20000294  temperature                                
20000298  counter                                    
200002a4  g_sCrystalfontz128x128                     
200002b4  selectedIndex                              
200002b8  scrollOffset                               
200002bc  errno                                      
200002c0  SystemCoreClock                            
2000fe00  __stack                                    
20010000  __STACK_END                                
4000480c  WDTCTL_SYM                                 
ffffffff  __TI_pprof_out_hndl                        
ffffffff  __TI_prof_data_size                        
ffffffff  __TI_prof_data_start                       
ffffffff  __binit__                                  
ffffffff  __c_args__                                 
ffffffff  binit                                      
UNDEFED   __mpu_init                                 
UNDEFED   _system_post_cinit                         

[224 symbols]
